D/dalvikvm( 1677): GC_CONCURRENT freed 2455K, 47% free 10299K/19384K, paused 0ms+1ms, total 11ms
D/dalvikvm( 1677): WAIT_FOR_CONCURRENT_GC blocked 11ms
D/dalvikvm( 1898): GC_CONCURRENT freed 384K, 85% free 1110K/7356K, paused 0ms+0ms, total 1ms
D/dalvikvm( 1677): GC_CONCURRENT freed 2459K, 47% free 10291K/19384K, paused 0ms+1ms, total 12ms
D/dalvikvm( 1677): WAIT_FOR_CONCURRENT_GC blocked 8ms
D/dalvikvm( 1677): GC_CONCURRENT freed 2433K, 47% free 10299K/19384K, paused 2ms+1ms, total 12ms
D/dalvikvm( 1677): WAIT_FOR_CONCURRENT_GC blocked 11ms
D/dalvikvm( 1898): GC_CONCURRENT freed 461K, 86% free 1071K/7356K, paused 0ms+2ms, total 2ms
D/dalvikvm( 1898): GC_CONCURRENT freed 422K, 86% free 1071K/7356K, paused 0ms+2ms, total 3ms
D/dalvikvm( 1898): GC_CONCURRENT freed 422K, 86% free 1071K/7356K, paused 1ms+0ms, total 2ms
D/dalvikvm( 1898): GC_CONCURRENT freed 422K, 86% free 1071K/7356K, paused 0ms+1ms, total 1ms
D/dalvikvm( 1898): GC_CONCURRENT freed 422K, 86% free 1071K/7356K, paused 0ms+0ms, total 1ms
D/dalvikvm( 1898): GC_CONCURRENT freed 421K, 86% free 1072K/7356K, paused 0ms+1ms, total 2ms
D/dalvikvm( 1898): GC_CONCURRENT freed 423K, 86% free 1071K/7356K, paused 0ms+2ms, total 2ms
D/dalvikvm( 1898): GC_CONCURRENT freed 422K, 86% free 1093K/7356K, paused 0ms+2ms, total 4ms
D/dalvikvm( 1898): GC_CONCURRENT freed 435K, 86% free 1059K/7356K, paused 0ms+0ms, total 1ms
D/dalvikvm( 1898): GC_CONCURRENT freed 410K, 86% free 1071K/7356K, paused 0ms+1ms, total 1ms
D/dalvikvm( 1898): GC_CONCURRENT freed 422K, 86% free 1071K/7356K, paused 0ms+0ms, total 1ms
D/dalvikvm( 1898): GC_CONCURRENT freed 422K, 86% free 1071K/7356K, paused 0ms+1ms, total 2ms
D/dalvikvm( 1677): GC_CONCURRENT freed 2362K, 48% free 10265K/19384K, paused 2ms+1ms, total 12ms
D/dalvikvm( 1898): GC_CONCURRENT freed 422K, 86% free 1071K/7356K, paused 0ms+1ms, total 2ms
D/dalvikvm( 1898): GC_CONCURRENT freed 422K, 86% free 1071K/7356K, paused 1ms+0ms, total 3ms
D/dalvikvm( 1898): GC_CONCURRENT freed 422K, 86% free 1071K/7356K, paused 0ms+0ms, total 1ms
D/dalvikvm( 1898): GC_CONCURRENT freed 422K, 86% free 1071K/7356K, paused 0ms+0ms, total 1ms
D/dalvikvm( 1898): GC_CONCURRENT freed 436K, 86% free 1058K/7356K, paused 1ms+0ms, total 2ms
D/dalvikvm( 1898): GC_CONCURRENT freed 409K, 86% free 1071K/7356K, paused 0ms+0ms, total 1ms
D/dalvikvm( 1898): GC_CONCURRENT freed 422K, 86% free 1071K/7356K, paused 0ms+0ms, total 2ms
D/dalvikvm( 1898): GC_CONCURRENT freed 423K, 86% free 1071K/7356K, paused 0ms+0ms, total 3ms
D/dalvikvm( 1898): GC_CONCURRENT freed 422K, 86% free 1071K/7356K, paused 0ms+1ms, total 3ms
D/dalvikvm( 1898): GC_CONCURRENT freed 422K, 86% free 1071K/7356K, paused 1ms+1ms, total 3ms
D/dalvikvm( 1898): GC_CONCURRENT freed 422K, 86% free 1071K/7356K, paused 0ms+0ms, total 2ms
D/dalvikvm( 1898): GC_CONCURRENT freed 422K, 86% free 1071K/7356K, paused 0ms+2ms, total 2ms
D/dalvikvm( 1898): GC_CONCURRENT freed 422K, 86% free 1071K/7356K, paused 0ms+2ms, total 2ms
D/dalvikvm( 1898): GC_CONCURRENT freed 422K, 86% free 1071K/7356K, paused 0ms+0ms, total 1ms
D/dalvikvm( 1898): GC_CONCURRENT freed 422K, 86% free 1071K/7356K, paused 0ms+1ms, total 2ms
D/dalvikvm( 1898): GC_CONCURRENT freed 422K, 86% free 1071K/7356K, paused 0ms+1ms, total 2ms
D/dalvikvm( 1898): GC_CONCURRENT freed 422K, 86% free 1071K/7356K, paused 0ms+1ms, total 2ms
D/dalvikvm( 1898): GC_CONCURRENT freed 422K, 86% free 1071K/7356K, paused 0ms+2ms, total 2ms
D/dalvikvm( 1898): GC_CONCURRENT freed 422K, 86% free 1071K/7356K, paused 0ms+0ms, total 1ms
D/dalvikvm( 1898): GC_CONCURRENT freed 422K, 86% free 1071K/7356K, paused 0ms+0ms, total 2ms
D/dalvikvm( 1898): GC_CONCURRENT freed 422K, 86% free 1071K/7356K, paused 0ms+0ms, total 1ms
D/dalvikvm( 1898): GC_CONCURRENT freed 422K, 86% free 1071K/7356K, paused 0ms+2ms, total 2ms
D/dalvikvm( 1898): GC_CONCURRENT freed 422K, 86% free 1071K/7356K, paused 1ms+0ms, total 2ms
D/dalvikvm( 1898): GC_CONCURRENT freed 422K, 86% free 1071K/7356K, paused 0ms+0ms, total 1ms
D/dalvikvm( 1898): GC_CONCURRENT freed 422K, 86% free 1071K/7356K, paused 1ms+0ms, total 1ms
D/dalvikvm( 1898): GC_CONCURRENT freed 422K, 86% free 1071K/7356K, paused 0ms+1ms, total 2ms
D/dalvikvm( 1898): GC_CONCURRENT freed 422K, 86% free 1093K/7356K, paused 0ms+2ms, total 2ms
D/dalvikvm( 1898): GC_CONCURRENT freed 422K, 86% free 1072K/7356K, paused 0ms+0ms, total 1ms
D/dalvikvm( 1898): GC_CONCURRENT freed 423K, 86% free 1071K/7356K, paused 0ms+1ms, total 2ms
D/dalvikvm( 1898): GC_CONCURRENT freed 422K, 86% free 1071K/7356K, paused 0ms+0ms, total 1ms
D/dalvikvm( 1898): GC_CONCURRENT freed 422K, 86% free 1072K/7356K, paused 0ms+2ms, total 3ms
D/dalvikvm( 1898): GC_CONCURRENT freed 422K, 86% free 1071K/7356K, paused 0ms+0ms, total 1ms
D/dalvikvm( 1898): GC_CONCURRENT freed 422K, 86% free 1071K/7356K, paused 1ms+0ms, total 2ms
D/dalvikvm( 1898): GC_CONCURRENT freed 422K, 86% free 1071K/7356K, paused 0ms+0ms, total 1ms
D/dalvikvm( 1898): GC_CONCURRENT freed 422K, 86% free 1071K/7356K, paused 0ms+0ms, total 1ms
W/InteractionController( 1898): runAndwaitForEvent timedout waiting for events
D/dalvikvm( 1898): GC_CONCURRENT freed 425K, 86% free 1070K/7356K, paused 0ms+2ms, total 2ms
D/dalvikvm( 1898): GC_CONCURRENT freed 423K, 86% free 1069K/7356K, paused 0ms+1ms, total 2ms
D/dalvikvm( 1898): GC_CONCURRENT freed 422K, 86% free 1069K/7356K, paused 0ms+1ms, total 3ms
D/dalvikvm( 1898): GC_CONCURRENT freed 422K, 86% free 1069K/7356K, paused 0ms+0ms, total 1ms
D/dalvikvm( 1898): GC_CONCURRENT freed 422K, 86% free 1069K/7356K, paused 0ms+0ms, total 1ms
D/dalvikvm( 1898): GC_CONCURRENT freed 422K, 86% free 1069K/7356K, paused 0ms+2ms, total 3ms
D/dalvikvm( 1898): GC_CONCURRENT freed 422K, 86% free 1069K/7356K, paused 0ms+2ms, total 2ms
D/dalvikvm( 1898): GC_CONCURRENT freed 422K, 86% free 1069K/7356K, paused 0ms+0ms, total 1ms
I/QueryController( 1898): Matched selector: UiSelector[INSTANCE=0, RESOURCE_ID=cn.dcpai.auction:id/et_mobile] <<==>> [android.view.accessibility.AccessibilityNodeInfo@2a237; boundsInParent: Rect(0, 0 - 366, 67); boundsInScreen: Rect(273, 199 - 639, 266); packageName: cn.dcpai.auction; className: android.widget.EditText; text: 请输入手机号; contentDescription: null; viewIdResName: cn.dcpai.auction:id/et_mobile; checkable: false; checked: false; focusable: true; focused: true; selected: false; clickable: true; longClickable: true; enabled: true; password: false; scrollable: false; [ACTION_CLEAR_FOCUS, ACTION_SELECT, ACTION_CLEAR_SELECTION, ACTION_CLICK, ACTION_LONG_CLICK, ACTION_ACCESSIBILITY_FOCUS, ACTION_PASTE]]
I/QueryController( 1898): Matched selector: UiSelector[INSTANCE=0, RESOURCE_ID=cn.dcpai.auction:id/et_mobile] <<==>> [android.view.accessibility.AccessibilityNodeInfo@2a237; boundsInParent: Rect(0, 0 - 366, 67); boundsInScreen: Rect(273, 199 - 639, 266); packageName: cn.dcpai.auction; className: android.widget.EditText; text: 请输入手机号; contentDescription: null; viewIdResName: cn.dcpai.auction:id/et_mobile; checkable: false; checked: false; focusable: true; focused: true; selected: false; clickable: true; longClickable: true; enabled: true; password: false; scrollable: false; [ACTION_CLEAR_FOCUS, ACTION_SELECT, ACTION_CLEAR_SELECTION, ACTION_CLICK, ACTION_LONG_CLICK, ACTION_ACCESSIBILITY_FOCUS, ACTION_PASTE]]
D/dalvikvm( 1898): GC_CONCURRENT freed 413K, 86% free 1058K/7356K, paused 1ms+0ms, total 2ms
I/QueryController( 1898): Matched selector: UiSelector[INSTANCE=0, RESOURCE_ID=cn.dcpai.auction:id/et_mobile] <<==>> [android.view.accessibility.AccessibilityNodeInfo@2a237; boundsInParent: Rect(0, 0 - 366, 67); boundsInScreen: Rect(273, 199 - 639, 266); packageName: cn.dcpai.auction; className: android.widget.EditText; text: 请输入手机号; contentDescription: null; viewIdResName: cn.dcpai.auction:id/et_mobile; checkable: false; checked: false; focusable: true; focused: true; selected: false; clickable: true; longClickable: true; enabled: true; password: false; scrollable: false; [ACTION_CLEAR_FOCUS, ACTION_SELECT, ACTION_CLEAR_SELECTION, ACTION_CLICK, ACTION_LONG_CLICK, ACTION_ACCESSIBILITY_FOCUS, ACTION_PASTE]]
D/dalvikvm( 1898): GC_CONCURRENT freed 388K, 86% free 1061K/7356K, paused 1ms+0ms, total 2ms
D/dalvikvm( 1677): GC_CONCURRENT freed 2407K, 47% free 10296K/19384K, paused 1ms+1ms, total 14ms
D/dalvikvm( 1677): WAIT_FOR_CONCURRENT_GC blocked 12ms
D/dalvikvm( 1898): GC_CONCURRENT freed 387K, 86% free 1059K/7356K, paused 0ms+0ms, total 1ms
D/dalvikvm( 1677): GC_FOR_ALLOC freed 2486K, 48% free 10260K/19384K, paused 13ms, total 13ms
I/QueryController( 1898): Matched selector: UiSelector[INSTANCE=0, RESOURCE_ID=cn.dcpai.auction:id/et_password] <<==>> [android.view.accessibility.AccessibilityNodeInfo@2a5f8; boundsInParent: Rect(0, 0 - 558, 67); boundsInScreen: Rect(81, 343 - 639, 410); packageName: cn.dcpai.auction; className: android.widget.EditText; text: null; contentDescription: null; viewIdResName: cn.dcpai.auction:id/et_password; checkable: false; checked: false; focusable: true; focused: false; selected: false; clickable: true; longClickable: true; enabled: true; password: true; scrollable: false; [ACTION_FOCUS, ACTION_SELECT, ACTION_CLEAR_SELECTION, ACTION_CLICK, ACTION_LONG_CLICK, ACTION_ACCESSIBILITY_FOCUS]]
D/dalvikvm( 1677): GC_CONCURRENT freed 2329K, 47% free 10309K/19384K, paused 1ms+1ms, total 24ms
I/QueryController( 1898): Matched selector: UiSelector[INSTANCE=0, RESOURCE_ID=cn.dcpai.auction:id/et_password] <<==>> [android.view.accessibility.AccessibilityNodeInfo@2a5f8; boundsInParent: Rect(0, 0 - 558, 67); boundsInScreen: Rect(81, 343 - 639, 410); packageName: cn.dcpai.auction; className: android.widget.EditText; text: null; contentDescription: null; viewIdResName: cn.dcpai.auction:id/et_password; checkable: false; checked: false; focusable: true; focused: false; selected: false; clickable: true; longClickable: true; enabled: true; password: true; scrollable: false; [ACTION_FOCUS, ACTION_SELECT, ACTION_CLEAR_SELECTION, ACTION_CLICK, ACTION_LONG_CLICK, ACTION_ACCESSIBILITY_FOCUS]]
D/dalvikvm( 1898): GC_CONCURRENT freed 429K, 86% free 1071K/7356K, paused 0ms+0ms, total 2ms
I/QueryController( 1898): Matched selector: UiSelector[INSTANCE=0, RESOURCE_ID=cn.dcpai.auction:id/et_password] <<==>> [android.view.accessibility.AccessibilityNodeInfo@2a5f8; boundsInParent: Rect(0, 0 - 558, 67); boundsInScreen: Rect(81, 343 - 639, 410); packageName: cn.dcpai.auction; className: android.widget.EditText; text: null; contentDescription: null; viewIdResName: cn.dcpai.auction:id/et_password; checkable: false; checked: false; focusable: true; focused: false; selected: false; clickable: true; longClickable: true; enabled: true; password: true; scrollable: false; [ACTION_FOCUS, ACTION_SELECT, ACTION_CLEAR_SELECTION, ACTION_CLICK, ACTION_LONG_CLICK, ACTION_ACCESSIBILITY_FOCUS]]
D/dalvikvm( 1898): GC_CONCURRENT freed 402K, 86% free 1061K/7356K, paused 0ms+0ms, total 1ms
I/QueryController( 1898): Matched selector: UiSelector[INSTANCE=0, RESOURCE_ID=cn.dcpai.auction:id/btn_login] <<==>> [android.view.accessibility.AccessibilityNodeInfo@2ad7a; boundsInParent: Rect(0, 0 - 566, 92); boundsInScreen: Rect(77, 656 - 643, 748); packageName: cn.dcpai.auction; className: android.widget.Button; text: 登录; contentDescription: null; viewIdResName: cn.dcpai.auction:id/btn_login; checkable: false; checked: false; focusable: true; focused: false; selected: false; clickable: true; longClickable: false; enabled: true; password: false; scrollable: false; [ACTION_FOCUS, ACTION_SELECT, ACTION_CLEAR_SELECTION, ACTION_CLICK, ACTION_ACCESSIBILITY_FOCUS, ACTION_NEXT_AT_MOVEMENT_GRANULARITY, ACTION_PREVIOUS_AT_MOVEMENT_GRANULARITY, ACTION_SET_SELECTION]]
I/QueryController( 1898): Matched selector: UiSelector[INSTANCE=0, RESOURCE_ID=cn.dcpai.auction:id/btn_login] <<==>> [android.view.accessibility.AccessibilityNodeInfo@2ad7a; boundsInParent: Rect(0, 0 - 566, 92); boundsInScreen: Rect(77, 656 - 643, 748); packageName: cn.dcpai.auction; className: android.widget.Button; text: 登录; contentDescription: null; viewIdResName: cn.dcpai.auction:id/btn_login; checkable: false; checked: false; focusable: true; focused: false; selected: false; clickable: true; longClickable: false; enabled: true; password: false; scrollable: false; [ACTION_FOCUS, ACTION_SELECT, ACTION_CLEAR_SELECTION, ACTION_CLICK, ACTION_ACCESSIBILITY_FOCUS, ACTION_NEXT_AT_MOVEMENT_GRANULARITY, ACTION_PREVIOUS_AT_MOVEMENT_GRANULARITY, ACTION_SET_SELECTION]]
D/dalvikvm( 1898): GC_CONCURRENT freed 398K, 86% free 1074K/7356K, paused 0ms+1ms, total 1ms
I/QueryController( 1898): Matched selector: UiSelector[INSTANCE=0, RESOURCE_ID=cn.dcpai.auction:id/btn_login] <<==>> [android.view.accessibility.AccessibilityNodeInfo@2ad7a; boundsInParent: Rect(0, 0 - 566, 92); boundsInScreen: Rect(77, 656 - 643, 748); packageName: cn.dcpai.auction; className: android.widget.Button; text: 登录; contentDescription: null; viewIdResName: cn.dcpai.auction:id/btn_login; checkable: false; checked: false; focusable: true; focused: false; selected: false; clickable: true; longClickable: false; enabled: true; password: false; scrollable: false; [ACTION_FOCUS, ACTION_SELECT, ACTION_CLEAR_SELECTION, ACTION_CLICK, ACTION_ACCESSIBILITY_FOCUS, ACTION_NEXT_AT_MOVEMENT_GRANULARITY, ACTION_PREVIOUS_AT_MOVEMENT_GRANULARITY, ACTION_SET_SELECTION]]
D/dalvikvm( 1898): GC_CONCURRENT freed 411K, 86% free 1058K/7356K, paused 0ms+0ms, total 1ms
I/QueryController( 1898): Matched selector: UiSelector[INSTANCE=0, RESOURCE_ID=cn.dcpai.auction:id/et_mobile] <<==>> [android.view.accessibility.AccessibilityNodeInfo@2a237; boundsInParent: Rect(0, 0 - 366, 67); boundsInScreen: Rect(273, 199 - 639, 266); packageName: cn.dcpai.auction; className: android.widget.EditText; text: 请输入手机号; contentDescription: null; viewIdResName: cn.dcpai.auction:id/et_mobile; checkable: false; checked: false; focusable: true; focused: true; selected: false; clickable: true; longClickable: true; enabled: true; password: false; scrollable: false; [ACTION_CLEAR_FOCUS, ACTION_SELECT, ACTION_CLEAR_SELECTION, ACTION_CLICK, ACTION_LONG_CLICK, ACTION_ACCESSIBILITY_FOCUS, ACTION_PASTE]]
D/dalvikvm( 1898): GC_CONCURRENT freed 384K, 86% free 1064K/7356K, paused 0ms+0ms, total 1ms
I/QueryController( 1898): Matched selector: UiSelector[INSTANCE=0, RESOURCE_ID=cn.dcpai.auction:id/et_mobile] <<==>> [android.view.accessibility.AccessibilityNodeInfo@2a237; boundsInParent: Rect(0, 0 - 366, 67); boundsInScreen: Rect(273, 199 - 639, 266); packageName: cn.dcpai.auction; className: android.widget.EditText; text: 请输入手机号; contentDescription: null; viewIdResName: cn.dcpai.auction:id/et_mobile; checkable: false; checked: false; focusable: true; focused: true; selected: false; clickable: true; longClickable: true; enabled: true; password: false; scrollable: false; [ACTION_CLEAR_FOCUS, ACTION_SELECT, ACTION_CLEAR_SELECTION, ACTION_CLICK, ACTION_LONG_CLICK, ACTION_ACCESSIBILITY_FOCUS, ACTION_PASTE]]
D/dalvikvm( 1898): GC_CONCURRENT freed 398K, 86% free 1062K/7356K, paused 0ms+0ms, total 1ms
I/QueryController( 1898): Matched selector: UiSelector[INSTANCE=0, RESOURCE_ID=cn.dcpai.auction:id/et_password] <<==>> [android.view.accessibility.AccessibilityNodeInfo@2a5f8; boundsInParent: Rect(0, 0 - 558, 67); boundsInScreen: Rect(81, 343 - 639, 410); packageName: cn.dcpai.auction; className: android.widget.EditText; text: null; contentDescription: null; viewIdResName: cn.dcpai.auction:id/et_password; checkable: false; checked: false; focusable: true; focused: false; selected: false; clickable: true; longClickable: true; enabled: true; password: true; scrollable: false; [ACTION_FOCUS, ACTION_SELECT, ACTION_CLEAR_SELECTION, ACTION_CLICK, ACTION_LONG_CLICK, ACTION_ACCESSIBILITY_FOCUS]]
D/dalvikvm( 1898): GC_CONCURRENT freed 423K, 86% free 1074K/7356K, paused 1ms+0ms, total 2ms
I/QueryController( 1898): Matched selector: UiSelector[INSTANCE=0, RESOURCE_ID=cn.dcpai.auction:id/et_password] <<==>> [android.view.accessibility.AccessibilityNodeInfo@2a5f8; boundsInParent: Rect(0, 0 - 558, 67); boundsInScreen: Rect(81, 343 - 639, 410); packageName: cn.dcpai.auction; className: android.widget.EditText; text: null; contentDescription: null; viewIdResName: cn.dcpai.auction:id/et_password; checkable: false; checked: false; focusable: true; focused: false; selected: false; clickable: true; longClickable: true; enabled: true; password: true; scrollable: false; [ACTION_FOCUS, ACTION_SELECT, ACTION_CLEAR_SELECTION, ACTION_CLICK, ACTION_LONG_CLICK, ACTION_ACCESSIBILITY_FOCUS]]
I/QueryController( 1898): Matched selector: UiSelector[INSTANCE=0, RESOURCE_ID=cn.dcpai.auction:id/btn_login] <<==>> [android.view.accessibility.AccessibilityNodeInfo@2ad7a; boundsInParent: Rect(0, 0 - 566, 92); boundsInScreen: Rect(77, 656 - 643, 748); packageName: cn.dcpai.auction; className: android.widget.Button; text: 登录; contentDescription: null; viewIdResName: cn.dcpai.auction:id/btn_login; checkable: false; checked: false; focusable: true; focused: false; selected: false; clickable: true; longClickable: false; enabled: true; password: false; scrollable: false; [ACTION_FOCUS, ACTION_SELECT, ACTION_CLEAR_SELECTION, ACTION_CLICK, ACTION_ACCESSIBILITY_FOCUS, ACTION_NEXT_AT_MOVEMENT_GRANULARITY, ACTION_PREVIOUS_AT_MOVEMENT_GRANULARITY, ACTION_SET_SELECTION]]
D/dalvikvm( 1898): GC_CONCURRENT freed 409K, 86% free 1066K/7356K, paused 0ms+0ms, total 1ms
I/QueryController( 1898): Matched selector: UiSelector[INSTANCE=0, RESOURCE_ID=cn.dcpai.auction:id/btn_login] <<==>> [android.view.accessibility.AccessibilityNodeInfo@2ad7a; boundsInParent: Rect(0, 0 - 566, 92); boundsInScreen: Rect(77, 656 - 643, 748); packageName: cn.dcpai.auction; className: android.widget.Button; text: 登录; contentDescription: null; viewIdResName: cn.dcpai.auction:id/btn_login; checkable: false; checked: false; focusable: true; focused: false; selected: false; clickable: true; longClickable: false; enabled: true; password: false; scrollable: false; [ACTION_FOCUS, ACTION_SELECT, ACTION_CLEAR_SELECTION, ACTION_CLICK, ACTION_ACCESSIBILITY_FOCUS, ACTION_NEXT_AT_MOVEMENT_GRANULARITY, ACTION_PREVIOUS_AT_MOVEMENT_GRANULARITY, ACTION_SET_SELECTION]]
D/dalvikvm( 1898): GC_CONCURRENT freed 393K, 86% free 1059K/7356K, paused 0ms+0ms, total 1ms
I/QueryController( 1898): Matched selector: UiSelector[INSTANCE=0, RESOURCE_ID=cn.dcpai.auction:id/auth_code_input] <<==>> [android.view.accessibility.AccessibilityNodeInfo@2a9b9; boundsInParent: Rect(0, 0 - 330, 67); boundsInScreen: Rect(81, 489 - 411, 556); packageName: cn.dcpai.auction; className: android.widget.EditText; text: 请输入验证码; contentDescription: null; viewIdResName: cn.dcpai.auction:id/auth_code_input; checkable: false; checked: false; focusable: true; focused: false; selected: false; clickable: true; longClickable: true; enabled: true; password: false; scrollable: false; [ACTION_FOCUS, ACTION_SELECT, ACTION_CLEAR_SELECTION, ACTION_CLICK, ACTION_LONG_CLICK, ACTION_ACCESSIBILITY_FOCUS]]
I/QueryController( 1898): Matched selector: UiSelector[INSTANCE=0, RESOURCE_ID=cn.dcpai.auction:id/auth_code_input] <<==>> [android.view.accessibility.AccessibilityNodeInfo@2a9b9; boundsInParent: Rect(0, 0 - 330, 67); boundsInScreen: Rect(81, 489 - 411, 556); packageName: cn.dcpai.auction; className: android.widget.EditText; text: 请输入验证码; contentDescription: null; viewIdResName: cn.dcpai.auction:id/auth_code_input; checkable: false; checked: false; focusable: true; focused: false; selected: false; clickable: true; longClickable: true; enabled: true; password: false; scrollable: false; [ACTION_FOCUS, ACTION_SELECT, ACTION_CLEAR_SELECTION, ACTION_CLICK, ACTION_LONG_CLICK, ACTION_ACCESSIBILITY_FOCUS]]
D/dalvikvm( 1898): GC_CONCURRENT freed 406K, 86% free 1062K/7356K, paused 0ms+0ms, total 1ms
I/QueryController( 1898): Matched selector: UiSelector[INSTANCE=0, RESOURCE_ID=cn.dcpai.auction:id/auth_code_input] <<==>> [android.view.accessibility.AccessibilityNodeInfo@2a9b9; boundsInParent: Rect(0, 0 - 330, 67); boundsInScreen: Rect(81, 489 - 411, 556); packageName: cn.dcpai.auction; className: android.widget.EditText; text: 请输入验证码; contentDescription: null; viewIdResName: cn.dcpai.auction:id/auth_code_input; checkable: false; checked: false; focusable: true; focused: false; selected: false; clickable: true; longClickable: true; enabled: true; password: false; scrollable: false; [ACTION_FOCUS, ACTION_SELECT, ACTION_CLEAR_SELECTION, ACTION_CLICK, ACTION_LONG_CLICK, ACTION_ACCESSIBILITY_FOCUS]]
D/dalvikvm( 1898): GC_CONCURRENT freed 392K, 86% free 1078K/7356K, paused 1ms+0ms, total 2ms
I/QueryController( 1898): Matched selector: UiSelector[INSTANCE=0, RESOURCE_ID=cn.dcpai.auction:id/btn_get_code] <<==>> [android.view.accessibility.AccessibilityNodeInfo@303d1; boundsInParent: Rect(0, 0 - 228, 71); boundsInScreen: Rect(411, 489 - 639, 560); packageName: cn.dcpai.auction; className: android.widget.ImageButton; text: null; contentDescription: null; viewIdResName: cn.dcpai.auction:id/btn_get_code; checkable: false; checked: false; focusable: true; focused: false; selected: false; clickable: true; longClickable: false; enabled: true; password: false; scrollable: false; [ACTION_FOCUS, ACTION_SELECT, ACTION_CLEAR_SELECTION, ACTION_CLICK, ACTION_ACCESSIBILITY_FOCUS]]
D/dalvikvm( 1898): GC_CONCURRENT freed 401K, 86% free 1063K/7356K, paused 1ms+0ms, total 2ms
I/QueryController( 1898): Matched selector: UiSelector[INSTANCE=0, RESOURCE_ID=cn.dcpai.auction:id/btn_get_code] <<==>> [android.view.accessibility.AccessibilityNodeInfo@303d1; boundsInParent: Rect(0, 0 - 228, 71); boundsInScreen: Rect(411, 489 - 639, 560); packageName: cn.dcpai.auction; className: android.widget.ImageButton; text: null; contentDescription: null; viewIdResName: cn.dcpai.auction:id/btn_get_code; checkable: false; checked: false; focusable: true; focused: false; selected: false; clickable: true; longClickable: false; enabled: true; password: false; scrollable: false; [ACTION_FOCUS, ACTION_SELECT, ACTION_CLEAR_SELECTION, ACTION_CLICK, ACTION_ACCESSIBILITY_FOCUS]]
I/QueryController( 1898): Matched selector: UiSelector[INSTANCE=0, RESOURCE_ID=cn.dcpai.auction:id/btn_get_code] <<==>> [android.view.accessibility.AccessibilityNodeInfo@303d1; boundsInParent: Rect(0, 0 - 228, 71); boundsInScreen: Rect(411, 489 - 639, 560); packageName: cn.dcpai.auction; className: android.widget.ImageButton; text: null; contentDescription: null; viewIdResName: cn.dcpai.auction:id/btn_get_code; checkable: false; checked: false; focusable: true; focused: false; selected: false; clickable: true; longClickable: false; enabled: true; password: false; scrollable: false; [ACTION_FOCUS, ACTION_SELECT, ACTION_CLEAR_SELECTION, ACTION_CLICK, ACTION_ACCESSIBILITY_FOCUS]]
D/dalvikvm( 1898): GC_CONCURRENT freed 393K, 86% free 1063K/7356K, paused 0ms+0ms, total 1ms
I/QueryController( 1898): Matched selector: UiSelector[INSTANCE=0, RESOURCE_ID=cn.dcpai.auction:id/btn_get_code] <<==>> [android.view.accessibility.AccessibilityNodeInfo@303d1; boundsInParent: Rect(0, 0 - 228, 71); boundsInScreen: Rect(411, 489 - 639, 560); packageName: cn.dcpai.auction; className: android.widget.ImageButton; text: null; contentDescription: null; viewIdResName: cn.dcpai.auction:id/btn_get_code; checkable: false; checked: false; focusable: true; focused: false; selected: false; clickable: true; longClickable: false; enabled: true; password: false; scrollable: false; [ACTION_FOCUS, ACTION_SELECT, ACTION_CLEAR_SELECTION, ACTION_CLICK, ACTION_ACCESSIBILITY_FOCUS]]
D/dalvikvm( 1898): GC_CONCURRENT freed 396K, 86% free 1066K/7356K, paused 0ms+0ms, total 1ms
I/QueryController( 1898): Matched selector: UiSelector[INSTANCE=0, RESOURCE_ID=cn.dcpai.auction:id/auth_code_input] <<==>> [android.view.accessibility.AccessibilityNodeInfo@2a9b9; boundsInParent: Rect(0, 0 - 330, 67); boundsInScreen: Rect(81, 489 - 411, 556); packageName: cn.dcpai.auction; className: android.widget.EditText; text: 请输入验证码; contentDescription: null; viewIdResName: cn.dcpai.auction:id/auth_code_input; checkable: false; checked: false; focusable: true; focused: false; selected: false; clickable: true; longClickable: true; enabled: true; password: false; scrollable: false; [ACTION_FOCUS, ACTION_SELECT, ACTION_CLEAR_SELECTION, ACTION_CLICK, ACTION_LONG_CLICK, ACTION_ACCESSIBILITY_FOCUS]]
D/dalvikvm( 1898): GC_CONCURRENT freed 420K, 86% free 1077K/7356K, paused 0ms+2ms, total 4ms
D/dalvikvm( 1898): GC_CONCURRENT freed 424K, 86% free 1075K/7356K, paused 0ms+2ms, total 2ms
D/dalvikvm( 1898): GC_CONCURRENT freed 422K, 86% free 1075K/7356K, paused 0ms+1ms, total 2ms
D/dalvikvm( 1898): GC_CONCURRENT freed 422K, 86% free 1075K/7356K, paused 0ms+1ms, total 2ms
D/dalvikvm( 1898): GC_CONCURRENT freed 422K, 86% free 1075K/7356K, paused 0ms+2ms, total 2ms
D/dalvikvm( 1898): GC_CONCURRENT freed 422K, 86% free 1075K/7356K, paused 0ms+2ms, total 2ms
D/dalvikvm( 1898): GC_CONCURRENT freed 422K, 86% free 1075K/7356K, paused 0ms+0ms, total 1ms
I/PGA     ( 2362): PgaSocketInit: opened /dev/bstpgaipc: fd = 12
I/PGA     ( 2362): Attempting to create new SOCKET connection pid = 2362, tid = 2362
I/PGA     ( 2362): PgaSocketInitClientPgaIpc: data mapped to 0xb617d000
I/PGA     ( 2362): New SOCKET connection: /system/bin/screencap (pid 2362, tid 2362)
D/dalvikvm( 1898): GC_CONCURRENT freed 422K, 86% free 1075K/7356K, paused 1ms+0ms, total 3ms
D/dalvikvm( 1898): GC_CONCURRENT freed 423K, 86% free 1075K/7356K, paused 0ms+0ms, total 1ms
D/dalvikvm( 1898): GC_CONCURRENT freed 384K, 86% free 1084K/7356K, paused 2ms+0ms, total 2ms
D/dalvikvm( 1898): GC_CONCURRENT freed 408K, 86% free 1075K/7356K, paused 2ms+0ms, total 3ms
D/dalvikvm( 1898): GC_CONCURRENT freed 383K, 86% free 1075K/7356K, paused 1ms+0ms, total 2ms
D/dalvikvm( 1898): GC_CONCURRENT freed 409K, 86% free 1075K/7356K, paused 1ms+0ms, total 2ms
D/dalvikvm( 1898): GC_CONCURRENT freed 383K, 86% free 1075K/7356K, paused 2ms+0ms, total 2ms
D/dalvikvm( 1973): GC_CONCURRENT freed 13207K, 34% free 25866K/39108K, paused 3ms+1ms, total 12ms
D/dalvikvm( 1898): GC_CONCURRENT freed 382K, 86% free 1079K/7356K, paused 0ms+0ms, total 1ms
D/dalvikvm( 1898): GC_CONCURRENT freed 406K, 86% free 1066K/7356K, paused 0ms+0ms, total 1ms
D/dalvikvm( 1898): GC_CONCURRENT freed 413K, 86% free 1075K/7356K, paused 1ms+1ms, total 3ms
D/dalvikvm( 1898): GC_CONCURRENT freed 422K, 86% free 1075K/7356K, paused 0ms+1ms, total 2ms
D/dalvikvm( 1898): GC_CONCURRENT freed 422K, 86% free 1075K/7356K, paused 0ms+1ms, total 2ms
D/dalvikvm( 1898): GC_CONCURRENT freed 422K, 86% free 1075K/7356K, paused 0ms+1ms, total 2ms
D/dalvikvm( 1898): GC_CONCURRENT freed 422K, 86% free 1075K/7356K, paused 0ms+1ms, total 2ms
D/dalvikvm( 1898): GC_CONCURRENT freed 422K, 86% free 1075K/7356K, paused 0ms+2ms, total 2ms
D/dalvikvm( 1898): GC_CONCURRENT freed 422K, 86% free 1075K/7356K, paused 0ms+1ms, total 2ms
D/dalvikvm( 1898): GC_CONCURRENT freed 422K, 86% free 1075K/7356K, paused 0ms+2ms, total 3ms
D/dalvikvm( 1898): GC_CONCURRENT freed 422K, 86% free 1097K/7356K, paused 0ms+1ms, total 3ms
D/dalvikvm( 1898): GC_CONCURRENT freed 421K, 86% free 1076K/7356K, paused 0ms+0ms, total 1ms
D/dalvikvm( 1898): GC_CONCURRENT freed 423K, 86% free 1075K/7356K, paused 0ms+0ms, total 2ms
D/dalvikvm( 1898): GC_CONCURRENT freed 422K, 86% free 1075K/7356K, paused 0ms+0ms, total 2ms
D/dalvikvm( 1898): GC_CONCURRENT freed 422K, 86% free 1075K/7356K, paused 0ms+0ms, total 1ms
D/dalvikvm( 1898): GC_CONCURRENT freed 422K, 86% free 1075K/7356K, paused 0ms+1ms, total 2ms
D/dalvikvm( 1898): GC_CONCURRENT freed 422K, 86% free 1075K/7356K, paused 0ms+0ms, total 1ms
D/dalvikvm( 1898): GC_CONCURRENT freed 423K, 86% free 1075K/7356K, paused 0ms+0ms, total 1ms
D/dalvikvm( 1898): GC_CONCURRENT freed 422K, 86% free 1075K/7356K, paused 0ms+1ms, total 3ms
D/dalvikvm( 1898): GC_CONCURRENT freed 422K, 86% free 1075K/7356K, paused 1ms+0ms, total 2ms
D/dalvikvm( 1898): GC_CONCURRENT freed 422K, 86% free 1075K/7356K, paused 0ms+1ms, total 3ms
D/dalvikvm( 1898): GC_CONCURRENT freed 422K, 86% free 1075K/7356K, paused 0ms+1ms, total 2ms
D/dalvikvm( 1677): GC_CONCURRENT freed 2496K, 48% free 10268K/19384K, paused 1ms+1ms, total 12ms
D/dalvikvm( 1677): WAIT_FOR_CONCURRENT_GC blocked 11ms
D/dalvikvm( 1898): GC_CONCURRENT freed 398K, 86% free 1079K/7356K, paused 2ms+1ms, total 3ms
D/dalvikvm( 1677): GC_CONCURRENT freed 2432K, 48% free 10269K/19384K, paused 1ms+1ms, total 13ms
D/dalvikvm( 1677): WAIT_FOR_CONCURRENT_GC blocked 12ms
D/dalvikvm( 1898): GC_CONCURRENT freed 408K, 86% free 1061K/7356K, paused 0ms+0ms, total 1ms
D/dalvikvm( 1677): GC_CONCURRENT freed 2409K, 47% free 10293K/19384K, paused 0ms+1ms, total 19ms
D/dalvikvm( 1677): WAIT_FOR_CONCURRENT_GC blocked 19ms
D/dalvikvm( 1677): GC_CONCURRENT freed 2457K, 47% free 10286K/19384K, paused 0ms+1ms, total 10ms
D/dalvikvm( 1677): WAIT_FOR_CONCURRENT_GC blocked 9ms
D/dalvikvm( 1898): GC_CONCURRENT freed 409K, 86% free 1075K/7356K, paused 0ms+0ms, total 2ms
D/dalvikvm( 1898): GC_CONCURRENT freed 422K, 86% free 1075K/7356K, paused 0ms+0ms, total 1ms
D/dalvikvm( 1898): GC_CONCURRENT freed 422K, 86% free 1075K/7356K, paused 0ms+0ms, total 1ms
D/dalvikvm( 1898): GC_CONCURRENT freed 421K, 86% free 1075K/7356K, paused 0ms+0ms, total 1ms
D/dalvikvm( 1898): GC_CONCURRENT freed 423K, 86% free 1075K/7356K, paused 0ms+1ms, total 3ms
D/dalvikvm( 1898): GC_CONCURRENT freed 422K, 86% free 1075K/7356K, paused 0ms+0ms, total 1ms
I/QueryController( 1898): Matched selector: UiSelector[INSTANCE=0, RESOURCE_ID=cn.dcpai.auction:id/auth_code_input] <<==>> [android.view.accessibility.AccessibilityNodeInfo@2a9b9; boundsInParent: Rect(0, 0 - 330, 67); boundsInScreen: Rect(81, 489 - 411, 556); packageName: cn.dcpai.auction; className: android.widget.EditText; text: 请输入验证码; contentDescription: null; viewIdResName: cn.dcpai.auction:id/auth_code_input; checkable: false; checked: false; focusable: true; focused: false; selected: false; clickable: true; longClickable: true; enabled: true; password: false; scrollable: false; [ACTION_FOCUS, ACTION_SELECT, ACTION_CLEAR_SELECTION, ACTION_CLICK, ACTION_LONG_CLICK, ACTION_ACCESSIBILITY_FOCUS]]
D/UiObject( 1898): getText() = 请输入验证码
I/QueryController( 1898): Matched selector: UiSelector[INSTANCE=0, RESOURCE_ID=cn.dcpai.auction:id/auth_code_input] <<==>> [android.view.accessibility.AccessibilityNodeInfo@2a9b9; boundsInParent: Rect(0, 0 - 330, 67); boundsInScreen: Rect(81, 489 - 411, 556); packageName: cn.dcpai.auction; className: android.widget.EditText; text: 请输入验证码; contentDescription: null; viewIdResName: cn.dcpai.auction:id/auth_code_input; checkable: false; checked: false; focusable: true; focused: false; selected: false; clickable: true; longClickable: true; enabled: true; password: false; scrollable: false; [ACTION_FOCUS, ACTION_SELECT, ACTION_CLEAR_SELECTION, ACTION_CLICK, ACTION_LONG_CLICK, ACTION_ACCESSIBILITY_FOCUS]]
D/InteractionController( 1898): clickAndSync(246, 522)
D/dalvikvm( 1898): GC_CONCURRENT freed 398K, 86% free 1078K/7356K, paused 0ms+1ms, total 1ms
D/dalvikvm( 1898): GC_CONCURRENT freed 423K, 86% free 1077K/7356K, paused 0ms+2ms, total 2ms
I/AppiumUnicodeIME( 1986): onFinishInput
I/AppiumUnicodeIME( 1986): onStartInput
D/BstCommandProcessor-Service( 2056): startService called with arg: notification
D/BstCommandProcessor-Service( 2056): New Notification has been observed, informing frontend now
D/InputMethodManagerService( 1677): packageName=cn.dcpai.auction, activityName=.activity.MobileLoginActivity
D/InputMethodManagerService( 1677): ime_enabled = true is same as last value, no change
D/InputMethodManagerService( 1677): packageName=cn.dcpai.auction, activityName=.activity.MobileLoginActivity
D/InputMethodManagerService( 1677): ime_enabled = true is same as last value, no change
D/NotificationService( 1677): In writeNotificationInfo: pkgName android
D/BstCommandProcessor-Service( 2056): startService called with arg: notification
D/BstCommandProcessor-Service( 2056): New Notification has been observed, informing frontend now
D/NotificationService( 1677): In writeNotificationInfo: pkgName android
D/AndroidRuntime( 2375): 
D/AndroidRuntime( 2375): >>>>>> AndroidRuntime START com.android.internal.os.RuntimeInit <<<<<<
D/AndroidRuntime( 2375): CheckJNI is OFF
D/dalvikvm( 2375): Trying to load lib libjavacore.so 0x0
D/dalvikvm( 2375): Added shared lib libjavacore.so 0x0
D/dalvikvm( 2375): Trying to load lib libnativehelper.so 0x0
D/dalvikvm( 2375): Added shared lib libnativehelper.so 0x0
D/dalvikvm( 2375): No JNI_OnLoad found in libnativehelper.so 0x0, skipping init
D/dalvikvm( 2375): Note: class Landroid/app/ActivityManagerNative; has 180 unimplemented (abstract) methods
E/memtrack( 2375): Couldn't load memtrack module (No such file or directory)
E/android.os.Debug( 2375): failed to load memtrack module: -2
D/AndroidRuntime( 2375): Calling main entry com.android.commands.input.Input
I/Input   ( 2375): injectKeyEvent: KeyEvent { action=ACTION_DOWN, keyCode=KEYCODE_DEL, scanCode=0, metaState=0, flags=0x0, repeatCount=0, eventTime=25985343, downTime=25985343, deviceId=-1, source=0x101 }
I/AppiumUnicodeIME( 1986): onKeyDown (keyCode='67', event.keyCode='67', metaState='0')
I/Input   ( 2375): injectKeyEvent: KeyEvent { action=ACTION_UP, keyCode=KEYCODE_DEL, scanCode=0, metaState=0, flags=0x0, repeatCount=0, eventTime=25985343, downTime=25985343, deviceId=-1, source=0x101 }
I/AppiumUnicodeIME( 1986): onKeyUp (keyCode='67', event.keyCode='67', metaState='0')
I/Input   ( 2375): injectKeyEvent: KeyEvent { action=ACTION_DOWN, keyCode=KEYCODE_FORWARD_DEL, scanCode=0, metaState=0, flags=0x0, repeatCount=0, eventTime=25985348, downTime=25985348, deviceId=-1, source=0x101 }
I/AppiumUnicodeIME( 1986): onKeyDown (keyCode='112', event.keyCode='112', metaState='0')
I/Input   ( 2375): injectKeyEvent: KeyEvent { action=ACTION_UP, keyCode=KEYCODE_FORWARD_DEL, scanCode=0, metaState=0, flags=0x0, repeatCount=0, eventTime=25985348, downTime=25985348, deviceId=-1, source=0x101 }
I/AppiumUnicodeIME( 1986): onKeyUp (keyCode='112', event.keyCode='112', metaState='0')
I/Input   ( 2375): injectKeyEvent: KeyEvent { action=ACTION_DOWN, keyCode=KEYCODE_DEL, scanCode=0, metaState=0, flags=0x0, repeatCount=0, eventTime=25985350, downTime=25985350, deviceId=-1, source=0x101 }
I/AppiumUnicodeIME( 1986): onKeyDown (keyCode='67', event.keyCode='67', metaState='0')
I/Input   ( 2375): injectKeyEvent: KeyEvent { action=ACTION_UP, keyCode=KEYCODE_DEL, scanCode=0, metaState=0, flags=0x0, repeatCount=0, eventTime=25985350, downTime=25985350, deviceId=-1, source=0x101 }
I/AppiumUnicodeIME( 1986): onKeyUp (keyCode='67', event.keyCode='67', metaState='0')
I/Input   ( 2375): injectKeyEvent: KeyEvent { action=ACTION_DOWN, keyCode=KEYCODE_FORWARD_DEL, scanCode=0, metaState=0, flags=0x0, repeatCount=0, eventTime=25985352, downTime=25985352, deviceId=-1, source=0x101 }
I/AppiumUnicodeIME( 1986): onKeyDown (keyCode='112', event.keyCode='112', metaState='0')
I/Input   ( 2375): injectKeyEvent: KeyEvent { action=ACTION_UP, keyCode=KEYCODE_FORWARD_DEL, scanCode=0, metaState=0, flags=0x0, repeatCount=0, eventTime=25985352, downTime=25985352, deviceId=-1, source=0x101 }
I/AppiumUnicodeIME( 1986): onKeyUp (keyCode='112', event.keyCode='112', metaState='0')
I/Input   ( 2375): injectKeyEvent: KeyEvent { action=ACTION_DOWN, keyCode=KEYCODE_DEL, scanCode=0, metaState=0, flags=0x0, repeatCount=0, eventTime=25985355, downTime=25985355, deviceId=-1, source=0x101 }
I/AppiumUnicodeIME( 1986): onKeyDown (keyCode='67', event.keyCode='67', metaState='0')
I/Input   ( 2375): injectKeyEvent: KeyEvent { action=ACTION_UP, keyCode=KEYCODE_DEL, scanCode=0, metaState=0, flags=0x0, repeatCount=0, eventTime=25985355, downTime=25985355, deviceId=-1, source=0x101 }
I/AppiumUnicodeIME( 1986): onKeyUp (keyCode='67', event.keyCode='67', metaState='0')
I/Input   ( 2375): injectKeyEvent: KeyEvent { action=ACTION_DOWN, keyCode=KEYCODE_FORWARD_DEL, scanCode=0, metaState=0, flags=0x0, repeatCount=0, eventTime=25985357, downTime=25985357, deviceId=-1, source=0x101 }
I/AppiumUnicodeIME( 1986): onKeyDown (keyCode='112', event.keyCode='112', metaState='0')
I/Input   ( 2375): injectKeyEvent: KeyEvent { action=ACTION_UP, keyCode=KEYCODE_FORWARD_DEL, scanCode=0, metaState=0, flags=0x0, repeatCount=0, eventTime=25985357, downTime=25985357, deviceId=-1, source=0x101 }
I/AppiumUnicodeIME( 1986): onKeyUp (keyCode='112', event.keyCode='112', metaState='0')
I/Input   ( 2375): injectKeyEvent: KeyEvent { action=ACTION_DOWN, keyCode=KEYCODE_DEL, scanCode=0, metaState=0, flags=0x0, repeatCount=0, eventTime=25985359, downTime=25985359, deviceId=-1, source=0x101 }
I/AppiumUnicodeIME( 1986): onKeyDown (keyCode='67', event.keyCode='67', metaState='0')
I/Input   ( 2375): injectKeyEvent: KeyEvent { action=ACTION_UP, keyCode=KEYCODE_DEL, scanCode=0, metaState=0, flags=0x0, repeatCount=0, eventTime=25985359, downTime=25985359, deviceId=-1, source=0x101 }
I/AppiumUnicodeIME( 1986): onKeyUp (keyCode='67', event.keyCode='67', metaState='0')
I/Input   ( 2375): injectKeyEvent: KeyEvent { action=ACTION_DOWN, keyCode=KEYCODE_FORWARD_DEL, scanCode=0, metaState=0, flags=0x0, repeatCount=0, eventTime=25985362, downTime=25985362, deviceId=-1, source=0x101 }
I/AppiumUnicodeIME( 1986): onKeyDown (keyCode='112', event.keyCode='112', metaState='0')
I/Input   ( 2375): injectKeyEvent: KeyEvent { action=ACTION_UP, keyCode=KEYCODE_FORWARD_DEL, scanCode=0, metaState=0, flags=0x0, repeatCount=0, eventTime=25985362, downTime=25985362, deviceId=-1, source=0x101 }
I/AppiumUnicodeIME( 1986): onKeyUp (keyCode='112', event.keyCode='112', metaState='0')
I/Input   ( 2375): injectKeyEvent: KeyEvent { action=ACTION_DOWN, keyCode=KEYCODE_DEL, scanCode=0, metaState=0, flags=0x0, repeatCount=0, eventTime=25985364, downTime=25985364, deviceId=-1, source=0x101 }
I/AppiumUnicodeIME( 1986): onKeyDown (keyCode='67', event.keyCode='67', metaState='0')
I/Input   ( 2375): injectKeyEvent: KeyEvent { action=ACTION_UP, keyCode=KEYCODE_DEL, scanCode=0, metaState=0, flags=0x0, repeatCount=0, eventTime=25985364, downTime=25985364, deviceId=-1, source=0x101 }
I/AppiumUnicodeIME( 1986): onKeyUp (keyCode='67', event.keyCode='67', metaState='0')
I/Input   ( 2375): injectKeyEvent: KeyEvent { action=ACTION_DOWN, keyCode=KEYCODE_FORWARD_DEL, scanCode=0, metaState=0, flags=0x0, repeatCount=0, eventTime=25985367, downTime=25985367, deviceId=-1, source=0x101 }
I/AppiumUnicodeIME( 1986): onKeyDown (keyCode='112', event.keyCode='112', metaState='0')
I/Input   ( 2375): injectKeyEvent: KeyEvent { action=ACTION_UP, keyCode=KEYCODE_FORWARD_DEL, scanCode=0, metaState=0, flags=0x0, repeatCount=0, eventTime=25985367, downTime=25985367, deviceId=-1, source=0x101 }
I/AppiumUnicodeIME( 1986): onKeyUp (keyCode='112', event.keyCode='112', metaState='0')
I/Input   ( 2375): injectKeyEvent: KeyEvent { action=ACTION_DOWN, keyCode=KEYCODE_DEL, scanCode=0, metaState=0, flags=0x0, repeatCount=0, eventTime=25985369, downTime=25985369, deviceId=-1, source=0x101 }
I/AppiumUnicodeIME( 1986): onKeyDown (keyCode='67', event.keyCode='67', metaState='0')
I/Input   ( 2375): injectKeyEvent: KeyEvent { action=ACTION_UP, keyCode=KEYCODE_DEL, scanCode=0, metaState=0, flags=0x0, repeatCount=0, eventTime=25985369, downTime=25985369, deviceId=-1, source=0x101 }
I/AppiumUnicodeIME( 1986): onKeyUp (keyCode='67', event.keyCode='67', metaState='0')
I/Input   ( 2375): injectKeyEvent: KeyEvent { action=ACTION_DOWN, keyCode=KEYCODE_FORWARD_DEL, scanCode=0, metaState=0, flags=0x0, repeatCount=0, eventTime=25985371, downTime=25985371, deviceId=-1, source=0x101 }
I/AppiumUnicodeIME( 1986): onKeyDown (keyCode='112', event.keyCode='112', metaState='0')
I/Input   ( 2375): injectKeyEvent: KeyEvent { action=ACTION_UP, keyCode=KEYCODE_FORWARD_DEL, scanCode=0, metaState=0, flags=0x0, repeatCount=0, eventTime=25985371, downTime=25985371, deviceId=-1, source=0x101 }
I/AppiumUnicodeIME( 1986): onKeyUp (keyCode='112', event.keyCode='112', metaState='0')
D/AndroidRuntime( 2375): Shutting down VM
D/dalvikvm( 2375): GC_CONCURRENT freed 143K, 21% free 559K/704K, paused 0ms+0ms, total 0ms
D/dalvikvm( 1898): GC_CONCURRENT freed 412K, 86% free 1097K/7356K, paused 0ms+1ms, total 3ms
D/dalvikvm( 1898): GC_CONCURRENT freed 445K, 86% free 1075K/7356K, paused 1ms+1ms, total 3ms
D/dalvikvm( 1898): GC_CONCURRENT freed 422K, 86% free 1075K/7356K, paused 0ms+2ms, total 2ms
D/dalvikvm( 1898): GC_CONCURRENT freed 423K, 86% free 1075K/7356K, paused 0ms+1ms, total 2ms
D/dalvikvm( 1898): GC_CONCURRENT freed 422K, 86% free 1075K/7356K, paused 0ms+1ms, total 1ms
D/dalvikvm( 1898): GC_CONCURRENT freed 422K, 86% free 1075K/7356K, paused 0ms+0ms, total 1ms
D/dalvikvm( 1898): GC_CONCURRENT freed 422K, 86% free 1075K/7356K, paused 0ms+0ms, total 1ms
D/dalvikvm( 1898): GC_CONCURRENT freed 422K, 86% free 1075K/7356K, paused 0ms+0ms, total 2ms
D/dalvikvm( 1898): GC_CONCURRENT freed 423K, 86% free 1075K/7356K, paused 0ms+0ms, total 1ms
D/dalvikvm( 1898): GC_CONCURRENT freed 422K, 86% free 1075K/7356K, paused 0ms+0ms, total 1ms
D/dalvikvm( 1677): GC_CONCURRENT freed 2469K, 48% free 10266K/19384K, paused 0ms+1ms, total 8ms
D/dalvikvm( 1677): WAIT_FOR_CONCURRENT_GC blocked 8ms
D/dalvikvm( 1677): GC_CONCURRENT freed 2413K, 47% free 10293K/19384K, paused 0ms+1ms, total 11ms
D/dalvikvm( 1677): WAIT_FOR_CONCURRENT_GC blocked 12ms
D/dalvikvm( 1677): GC_FOR_ALLOC freed 2482K, 48% free 10261K/19384K, paused 9ms, total 9ms
D/dalvikvm( 1898): GC_CONCURRENT freed 422K, 86% free 1075K/7356K, paused 0ms+1ms, total 2ms
D/dalvikvm( 1677): GC_CONCURRENT freed 1286K, 47% free 10274K/19384K, paused 2ms+2ms, total 18ms
D/dalvikvm( 1898): GC_CONCURRENT freed 422K, 86% free 1097K/7356K, paused 0ms+2ms, total 3ms
I/Process ( 2154): Sending signal. PID: 2154 SIG: 9
I/ActivityManager( 1677): Process com.tencent.android.qqdownloader:live (pid 2154) has died.
D/dalvikvm( 1898): GC_CONCURRENT freed 433K, 86% free 1064K/7356K, paused 1ms+0ms, total 1ms
D/dalvikvm( 1898): GC_CONCURRENT freed 412K, 86% free 1075K/7356K, paused 1ms+0ms, total 3ms
D/dalvikvm( 1898): GC_CONCURRENT freed 422K, 86% free 1075K/7356K, paused 0ms+1ms, total 2ms
D/dalvikvm( 1898): GC_CONCURRENT freed 422K, 86% free 1075K/7356K, paused 0ms+0ms, total 1ms
D/dalvikvm( 1898): GC_CONCURRENT freed 422K, 86% free 1075K/7356K, paused 0ms+0ms, total 1ms
D/dalvikvm( 1898): GC_CONCURRENT freed 422K, 86% free 1075K/7356K, paused 0ms+0ms, total 2ms
D/dalvikvm( 1898): GC_CONCURRENT freed 415K, 86% free 1081K/7356K, paused 0ms+2ms, total 6ms
D/dalvikvm( 1898): GC_CONCURRENT freed 429K, 86% free 1075K/7356K, paused 1ms+2ms, total 3ms
D/dalvikvm( 1677): GC_CONCURRENT freed 2414K, 47% free 10302K/19384K, paused 0ms+1ms, total 9ms
D/dalvikvm( 1677): WAIT_FOR_CONCURRENT_GC blocked 8ms
D/dalvikvm( 1898): GC_CONCURRENT freed 421K, 86% free 1076K/7356K, paused 1ms+0ms, total 2ms
D/dalvikvm( 1898): GC_CONCURRENT freed 423K, 86% free 1075K/7356K, paused 0ms+2ms, total 2ms
D/dalvikvm( 1898): GC_CONCURRENT freed 422K, 86% free 1075K/7356K, paused 0ms+0ms, total 3ms
D/dalvikvm( 1898): GC_CONCURRENT freed 422K, 86% free 1075K/7356K, paused 0ms+0ms, total 2ms
D/dalvikvm( 1898): GC_CONCURRENT freed 422K, 86% free 1075K/7356K, paused 0ms+1ms, total 2ms
D/dalvikvm( 1898): GC_CONCURRENT freed 422K, 86% free 1075K/7356K, paused 1ms+0ms, total 2ms
D/dalvikvm( 1898): GC_CONCURRENT freed 416K, 86% free 1081K/7356K, paused 0ms+1ms, total 3ms
D/dalvikvm( 1898): GC_CONCURRENT freed 429K, 86% free 1075K/7356K, paused 0ms+2ms, total 2ms
D/dalvikvm( 1898): GC_CONCURRENT freed 385K, 86% free 1082K/7356K, paused 1ms+0ms, total 4ms
D/dalvikvm( 1677): GC_CONCURRENT freed 2483K, 48% free 10268K/19384K, paused 1ms+4ms, total 30ms
D/dalvikvm( 1677): WAIT_FOR_CONCURRENT_GC blocked 29ms
D/dalvikvm( 1677): GC_CONCURRENT freed 2409K, 47% free 10300K/19384K, paused 0ms+1ms, total 14ms
D/dalvikvm( 1677): WAIT_FOR_CONCURRENT_GC blocked 14ms
D/dalvikvm( 1898): GC_CONCURRENT freed 408K, 86% free 1075K/7356K, paused 2ms+1ms, total 3ms
D/dalvikvm( 1677): GC_CONCURRENT freed 2483K, 48% free 10268K/19384K, paused 1ms+1ms, total 10ms
D/dalvikvm( 1677): WAIT_FOR_CONCURRENT_GC blocked 7ms
D/dalvikvm( 1677): GC_CONCURRENT freed 2432K, 48% free 10267K/19384K, paused 0ms+0ms, total 11ms
D/dalvikvm( 1898): GC_CONCURRENT freed 422K, 86% free 1096K/7356K, paused 0ms+2ms, total 2ms
D/dalvikvm( 1898): GC_CONCURRENT freed 433K, 86% free 1064K/7356K, paused 0ms+0ms, total 1ms
D/dalvikvm( 1898): GC_CONCURRENT freed 411K, 86% free 1075K/7356K, paused 1ms+2ms, total 5ms
D/dalvikvm( 1898): GC_CONCURRENT freed 421K, 86% free 1075K/7356K, paused 0ms+0ms, total 1ms
D/dalvikvm( 1898): GC_CONCURRENT freed 423K, 86% free 1075K/7356K, paused 1ms+0ms, total 4ms
D/dalvikvm( 1898): GC_CONCURRENT freed 423K, 86% free 1075K/7356K, paused 0ms+0ms, total 1ms
D/dalvikvm( 1898): GC_CONCURRENT freed 422K, 86% free 1097K/7356K, paused 0ms+1ms, total 3ms
D/dalvikvm( 1898): GC_CONCURRENT freed 434K, 86% free 1063K/7356K, paused 1ms+1ms, total 2ms
D/dalvikvm( 1898): GC_CONCURRENT freed 409K, 86% free 1075K/7356K, paused 0ms+1ms, total 3ms
D/dalvikvm( 1898): GC_CONCURRENT freed 418K, 86% free 1080K/7356K, paused 0ms+2ms, total 4ms
D/dalvikvm( 1898): GC_CONCURRENT freed 427K, 86% free 1075K/7356K, paused 0ms+1ms, total 3ms
D/dalvikvm( 1898): GC_CONCURRENT freed 423K, 86% free 1075K/7356K, paused 0ms+0ms, total 3ms
D/dalvikvm( 1898): GC_CONCURRENT freed 421K, 86% free 1076K/7356K, paused 0ms+3ms, total 5ms
D/dalvikvm( 1898): GC_CONCURRENT freed 423K, 86% free 1075K/7356K, paused 0ms+0ms, total 2ms
D/dalvikvm( 1898): GC_CONCURRENT freed 422K, 86% free 1076K/7356K, paused 0ms+2ms, total 4ms
D/dalvikvm( 1898): GC_CONCURRENT freed 423K, 86% free 1075K/7356K, paused 0ms+0ms, total 1ms
D/dalvikvm( 1898): GC_CONCURRENT freed 422K, 86% free 1075K/7356K, paused 0ms+0ms, total 1ms
D/dalvikvm( 1677): GC_CONCURRENT freed 2424K, 47% free 10291K/19384K, paused 0ms+1ms, total 10ms
D/dalvikvm( 1677): WAIT_FOR_CONCURRENT_GC blocked 9ms
D/dalvikvm( 1677): GC_FOR_ALLOC freed 2458K, 47% free 10275K/19384K, paused 11ms, total 11ms
D/dalvikvm( 1898): GC_CONCURRENT freed 422K, 86% free 1075K/7356K, paused 2ms+1ms, total 5ms
D/dalvikvm( 1677): GC_CONCURRENT freed 2434K, 47% free 10291K/19384K, paused 3ms+1ms, total 21ms
D/dalvikvm( 1677): WAIT_FOR_CONCURRENT_GC blocked 16ms
D/dalvikvm( 1677): WAIT_FOR_CONCURRENT_GC blocked 16ms
D/dalvikvm( 1898): GC_CONCURRENT freed 421K, 86% free 1075K/7356K, paused 1ms+0ms, total 1ms
D/dalvikvm( 1898): GC_CONCURRENT freed 423K, 86% free 1097K/7356K, paused 0ms+2ms, total 3ms
D/dalvikvm( 1898): GC_CONCURRENT freed 436K, 86% free 1061K/7356K, paused 0ms+0ms, total 1ms
D/dalvikvm( 1898): GC_CONCURRENT freed 409K, 86% free 1075K/7356K, paused 1ms+0ms, total 2ms
D/dalvikvm( 1898): GC_CONCURRENT freed 422K, 86% free 1075K/7356K, paused 0ms+0ms, total 4ms
D/dalvikvm( 1898): GC_CONCURRENT freed 421K, 86% free 1075K/7356K, paused 0ms+0ms, total 1ms
D/dalvikvm( 1898): GC_CONCURRENT freed 423