D/dalvikvm( 1677): WAIT_FOR_CONCURRENT_GC blocked 12ms
D/dalvikvm( 1677): GC_CONCURRENT freed 2980K, 35% free 12618K/19384K, paused 1ms+1ms, total 15ms
D/dalvikvm( 1677): WAIT_FOR_CONCURRENT_GC blocked 14ms
D/dalvikvm( 1677): WAIT_FOR_CONCURRENT_GC blocked 14ms
E/QueryController( 1898): Got null root node from accessibility - Retrying...
D/dalvikvm( 1677): GC_FOR_ALLOC freed 3050K, 36% free 12597K/19384K, paused 12ms, total 12ms
D/dalvikvm( 1677): GC_CONCURRENT freed 2994K, 35% free 12629K/19384K, paused 3ms+1ms, total 15ms
D/dalvikvm( 1677): WAIT_FOR_CONCURRENT_GC blocked 11ms
D/dalvikvm( 1677): GC_CONCURRENT freed 3020K, 35% free 12632K/19384K, paused 0ms+1ms, total 13ms
D/dalvikvm( 1677): WAIT_FOR_CONCURRENT_GC blocked 13ms
D/dalvikvm( 1677): GC_FOR_ALLOC freed 3057K, 36% free 12597K/19384K, paused 11ms, total 11ms
D/dalvikvm( 1677): GC_CONCURRENT freed 2990K, 35% free 12636K/19384K, paused 0ms+1ms, total 13ms
D/dalvikvm( 1677): WAIT_FOR_CONCURRENT_GC blocked 12ms
D/dalvikvm( 1677): GC_CONCURRENT freed 3002K, 35% free 12664K/19384K, paused 1ms+0ms, total 12ms
D/dalvikvm( 1677): WAIT_FOR_CONCURRENT_GC blocked 12ms
D/dalvikvm( 1677): GC_CONCURRENT freed 3087K, 35% free 12601K/19384K, paused 0ms+0ms, total 12ms
D/dalvikvm( 1677): WAIT_FOR_CONCURRENT_GC blocked 12ms
D/dalvikvm( 1677): GC_CONCURRENT freed 2959K, 35% free 12670K/19384K, paused 2ms+0ms, total 12ms
D/dalvikvm( 1677): WAIT_FOR_CONCURRENT_GC blocked 10ms
D/dalvikvm( 1677): GC_CONCURRENT freed 3092K, 35% free 12604K/19384K, paused 0ms+1ms, total 11ms
D/dalvikvm( 1677): WAIT_FOR_CONCURRENT_GC blocked 11ms
D/dalvikvm( 1677): GC_CONCURRENT freed 2990K, 35% free 12619K/19384K, paused 0ms+0ms, total 10ms
D/dalvikvm( 1677): WAIT_FOR_CONCURRENT_GC blocked 11ms
D/dalvikvm( 1677): GC_FOR_ALLOC freed 3022K, 35% free 12620K/19384K, paused 11ms, total 11ms
D/dalvikvm( 1677): GC_CONCURRENT freed 2953K, 35% free 12678K/19384K, paused 2ms+1ms, total 14ms
D/dalvikvm( 1677): WAIT_FOR_CONCURRENT_GC blocked 11ms
D/dalvikvm( 1677): GC_CONCURRENT freed 3106K, 35% free 12608K/19384K, paused 1ms+1ms, total 11ms
D/dalvikvm( 1677): WAIT_FOR_CONCURRENT_GC blocked 10ms
D/dalvikvm( 1677): GC_CONCURRENT freed 2939K, 35% free 12685K/19384K, paused 2ms+1ms, total 12ms
D/dalvikvm( 1677): WAIT_FOR_CONCURRENT_GC blocked 10ms
D/dalvikvm( 1677): GC_CONCURRENT freed 3112K, 35% free 12610K/19384K, paused 1ms+0ms, total 12ms
D/dalvikvm( 1677): WAIT_FOR_CONCURRENT_GC blocked 11ms
D/dalvikvm( 1677): GC_CONCURRENT freed 3009K, 35% free 12627K/19384K, paused 0ms+1ms, total 13ms
D/dalvikvm( 1677): WAIT_FOR_CONCURRENT_GC blocked 13ms
D/dalvikvm( 1677): GC_CONCURRENT freed 3026K, 35% free 12628K/19384K, paused 1ms+1ms, total 13ms
D/dalvikvm( 1677): WAIT_FOR_CONCURRENT_GC blocked 12ms
D/dalvikvm( 1677): GC_CONCURRENT freed 2963K, 35% free 12694K/19384K, paused 0ms+1ms, total 12ms
D/dalvikvm( 1677): WAIT_FOR_CONCURRENT_GC blocked 12ms
E/QueryController( 1898): Got null root node from accessibility - Retrying...
D/dalvikvm( 1677): GC_CONCURRENT freed 3088K, 35% free 12615K/19384K, paused 1ms+0ms, total 13ms
D/dalvikvm( 1677): WAIT_FOR_CONCURRENT_GC blocked 12ms
D/dalvikvm( 1677): GC_FOR_ALLOC freed 3052K, 36% free 12582K/19384K, paused 11ms, total 11ms
D/dalvikvm( 1677): GC_CONCURRENT freed 2860K, 35% free 12733K/19384K, paused 2ms+0ms, total 15ms
D/dalvikvm( 1677): WAIT_FOR_CONCURRENT_GC blocked 12ms
D/dalvikvm( 1677): GC_CONCURRENT freed 3136K, 35% free 12617K/19384K, paused 0ms+1ms, total 11ms
D/dalvikvm( 1677): WAIT_FOR_CONCURRENT_GC blocked 11ms
D/dalvikvm( 1677): GC_CONCURRENT freed 3060K, 36% free 12583K/19384K, paused 1ms+1ms, total 13ms
D/dalvikvm( 1677): WAIT_FOR_CONCURRENT_GC blocked 12ms
D/dalvikvm( 1677): GC_FOR_ALLOC freed 2977K, 35% free 12619K/19384K, paused 12ms, total 12ms
D/dalvikvm( 1677): GC_CONCURRENT freed 2892K, 35% free 12743K/19384K, paused 2ms+1ms, total 13ms
D/dalvikvm( 1677): WAIT_FOR_CONCURRENT_GC blocked 10ms
D/dalvikvm( 1677): GC_CONCURRENT freed 3177K, 35% free 12621K/19384K, paused 0ms+1ms, total 12ms
D/dalvikvm( 1677): WAIT_FOR_CONCURRENT_GC blocked 12ms
D/dalvikvm( 1677): GC_CONCURRENT freed 3000K, 35% free 12640K/19384K, paused 1ms+1ms, total 13ms
D/dalvikvm( 1677): WAIT_FOR_CONCURRENT_GC blocked 12ms
D/dalvikvm( 1677): GC_CONCURRENT freed 3092K, 36% free 12586K/19384K, paused 1ms+1ms, total 11ms
D/dalvikvm( 1677): WAIT_FOR_CONCURRENT_GC blocked 10ms
D/dalvikvm( 1677): GC_CONCURRENT freed 2940K, 35% free 12642K/19384K, paused 1ms+1ms, total 13ms
D/dalvikvm( 1677): WAIT_FOR_CONCURRENT_GC blocked 12ms
D/dalvikvm( 1677): GC_CONCURRENT freed 3031K, 35% free 12624K/19384K, paused 1ms+1ms, total 12ms
D/dalvikvm( 1677): WAIT_FOR_CONCURRENT_GC blocked 11ms
D/dalvikvm( 1677): GC_CONCURRENT freed 3006K, 35% free 12644K/19384K, paused 1ms+1ms, total 11ms
D/dalvikvm( 1677): WAIT_FOR_CONCURRENT_GC blocked 10ms
D/dalvikvm( 1677): GC_CONCURRENT freed 3003K, 35% free 12684K/19384K, paused 1ms+1ms, total 13ms
D/dalvikvm( 1677): WAIT_FOR_CONCURRENT_GC blocked 12ms
D/dalvikvm( 1677): GC_CONCURRENT freed 3033K, 35% free 12686K/19384K, paused 1ms+0ms, total 13ms
D/dalvikvm( 1677): WAIT_FOR_CONCURRENT_GC blocked 12ms
D/dalvikvm( 1677): GC_CONCURRENT freed 3063K, 35% free 12647K/19384K, paused 0ms+0ms, total 12ms
D/dalvikvm( 1677): WAIT_FOR_CONCURRENT_GC blocked 12ms
D/dalvikvm( 1677): GC_CONCURRENT freed 3057K, 35% free 12628K/19384K, paused 1ms+1ms, total 11ms
D/dalvikvm( 1677): WAIT_FOR_CONCURRENT_GC blocked 10ms
D/dalvikvm( 1677): GC_CONCURRENT freed 2987K, 35% free 12629K/19384K, paused 1ms+0ms, total 12ms
D/dalvikvm( 1677): WAIT_FOR_CONCURRENT_GC blocked 11ms
D/dalvikvm( 1677): GC_CONCURRENT freed 2914K, 35% free 12732K/19384K, paused 3ms+1ms, total 15ms
D/dalvikvm( 1677): WAIT_FOR_CONCURRENT_GC blocked 13ms
E/QueryController( 1898): Cannot proceed when root node is null. Aborted search
E/QueryController( 1898): Got null root node from accessibility - Retrying...
D/dalvikvm( 1677): GC_CONCURRENT freed 3147K, 35% free 12631K/19384K, paused 0ms+1ms, total 14ms
D/dalvikvm( 1677): WAIT_FOR_CONCURRENT_GC blocked 13ms
D/dalvikvm( 1677): GC_CONCURRENT freed 2970K, 35% free 12694K/19384K, paused 0ms+1ms, total 13ms
D/dalvikvm( 1677): WAIT_FOR_CONCURRENT_GC blocked 13ms
D/dalvikvm( 1677): GC_CONCURRENT freed 3059K, 35% free 12632K/19384K, paused 0ms+0ms, total 12ms
D/dalvikvm( 1677): WAIT_FOR_CONCURRENT_GC blocked 11ms
D/dalvikvm( 1677): GC_FOR_ALLOC freed 2982K, 35% free 12633K/19384K, paused 13ms, total 13ms
D/dalvikvm( 1677): GC_CONCURRENT freed 2903K, 35% free 12740K/19384K, paused 2ms+1ms, total 14ms
D/dalvikvm( 1677): WAIT_FOR_CONCURRENT_GC blocked 11ms
D/dalvikvm( 1677): GC_CONCURRENT freed 3141K, 35% free 12635K/19384K, paused 0ms+1ms, total 13ms
D/dalvikvm( 1677): WAIT_FOR_CONCURRENT_GC blocked 12ms
D/dalvikvm( 1677): GC_FOR_ALLOC freed 3062K, 36% free 12592K/19384K, paused 11ms, total 11ms
D/dalvikvm( 1677): GC_CONCURRENT freed 2891K, 35% free 12680K/19384K, paused 0ms+1ms, total 13ms
D/dalvikvm( 1677): WAIT_FOR_CONCURRENT_GC blocked 6ms
D/dalvikvm( 1677): GC_FOR_ALLOC freed 3045K, 35% free 12659K/19384K, paused 11ms, total 11ms
D/dalvikvm( 1677): GC_CONCURRENT freed 2984K, 35% free 12704K/19384K, paused 0ms+1ms, total 13ms
D/dalvikvm( 1677): WAIT_FOR_CONCURRENT_GC blocked 12ms
D/dalvikvm( 1677): GC_CONCURRENT freed 3118K, 35% free 12638K/19384K, paused 0ms+1ms, total 12ms
D/dalvikvm( 1677): WAIT_FOR_CONCURRENT_GC blocked 12ms
D/dalvikvm( 1677): GC_FOR_ALLOC freed 3030K, 35% free 12639K/19384K, paused 11ms, total 11ms
D/dalvikvm( 1677): GC_FOR_ALLOC freed 3056K, 36% free 12594K/19384K, paused 12ms, total 12ms
D/dalvikvm( 1677): GC_CONCURRENT freed 2872K, 35% free 12687K/19384K, paused 0ms+1ms, total 12ms
D/dalvikvm( 1677): WAIT_FOR_CONCURRENT_GC blocked 10ms
D/dalvikvm( 1677): GC_FOR_ALLOC freed 3031K, 35% free 12664K/19384K, paused 11ms, total 12ms
D/dalvikvm( 1677): GC_CONCURRENT freed 3032K, 35% free 12642K/19384K, paused 0ms+1ms, total 12ms
D/dalvikvm( 1677): WAIT_FOR_CONCURRENT_GC blocked 6ms
D/dalvikvm( 1677): GC_FOR_ALLOC freed 3029K, 35% free 12642K/19384K, paused 13ms, total 13ms
D/dalvikvm( 1677): GC_CONCURRENT freed 2957K, 35% free 12690K/19384K, paused 1ms+1ms, total 13ms
D/dalvikvm( 1677): WAIT_FOR_CONCURRENT_GC blocked 11ms
D/dalvikvm( 1677): GC_CONCURRENT freed 3072K, 35% free 12644K/19384K, paused 0ms+1ms, total 11ms
D/dalvikvm( 1677): WAIT_FOR_CONCURRENT_GC blocked 11ms
E/QueryController( 1898): Got null root node from accessibility - Retrying...
D/dalvikvm( 1677): GC_CONCURRENT freed 3048K, 36% free 12597K/19384K, paused 0ms+1ms, total 13ms
D/dalvikvm( 1677): WAIT_FOR_CONCURRENT_GC blocked 13ms
D/dalvikvm( 1677): GC_CONCURRENT freed 2898K, 35% free 12718K/19384K, paused 1ms+1ms, total 13ms
D/dalvikvm( 1677): WAIT_FOR_CONCURRENT_GC blocked 12ms
D/dalvikvm( 1677): GC_FOR_ALLOC freed 3089K, 35% free 12646K/19384K, paused 11ms, total 11ms
D/dalvikvm( 1677): GC_CONCURRENT freed 2937K, 35% free 12720K/19384K, paused 1ms+1ms, total 13ms
D/dalvikvm( 1677): WAIT_FOR_CONCURRENT_GC blocked 11ms
D/dalvikvm( 1677): GC_FOR_ALLOC freed 3131K, 35% free 12647K/19384K, paused 12ms, total 12ms
D/dalvikvm( 1677): GC_CONCURRENT freed 2928K, 35% free 12697K/19384K, paused 1ms+1ms, total 13ms
D/dalvikvm( 1677): WAIT_FOR_CONCURRENT_GC blocked 12ms
D/dalvikvm( 1677): GC_CONCURRENT freed 3046K, 35% free 12649K/19384K, paused 1ms+1ms, total 12ms
D/dalvikvm( 1677): WAIT_FOR_CONCURRENT_GC blocked 11ms
D/dalvikvm( 1677): GC_FOR_ALLOC freed 3016K, 35% free 12649K/19384K, paused 12ms, total 12ms
D/dalvikvm( 1677): GC_CONCURRENT freed 2984K, 35% free 12700K/19384K, paused 1ms+0ms, total 12ms
D/dalvikvm( 1677): WAIT_FOR_CONCURRENT_GC blocked 11ms
D/dalvikvm( 1677): GC_CONCURRENT freed 3105K, 35% free 12651K/19384K, paused 0ms+1ms, total 13ms
D/dalvikvm( 1677): WAIT_FOR_CONCURRENT_GC blocked 13ms
D/dalvikvm( 1677): GC_FOR_ALLOC freed 3073K, 35% free 12600K/19384K, paused 11ms, total 11ms
D/dalvikvm( 1677): GC_CONCURRENT freed 2730K, 34% free 12832K/19384K, paused 1ms+1ms, total 13ms
D/dalvikvm( 1677): WAIT_FOR_CONCURRENT_GC blocked 10ms
D/dalvikvm( 1677): GC_CONCURRENT freed 3109K, 35% free 12782K/19384K, paused 3ms+0ms, total 14ms
D/dalvikvm( 1677): WAIT_FOR_CONCURRENT_GC blocked 11ms
D/dalvikvm( 1677): GC_FOR_ALLOC freed 3180K, 35% free 12679K/19384K, paused 11ms, total 11ms
D/dalvikvm( 1677): GC_CONCURRENT freed 2912K, 35% free 12784K/19384K, paused 2ms+1ms, total 13ms
D/dalvikvm( 1677): WAIT_FOR_CONCURRENT_GC blocked 10ms
D/dalvikvm( 1677): GC_CONCURRENT freed 3164K, 35% free 12654K/19384K, paused 0ms+1ms, total 12ms
D/dalvikvm( 1677): WAIT_FOR_CONCURRENT_GC blocked 12ms
D/dalvikvm( 1677): GC_FOR_ALLOC freed 2998K, 35% free 12655K/19384K, paused 10ms, total 10ms
D/dalvikvm( 1677): GC_CONCURRENT freed 2961K, 35% free 12709K/19384K, paused 0ms+1ms, total 13ms
D/dalvikvm( 1677): WAIT_FOR_CONCURRENT_GC blocked 12ms
D/dalvikvm( 1677): GC_FOR_ALLOC freed 3085K, 35% free 12656K/19384K, paused 13ms, total 13ms
E/QueryController( 1898): Got null root node from accessibility - Retrying...
D/dalvikvm( 1677): GC_CONCURRENT freed 2860K, 35% free 12791K/19384K, paused 2ms+1ms, total 15ms
D/dalvikvm( 1677): WAIT_FOR_CONCURRENT_GC blocked 12ms
D/dalvikvm( 1677): GC_CONCURRENT freed 3255K, 35% free 12603K/19384K, paused 0ms+0ms, total 13ms
D/dalvikvm( 1677): WAIT_FOR_CONCURRENT_GC blocked 12ms
D/dalvikvm( 1677): GC_FOR_ALLOC freed 2945K, 35% free 12685K/19384K, paused 12ms, total 12ms
D/dalvikvm( 1677): GC_CONCURRENT freed 2989K, 35% free 12713K/19384K, paused 1ms+1ms, total 14ms
D/dalvikvm( 1677): WAIT_FOR_CONCURRENT_GC blocked 11ms
D/dalvikvm( 1677): GC_CONCURRENT freed 3031K, 35% free 12742K/19384K, paused 0ms+1ms, total 12ms
D/dalvikvm( 1677): WAIT_FOR_CONCURRENT_GC blocked 12ms
D/dalvikvm( 1677): GC_FOR_ALLOC freed 3077K, 35% free 12660K/19384K, paused 13ms, total 13ms
D/dalvikvm( 1677): GC_CONCURRENT freed 2952K, 35% free 12744K/19384K, paused 0ms+1ms, total 13ms
D/dalvikvm( 1677): WAIT_FOR_CONCURRENT_GC blocked 13ms
D/dalvikvm( 1677): GC_CONCURRENT freed 3165K, 35% free 12605K/19384K, paused 0ms+1ms, total 11ms
D/dalvikvm( 1677): WAIT_FOR_CONCURRENT_GC blocked 11ms
D/dalvikvm( 1677): GC_FOR_ALLOC freed 2982K, 35% free 12605K/19384K, paused 10ms, total 10ms
D/dalvikvm( 1677): GC_CONCURRENT freed 2942K, 35% free 12662K/19384K, paused 0ms+1ms, total 12ms
D/dalvikvm( 1677): WAIT_FOR_CONCURRENT_GC blocked 7ms
D/dalvikvm( 1677): GC_CONCURRENT freed 3069K, 35% free 12605K/19384K, paused 0ms+2ms, total 12ms
D/dalvikvm( 1677): WAIT_FOR_CONCURRENT_GC blocked 12ms
D/dalvikvm( 1677): GC_CONCURRENT freed 3028K, 35% free 12606K/19384K, paused 0ms+1ms, total 11ms
D/dalvikvm( 1677): WAIT_FOR_CONCURRENT_GC blocked 11ms
D/dalvikvm( 1677): GC_CONCURRENT freed 2897K, 35% free 12692K/19384K, paused 1ms+1ms, total 12ms
D/dalvikvm( 1677): WAIT_FOR_CONCURRENT_GC blocked 11ms
D/dalvikvm( 1677): GC_FOR_ALLOC freed 2999K, 35% free 12664K/19384K, paused 11ms, total 11ms
D/dalvikvm( 1677): GC_CONCURRENT freed 2869K, 34% free 12810K/19384K, paused 1ms+1ms, total 14ms
D/dalvikvm( 1677): WAIT_FOR_CONCURRENT_GC blocked 13ms
D/dalvikvm( 1677): GC_FOR_ALLOC freed 3142K, 35% free 12695K/19384K, paused 11ms, total 11ms
D/dalvikvm( 1677): GC_CONCURRENT freed 2837K, 34% free 12871K/19384K, paused 1ms+0ms, total 13ms
D/dalvikvm( 1677): WAIT_FOR_CONCURRENT_GC blocked 12ms
D/dalvikvm( 1677): GC_CONCURRENT freed 3321K, 35% free 12607K/19384K, paused 1ms+0ms, total 12ms
D/dalvikvm( 1677): WAIT_FOR_CONCURRENT_GC blocked 11ms
D/dalvikvm( 1677): GC_FOR_ALLOC freed 2922K, 35% free 12667K/19384K, paused 13ms, total 13ms
E/QueryController( 1898): Cannot proceed when root node is null. Aborted search
E/QueryController( 1898): Got null root node from accessibility - Retrying...
D/dalvikvm( 1677): GC_CONCURRENT freed 2786K, 34% free 12905K/19384K, paused 2ms+1ms, total 16ms
D/dalvikvm( 1677): WAIT_FOR_CONCURRENT_GC blocked 13ms
D/dalvikvm( 1677): GC_FOR_ALLOC freed 3306K, 35% free 12668K/19384K, paused 12ms, total 12ms
D/dalvikvm( 1677): GC_CONCURRENT freed 2752K, 34% free 12878K/19384K, paused 2ms+2ms, total 15ms
D/dalvikvm( 1677): WAIT_FOR_CONCURRENT_GC blocked 12ms
D/dalvikvm( 1677): GC_FOR_ALLOC freed 3244K, 35% free 12699K/19384K, paused 11ms, total 11ms
D/dalvikvm( 1677): GC_CONCURRENT freed 3081K, 35% free 12670K/19384K, paused 0ms+1ms, total 12ms
D/dalvikvm( 1677): WAIT_FOR_CONCURRENT_GC blocked 11ms
D/dalvikvm( 1677): GC_CONCURRENT freed 3062K, 35% free 12609K/19384K, paused 1ms+1ms, total 12ms
D/dalvikvm( 1677): WAIT_FOR_CONCURRENT_GC blocked 11ms
D/dalvikvm( 1677): GC_CONCURRENT freed 3015K, 35% free 12610K/19384K, paused 0ms+1ms, total 11ms
D/dalvikvm( 1677): WAIT_FOR_CONCURRENT_GC blocked 11ms
D/dalvikvm( 1677): GC_FOR_ALLOC freed 3028K, 35% free 12610K/19384K, paused 11ms, total 11ms
D/dalvikvm( 1677): GC_CONCURRENT freed 2669K, 34% free 12918K/19384K, paused 0ms+1ms, total 12ms
D/dalvikvm( 1677): WAIT_FOR_CONCURRENT_GC blocked 11ms
D/dalvikvm( 1677): GC_FOR_ALLOC freed 3268K, 35% free 12703K/19384K, paused 11ms, total 11ms
D/dalvikvm( 1677): GC_CONCURRENT freed 2942K, 35% free 12735K/19384K, paused 0ms+1ms, total 11ms
D/dalvikvm( 1677): WAIT_FOR_CONCURRENT_GC blocked 10ms
D/dalvikvm( 1677): GC_FOR_ALLOC freed 3141K, 35% free 12611K/19384K, paused 11ms, total 11ms
D/dalvikvm( 1677): GC_CONCURRENT freed 2873K, 35% free 12769K/19384K, paused 0ms+1ms, total 12ms
D/dalvikvm( 1677): WAIT_FOR_CONCURRENT_GC blocked 9ms
D/dalvikvm( 1677): WAIT_FOR_CONCURRENT_GC blocked 17ms
D/dalvikvm( 1677): GC_FOR_ALLOC freed 3047K, 35% free 12752K/19384K, paused 12ms, total 12ms
D/dalvikvm( 1677): GC_CONCURRENT freed 2895K, 34% free 12923K/19384K, paused 2ms+1ms, total 15ms
D/dalvikvm( 1677): WAIT_FOR_CONCURRENT_GC blocked 10ms
D/dalvikvm( 1677): WAIT_FOR_CONCURRENT_GC blocked 12ms
D/dalvikvm( 1677): GC_CONCURRENT freed 3402K, 35% free 12627K/19384K, paused 2ms+1ms, total 13ms
D/dalvikvm( 1677): WAIT_FOR_CONCURRENT_GC blocked 12ms
D/dalvikvm( 1677): WAIT_FOR_CONCURRENT_GC blocked 14ms
D/dalvikvm( 1677): GC_CONCURRENT freed 2946K, 35% free 12715K/19384K, paused 1ms+1ms, total 13ms
D/dalvikvm( 1677): WAIT_FOR_CONCURRENT_GC blocked 12ms
D/dalvikvm( 1677): WAIT_FOR_CONCURRENT_GC blocked 15ms
D/dalvikvm( 1677): GC_CONCURRENT freed 3112K, 35% free 12656K/19384K, paused 0ms+1ms, total 13ms
D/dalvikvm( 1677): WAIT_FOR_CONCURRENT_GC blocked 14ms
D/dalvikvm( 1677): WAIT_FOR_CONCURRENT_GC blocked 18ms
E/QueryController( 1898): Got null root node from accessibility - Retrying...
D/dalvikvm( 1677): GC_CONCURRENT freed 2957K, 35% free 12735K/19384K, paused 0ms+2ms, total 13ms
D/dalvikvm( 1677): WAIT_FOR_CONCURRENT_GC blocked 8ms
D/dalvikvm( 1677): WAIT_FOR_CONCURRENT_GC blocked 12ms
D/dalvikvm( 1677): GC_CONCURRENT freed 3004K, 35% free 12782K/19384K, paused 2ms+1ms, total 14ms
D/dalvikvm( 1677): WAIT_FOR_CONCURRENT_GC blocked 12ms
D/dalvikvm( 1677): GC_FOR_ALLOC freed 3097K, 35% free 12686K/19384K, paused 11ms, total 11ms
D/dalvikvm( 1677): GC_CONCURRENT freed 2949K, 35% free 12783K/19384K, paused 0ms+1ms, total 12ms
D/dalvikvm( 1677): WAIT_FOR_CONCURRENT_GC blocked 11ms
D/dalvikvm( 1677): WAIT_FOR_CONCURRENT_GC blocked 38ms
D/dalvikvm( 1677): GC_FOR_ALLOC freed 3128K, 35% free 12712K/19384K, paused 13ms, total 13ms
D/dalvikvm( 1677): GC_CONCURRENT freed 3044K, 35% free 12686K/19384K, paused 1ms+1ms, total 12ms
D/dalvikvm( 1677): WAIT_FOR_CONCURRENT_GC blocked 10ms
D/dalvikvm( 1677): GC_FOR_ALLOC freed 3055K, 35% free 12679K/19384K, paused 12ms, total 12ms
D/dalvikvm( 1677): GC_CONCURRENT freed 2925K, 35% free 12745K/19384K, paused 0ms+1ms, total 14ms
D/dalvikvm( 1677): WAIT_FOR_CONCURRENT_GC blocked 13ms
D/dalvikvm( 1677): GC_FOR_ALLOC freed 3066K, 35% free 12680K/19384K, paused 11ms, total 11ms
D/dalvikvm( 1677): GC_CONCURRENT freed 2948K, 35% free 12746K/19384K, paused 1ms+1ms, total 13ms
D/dalvikvm( 1677): WAIT_FOR_CONCURRENT_GC blocked 11ms
D/dalvikvm( 1677): GC_FOR_ALLOC freed 3090K, 35% free 12681K/19384K, paused 11ms, total 11ms
D/dalvikvm( 1677): GC_CONCURRENT freed 2970K, 35% free 12747K/19384K, paused 0ms+1ms, total 13ms
D/dalvikvm( 1677): WAIT_FOR_CONCURRENT_GC blocked 13ms
D/dalvikvm( 1677): GC_CONCURRENT freed 3112K, 35% free 12682K/19384K, paused 0ms+1ms, total 12ms
D/dalvikvm( 1677): WAIT_FOR_CONCURRENT_GC blocked 11ms
D/dalvikvm( 1677): GC_FOR_ALLOC freed 3059K, 35% free 12615K/19384K, paused 12ms, total 12ms
D/dalvikvm( 1677): GC_CONCURRENT freed 2833K, 35% free 12783K/19384K, paused 0ms+0ms, total 12ms
D/dalvikvm( 1677): WAIT_FOR_CONCURRENT_GC blocked 11ms
D/dalvikvm( 1677): GC_FOR_ALLOC freed 3080K, 35% free 12683K/19384K, paused 12ms, total 12ms
D/dalvikvm( 1677): GC_CONCURRENT freed 2855K, 34% free 12852K/19384K, paused 2ms+0ms, total 15ms
D/dalvikvm( 1677): WAIT_FOR_CONCURRENT_GC blocked 12ms
D/dalvikvm( 1677): GC_CONCURRENT freed 3167K, 35% free 12718K/19384K, paused 0ms+1ms, total 13ms
D/dalvikvm( 1677): WAIT_FOR_CONCURRENT_GC blocked 13ms
E/QueryController( 1898): Got null root node from accessibility - Retrying...
D/dalvikvm( 1677): GC_CONCURRENT freed 3044K, 35% free 12685K/19384K, paused 0ms+0ms, total 13ms
D/dalvikvm( 1677): WAIT_FOR_CONCURRENT_GC blocked 13ms
D/dalvikvm( 1677): GC_FOR_ALLOC freed 2952K, 35% free 12719K/19384K, paused 11ms, total 11ms
D/dalvikvm( 1677): GC_CONCURRENT freed 2999K, 35% free 12755K/19384K, paused 3ms+1ms, total 15ms
D/dalvikvm( 1677): WAIT_FOR_CONCURRENT_GC blocked 12ms
D/dalvikvm( 1677): GC_FOR_ALLOC freed 3041K, 35% free 12721K/19384K, paused 11ms, total 11ms
D/dalvikvm( 1677): GC_CONCURRENT freed 2915K, 34% free 12859K/19384K, paused 0ms+1ms, total 11ms
D/dalvikvm( 1677): WAIT_FOR_CONCURRENT_GC blocked 10ms
D/dalvikvm( 1677): GC_CONCURRENT freed 3165K, 35% free 12791K/19384K, paused 1ms+0ms, total 12ms
D/dalvikvm( 1677): WAIT_FOR_CONCURRENT_GC blocked 12ms
D/dalvikvm( 1677): GC_FOR_ALLOC freed 3109K, 35% free 12688K/19384K, paused 12ms, total 12ms
D/dalvikvm( 1677): GC_CONCURRENT freed 2943K, 35% free 12793K/19384K, paused 0ms+1ms, total 13ms
D/dalvikvm( 1677): WAIT_FOR_CONCURRENT_GC blocked 11ms
D/dalvikvm( 1677): GC_CONCURRENT freed 3023K, 34% free 12794K/19384K, paused 1ms+1ms, total 14ms
D/dalvikvm( 1677): WAIT_FOR_CONCURRENT_GC blocked 13ms
D/dalvikvm( 1677): GC_FOR_ALLOC freed 3138K, 35% free 12689K/19384K, paused 11ms, total 11ms
D/dalvikvm( 1677): GC_CONCURRENT freed 2727K, 34% free 12936K/19384K, paused 2ms+1ms, total 15ms
D/dalvikvm( 1677): WAIT_FOR_CONCURRENT_GC blocked 12ms
D/dalvikvm( 1677): GC_FOR_ALLOC freed 3299K, 35% free 12726K/19384K, paused 10ms, total 10ms
D/dalvikvm( 1677): GC_CONCURRENT freed 2815K, 34% free 12903K/19384K, paused 1ms+1ms, total 14ms
D/dalvikvm( 1677): WAIT_FOR_CONCURRENT_GC blocked 12ms
D/dalvikvm( 1677): GC_CONCURRENT freed 3181K, 34% free 12798K/19384K, paused 1ms+1ms, total 12ms
D/dalvikvm( 1677): WAIT_FOR_CONCURRENT_GC blocked 11ms
D/dalvikvm( 1677): GC_FOR_ALLOC freed 3190K, 35% free 12620K/19384K, paused 13ms, total 13ms
D/dalvikvm( 1677): GC_CONCURRENT freed 2771K, 34% free 12871K/19384K, paused 1ms+1ms, total 14ms
D/dalvikvm( 1677): WAIT_FOR_CONCURRENT_GC blocked 12ms
D/dalvikvm( 1677): GC_CONCURRENT freed 3281K, 35% free 12621K/19384K, paused 0ms+1ms, total 11ms
D/dalvikvm( 1677): WAIT_FOR_CONCURRENT_GC blocked 11ms
D/dalvikvm( 1677): GC_FOR_ALLOC freed 2858K, 35% free 12729K/19384K, paused 12ms, total 12ms
D/dalvikvm( 1677): GC_CONCURRENT freed 2869K, 34% free 12910K/19384K, paused 0ms+1ms, total 14ms
D/dalvikvm( 1677): WAIT_FOR_CONCURRENT_GC blocked 13ms
D/dalvikvm( 1677): GC_FOR_ALLOC freed 3240K, 35% free 12730K/19384K, paused 13ms, total 13ms
E/QueryController( 1898): Cannot proceed when root node is null. Aborted search
E/QueryController( 1898): Got null root node from accessibility - Retrying...
D/dalvikvm( 1677): GC_CONCURRENT freed 2742K, 34% free 12949K/19384K, paused 2ms+1ms, total 15ms
D/dalvikvm( 1677): WAIT_FOR_CONCURRENT_GC blocked 12ms
D/dalvikvm( 1677): GC_CONCURRENT freed 3333K, 35% free 12695K/19384K, paused 0ms+1ms, total 13ms
D/dalvikvm( 1677): WAIT_FOR_CONCURRENT_GC blocked 13ms
D/dalvikvm( 1677): GC_CONCURRENT freed 3088K, 35% free 12622K/19384K, paused 0ms+0ms, total 12ms
D/dalvikvm( 1677): WAIT_FOR_CONCURRENT_GC blocked 12ms
D/dalvikvm( 1677): GC_FOR_ALLOC freed 2913K, 35% free 12732K/19384K, paused 13ms, total 13ms
D/dalvikvm( 1677): GC_CONCURRENT freed 2959K, 35% free 12770K/19384K, paused 1ms+1ms, total 14ms
D/dalvikvm( 1677): WAIT_FOR_CONCURRENT_GC blocked 12ms
D/dalvikvm( 1677): GC_CONCURRENT freed 3189K, 35% free 12623K/19384K, paused 1ms+1ms, total 13ms
D/dalvikvm( 1677): WAIT_FOR_CONCURRENT_GC blocked 12ms
D/dalvikvm( 1677): GC_FOR_ALLOC freed 2865K, 35% free 12697K/19384K, paused 12ms, total 12ms
D/dalvikvm( 1677): GC_CONCURRENT freed 2873K, 34% free 12809K/19384K, paused 0ms+1ms, total 14ms
D/dalvikvm( 1677): WAIT_FOR_CONCURRENT_GC blocked 13ms
D/dalvikvm( 1677): GC_FOR_ALLOC freed 3143K, 35% free 12698K/19384K, paused 12ms, total 12ms
D/dalvikvm( 1677): GC_CONCURRENT freed 2703K, 33% free 12997K/19384K, paused 1ms+2ms, total 13ms
D/dalvikvm( 1677): WAIT_FOR_CONCURRENT_GC blocked 11ms
D/dalvikvm( 1677): GC_FOR_ALLOC freed 3348K, 35% free 12699K/19384K, paused 11ms, total 11ms
D/dalvikvm( 1677): GC_CONCURRENT freed 2907K, 34% free 12812K/19384K, paused 0ms+1ms, total 12ms
D/dalvikvm( 1677): WAIT_FOR_CONCURRENT_GC blocked 5ms
D/dalvikvm( 1677): GC_CONCURRENT freed 3180K, 35% free 12700K/19384K, paused 1ms+1ms, total 12ms
D/dalvikvm( 1677): WAIT_FOR_CONCURRENT_GC blocked 11ms
D/dalvikvm( 1677): GC_CONCURRENT freed 2999K, 35% free 12738K/19384K, paused 1ms+1ms, total 13ms
D/dalvikvm( 1677): WAIT_FOR_CONCURRENT_GC blocked 12ms
D/dalvikvm( 1677): GC_CONCURRENT freed 3123K, 35% free 12625K/19384K, paused 0ms+1ms, total 11ms
D/dalvikvm( 1677): WAIT_FOR_CONCURRENT_GC blocked 11ms
D/dalvikvm( 1677): GC_CONCURRENT freed 2940K, 35% free 12701K/19384K, paused 1ms+0ms, total 13ms
D/dalvikvm( 1677): WAIT_FOR_CONCURRENT_GC blocked 12ms
D/dalvikvm( 1677): GC_CONCURRENT freed 2948K, 35% free 12701K/19384K, paused 2ms+1ms, total 14ms
D/dalvikvm( 1677): WAIT_FOR_CONCURRENT_GC blocked 12ms
D/dalvikvm( 1677): GC_FOR_ALLOC freed 2957K, 35% free 12702K/19384K, paused 11ms, total 11ms
E/QueryController( 1898): Got null root node from accessibility - Retrying...
D/dalvikvm( 1677): GC_CONCURRENT freed 2773K, 34% free 12894K/19384K, paused 0ms+1ms, total 13ms
D/dalvikvm( 1677): WAIT_FOR_CONCURRENT_GC blocked 12ms
D/dalvikvm( 1677): GC_CONCURRENT freed 3241K, 35% free 12741K/19384K, paused 2ms+1ms, total 13ms
D/dalvikvm( 1677): WAIT_FOR_CONCURRENT_GC blocked 11ms
D/dalvikvm( 1677): GC_FOR_ALLOC freed 3175K, 35% free 12626K/19384K, paused 12ms, total 13ms
D/dalvikvm( 1677): GC_CONCURRENT freed 2911K, 35% free 12704K/19384K, paused 0ms+1ms, total 12ms
D/dalvikvm( 1677): WAIT_FOR_CONCURRENT_GC blocked 11ms
D/dalvikvm( 1677): GC_CONCURRENT freed 3075K, 35% free 12627K/19384K, paused 0ms+1ms, total 11ms
D/dalvikvm( 1677): WAIT_FOR_CONCURRENT_GC blocked 11ms
D/dalvikvm( 1677): GC_CONCURRENT freed 3005K, 35% free 12627K/19384K, paused 0ms+1ms, total 12ms
D/dalvikvm( 1677): WAIT_FOR_CONCURRENT_GC blocked 11ms
D/dalvikvm( 1677): GC_CONCURRENT freed 2819K, 34% free 12822K/19384K, paused 2ms+0ms, total 12ms
D/dalvikvm( 1677): WAIT_FOR_CONCURRENT_GC blocked 10ms
D/dalvikvm( 1677): GC_FOR_ALLOC freed 3216K, 35% free 12627K/19384K, paused 11ms, total 12ms
D/dalvikvm( 1677): GC_CONCURRENT freed 2952K, 35% free 12706K/19384K, paused 0ms+1ms, total 13ms
D/dalvikvm( 1677): WAIT_FOR_CONCURRENT_GC blocked 12ms
D/dalvikvm( 1677): GC_CONCURRENT freed 3116K, 35% free 12628K/19384K, paused 1ms+1ms, total 12ms
D/dalvikvm( 1677): WAIT_FOR_CONCURRENT_GC blocked 11ms
D/dalvikvm( 1677): GC_CONCURRENT freed 2768K, 34% free 12825K/19384K, paused 3ms+1ms, total 13ms
D/dalvikvm( 1677): WAIT_FOR_CONCURRENT_GC blocked 10ms
D/dalvikvm( 1677): GC_FOR_ALLOC freed 3133K, 35% free 12746K/19384K, paused 12ms, total 12ms
D/dalvikvm( 1677): GC_CONCURRENT freed 2982K, 34% free 12826K/19384K, paused 0ms+1ms, total 11ms
D/dalvikvm( 1677): WAIT_FOR_CONCURRENT_GC blocked 10ms
D/dalvikvm( 1677): GC_FOR_ALLOC freed 3149K, 35% free 12747K/19384K, paused 11ms, total 11ms
D/dalvikvm( 1677): GC_CONCURRENT freed 2799K, 34% free 12907K/19384K, paused 0ms+1ms, total 12ms
D/dalvikvm( 1677): WAIT_FOR_CONCURRENT_GC blocked 11ms
D/dalvikvm( 1677): GC_CONCURRENT freed 3284K, 35% free 12709K/19384K, paused 0ms+2ms, total 12ms
D/dalvikvm( 1677): WAIT_FOR_CONCURRENT_GC blocked 12ms
D/dalvikvm( 1677): GC_CONCURRENT freed 3093K, 35% free 12629K/19384K, paused 1ms+1ms, total 11ms
D/dalvikvm( 1677): WAIT_FOR_CONCURRENT_GC blocked 10ms
D/dalvikvm( 1677): GC_FOR_ALLOC freed 2899K, 35% free 12749K/19384K, paused 12ms, total 12ms
D/dalvikvm( 1677): GC_CONCURRENT freed 2748K, 33% free 12991K/19384K, paused 1ms+1ms, total 17ms
D/dalvikvm( 1677): WAIT_FOR_CONCURRENT_GC blocked 16ms
D/dalvikvm( 1677): GC_FOR_ALLOC freed 3398K, 35% free 12710K/19384K, paused 16ms, total 16ms
E/QueryController( 1898): Got null root node from accessibility - Retrying...
D/dalvikvm( 1677): GC_CONCURRENT freed 3044K, 35% free 12711K/19384K, paused 2ms+1ms, total 17ms
D/dalvikvm( 1677): WAIT_FOR_CONCURRENT_GC blocked 14ms
D/dalvikvm( 1677): GC_FOR_ALLOC freed 3010K, 35% free 12752K/19384K, paused 11ms, total 11ms
D/dalvikvm( 1677): GC_CONCURRENT freed 2856K, 34% free 12914K/19384K, paused 1ms+1ms, total 13ms
D/dalvikvm( 1677): WAIT_FOR_CONCURRENT_GC blocked 11ms
D/dalvikvm( 1677): GC_CONCURRENT freed 3148K, 34% free 12834K/19384K, paused 1ms+1ms, total 13ms
D/dalvikvm( 1677): WAIT_FOR_CONCURRENT_GC blocked 12ms
D/dalvikvm( 1677): GC_CONCURRENT freed 3073K, 34% free 12835K/19384K, paused 2ms+1ms, total 14ms
D/dalvikvm( 1677): WAIT_FOR_CONCURRENT_GC blocked 11ms
D/dalvikvm( 1677): GC_FOR_ALLOC freed 3163K, 35% free 12713K/19384K, paused 11ms, total 11ms
D/dalvikvm( 1677): GC_CONCURRENT freed 2883K, 34% free 12836K/19384K, paused 0ms+1ms, total 13ms
D/dalvikvm( 1677): WAIT_FOR_CONCURRENT_GC blocked 12ms
D/dalvikvm( 1677): GC_CONCURRENT freed 3180K, 35% free 12713K/19384K, paused 0ms+1ms, total 12ms
D/dalvikvm( 1677): WAIT_FOR_CONCURRENT_GC blocked 13ms
D/dalvikvm( 1677): GC_FOR_ALLOC freed 2980K, 35% free 12755K/19384K, paused 11ms, total 11ms
D/dalvikvm( 1677): GC_CONCURRENT freed 2823K, 34% free 12920K/19384K, paused 1ms+1ms, total 14ms
D/dalvikvm( 1677): WAIT_FOR_CONCURRENT_GC blocked 12ms
D/dalvikvm( 1677): GC_CONCURRENT freed 3200K, 35% free 12715K/19384K, paused 1ms+1ms, total 12ms
D/dalvikvm( 1677): WAIT_FOR_CONCURRENT_GC blocked 11ms
D/dalvikvm( 1677): GC_CONCURRENT freed 3000K, 35% free 12757K/19384K, paused 2ms+0ms, total 14ms
D/dalvikvm( 1677): WAIT_FOR_CONCURRENT_GC blocked 12ms
D/dalvikvm( 1677): GC_CONCURRENT freed 3135K, 35% free 12632K/19384K, paused 0ms+1ms, total 12ms
D/dalvikvm( 1677): WAIT_FOR_CONCURRENT_GC blocked 12ms
D/dalvikvm( 1677): GC_CONCURRENT freed 2932K, 35% free 12716K/19384K, paused 0ms+1ms, total 13ms
D/dalvikvm( 1677): WAIT_FOR_CONCURRENT_GC blocked 13ms
D/dalvikvm( 1677): GC_FOR_ALLOC freed 2939K, 35% free 12716K/19384K, paused 12ms, total 12ms
D/dalvikvm( 1677): GC_CONCURRENT freed 2861K, 34% free 12800K/19384K, paused 1ms+1ms, total 13ms
D/dalvikvm( 1677): WAIT_FOR_CONCURRENT_GC blocked 12ms
D/dalvikvm( 1677): GC_FOR_ALLOC freed 3120K, 35% free 12759K/19384K, paused 11ms, total 11ms
D/dalvikvm( 1677): GC_CONCURRENT freed 3086K, 35% free 12717K/19384K, paused 0ms+1ms, total 12ms
D/dalvikvm( 1677): WAIT_FOR_CONCURRENT_GC blocked 11ms
E/QueryController( 1898): Cannot proceed when root node is null. Aborted search
E/QueryController( 1898): Got null root node from accessibility - Retrying...
D/dalvikvm( 1677): GC_CONCURRENT freed 3050K, 35% free 12718K/19384K, paused 1ms+1ms, total 13ms
D/dalvikvm( 1677): WAIT_FOR_CONCURRENT_GC blocked 12ms
D/dalvikvm( 1677): GC_CONCURRENT freed 2973K, 35% free 12718K/19384K, paused 2ms+0ms, total 14ms
D/dalvikvm( 1677): WAIT_FOR_CONCURRENT_GC blocked 12ms
D/dalvikvm( 1677): GC_FOR_ALLOC freed 2979K, 35% free 12718K/19384K, paused 16ms, total 16ms
D/dalvikvm( 1677): GC_CONCURRENT freed 2901K, 34% free 12804K/19384K, paused 0ms+1ms, total 15ms
D/dalvikvm( 1677): WAIT_FOR_CONCURRENT_GC blocked 15ms
D/dalvikvm( 1677): GC_CONCURRENT freed 3077K, 35% free 12719K/19384K, paused 1ms+2ms, total 16ms
D/dalvikvm( 1677): WAIT_FOR_CONCURRENT_GC blocked 15ms
D/dalvikvm( 1677): GC_CONCURRENT freed 2999K, 35% free 12720K/19384K, paused 2ms+1ms, total 16ms
D/dalvikvm( 1677): WAIT_FOR_CONCURRENT_GC blocked 14ms
D/dalvikvm( 1677): GC_FOR_ALLOC freed 3005K, 35% free 12720K/19384K, paused 14ms, total 14ms
D/dalvikvm( 1677): GC_CONCURRENT freed 2927K, 34% free 12806K/19384K, paused 1ms+1ms, total 15ms
D/dalvikvm( 1677): WAIT_FOR_CONCURRENT_GC blocked 14ms
D/dalvikvm( 1677): GC_FOR_ALLOC freed 3104K, 35% free 12721K/19384K, paused 14ms, total 14ms
D/dalvikvm( 1677): GC_CONCURRENT freed 3015K, 35% free 12754K/19384K, paused 0ms+1ms, total 16ms
D/dalvikvm( 1677): WAIT_FOR_CONCURRENT_GC blocked 8ms
D/dalvikvm( 1677): WAIT_FOR_CONCURRENT_GC blocked 9ms
D/dalvikvm( 1677): GC_CONCURRENT freed 3166K, 35% free 12645K/19384K, paused 0ms+1ms, total 14ms
D/dalvikvm( 1677): WAIT_FOR_CONCURRENT_GC blocked 14ms
D/dalvikvm( 1677): WAIT_FOR_CONCURRENT_GC blocked 10ms
D/dalvikvm( 1677): GC_FOR_ALLOC freed 2873K, 35% free 12734K/19384K, paused 15ms, total 15ms
D/dalvikvm( 1677): GC_FOR_ALLOC freed 3040K, 35% free 12732K/19384K, paused 14ms, total 15ms
D/dalvikvm( 1677): GC_CONCURRENT freed 2838K, 34% free 12959K/19384K, paused 2ms+2ms, total 21ms
D/dalvikvm( 1677): WAIT_FOR_CONCURRENT_GC blocked 14ms
D/dalvikvm( 1677): WAIT_FOR_CONCURRENT_GC blocked 14ms
D/dalvikvm( 1677): GC_CONCURRENT freed 3407K, 35% free 12669K/19384K, paused 0ms+1ms, total 15ms
D/dalvikvm( 1677): WAIT_FOR_CONCURRENT_GC blocked 5ms
D/dalvikvm( 1677): WAIT_FOR_CONCURRENT_GC blocked 15ms
D/dalvikvm( 1677): GC_FOR_ALLOC freed 2909K, 35% free 12767K/19384K, paused 15ms, total 15ms
E/QueryController( 1898): Got null root node from accessibility - Retrying...
D/dalvikvm( 1677): GC_CONCURRENT freed 2877K, 34% free 12852K/19384K, paused 0ms+1ms, total 20ms
D/dalvikvm( 1677): WAIT_FOR_CONCURRENT_GC blocked 16ms
D/dalvikvm( 1677): GC_CONCURRENT freed 3196K, 35% free 12724K/19384K, paused 2ms+0ms, total 13ms
D/dalvikvm( 1677): WAIT_FOR_CONCURRENT_GC blocked 11ms
D/dalvikvm( 1677): GC_CONCURRENT freed 3067K, 35% free 12636K/19384K, paused 1ms+1ms, total 14ms
D/dalvikvm( 1677): WAIT_FOR_CONCURRENT_GC blocked 13ms
D/dalvikvm( 1677): GC_FOR_ALLOC freed 2854K, 35% free 12768K/19384K, paused 11ms, total 11ms
D/dalvikvm( 1677): GC_CONCURRENT freed 2905K, 34% free 12812K/19384K, paused 1ms+1ms, total 13ms
D/dalvikvm( 1677): WAIT_FOR_CONCURRENT_GC blocked 12ms
D/dalvikvm( 1677): GC_FOR_ALLOC freed 3174K, 35% free 12637K/19384K, paused 10ms, total 10ms
D/dalvikvm( 1677): GC_CONCURRENT freed 2783K, 34% free 12857K/19384K, paused 0ms+0ms, total 13ms
D/dalvikvm( 1677): WAIT_FOR_CONCURRENT_GC blocked 12ms
D/dalvikvm( 1677): GC_FOR_ALLOC freed 3099K, 35% free 12725K/19384K, paused 10ms, total 10ms
D/dalvikvm( 1677): GC_CONCURRENT freed 3106K, 35% free 12638K/19384K, paused 0ms+1ms, total 11ms
D/dalvikvm( 1677): WAIT_FOR_CONCURRENT_GC blocked 11ms
D/dalvikvm( 1677): GC_FOR_ALLOC freed 2890K, 35% free 12770K/19384K, paused 11ms, total 11ms
D/dalvikvm( 1677): GC_CONCURRENT freed 2808K, 34% free 12948K/19384K, paused 1ms+2ms, total 14ms
D/dalvikvm( 1677): WAIT_FOR_CONCURRENT_GC blocked 12ms
D/dalvikvm( 1677): GC_CONCURRENT freed 3346K, 35% free 12638K/19384K, paused 1ms+0ms, total 12ms
D/dalvikvm( 1677): WAIT_FOR_CONCURRENT_GC blocked 11ms
D/dalvikvm( 1677): GC_FOR_ALLOC freed 2907K, 35% free 12772K/19384K, paused 10ms, total 10ms
D/dalvikvm( 1677): GC_CONCURRENT freed 2960K, 34% free 12817K/19384K, paused 0ms+1ms, total 12ms
D/dalvikvm( 1677): WAIT_FOR_CONCURRENT_GC blocked 11ms
D/dalvikvm( 1677): GC_CONCURRENT freed 3009K, 34% free 12862K/19384K, paused 2ms+1ms, total 13ms
D/dalvikvm( 1677): WAIT_FOR_CONCURRENT_GC blocked 11ms
D/dalvikvm( 1677): GC_FOR_ALLOC freed 3150K, 35% free 12773K/19384K, paused 11ms, total 11ms
D/dalvikvm( 1677): GC_CONCURRENT freed 2977K, 34% free 12818K/19384K, paused 1ms+1ms, total 12ms
D/dalvikvm( 1677): WAIT_FOR_CONCURRENT_GC blocked 11ms
D/dalvikvm( 1677): GC_CONCURRENT freed 3253K, 35% free 12639K/19384K, paused 1ms+0ms, total 11ms
D/dalvikvm( 1677): WAIT_FOR_CONCURRENT_GC blocked 10ms
D/dalvikvm( 1677): GC_FOR_ALLOC freed 2853K, 35% free 12729K/19384K, paused 14ms, total 14ms
E/QueryController( 1898): Got null root node from accessibility - Retrying...
D/dalvikvm( 1677): GC_CONCURRENT freed 2859K, 34% free 12865K/19384K, paused 2ms+1ms, total 15ms
D/dalvikvm( 1677): WAIT_FOR_CONCURRENT_GC blocked 11ms
D/dalvikvm( 1677): GC_FOR_ALLOC freed 3182K, 35% free 12730K/19384K, paused 11ms, total 11ms
D/dalvikvm( 1677): GC_CONCURRENT freed 2869K, 34% free 12867K/19384K, paused 0ms+0ms, total 11ms
D/dalvikvm( 1677): WAIT_FOR_CONCURRENT_GC blocked 10ms
D/dalvikvm( 1677): GC_FOR_ALLOC freed 3195K, 35% free 12731K/19384K, paused 10ms, total 10ms
D/dalvikvm( 1677): GC_CONCURRENT freed 2882K, 34% free 12868K/19384K, paused 0ms+1ms, total 12ms
D/dalvikvm( 1677): WAIT_FOR_CONCURRENT_GC blocked 11ms
D/dalvikvm( 1677): GC_CONCURRENT freed 3208K, 35% free 12732K/19384K, paused 0ms+1ms, total 11ms
D/dalvikvm( 1677): WAIT_FOR_CONCURRENT_GC blocked 10ms
D/dalvikvm( 1677): GC_FOR_ALLOC freed 2983K, 35% free 12778K/19384K, paused 11ms, total 11ms
D/dalvikvm( 1677): GC_CONCURRENT freed 3038K, 35% free 12732K/19384K, paused 0ms+0ms, total 13ms
D/dalvikvm( 1677): WAIT_FOR_CONCURRENT_GC blocked 12ms
D/dalvikvm( 1677): GC_FOR_ALLOC freed 2996K, 35% free 12733K/19384K, paused 10ms, total 10ms
D/dalvikvm( 1677): GC_CONCURRENT freed 2909K, 34% free 12871K/19384K, paused 0ms+0ms, total 12ms
D/dalvikvm( 1677): WAIT_FOR_CONCURRENT_GC blocked 11ms
D/dalvikvm( 1677): GC_FOR_ALLOC freed 3239K, 35% free 12641K/19384K, paused 11ms, total 11ms
D/dalvikvm( 1677): GC_CONCURRENT freed 2829K, 34% free 12826K/19384K, paused 0ms+1ms, total 12ms
D/dalvikvm( 1677): WAIT_FOR_CONCURRENT_GC blocked 11ms
D/dalvikvm( 1677): GC_FOR_ALLOC freed 3110K, 35% free 12780K/19384K, paused 11ms, total 11ms
D/dalvikvm( 1677): GC_CONCURRENT freed 2841K, 34% free 12966K/19384K, paused 2ms+1ms, total 14ms
D/dalvikvm( 1677): WAIT_FOR_CONCURRENT_GC blocked 11ms
D/BstCommandProcessor-Service( 2056): startService called with arg: notification
D/BstCommandProcessor-Service( 2056): New Notification has been observed, informing frontend now
D/dalvikvm( 2056): GC_FOR_ALLOC freed 1122K, 26% free 7004K/9452K, paused 2ms, total 2ms
E/JavaBinder( 1677): !!! FAILED BINDER TRANSACTION !!!
D/BstCommandProcessor-Service( 2056): startService called with arg: notification
D/BstCommandProcessor-Service( 2056): New Notification has been observed, informing frontend now
D/NotificationService( 1677): In writeNotificationInfo: pkgName android
D/dalvikvm( 1898): GC_CONCURRENT freed 380K, 86% free 1083K/7356K, paused 2ms+0ms, total 4ms
I/QueryController( 1898): Matched selector: UiSelector[INSTANCE=0, RESOURCE_ID=cn.dcpai.auction:id/et_mobile] <<==>> [android.view.accessibility.AccessibilityNodeInfo@2a237; boundsInParent: Rect(0, 0 - 366, 67); boundsInScreen: Rect(273, 199 - 639, 266); packageName: cn.dcpai.auction; className: android.widget.EditText; text: 请输入手机号; contentDescription: null; viewIdResName: cn.dcpai.auction:id/et_mobile; checkable: false; checked: false; focusable: true; focused: true; selected: false; clickable: true; longClickable: true; enabled: true; password: false; scrollable: false; [ACTION_CLEAR_FOCUS, ACTION_SELECT, ACTION_CLEAR_SELECTION, ACTION_CLICK, ACTION_LONG_CLICK, ACTION_ACCESSIBILITY_FOCUS, ACTION_PASTE]]
E/JavaBinder( 1677): !!! FAILED BINDER TRANSACTION !!!
E/AccessibilityManagerService( 1677): Error during sending EventType: TYPE_NOTIFICATION_STATE_CHANGED; EventTime: 25979039; PackageName: com.tencent.android.qqdownloader; MovementGranularity: 0; Action: 0 [ ClassName: android.app.Notification; Text: []; ContentDescription: null; ItemCount: -1; CurrentItemIndex: -1; IsEnabled: false; IsPassword: false; IsChecked: false; IsFullScreen: false; Scrollable: false; BeforeText: null; FromIndex: -1; ToIndex: -1; ScrollX: -1; ScrollY: -1; MaxScrollX: -1; MaxScrollY: -1; AddedCount: -1; RemovedCount: -1; ParcelableData: Notification(pri=2 contentView=com.tencent.android.qqdownloader/0x7f040197 vibrate=null sound=null defaults=0x0 flags=0xa2 kind=[null]) ]; recordCount: 0 to android.accessibilityservice.IAccessibilityServiceClient$Stub$Proxy@4e7f5018
E/AccessibilityManagerService( 1677): android.os.TransactionTooLargeException
E/AccessibilityManagerService( 1677): 	at android.os.BinderProxy.transact(Native Method)
E/AccessibilityManagerService( 1677): 	at android.accessibilityservice.IAccessibilityServiceClient$Stub$Proxy.onAccessibilityEvent(IAccessibilityServiceClient.java:151)
E/AccessibilityManagerService( 1677): 	at com.android.server.accessibility.AccessibilityManagerService$Service.notifyAccessibilityEventInternal(AccessibilityManagerService.java:2357)
E/AccessibilityManagerService( 1677): 	at com.android.server.accessibility.AccessibilityManagerService$Service.access$2800(AccessibilityManagerService.java:1694)
E/AccessibilityManagerService( 1677): 	at com.android.server.accessibility.AccessibilityManagerService$Service$1.handleMessage(AccessibilityManagerService.java:1749)
E/AccessibilityManagerService( 1677): 	at android.os.Handler.dispatchMessage(Handler.java:102)
E/AccessibilityManagerService( 1677): 	at android.os.Looper.loop(Looper.java:136)
E/AccessibilityManagerService( 1677): 	at com.android.server.ServerThread.initAndLoop(SystemServer.java:1135)
E/AccessibilityManagerService( 1677): 	at com.android.server.SystemServer.main(SystemServer.java:1229)
E/AccessibilityManagerService( 1677): 	at java.lang.reflect.Method.invokeNative(Native Method)
E/AccessibilityManagerService( 1677): 	at java.lang.reflect.Method.invoke(Method.java:515)
E/AccessibilityManagerService( 1677): 	at com.android.internal.os.ZygoteInit$MethodAndArgsCaller.run(ZygoteInit.java:827)
E/AccessibilityManagerService( 1677): 	at com.android.internal.os.ZygoteInit.main(ZygoteInit.java:643)
E/AccessibilityManagerService( 1677): 	at dalvik.system.NativeStart.main(Native Method)
D/dalvikvm( 1677): GC_CONCURRENT freed 5727K, 48% free 10254K/19384K, paused 2ms+1ms, total 17ms
I/QueryController( 1898): Matched selector: UiSelector[INSTANCE=0, RESOURCE_ID=cn.dcpai.auction:id/et_password] <<==>> [android.view.accessibility.AccessibilityNodeInfo@2a5f8; boundsInParent: Rect(0, 0 - 558, 67); boundsInScreen: Rect(81, 343 - 639, 410); packageName: cn.dcpai.auction; className: android.widget.EditText; text: null; contentDescription: null; viewIdResName: cn.dcpai.auction:id/et_password; checkable: false; checked: false; focusable: true; focused: false; selected: false; clickable: true; longClickable: true; enabled: true; password: true; scrollable: false; [ACTION_FOCUS, ACTION_SELECT, ACTION_CLEAR_SELECTION, ACTION_CLICK, ACTION_LONG_CLICK, ACTION_ACCESSIBILITY_FOCUS]]
D/dalvikvm( 1898): GC_CONCURRENT freed 430K, 86% free 1073K/7356K, paused 0ms+0ms, total 1ms
I/QueryController( 1898): Matched selector: UiSelector[INSTANCE=0, RESOURCE_ID=cn.dcpai.auction:id/btn_login] <<==>> [android.view.accessibility.AccessibilityNodeInfo@2ad7a; boundsInParent: Rect(0, 0 - 566, 92); boundsInScreen: Rect(77, 656 - 643, 748); packageName: cn.dcpai.auction; className: android.widget.Button; text: 登录; contentDescription: null; viewIdResName: cn.dcpai.auction:id/btn_login; checkable: false; checked: false; focusable: true; focused: false; selected: false; clickable: true; longClickable: false; enabled: true; password: false; scrollable: false; [ACTION_FOCUS, ACTION_SELECT, ACTION_CLEAR_SELECTION, ACTION_CLICK, ACTION_ACCESSIBILITY_FOCUS, ACTION_NEXT_AT_MOVEMENT_GRANULARITY, ACTION_PREVIOUS_AT_MOVEMENT_GRANULARITY, ACTION_SET_SELECTION]]
D/dalvikvm( 1898): GC_CONCURRENT freed 415K, 86% free 1056K/7356K, paused 0ms+0ms, total 2ms
I/QueryController( 1898): Matched selector: UiSelector[INSTANCE=0, RESOURCE_ID=cn.dcpai.auction:id/btn_login] <<==>> [android.view.accessibility.AccessibilityNodeInfo@2ad7a; boundsInParent: Rect(0, 0 - 566, 92); boundsInScreen: Rect(77, 656 - 643, 748); packageName: cn.dcpai.auction; className: android.widget.Button; text: 登录; contentDescription: null; viewIdResName: cn.dcpai.auction:id/btn_login; checkable: false; checked: false; focusable: true; focused: false; selected: false; clickable: true; longClickable: false; enabled: true; password: false; scrollable: false; [ACTION_FOCUS, ACTION_SELECT, ACTION_CLEAR_SELECTION, ACTION_CLICK, ACTION_ACCESSIBILITY_FOCUS, ACTION_NEXT_AT_MOVEMENT_GRANULARITY, ACTION_PREVIOUS_AT_MOVEMENT_GRANULARITY, ACTION_SET_SELECTION]]
D/InteractionController( 1898): clickAndSync(360, 702)
D/dalvikvm( 1898): GC_CONCURRENT freed 387K, 86% free 1058K/7356K, paused 0ms+0ms, total 1ms
D/dalvikvm( 1898): GC_CONCURRENT freed 409K, 86% free 1071K/7356K, paused 0ms+1ms, total 3ms
D/dalvikvm( 1898): GC_CONCURRENT freed 422K, 86% free 1071K/7356K, paused 0ms+2ms, total 2ms
D/dalvikvm( 1973): GC_CONCURRENT freed 1888K, 6% free 31006K/32928K, paused 1ms+1ms, total 6ms
D/dalvikvm( 1898): GC_CONCURRENT freed 422K, 86% free 1071K/7356K, paused 0ms+0ms, total 2ms
D/dalvikvm( 1898): GC_CONCURRENT freed 423K, 86% free 1092K/7356K, paused 0ms+1ms, total 3ms
D/audio_hw_primary( 1520): found out /dev/snd/pcmC0D0p
D/dalvikvm( 1677): GC_CONCURRENT freed 2399K, 47% free 10299K/19384K, paused 2ms+1ms, total 17ms
D/dalvikvm( 1677): WAIT_FOR_CONCURRENT_GC blocked 15ms
D/dalvikvm( 1677): GC_CONCURRENT freed 2459K, 47% free 10292K/19384K, paused 1ms+1ms, total 16ms
D/dalvikvm( 1677): WAIT_FOR_CONCURRENT_GC blocked 15ms
D/dalvikvm( 1677): GC_CONCURRENT freed 2432K, 47% free 10298K/19384K, paused 1ms+1ms, total 17ms
D/dalvikvm( 1677): WAIT_FOR_CONCURRENT_GC blocked 15ms
D/dalvikvm( 1898): GC_CONCURRENT freed 428K, 86% free 1072K/7356K, paused 1ms+0ms, total 1ms
D/dalvikvm( 1898): GC_CONCURRENT freed 423K, 86% free 1071K/7356K, paused 1ms+2ms, total 3ms
D/dalvikvm( 1898): GC_CONCURRENT freed 422K, 86% free 1071K/7356K, paused 0ms+1ms, total 2ms
D/dalvikvm( 1898): GC_CONCURRENT freed 422K, 86% free 1071K/7356K, paused 0ms+2ms, total 2ms
D/dalvikvm( 1898): GC_CONCURRENT freed 422K, 86% free 1071K/7356K, paused 0ms+2ms, total 3ms
D/dalvikvm( 1898): GC_CONCURRENT freed 422K, 86% free 1072K/7356K, paused 0ms+1ms, total 3ms
D/dalvikvm( 1898): GC_CONCURRENT freed 422K, 86% free 1071K/7356K, paused 0ms+2ms, total 2ms
D/dalvikvm( 1898): GC_CONCURRENT freed 422K, 86% free 1071K/7356K, paused 0ms+0ms, total 1ms
D/dalvikvm( 1898): GC_CONCURRENT freed 422K, 86% free 1071K/7356K, paused 0ms+0ms, total 1ms
D/dalvikvm( 1898): GC_CONCURRENT freed 422K, 86% free 1071K/7356K, paused 0ms+1ms, total 3ms
D/dalvikvm( 1898): GC_CONCURRENT freed 422K, 85% free 1123K/7356K, paused 0ms+2ms, total 3ms
D/dalvikvm( 1898): GC_CONCURRENT freed 474K, 86% free 1071K/7356K, paused 0ms+1ms, total 2ms
D/dalvikvm( 1898): GC_CONCURRENT freed 423K, 86% free 1071K/7356K, paused 0ms+0ms, total 0ms
D/dalvikvm( 1898): GC_CONCURRENT freed 422K, 86% free 1071K/7356K, paused 0ms+0ms, total 1ms
D/dalvikvm( 1898): GC_CONCURRENT freed 422K, 86% free 1071K/7356K, paused 0ms+0ms, total 2ms
D/dalvikvm( 1898): GC_CONCURRENT freed 422K, 86% free 1071K/7356K, paused 0ms+2ms, total 3ms
D/dalvikvm( 1898): GC_CONCURRENT freed 422K, 86% free 1072K/7356K, paused 0ms+1ms, total 2ms
D/dalvikvm( 1898): GC_CONCURRENT freed 423K, 86% free 1071K/7356K, paused 0ms+1ms, total 2ms
D/dalvikvm( 1898): GC_CONCURRENT freed 422K, 86% free 1071K/7356K, paused 0ms+2ms, total 2ms
D/dalvikvm( 1898): GC_CONCURRENT freed 422K, 86% free 1071K/7356K, paused 0ms+0ms, total 1ms
D/dalvikvm( 1898): GC_CONCURRENT freed 422K, 86% free 1071K/7356K, paused 0ms+1ms, total 3ms
D/dalvikvm( 1898): GC_CONCURRENT freed 422K, 86% free 1071K/7356K, paused 0ms+2ms, total 2ms
D/dalvikvm( 1898): GC_CONCURRENT freed 422K, 86% free 1093K/7356K, paused 0ms+1ms, total 2ms
D/dalvikvm( 1898): GC_CONCURRENT freed 434K, 86% free 1060K/7356K, paused 0ms+0ms, total 1ms
D/dalvikvm( 1898): GC_CONCURRENT freed 410K, 86% free 1071K/7356K, paused 0ms+2ms, total 2ms
D/dalvikvm( 1898): GC_CONCURRENT freed 422K, 86% free 1071K/7356K, paused 0ms+0ms, total 1ms
D/dalvikvm( 1898): GC_CONCURRENT freed 421K, 86% free 1072K/7356K, paused 0ms+3ms, total 3ms
D/dalvikvm( 1898): GC_CONCURRENT freed 423K, 86% free 1071K/7356K, paused 0ms+0ms, total 1ms
D/dalvikvm( 1898): GC_CONCURRENT freed 422K, 86% free 1093K/7356K, paused 0ms+1ms, total 3ms
D/dalvikvm( 1898): GC_CONCURRENT freed 434K, 86% free 1059K/7356K, paused 0ms+0ms, total 1ms
D/dalvikvm( 1898): GC_CONCURRENT freed 410K, 86% free 1071K/7356K, paused 0ms+1ms, total 2ms
D/dalvikvm( 1898): GC_CONCURRENT freed 422K, 86% free 1071K/7356K, paused 0ms+1ms, total 3ms
D/dalvikvm( 1898): GC_CONCURRENT freed 422K, 86% free 1071K/7356K, paused 0ms+1ms, total 2ms
D/dalvikvm( 1898): GC_CONCURRENT freed 422K, 86% free 1071K/7356K, paused 0ms+0ms, total 1ms
D/dalvikvm( 1898): GC_CONCURRENT freed 422K, 86% free 1093K/7356K, paused 0ms+2ms, total 4ms
D/dalvikvm( 1898): GC_CONCURRENT freed 421K, 86% free 1072K/7356K, paused 0ms+0ms, total 1ms
D/dalvikvm( 1898): GC_CONCURRENT freed 423K, 86% free 1071K/7356K, paused 0ms+0ms, total 2ms
D/dalvikvm( 1898): GC_CONCURRENT freed 422K, 86% free 1071K/7356K, paused 0ms+1ms, total 2ms
D/dalvikvm( 1898): GC_CONCURRENT freed 422K, 86% free 1071K/7356K, paused 1ms+1ms, total 3ms
D/dalvikvm( 1898): GC_CONCURRENT freed 422K, 86% free 1071K/7356K, paused 1ms+1ms, total 3ms
D/dalvikvm( 1898): GC_CONCURRENT freed 422K, 86% free 1071K/7356K, paused 0ms+0ms, total 2ms
D/dalvikvm( 1898): GC_CONCURRENT freed 422K, 86% free 1093K/7356K, paused 0ms+1ms, total 3ms
D/dalvikvm( 1898): GC_CONCURRENT freed 422K, 86% free 1072K/7356K, paused 0ms+1ms, total 1ms
D/dalvikvm( 1898): GC_CONCURRENT freed 423K, 86% free 1071K/7356K, paused 0ms+0ms, total 1ms
D/dalvikvm( 1898): GC_CONCURRENT freed 422K, 86% free 1071K/7356K, paused 0ms+2ms, total 3ms
D/dalvikvm( 1898): GC_CONCURRENT freed 422K, 86% free 1072K/7356K, paused 0ms+3ms, total 3ms
D/dalvikvm( 1898): GC_CONCURRENT freed 384K, 86% free 1079K/7356K, paused 1ms+1ms, total 3ms
D/dalvikvm( 1898): GC_CONCURRENT freed 423K, 86% free 1057K/7356K, paused 0ms+0ms, total 1ms
D/dalvikvm( 1898): GC_CONCURRENT freed 408K, 86% free 1071K/7356K, paused 0ms+2ms, total 3ms
D/dalvikvm( 1898): GC_CONCURRENT freed 422K, 86% free 1071K/7356K, paused 0ms+2ms, total 3ms
D/dalvikvm( 1898): GC_CONCURRENT freed 422K, 86% free 1093K/7356K, paused 0ms+1ms, total 2ms
D/dalvikvm( 1898): GC_CONCURRENT freed 421K, 86% free 1072K/7356K, paused 0ms+0ms, total 1ms
D/dalvikvm( 1898): GC_CONCURRENT freed 423K, 86% free 1093K/7356K, paused 0ms+2ms, total 2ms
D/dalvikvm( 1898): GC_CONCURRENT freed 436K, 86% free 1057K/7356K, paused 0ms+0ms, total 2ms
D/dalvikvm( 1898): GC_CONCURRENT freed 409K, 86% free 1071K/7356K, paused 0ms+1ms, total 2ms
D/dalvikvm( 1898): GC_CONCURRENT freed 422K, 86% free 1071K/7356K, paused 0ms+0ms, total 1ms
D/dalvikvm( 1898): GC_CONCURRENT freed 422K, 86% free 1071K/7356K, paused 1ms+1ms, total 3ms
D/dalvikvm( 1898): GC_CONCURRENT freed 422K, 86% free 1071K/7356K, paused 0ms+2ms, total 2ms
D/dalvikvm( 1898): GC_CONCURRENT freed 422K, 86% free 1071K/7356K, paused 0ms+2ms, total 2ms
