D/dalvikvm( 1677): WAIT_FOR_CONCURRENT_GC blocked 11ms
D/dalvikvm( 1898): GC_CONCURRENT freed 393K, 89% free 962K/8192K, paused 0ms+0ms, total 1ms
D/dalvikvm( 1898): GC_CONCURRENT freed 384K, 89% free 962K/8192K, paused 0ms+0ms, total 0ms
D/dalvikvm( 1677): GC_CONCURRENT freed 1726K, 44% free 10906K/19384K, paused 1ms+1ms, total 11ms
D/dalvikvm( 1898): GC_CONCURRENT freed 384K, 89% free 962K/8192K, paused 0ms+0ms, total 1ms
D/dalvikvm( 1898): GC_CONCURRENT freed 384K, 89% free 962K/8192K, paused 0ms+0ms, total 1ms
D/dalvikvm( 1677): GC_CONCURRENT freed 947K, 36% free 12564K/19384K, paused 10ms+1ms, total 26ms
D/dalvikvm( 1677): WAIT_FOR_CONCURRENT_GC blocked 16ms
D/dalvikvm( 1677): GC_CONCURRENT freed 3012K, 36% free 12569K/19384K, paused 1ms+1ms, total 16ms
D/dalvikvm( 1677): WAIT_FOR_CONCURRENT_GC blocked 14ms
D/dalvikvm( 1898): GC_CONCURRENT freed 384K, 89% free 962K/8192K, paused 1ms+0ms, total 2ms
D/dalvikvm( 1677): GC_FOR_ALLOC freed 3019K, 36% free 12564K/19384K, paused 12ms, total 12ms
D/dalvikvm( 1677): GC_CONCURRENT freed 2973K, 35% free 12604K/19384K, paused 1ms+2ms, total 18ms
D/dalvikvm( 1677): WAIT_FOR_CONCURRENT_GC blocked 15ms
D/dalvikvm( 1677): GC_FOR_ALLOC freed 3077K, 36% free 12559K/19384K, paused 13ms, total 13ms
D/dalvikvm( 1898): GC_CONCURRENT freed 385K, 89% free 962K/8192K, paused 0ms+0ms, total 1ms
D/dalvikvm( 1677): GC_CONCURRENT freed 2981K, 36% free 12592K/19384K, paused 1ms+1ms, total 19ms
D/dalvikvm( 1677): WAIT_FOR_CONCURRENT_GC blocked 16ms
D/dalvikvm( 1677): GC_FOR_ALLOC freed 3051K, 36% free 12561K/19384K, paused 13ms, total 13ms
D/dalvikvm( 1898): GC_CONCURRENT freed 384K, 89% free 962K/8192K, paused 0ms+0ms, total 1ms
D/dalvikvm( 1677): GC_CONCURRENT freed 2967K, 35% free 12616K/19384K, paused 2ms+1ms, total 17ms
D/dalvikvm( 1677): WAIT_FOR_CONCURRENT_GC blocked 15ms
D/dalvikvm( 1677): GC_FOR_ALLOC freed 3063K, 36% free 12588K/19384K, paused 13ms, total 13ms
D/dalvikvm( 1677): GC_CONCURRENT freed 2971K, 35% free 12642K/19384K, paused 2ms+1ms, total 17ms
D/dalvikvm( 1677): WAIT_FOR_CONCURRENT_GC blocked 12ms
D/dalvikvm( 1677): WAIT_FOR_CONCURRENT_GC blocked 14ms
D/dalvikvm( 1898): GC_CONCURRENT freed 384K, 89% free 962K/8192K, paused 0ms+0ms, total 1ms
D/dalvikvm( 1677): GC_FOR_ALLOC freed 3064K, 35% free 12617K/19384K, paused 11ms, total 12ms
D/dalvikvm( 1677): GC_CONCURRENT freed 3030K, 35% free 12614K/19384K, paused 1ms+2ms, total 17ms
D/dalvikvm( 1677): WAIT_FOR_CONCURRENT_GC blocked 14ms
D/dalvikvm( 1677): GC_FOR_ALLOC freed 3034K, 36% free 12597K/19384K, paused 14ms, total 14ms
D/dalvikvm( 1898): GC_CONCURRENT freed 395K, 89% free 966K/8192K, paused 0ms+0ms, total 1ms
D/dalvikvm( 1677): GC_CONCURRENT freed 3023K, 36% free 12588K/19384K, paused 1ms+2ms, total 14ms
D/dalvikvm( 1677): WAIT_FOR_CONCURRENT_GC blocked 12ms
D/dalvikvm( 1677): GC_FOR_ALLOC freed 3047K, 36% free 12568K/19384K, paused 13ms, total 13ms
I/QueryController( 1898): Matched selector: UiSelector[INSTANCE=0, RESOURCE_ID=cn.dcpai.auction:id/btn_weixin_login] <<==>> [android.view.accessibility.AccessibilityNodeInfo@287ef; boundsInParent: Rect(0, 0 - 490, 84); boundsInScreen: Rect(115, 770 - 605, 854); packageName: cn.dcpai.auction; className: android.widget.LinearLayout; text: null; contentDescription: null; viewIdResName: cn.dcpai.auction:id/btn_weixin_login; checkable: false; checked: false; focusable: false; focused: false; selected: false; clickable: true; longClickable: false; enabled: true; password: false; scrollable: false; [ACTION_SELECT, ACTION_CLEAR_SELECTION, ACTION_CLICK, ACTION_ACCESSIBILITY_FOCUS]]
D/dalvikvm( 1677): GC_CONCURRENT freed 2953K, 35% free 12613K/19384K, paused 0ms+1ms, total 15ms
D/dalvikvm( 1677): WAIT_FOR_CONCURRENT_GC blocked 13ms
D/dalvikvm( 1677): GC_FOR_ALLOC freed 3034K, 35% free 12604K/19384K, paused 13ms, total 13ms
D/dalvikvm( 1677): GC_FOR_ALLOC freed 3056K, 36% free 12570K/19384K, paused 11ms, total 11ms
I/QueryController( 1898): Matched selector: UiSelector[INSTANCE=0, RESOURCE_ID=cn.dcpai.auction:id/btn_mobile_login] <<==>> [android.view.accessibility.AccessibilityNodeInfo@28bb0; boundsInParent: Rect(0, 0 - 490, 84); boundsInScreen: Rect(115, 912 - 605, 996); packageName: cn.dcpai.auction; className: android.widget.LinearLayout; text: null; contentDescription: null; viewIdResName: cn.dcpai.auction:id/btn_mobile_login; checkable: false; checked: false; focusable: false; focused: false; selected: false; clickable: true; longClickable: false; enabled: true; password: false; scrollable: false; [ACTION_SELECT, ACTION_CLEAR_SELECTION, ACTION_CLICK, ACTION_ACCESSIBILITY_FOCUS]]
D/dalvikvm( 1898): GC_CONCURRENT freed 393K, 89% free 963K/8192K, paused 0ms+0ms, total 1ms
D/dalvikvm( 1677): GC_CONCURRENT freed 2939K, 35% free 12655K/19384K, paused 0ms+2ms, total 16ms
D/dalvikvm( 1677): WAIT_FOR_CONCURRENT_GC blocked 14ms
I/QueryController( 1898): Matched selector: UiSelector[INSTANCE=0, RESOURCE_ID=cn.dcpai.auction:id/tv_user_reg] <<==>> [android.view.accessibility.AccessibilityNodeInfo@25ea4; boundsInParent: Rect(0, 0 - 115, 96); boundsInScreen: Rect(302, 1038 - 417, 1134); packageName: cn.dcpai.auction; className: android.widget.TextView; text: 新用户注册; contentDescription: null; viewIdResName: cn.dcpai.auction:id/tv_user_reg; checkable: false; checked: false; focusable: false; focused: false; selected: false; clickable: true; longClickable: false; enabled: true; password: false; scrollable: false; [ACTION_SELECT, ACTION_CLEAR_SELECTION, ACTION_CLICK, ACTION_ACCESSIBILITY_FOCUS, ACTION_NEXT_AT_MOVEMENT_GRANULARITY, ACTION_PREVIOUS_AT_MOVEMENT_GRANULARITY, ACTION_SET_SELECTION]]
D/dalvikvm( 1898): GC_CONCURRENT freed 380K, 89% free 967K/8192K, paused 0ms+0ms, total 1ms
D/dalvikvm( 1677): GC_CONCURRENT freed 3075K, 35% free 12609K/19384K, paused 2ms+4ms, total 20ms
D/dalvikvm( 1677): WAIT_FOR_CONCURRENT_GC blocked 17ms
D/dalvikvm( 1677): GC_FOR_ALLOC freed 3042K, 36% free 12598K/19384K, paused 11ms, total 12ms
W/AccessibilityNodeInfoDumper( 1898): Fetch time: 13ms
D/dalvikvm( 1898): GC_CONCURRENT freed 274K, 87% free 1077K/8192K, paused 2ms+1ms, total 3ms
D/dalvikvm( 1677): GC_CONCURRENT freed 3024K, 36% free 12599K/19384K, paused 2ms+1ms, total 15ms
D/dalvikvm( 1677): WAIT_FOR_CONCURRENT_GC blocked 10ms
D/dalvikvm( 1677): GC_FOR_ALLOC freed 3054K, 36% free 12573K/19384K, paused 11ms, total 11ms
I/QueryController( 1898): Matched selector: UiSelector[CLASS=android.widget.TextView, INSTANCE=0] <<==>> [android.view.accessibility.AccessibilityNodeInfo@25722; boundsInParent: Rect(0, 0 - 183, 37); boundsInScreen: Rect(269, 675 - 452, 712); packageName: cn.dcpai.auction; className: android.widget.TextView; text: 快速登录; contentDescription: null; viewIdResName: null; checkable: false; checked: false; focusable: false; focused: false; selected: false; clickable: false; longClickable: false; enabled: true; password: false; scrollable: false; [ACTION_SELECT, ACTION_CLEAR_SELECTION, ACTION_ACCESSIBILITY_FOCUS, ACTION_NEXT_AT_MOVEMENT_GRANULARITY, ACTION_PREVIOUS_AT_MOVEMENT_GRANULARITY, ACTION_SET_SELECTION]]
D/dalvikvm( 1898): GC_CONCURRENT freed 426K, 88% free 1063K/8192K, paused 1ms+2ms, total 4ms
D/dalvikvm( 1677): GC_CONCURRENT freed 2904K, 35% free 12669K/19384K, paused 1ms+1ms, total 18ms
D/dalvikvm( 1677): WAIT_FOR_CONCURRENT_GC blocked 16ms
D/dalvikvm( 1677): GC_FOR_ALLOC freed 3085K, 35% free 12617K/19384K, paused 11ms, total 11ms
I/QueryController( 1898): Matched selector: UiSelector[CLASS=android.widget.TextView, INSTANCE=0] <<==>> [android.view.accessibility.AccessibilityNodeInfo@25722; boundsInParent: Rect(0, 0 - 183, 37); boundsInScreen: Rect(269, 675 - 452, 712); packageName: cn.dcpai.auction; className: android.widget.TextView; text: 快速登录; contentDescription: null; viewIdResName: null; checkable: false; checked: false; focusable: false; focused: false; selected: false; clickable: false; longClickable: false; enabled: true; password: false; scrollable: false; [ACTION_SELECT, ACTION_CLEAR_SELECTION, ACTION_ACCESSIBILITY_FOCUS, ACTION_NEXT_AT_MOVEMENT_GRANULARITY, ACTION_PREVIOUS_AT_MOVEMENT_GRANULARITY, ACTION_SET_SELECTION]]
D/dalvikvm( 1677): GC_CONCURRENT freed 2925K, 35% free 12717K/19384K, paused 2ms+1ms, total 19ms
D/dalvikvm( 1677): WAIT_FOR_CONCURRENT_GC blocked 14ms
D/dalvikvm( 1898): GC_CONCURRENT freed 423K, 88% free 1054K/8192K, paused 2ms+0ms, total 3ms
D/dalvikvm( 1677): GC_FOR_ALLOC freed 3152K, 35% free 12605K/19384K, paused 12ms, total 13ms
W/AccessibilityNodeInfoDumper( 1898): Fetch time: 12ms
D/dalvikvm( 1677): GC_CONCURRENT freed 3007K, 35% free 12606K/19384K, paused 0ms+1ms, total 14ms
D/dalvikvm( 1677): WAIT_FOR_CONCURRENT_GC blocked 11ms
D/dalvikvm( 1898): GC_CONCURRENT freed 337K, 86% free 1202K/8192K, paused 1ms+2ms, total 4ms
D/dalvikvm( 1677): GC_FOR_ALLOC freed 3014K, 35% free 12607K/19384K, paused 15ms, total 15ms
I/QueryController( 1898): Matched selector: UiSelector[CLASS=android.widget.TextView, INSTANCE=0] <<==>> [android.view.accessibility.AccessibilityNodeInfo@25722; boundsInParent: Rect(0, 0 - 183, 37); boundsInScreen: Rect(269, 675 - 452, 712); packageName: cn.dcpai.auction; className: android.widget.TextView; text: 快速登录; contentDescription: null; viewIdResName: null; checkable: false; checked: false; focusable: false; focused: false; selected: false; clickable: false; longClickable: false; enabled: true; password: false; scrollable: false; [ACTION_SELECT, ACTION_CLEAR_SELECTION, ACTION_ACCESSIBILITY_FOCUS, ACTION_NEXT_AT_MOVEMENT_GRANULARITY, ACTION_PREVIOUS_AT_MOVEMENT_GRANULARITY, ACTION_SET_SELECTION]]
D/dalvikvm( 1677): GC_CONCURRENT freed 2931K, 35% free 12684K/19384K, paused 3ms+3ms, total 21ms
D/dalvikvm( 1677): WAIT_FOR_CONCURRENT_GC blocked 10ms
D/dalvikvm( 1677): GC_FOR_ALLOC freed 3085K, 35% free 12609K/19384K, paused 14ms, total 14ms
I/QueryController( 1898): Matched selector: UiSelector[INSTANCE=0, RESOURCE_ID=cn.dcpai.auction:id/btn_mobile_login] <<==>> [android.view.accessibility.AccessibilityNodeInfo@28bb0; boundsInParent: Rect(0, 0 - 490, 84); boundsInScreen: Rect(115, 912 - 605, 996); packageName: cn.dcpai.auction; className: android.widget.LinearLayout; text: null; contentDescription: null; viewIdResName: cn.dcpai.auction:id/btn_mobile_login; checkable: false; checked: false; focusable: false; focused: false; selected: false; clickable: true; longClickable: false; enabled: true; password: false; scrollable: false; [ACTION_SELECT, ACTION_CLEAR_SELECTION, ACTION_CLICK, ACTION_ACCESSIBILITY_FOCUS]]
D/dalvikvm( 1898): GC_CONCURRENT freed 554K, 88% free 1044K/8192K, paused 1ms+1ms, total 2ms
D/dalvikvm( 1677): GC_CONCURRENT freed 2917K, 35% free 12720K/19384K, paused 3ms+1ms, total 18ms
D/dalvikvm( 1677): WAIT_FOR_CONCURRENT_GC blocked 7ms
I/QueryController( 1898): Matched selector: UiSelector[INSTANCE=0, RESOURCE_ID=cn.dcpai.auction:id/btn_mobile_login] <<==>> [android.view.accessibility.AccessibilityNodeInfo@28bb0; boundsInParent: Rect(0, 0 - 490, 84); boundsInScreen: Rect(115, 912 - 605, 996); packageName: cn.dcpai.auction; className: android.widget.LinearLayout; text: null; contentDescription: null; viewIdResName: cn.dcpai.auction:id/btn_mobile_login; checkable: false; checked: false; focusable: false; focused: false; selected: false; clickable: true; longClickable: false; enabled: true; password: false; scrollable: false; [ACTION_SELECT, ACTION_CLEAR_SELECTION, ACTION_CLICK, ACTION_ACCESSIBILITY_FOCUS]]
D/dalvikvm( 1677): GC_FOR_ALLOC freed 3186K, 36% free 12579K/19384K, paused 14ms, total 14ms
D/InteractionController( 1898): clickAndSync(360, 954)
D/dalvikvm( 1677): GC_CONCURRENT freed 2893K, 35% free 12694K/19384K, paused 2ms+1ms, total 17ms
D/dalvikvm( 1677): WAIT_FOR_CONCURRENT_GC blocked 15ms
D/dalvikvm( 1677): GC_FOR_ALLOC freed 3168K, 36% free 12580K/19384K, paused 13ms, total 13ms
D/dalvikvm( 1898): GC_CONCURRENT freed 401K, 88% free 1046K/8192K, paused 0ms+0ms, total 1ms
D/dalvikvm( 1677): GC_CONCURRENT freed 2860K, 35% free 12732K/19384K, paused 2ms+0ms, total 16ms
D/dalvikvm( 1677): WAIT_FOR_CONCURRENT_GC blocked 14ms
D/dalvikvm( 1677): GC_FOR_ALLOC freed 3137K, 35% free 12615K/19384K, paused 11ms, total 11ms
D/dalvikvm( 1677): GC_FOR_ALLOC freed 3061K, 36% free 12581K/19384K, paused 12ms, total 12ms
D/dalvikvm( 1677): GC_CONCURRENT freed 2856K, 35% free 12739K/19384K, paused 2ms+1ms, total 14ms
D/dalvikvm( 1677): WAIT_FOR_CONCURRENT_GC blocked 8ms
D/dalvikvm( 1898): GC_CONCURRENT freed 405K, 88% free 1055K/8192K, paused 1ms+0ms, total 1ms
D/dalvikvm( 1677): GC_FOR_ALLOC freed 3138K, 35% free 12618K/19384K, paused 11ms, total 11ms
D/dalvikvm( 1677): GC_CONCURRENT freed 2930K, 35% free 12717K/19384K, paused 1ms+1ms, total 14ms
D/dalvikvm( 1677): WAIT_FOR_CONCURRENT_GC blocked 8ms
D/dalvikvm( 1677): WAIT_FOR_CONCURRENT_GC blocked 11ms
D/GuidanceScreen..AppLaunchReceiver( 2312): same as previous package, returning cn.dcpai.auction
D/CrashReport( 1973): >>> cn.dcpai.auction.activity.LoginMainActivity onPaused <<<
I/CrashReport-Native( 1973): Set native info: isAppForeground(false)
I/ActivityManager( 1677): START u0 {cmp=cn.dcpai.auction/.activity.MobileLoginActivity} from pid 1973
D/ActivityManager( 1677): TopActivityInfo, pkgName: cn.dcpai.auction activityName: cn.dcpai.auction.activity.MobileLoginActivity callingPackage: cn.dcpai.auction  bstSpecialAppKeyboardHandlingEnabled = false
D/ActivityManager( 1677): Sending app_launch intent for appName: 龘藏 pkgName: cn.dcpai.auction
D/dalvikvm( 1677): GC_FOR_ALLOC freed 3100K, 35% free 12630K/19384K, paused 14ms, total 14ms
D/ActivityManager( 1677): TopActivityInfo, pkgName: cn.dcpai.auction activityName: cn.dcpai.auction/.activity.MobileLoginActivity callingPackage:   bstSpecialAppKeyboardHandlingEnabled = false
D/dalvikvm( 1677): GC_CONCURRENT freed 3026K, 35% free 12680K/19384K, paused 1ms+1ms, total 16ms
D/dalvikvm( 1677): WAIT_FOR_CONCURRENT_GC blocked 4ms
D/dalvikvm( 1677): WAIT_FOR_CONCURRENT_GC blocked 5ms
D/ActivityManager( 1677): Sending app_launch intent for appName: 龘藏 pkgName: cn.dcpai.auction
D/WindowManager( 1677): in computeScreenConfigurationLocked() -- hardKeyboardAvailable :true  mHardKeyboardAvailable :true   mHardKeyboardEnabled :false
D/dalvikvm( 1677): GC_FOR_ALLOC freed 3016K, 35% free 12693K/19384K, paused 15ms, total 15ms
D/CrashReport( 1973): >>> cn.dcpai.auction.activity.MobileLoginActivity onCreated <<<
D/GuidanceScreen..AppLaunchReceiver( 2312): same as previous package, returning cn.dcpai.auction
D/dalvikvm( 1677): GC_CONCURRENT freed 3055K, 35% free 12690K/19384K, paused 0ms+1ms, total 16ms
D/dalvikvm( 1677): WAIT_FOR_CONCURRENT_GC blocked 7ms
D/dalvikvm( 1677): WAIT_FOR_CONCURRENT_GC blocked 9ms
D/dalvikvm( 1677): GC_CONCURRENT freed 3110K, 35% free 12629K/19384K, paused 2ms+1ms, total 13ms
D/dalvikvm( 1677): WAIT_FOR_CONCURRENT_GC blocked 5ms
D/dalvikvm( 1677): GC_FOR_ALLOC freed 2992K, 35% free 12643K/19384K, paused 12ms, total 13ms
D/CrashReport( 1973): >>> cn.dcpai.auction.activity.MobileLoginActivity onResumed <<<
I/CrashReport-Native( 1973): Set native info: isAppForeground(true)
D/dalvikvm( 1677): GC_CONCURRENT freed 2958K, 35% free 12723K/19384K, paused 2ms+0ms, total 17ms
D/dalvikvm( 1677): WAIT_FOR_CONCURRENT_GC blocked 11ms
D/dalvikvm( 1677): GC_FOR_ALLOC freed 3104K, 35% free 12629K/19384K, paused 12ms, total 12ms
D/dalvikvm( 1677): GC_CONCURRENT freed 2919K, 35% free 12727K/19384K, paused 1ms+1ms, total 21ms
D/dalvikvm( 1677): WAIT_FOR_CONCURRENT_GC blocked 19ms
D/dalvikvm( 1677): GC_FOR_ALLOC freed 3133K, 35% free 12631K/19384K, paused 18ms, total 19ms
D/dalvikvm( 1677): GC_FOR_ALLOC freed 3068K, 36% free 12592K/19384K, paused 16ms, total 16ms
D/dalvikvm( 1677): GC_CONCURRENT freed 2820K, 35% free 12772K/19384K, paused 2ms+2ms, total 23ms
D/dalvikvm( 1677): WAIT_FOR_CONCURRENT_GC blocked 19ms
V/WindowManager( 1677): isVisibleLw false for win : Window{4ec4a5c4 u0 cn.dcpai.auction/cn.dcpai.auction.activity.LoginMainActivity}
D/dalvikvm( 1677): GC_FOR_ALLOC freed 3168K, 35% free 12657K/19384K, paused 13ms, total 13ms
I/ActivityManager( 1677): Displayed cn.dcpai.auction/.activity.MobileLoginActivity: +202ms
D/dalvikvm( 1677): GC_FOR_ALLOC freed 3034K, 35% free 12654K/19384K, paused 12ms, total 12ms
I/AppiumUnicodeIME( 1986): onFinishInput
I/AppiumUnicodeIME( 1986): onStartInput
D/InputMethodManagerService( 1677): packageName=cn.dcpai.auction, activityName=.activity.MobileLoginActivity
D/dalvikvm( 1677): GC_CONCURRENT freed 2975K, 35% free 12715K/19384K, paused 3ms+3ms, total 41ms
D/dalvikvm( 1677): WAIT_FOR_CONCURRENT_GC blocked 37ms
D/dalvikvm( 1677): GC_CONCURRENT freed 3125K, 35% free 12628K/19384K, paused 0ms+1ms, total 24ms
D/dalvikvm( 1677): WAIT_FOR_CONCURRENT_GC blocked 24ms
D/dalvikvm( 1677): GC_CONCURRENT freed 2990K, 35% free 12637K/19384K, paused 0ms+2ms, total 23ms
D/dalvikvm( 1677): WAIT_FOR_CONCURRENT_GC blocked 22ms
D/dalvikvm( 1677): GC_FOR_ALLOC freed 2985K, 35% free 12637K/19384K, paused 18ms, total 18ms
D/dalvikvm( 1677): GC_FOR_ALLOC freed 3011K, 35% free 12637K/19384K, paused 14ms, total 14ms
D/dalvikvm( 1677): GC_CONCURRENT freed 2930K, 35% free 12746K/19384K, paused 3ms+4ms, total 30ms
D/dalvikvm( 1677): WAIT_FOR_CONCURRENT_GC blocked 25ms
D/dalvikvm( 1677): GC_CONCURRENT freed 3174K, 35% free 12640K/19384K, paused 1ms+1ms, total 17ms
D/dalvikvm( 1677): WAIT_FOR_CONCURRENT_GC blocked 14ms
D/dalvikvm( 1677): WAIT_FOR_CONCURRENT_GC blocked 16ms
D/dalvikvm( 1677): GC_FOR_ALLOC freed 2987K, 35% free 12662K/19384K, paused 13ms, total 13ms
E/QueryController( 1898): Got null root node from accessibility - Retrying...
D/dalvikvm( 1677): GC_CONCURRENT freed 3028K, 35% free 12641K/19384K, paused 0ms+2ms, total 18ms
D/dalvikvm( 1677): WAIT_FOR_CONCURRENT_GC blocked 16ms
D/dalvikvm( 1677): GC_FOR_ALLOC freed 3029K, 35% free 12641K/19384K, paused 14ms, total 14ms
D/dalvikvm( 1677): GC_CONCURRENT freed 2852K, 34% free 12798K/19384K, paused 3ms+1ms, total 18ms
D/dalvikvm( 1677): WAIT_FOR_CONCURRENT_GC blocked 12ms
D/dalvikvm( 1677): GC_FOR_ALLOC freed 3189K, 35% free 12643K/19384K, paused 18ms, total 18ms
D/dalvikvm( 1677): GC_CONCURRENT freed 3010K, 35% free 12643K/19384K, paused 0ms+1ms, total 17ms
D/dalvikvm( 1677): WAIT_FOR_CONCURRENT_GC blocked 16ms
D/dalvikvm( 1677): GC_FOR_ALLOC freed 3010K, 35% free 12667K/19384K, paused 16ms, total 16ms
D/dalvikvm( 1677): GC_CONCURRENT freed 2900K, 34% free 12806K/19384K, paused 2ms+1ms, total 18ms
D/dalvikvm( 1677): WAIT_FOR_CONCURRENT_GC blocked 15ms
D/dalvikvm( 1677): GC_CONCURRENT freed 3291K, 36% free 12596K/19384K, paused 0ms+1ms, total 12ms
D/dalvikvm( 1677): WAIT_FOR_CONCURRENT_GC blocked 12ms
D/dalvikvm( 1677): GC_CONCURRENT freed 2986K, 36% free 12596K/19384K, paused 1ms+0ms, total 12ms
D/dalvikvm( 1677): WAIT_FOR_CONCURRENT_GC blocked 11ms
D/dalvikvm( 1677): GC_FOR_ALLOC freed 3006K, 36% free 12596K/19384K, paused 11ms, total 11ms
D/dalvikvm( 1677): GC_CONCURRENT freed 2862K, 35% free 12763K/19384K, paused 2ms+1ms, total 14ms
D/dalvikvm( 1677): WAIT_FOR_CONCURRENT_GC blocked 11ms
D/dalvikvm( 1677): GC_CONCURRENT freed 3216K, 36% free 12597K/19384K, paused 0ms+1ms, total 12ms
D/dalvikvm( 1677): WAIT_FOR_CONCURRENT_GC blocked 12ms
D/dalvikvm( 1677): GC_FOR_ALLOC freed 2949K, 35% free 12670K/19384K, paused 12ms, total 12ms
D/dalvikvm( 1677): GC_CONCURRENT freed 3022K, 35% free 12696K/19384K, paused 0ms+1ms, total 11ms
D/dalvikvm( 1677): WAIT_FOR_CONCURRENT_GC blocked 6ms
D/dalvikvm( 1677): GC_CONCURRENT freed 3048K, 35% free 12699K/19384K, paused 0ms+2ms, total 12ms
D/dalvikvm( 1677): WAIT_FOR_CONCURRENT_GC blocked 30ms
D/dalvikvm( 1677): GC_FOR_ALLOC freed 3013K, 35% free 12699K/19384K, paused 11ms, total 11ms
E/QueryController( 1898): Got null root node from accessibility - Retrying...
D/dalvikvm( 1677): GC_CONCURRENT freed 2951K, 35% free 12771K/19384K, paused 1ms+1ms, total 14ms
D/dalvikvm( 1677): WAIT_FOR_CONCURRENT_GC blocked 38ms
D/dalvikvm( 1677): WAIT_FOR_CONCURRENT_GC blocked 11ms
D/dalvikvm( 1677): GC_CONCURRENT freed 3087K, 35% free 12758K/19384K, paused 0ms+1ms, total 12ms
D/dalvikvm( 1677): WAIT_FOR_CONCURRENT_GC blocked 11ms
D/dalvikvm( 1677): WAIT_FOR_CONCURRENT_GC blocked 14ms
D/dalvikvm( 1677): GC_CONCURRENT freed 3182K, 35% free 12641K/19384K, paused 2ms+1ms, total 14ms
D/dalvikvm( 1677): WAIT_FOR_CONCURRENT_GC blocked 12ms
D/dalvikvm( 1677): WAIT_FOR_CONCURRENT_GC blocked 20ms
D/dalvikvm( 1677): GC_FOR_ALLOC freed 2948K, 35% free 12707K/19384K, paused 11ms, total 11ms
D/dalvikvm( 1677): GC_CONCURRENT freed 2942K, 34% free 12823K/19384K, paused 2ms+1ms, total 15ms
D/dalvikvm( 1677): WAIT_FOR_CONCURRENT_GC blocked 9ms
D/dalvikvm( 1677): WAIT_FOR_CONCURRENT_GC blocked 11ms
D/dalvikvm( 1677): WAIT_FOR_CONCURRENT_GC blocked 12ms
D/dalvikvm( 1677): GC_CONCURRENT freed 3308K, 35% free 12602K/19384K, paused 1ms+0ms, total 13ms
D/dalvikvm( 1677): WAIT_FOR_CONCURRENT_GC blocked 9ms
D/dalvikvm( 1677): WAIT_FOR_CONCURRENT_GC blocked 12ms
D/dalvikvm( 1677): GC_CONCURRENT freed 3006K, 35% free 12628K/19384K, paused 1ms+0ms, total 15ms
D/dalvikvm( 1677): WAIT_FOR_CONCURRENT_GC blocked 13ms
D/dalvikvm( 1677): WAIT_FOR_CONCURRENT_GC blocked 14ms
D/dalvikvm( 1677): GC_FOR_ALLOC freed 3049K, 35% free 12604K/19384K, paused 11ms, total 11ms
D/dalvikvm( 1677): GC_CONCURRENT freed 2778K, 34% free 12857K/19384K, paused 3ms+1ms, total 16ms
D/dalvikvm( 1677): WAIT_FOR_CONCURRENT_GC blocked 12ms
D/dalvikvm( 1677): GC_CONCURRENT freed 3228K, 35% free 12652K/19384K, paused 0ms+1ms, total 14ms
D/dalvikvm( 1677): WAIT_FOR_CONCURRENT_GC blocked 14ms
D/dalvikvm( 1677): GC_FOR_ALLOC freed 2987K, 35% free 12679K/19384K, paused 13ms, total 13ms
D/dalvikvm( 1677): GC_CONCURRENT freed 2902K, 35% free 12784K/19384K, paused 1ms+1ms, total 15ms
D/dalvikvm( 1677): WAIT_FOR_CONCURRENT_GC blocked 9ms
D/dalvikvm( 1677): GC_FOR_ALLOC freed 3153K, 35% free 12654K/19384K, paused 15ms, total 15ms
D/dalvikvm( 1677): GC_CONCURRENT freed 2855K, 35% free 12787K/19384K, paused 2ms+0ms, total 18ms
D/dalvikvm( 1677): WAIT_FOR_CONCURRENT_GC blocked 15ms
D/dalvikvm( 1677): GC_FOR_ALLOC freed 3136K, 35% free 12655K/19384K, paused 13ms, total 13ms
D/dalvikvm( 1677): GC_CONCURRENT freed 2888K, 35% free 12789K/19384K, paused 1ms+1ms, total 16ms
D/dalvikvm( 1677): WAIT_FOR_CONCURRENT_GC blocked 14ms
D/dalvikvm( 1677): GC_FOR_ALLOC freed 3172K, 35% free 12656K/19384K, paused 13ms, total 13ms
E/QueryController( 1898): Got null root node from accessibility - Retrying...
D/dalvikvm( 1677): GC_CONCURRENT freed 3001K, 35% free 12657K/19384K, paused 0ms+1ms, total 15ms
D/dalvikvm( 1677): WAIT_FOR_CONCURRENT_GC blocked 13ms
D/dalvikvm( 1677): GC_FOR_ALLOC freed 2989K, 35% free 12685K/19384K, paused 14ms, total 14ms
D/dalvikvm( 1677): GC_CONCURRENT freed 2843K, 34% free 12849K/19384K, paused 2ms+1ms, total 19ms
D/dalvikvm( 1677): WAIT_FOR_CONCURRENT_GC blocked 16ms
D/dalvikvm( 1677): GC_CONCURRENT freed 3297K, 35% free 12604K/19384K, paused 0ms+1ms, total 15ms
D/dalvikvm( 1677): WAIT_FOR_CONCURRENT_GC blocked 15ms
D/dalvikvm( 1677): GC_FOR_ALLOC freed 2926K, 35% free 12659K/19384K, paused 14ms, total 14ms
D/dalvikvm( 1677): GC_CONCURRENT freed 2943K, 35% free 12743K/19384K, paused 0ms+0ms, total 16ms
D/dalvikvm( 1677): WAIT_FOR_CONCURRENT_GC blocked 9ms
D/dalvikvm( 1677): GC_CONCURRENT freed 3154K, 35% free 12605K/19384K, paused 0ms+0ms, total 15ms
D/dalvikvm( 1677): WAIT_FOR_CONCURRENT_GC blocked 15ms
D/dalvikvm( 1677): GC_CONCURRENT freed 2776K, 34% free 12858K/19384K, paused 1ms+0ms, total 15ms
D/dalvikvm( 1677): WAIT_FOR_CONCURRENT_GC blocked 14ms
D/dalvikvm( 1677): GC_CONCURRENT freed 3242K, 35% free 12690K/19384K, paused 0ms+1ms, total 11ms
D/dalvikvm( 1677): WAIT_FOR_CONCURRENT_GC blocked 11ms
D/dalvikvm( 1677): GC_FOR_ALLOC freed 3002K, 35% free 12691K/19384K, paused 12ms, total 12ms
D/dalvikvm( 1677): GC_CONCURRENT freed 2819K, 34% free 12891K/19384K, paused 0ms+1ms, total 14ms
D/dalvikvm( 1677): WAIT_FOR_CONCURRENT_GC blocked 8ms
D/dalvikvm( 1677): GC_CONCURRENT freed 3378K, 35% free 12606K/19384K, paused 1ms+1ms, total 15ms
D/dalvikvm( 1677): WAIT_FOR_CONCURRENT_GC blocked 14ms
D/dalvikvm( 1677): GC_FOR_ALLOC freed 2903K, 35% free 12693K/19384K, paused 15ms, total 15ms
D/dalvikvm( 1677): GC_CONCURRENT freed 2946K, 35% free 12723K/19384K, paused 0ms+1ms, total 12ms
D/dalvikvm( 1677): WAIT_FOR_CONCURRENT_GC blocked 11ms
D/dalvikvm( 1677): GC_FOR_ALLOC freed 3136K, 35% free 12607K/19384K, paused 12ms, total 12ms
D/dalvikvm( 1677): GC_CONCURRENT freed 2886K, 35% free 12753K/19384K, paused 2ms+0ms, total 15ms
D/dalvikvm( 1677): WAIT_FOR_CONCURRENT_GC blocked 12ms
D/dalvikvm( 1677): GC_FOR_ALLOC freed 3106K, 35% free 12666K/19384K, paused 10ms, total 10ms
E/QueryController( 1898): Cannot proceed when root node is null. Aborted search
E/QueryController( 1898): Got null root node from accessibility - Retrying...
D/dalvikvm( 1677): GC_CONCURRENT freed 2914K, 35% free 12756K/19384K, paused 0ms+1ms, total 12ms
D/dalvikvm( 1677): WAIT_FOR_CONCURRENT_GC blocked 11ms
D/dalvikvm( 1677): GC_CONCURRENT freed 3136K, 35% free 12667K/19384K, paused 1ms+1ms, total 13ms
D/dalvikvm( 1677): WAIT_FOR_CONCURRENT_GC blocked 12ms
D/dalvikvm( 1677): GC_FOR_ALLOC freed 3000K, 35% free 12698K/19384K, paused 11ms, total 11ms
D/dalvikvm( 1677): GC_CONCURRENT freed 3045K, 35% free 12668K/19384K, paused 0ms+0ms, total 12ms
D/dalvikvm( 1677): WAIT_FOR_CONCURRENT_GC blocked 3ms
D/dalvikvm( 1677): GC_FOR_ALLOC freed 3027K, 35% free 12669K/19384K, paused 12ms, total 12ms
D/dalvikvm( 1677): GC_CONCURRENT freed 2830K, 34% free 12820K/19384K, paused 1ms+0ms, total 12ms
D/dalvikvm( 1677): WAIT_FOR_CONCURRENT_GC blocked 11ms
D/dalvikvm( 1677): GC_CONCURRENT freed 3144K, 35% free 12761K/19384K, paused 2ms+0ms, total 14ms
D/dalvikvm( 1677): WAIT_FOR_CONCURRENT_GC blocked 12ms
D/dalvikvm( 1677): GC_CONCURRENT freed 3222K, 35% free 12610K/19384K, paused 0ms+2ms, total 12ms
D/dalvikvm( 1677): WAIT_FOR_CONCURRENT_GC blocked 11ms
D/dalvikvm( 1677): GC_CONCURRENT freed 3020K, 35% free 12610K/19384K, paused 0ms+1ms, total 13ms
D/dalvikvm( 1677): WAIT_FOR_CONCURRENT_GC blocked 13ms
D/dalvikvm( 1677): GC_CONCURRENT freed 3034K, 35% free 12610K/19384K, paused 1ms+2ms, total 20ms
D/dalvikvm( 1677): WAIT_FOR_CONCURRENT_GC blocked 19ms
D/dalvikvm( 1677): GC_FOR_ALLOC freed 2890K, 35% free 12703K/19384K, paused 20ms, total 20ms
D/dalvikvm( 1677): GC_CONCURRENT freed 2781K, 34% free 12889K/19384K, paused 2ms+1ms, total 33ms
D/dalvikvm( 1677): WAIT_FOR_CONCURRENT_GC blocked 27ms
D/dalvikvm( 1677): GC_FOR_ALLOC freed 3288K, 35% free 12673K/19384K, paused 26ms, total 26ms
D/dalvikvm( 1677): GC_CONCURRENT freed 3022K, 35% free 12674K/19384K, paused 1ms+1ms, total 19ms
D/dalvikvm( 1677): WAIT_FOR_CONCURRENT_GC blocked 16ms
D/dalvikvm( 1677): GC_FOR_ALLOC freed 3002K, 35% free 12706K/19384K, paused 20ms, total 20ms
E/QueryController( 1898): Got null root node from accessibility - Retrying...
D/dalvikvm( 1677): GC_FOR_ALLOC freed 3047K, 35% free 12675K/19384K, paused 26ms, total 26ms
D/dalvikvm( 1677): GC_CONCURRENT freed 2742K, 34% free 12928K/19384K, paused 2ms+1ms, total 25ms
D/dalvikvm( 1677): WAIT_FOR_CONCURRENT_GC blocked 14ms
D/dalvikvm( 1677): GC_CONCURRENT freed 3293K, 35% free 12676K/19384K, paused 1ms+2ms, total 22ms
D/dalvikvm( 1677): WAIT_FOR_CONCURRENT_GC blocked 20ms
D/dalvikvm( 1677): GC_FOR_ALLOC freed 2988K, 35% free 12708K/19384K, paused 27ms, total 27ms
D/dalvikvm( 1677): GC_CONCURRENT freed 2872K, 34% free 12837K/19384K, paused 1ms+1ms, total 18ms
D/dalvikvm( 1677): WAIT_FOR_CONCURRENT_GC blocked 17ms
D/dalvikvm( 1677): GC_CONCURRENT freed 3170K, 35% free 12677K/19384K, paused 0ms+0ms, total 13ms
D/dalvikvm( 1677): WAIT_FOR_CONCURRENT_GC blocked 13ms
D/dalvikvm( 1677): GC_FOR_ALLOC freed 2958K, 35% free 12678K/19384K, paused 11ms, total 11ms
D/dalvikvm( 1677): GC_CONCURRENT freed 2904K, 35% free 12743K/19384K, paused 0ms+1ms, total 12ms
D/dalvikvm( 1677): WAIT_FOR_CONCURRENT_GC blocked 11ms
D/dalvikvm( 1677): GC_FOR_ALLOC freed 3045K, 35% free 12679K/19384K, paused 12ms, total 12ms
D/dalvikvm( 1677): GC_CONCURRENT freed 2828K, 34% free 12842K/19384K, paused 2ms+0ms, total 15ms
D/dalvikvm( 1677): WAIT_FOR_CONCURRENT_GC blocked 13ms
D/dalvikvm( 1677): GC_FOR_ALLOC freed 3166K, 35% free 12680K/19384K, paused 12ms, total 12ms
D/dalvikvm( 1677): GC_CONCURRENT freed 2948K, 35% free 12746K/19384K, paused 0ms+2ms, total 13ms
D/dalvikvm( 1677): WAIT_FOR_CONCURRENT_GC blocked 12ms
D/dalvikvm( 1677): GC_CONCURRENT freed 3091K, 35% free 12681K/19384K, paused 0ms+1ms, total 13ms
D/dalvikvm( 1677): WAIT_FOR_CONCURRENT_GC blocked 13ms
D/dalvikvm( 1677): GC_FOR_ALLOC freed 3036K, 35% free 12681K/19384K, paused 12ms, total 12ms
E/QueryController( 1898): Got null root node from accessibility - Retrying...
D/dalvikvm( 1677): GC_CONCURRENT freed 2982K, 35% free 12749K/19384K, paused 0ms+1ms, total 13ms
D/dalvikvm( 1677): WAIT_FOR_CONCURRENT_GC blocked 1ms
D/dalvikvm( 1677): GC_FOR_ALLOC freed 3125K, 35% free 12682K/19384K, paused 14ms, total 14ms
D/dalvikvm( 1677): GC_CONCURRENT freed 2836K, 34% free 12850K/19384K, paused 3ms+1ms, total 15ms
D/dalvikvm( 1677): WAIT_FOR_CONCURRENT_GC blocked 11ms
D/dalvikvm( 1677): GC_CONCURRENT freed 3315K, 35% free 12616K/19384K, paused 0ms+1ms, total 13ms
D/dalvikvm( 1677): WAIT_FOR_CONCURRENT_GC blocked 13ms
D/dalvikvm( 1677): GC_FOR_ALLOC freed 2922K, 35% free 12718K/19384K, paused 13ms, total 13ms
D/dalvikvm( 1677): GC_CONCURRENT freed 2968K, 35% free 12752K/19384K, paused 1ms+1ms, total 14ms
D/dalvikvm( 1677): WAIT_FOR_CONCURRENT_GC blocked 12ms
D/dalvikvm( 1677): GC_FOR_ALLOC freed 3182K, 35% free 12617K/19384K, paused 13ms, total 13ms
D/dalvikvm( 1677): GC_CONCURRENT freed 2816K, 35% free 12754K/19384K, paused 0ms+1ms, total 15ms
D/dalvikvm( 1677): WAIT_FOR_CONCURRENT_GC blocked 13ms
D/dalvikvm( 1677): GC_CONCURRENT freed 3033K, 35% free 12789K/19384K, paused 0ms+0ms, total 12ms
D/dalvikvm( 1677): WAIT_FOR_CONCURRENT_GC blocked 13ms
D/dalvikvm( 1677): GC_FOR_ALLOC freed 3145K, 35% free 12721K/19384K, paused 13ms, total 13ms
D/dalvikvm( 1677): GC_CONCURRENT freed 2847K, 34% free 12928K/19384K, paused 2ms+0ms, total 13ms
D/dalvikvm( 1677): WAIT_FOR_CONCURRENT_GC blocked 11ms
D/dalvikvm( 1677): GC_CONCURRENT freed 3410K, 35% free 12618K/19384K, paused 0ms+1ms, total 11ms
D/dalvikvm( 1677): WAIT_FOR_CONCURRENT_GC blocked 11ms
D/dalvikvm( 1677): GC_CONCURRENT freed 2935K, 35% free 12688K/19384K, paused 1ms+0ms, total 12ms
D/dalvikvm( 1677): WAIT_FOR_CONCURRENT_GC blocked 12ms
D/dalvikvm( 1677): GC_FOR_ALLOC freed 3015K, 35% free 12723K/19384K, paused 12ms, total 12ms
D/dalvikvm( 1677): GC_CONCURRENT freed 2886K, 34% free 12863K/19384K, paused 2ms+1ms, total 15ms
D/dalvikvm( 1677): WAIT_FOR_CONCURRENT_GC blocked 11ms
D/dalvikvm( 1677): GC_FOR_ALLOC freed 3209K, 35% free 12689K/19384K, paused 12ms, total 12ms
D/dalvikvm( 1677): GC_CONCURRENT freed 2728K, 34% free 12936K/19384K, paused 3ms+1ms, total 14ms
D/dalvikvm( 1677): WAIT_FOR_CONCURRENT_GC blocked 10ms
D/dalvikvm( 1677): GC_FOR_ALLOC freed 3301K, 35% free 12725K/19384K, paused 12ms, total 12ms
E/QueryController( 1898): Cannot proceed when root node is null. Aborted search
E/QueryController( 1898): Got null root node from accessibility - Retrying...
D/dalvikvm( 1677): GC_CONCURRENT freed 2923K, 34% free 12797K/19384K, paused 1ms+1ms, total 13ms
D/dalvikvm( 1677): WAIT_FOR_CONCURRENT_GC blocked 11ms
D/dalvikvm( 1677): GC_CONCURRENT freed 3254K, 35% free 12620K/19384K, paused 0ms+1ms, total 12ms
D/dalvikvm( 1677): WAIT_FOR_CONCURRENT_GC blocked 11ms
D/dalvikvm( 1677): GC_FOR_ALLOC freed 3014K, 35% free 12620K/19384K, paused 13ms, total 13ms
D/dalvikvm( 1677): GC_CONCURRENT freed 2951K, 35% free 12692K/19384K, paused 0ms+1ms, total 13ms
D/dalvikvm( 1677): WAIT_FOR_CONCURRENT_GC blocked 12ms
D/dalvikvm( 1677): GC_CONCURRENT freed 2853K, 34% free 12872K/19384K, paused 1ms+0ms, total 12ms
D/dalvikvm( 1677): WAIT_FOR_CONCURRENT_GC blocked 10ms
D/dalvikvm( 1677): GC_FOR_ALLOC freed 3294K, 35% free 12621K/19384K, paused 12ms, total 12ms
D/dalvikvm( 1677): GC_CONCURRENT freed 2797K, 34% free 12802K/19384K, paused 0ms+1ms, total 12ms
D/dalvikvm( 1677): WAIT_FOR_CONCURRENT_GC blocked 11ms
D/dalvikvm( 1677): GC_CONCURRENT freed 3133K, 35% free 12730K/19384K, paused 0ms+1ms, total 12ms
D/dalvikvm( 1677): WAIT_FOR_CONCURRENT_GC blocked 12ms
D/dalvikvm( 1677): GC_FOR_ALLOC freed 2998K, 35% free 12694K/19384K, paused 11ms, total 11ms
D/dalvikvm( 1677): GC_CONCURRENT freed 2825K, 34% free 12876K/19384K, paused 2ms+1ms, total 15ms
D/dalvikvm( 1677): WAIT_FOR_CONCURRENT_GC blocked 12ms
D/dalvikvm( 1677): GC_CONCURRENT freed 3344K, 35% free 12622K/19384K, paused 0ms+1ms, total 12ms
D/dalvikvm( 1677): WAIT_FOR_CONCURRENT_GC blocked 12ms
D/dalvikvm( 1677): GC_FOR_ALLOC freed 2914K, 35% free 12732K/19384K, paused 12ms, total 12ms
D/dalvikvm( 1677): GC_CONCURRENT freed 2777K, 34% free 12953K/19384K, paused 2ms+0ms, total 13ms
D/dalvikvm( 1677): WAIT_FOR_CONCURRENT_GC blocked 10ms
D/dalvikvm( 1677): GC_CONCURRENT freed 3375K, 35% free 12696K/19384K, paused 1ms+1ms, total 13ms
D/dalvikvm( 1677): WAIT_FOR_CONCURRENT_GC blocked 12ms
D/dalvikvm( 1677): GC_CONCURRENT freed 3128K, 35% free 12623K/19384K, paused 1ms+0ms, total 13ms
D/dalvikvm( 1677): WAIT_FOR_CONCURRENT_GC blocked 12ms
D/dalvikvm( 1677): WAIT_FOR_CONCURRENT_GC blocked 12ms
D/dalvikvm( 1677): GC_CONCURRENT freed 2821K, 34% free 12835K/19384K, paused 2ms+0ms, total 13ms
D/dalvikvm( 1677): WAIT_FOR_CONCURRENT_GC blocked 12ms
D/dalvikvm( 1677): GC_CONCURRENT freed 3262K, 35% free 12660K/19384K, paused 1ms+1ms, total 12ms
D/dalvikvm( 1677): WAIT_FOR_CONCURRENT_GC blocked 31ms
D/dalvikvm( 1677): GC_FOR_ALLOC freed 2884K, 35% free 12734K/19384K, paused 11ms, total 11ms
D/dalvikvm( 1677): GC_CONCURRENT freed 2744K, 33% free 13005K/19384K, paused 2ms+1ms, total 14ms
D/dalvikvm( 1677): WAIT_FOR_CONCURRENT_GC blocked 11ms
D/dalvikvm( 1677): WAIT_FOR_CONCURRENT_GC blocked 37ms
E/QueryController( 1898): Got null root node from accessibility - Retrying...
D/dalvikvm( 1677): GC_FOR_ALLOC freed 3480K, 35% free 12650K/19384K, paused 13ms, total 13ms
D/dalvikvm( 1677): GC_CONCURRENT freed 2902K, 35% free 12791K/19384K, paused 1ms+1ms, total 16ms
D/dalvikvm( 1677): WAIT_FOR_CONCURRENT_GC blocked 11ms
D/dalvikvm( 1677): WAIT_FOR_CONCURRENT_GC blocked 15ms
D/dalvikvm( 1677): GC_FOR_ALLOC freed 3062K, 35% free 12734K/19384K, paused 12ms, total 12ms
D/dalvikvm( 1677): GC_CONCURRENT freed 3003K, 35% free 12787K/19384K, paused 1ms+1ms, total 15ms
D/dalvikvm( 1677): WAIT_FOR_CONCURRENT_GC blocked 9ms
D/dalvikvm( 1677): GC_CONCURRENT freed 3161K, 35% free 12634K/19384K, paused 0ms+1ms, total 14ms
D/dalvikvm( 1677): WAIT_FOR_CONCURRENT_GC blocked 13ms
D/dalvikvm( 1677): GC_CONCURRENT freed 2930K, 35% free 12709K/19384K, paused 0ms+1ms, total 12ms
D/dalvikvm( 1677): WAIT_FOR_CONCURRENT_GC blocked 38ms
D/dalvikvm( 1677): WAIT_FOR_CONCURRENT_GC blocked 12ms
D/dalvikvm( 1677): GC_FOR_ALLOC freed 3044K, 35% free 12702K/19384K, paused 12ms, total 12ms
D/dalvikvm( 1677): GC_CONCURRENT freed 2762K, 33% free 12993K/19384K, paused 2ms+1ms, total 16ms
D/dalvikvm( 1677): WAIT_FOR_CONCURRENT_GC blocked 11ms
D/dalvikvm( 1677): WAIT_FOR_CONCURRENT_GC blocked 14ms
D/dalvikvm( 1677): GC_FOR_ALLOC freed 3316K, 35% free 12705K/19384K, paused 12ms, total 12ms
D/dalvikvm( 1677): GC_CONCURRENT freed 2928K, 34% free 12809K/19384K, paused 2ms+1ms, total 15ms
D/dalvikvm( 1677): WAIT_FOR_CONCURRENT_GC blocked 10ms
D/dalvikvm( 1677): GC_CONCURRENT freed 3077K, 35% free 12702K/19384K, paused 2ms+1ms, total 13ms
D/dalvikvm( 1677): WAIT_FOR_CONCURRENT_GC blocked 12ms
D/dalvikvm( 1677): GC_FOR_ALLOC freed 2978K, 35% free 12702K/19384K, paused 10ms, total 10ms
D/dalvikvm( 1677): GC_CONCURRENT freed 2907K, 35% free 12780K/19384K, paused 1ms+1ms, total 12ms
D/dalvikvm( 1677): WAIT_FOR_CONCURRENT_GC blocked 5ms
D/dalvikvm( 1677): GC_FOR_ALLOC freed 3070K, 35% free 12703K/19384K, paused 12ms, total 12ms
D/dalvikvm( 1677): GC_CONCURRENT freed 2729K, 34% free 12975K/19384K, paused 0ms+1ms, total 12ms
D/dalvikvm( 1677): WAIT_FOR_CONCURRENT_GC blocked 2ms
D/dalvikvm( 1677): GC_FOR_ALLOC freed 3281K, 35% free 12704K/19384K, paused 11ms, total 11ms
D/dalvikvm( 1677): GC_CONCURRENT freed 2744K, 34% free 12977K/19384K, paused 2ms+0ms, total 14ms
D/dalvikvm( 1677): WAIT_FOR_CONCURRENT_GC blocked 10ms
D/dalvikvm( 1677): GC_FOR_ALLOC freed 3298K, 35% free 12705K/19384K, paused 12ms, total 12ms
E/QueryController( 1898): Got null root node from accessibility - Retrying...
D/dalvikvm( 1677): GC_CONCURRENT freed 2954K, 35% free 12784K/19384K, paused 1ms+1ms, total 13ms
D/dalvikvm( 1677): WAIT_FOR_CONCURRENT_GC blocked 11ms
D/dalvikvm( 1677): GC_CONCURRENT freed 3121K, 35% free 12706K/19384K, paused 1ms+1ms, total 13ms
D/dalvikvm( 1677): WAIT_FOR_CONCURRENT_GC blocked 12ms
D/dalvikvm( 1677): GC_FOR_ALLOC freed 3049K, 35% free 12706K/19384K, paused 11ms, total 11ms
D/dalvikvm( 1677): GC_CONCURRENT freed 2781K, 34% free 12904K/19384K, paused 1ms+1ms, total 13ms
D/dalvikvm( 1677): WAIT_FOR_CONCURRENT_GC blocked 11ms
D/dalvikvm( 1677): GC_CONCURRENT freed 3341K, 35% free 12628K/19384K, paused 0ms+0ms, total 11ms
D/dalvikvm( 1677): WAIT_FOR_CONCURRENT_GC blocked 12ms
D/dalvikvm( 1677): GC_FOR_ALLOC freed 2874K, 35% free 12747K/19384K, paused 11ms, total 11ms
D/dalvikvm( 1677): GC_CONCURRENT freed 2922K, 35% free 12787K/19384K, paused 0ms+1ms, total 11ms
D/dalvikvm( 1677): WAIT_FOR_CONCURRENT_GC blocked 9ms
D/dalvikvm( 1677): GC_FOR_ALLOC freed 3168K, 35% free 12628K/19384K, paused 13ms, total 13ms
D/dalvikvm( 1677): GC_CONCURRENT freed 2816K, 34% free 12829K/19384K, paused 0ms+1ms, total 13ms
D/dalvikvm( 1677): WAIT_FOR_CONCURRENT_GC blocked 12ms
D/dalvikvm( 1677): GC_FOR_ALLOC freed 3104K, 35% free 12709K/19384K, paused 11ms, total 11ms
D/dalvikvm( 1677): GC_CONCURRENT freed 2830K, 34% free 12910K/19384K, paused 2ms+0ms, total 14ms
D/dalvikvm( 1677): WAIT_FOR_CONCURRENT_GC blocked 11ms
D/dalvikvm( 1677): GC_FOR_ALLOC freed 3199K, 35% free 12750K/19384K, paused 13ms, total 13ms
D/dalvikvm( 1677): GC_CONCURRENT freed 2765K, 33% free 12993K/19384K, paused 1ms+1ms, total 15ms
D/dalvikvm( 1677): WAIT_FOR_CONCURRENT_GC blocked 13ms
D/dalvikvm( 1677): GC_CONCURRENT freed 3418K, 35% free 12630K/19384K, paused 0ms+1ms, total 11ms
D/dalvikvm( 1677): WAIT_FOR_CONCURRENT_GC blocked 11ms
D/dalvikvm( 1677): GC_FOR_ALLOC freed 2858K, 35% free 12711K/19384K, paused 11ms, total 11ms
D/dalvikvm( 1677): GC_CONCURRENT freed 2661K, 33% free 13037K/19384K, paused 0ms+0ms, total 14ms
D/dalvikvm( 1677): WAIT_FOR_CONCURRENT_GC blocked 8ms
D/dalvikvm( 1677): GC_FOR_ALLOC freed 3363K, 35% free 12712K/19384K, paused 12ms, total 12ms
D/dalvikvm( 1677): GC_CONCURRENT freed 2878K, 34% free 12835K/19384K, paused 1ms+0ms, total 13ms
D/dalvikvm( 1677): WAIT_FOR_CONCURRENT_GC blocked 12ms
D/dalvikvm( 1677): GC_FOR_ALLOC freed 3173K, 35% free 12713K/19384K, paused 11ms, total 11ms
E/QueryController( 1898): Cannot proceed when root node is null. Aborted search
E/QueryController( 1898): Got null root node from accessibility - Retrying...
D/dalvikvm( 1677): GC_CONCURRENT freed 2893K, 34% free 12837K/19384K, paused 1ms+1ms, total 14ms
D/dalvikvm( 1677): WAIT_FOR_CONCURRENT_GC blocked 9ms
D/dalvikvm( 1677): GC_FOR_ALLOC freed 3190K, 35% free 12713K/19384K, paused 12ms, total 12ms
D/dalvikvm( 1677): GC_CONCURRENT freed 2783K, 34% free 12962K/19384K, paused 0ms+1ms, total 14ms
D/dalvikvm( 1677): WAIT_FOR_CONCURRENT_GC blocked 13ms
D/dalvikvm( 1677): GC_CONCURRENT freed 3328K, 35% free 12714K/19384K, paused 1ms+1ms, total 12ms
D/dalvikvm( 1677): WAIT_FOR_CONCURRENT_GC blocked 11ms
D/dalvikvm( 1677): GC_FOR_ALLOC freed 3003K, 35% free 12756K/19384K, paused 12ms, total 13ms
D/dalvikvm( 1677): GC_CONCURRENT freed 2847K, 34% free 12923K/19384K, paused 2ms+0ms, total 15ms
D/dalvikvm( 1677): WAIT_FOR_CONCURRENT_GC blocked 13ms
D/dalvikvm( 1677): GC_FOR_ALLOC freed 3226K, 35% free 12715K/19384K, paused 12ms, total 12ms
D/dalvikvm( 1677): GC_CONCURRENT freed 2649K, 33% free 13008K/19384K, paused 2ms+1ms, total 17ms
D/dalvikvm( 1677): WAIT_FOR_CONCURRENT_GC blocked 14ms
D/dalvikvm( 1677): GC_FOR_ALLOC freed 3324K, 35% free 12758K/19384K, paused 11ms, total 11ms
D/dalvikvm( 1677): GC_CONCURRENT freed 2872K, 34% free 12926K/19384K, paused 1ms+1ms, total 16ms
D/dalvikvm( 1677): WAIT_FOR_CONCURRENT_GC blocked 7ms
D/dalvikvm( 1677): GC_FOR_ALLOC freed 3256K, 35% free 12717K/19384K, paused 12ms, total 12ms
D/dalvikvm( 1677): GC_CONCURRENT freed 2757K, 34% free 12928K/19384K, paused 1ms+1ms, total 12ms
D/dalvikvm( 1677): WAIT_FOR_CONCURRENT_GC blocked 10ms
D/dalvikvm( 1677): GC_CONCURRENT freed 3271K, 35% free 12760K/19384K, paused 0ms+1ms, total 10ms
D/dalvikvm( 1677): WAIT_FOR_CONCURRENT_GC blocked 10ms
D/dalvikvm( 1677): GC_CONCURRENT freed 3196K, 35% free 12634K/19384K, paused 1ms+1ms, total 13ms
D/dalvikvm( 1677): WAIT_FOR_CONCURRENT_GC blocked 12ms
D/dalvikvm( 1677): GC_CONCURRENT freed 2989K, 35% free 12634K/19384K, paused 1ms+1ms, total 12ms
D/dalvikvm( 1677): WAIT_FOR_CONCURRENT_GC blocked 11ms
D/dalvikvm( 1677): GC_FOR_ALLOC freed 2996K, 35% free 12634K/19384K, paused 13ms, total 13ms
D/dalvikvm( 1677): GC_CONCURRENT freed 2704K, 34% free 12933K/19384K, paused 2ms+1ms, total 15ms
D/dalvikvm( 1677): WAIT_FOR_CONCURRENT_GC blocked 12ms
D/dalvikvm( 1677): GC_FOR_ALLOC freed 3308K, 35% free 12720K/19384K, paused 11ms, total 11ms
E/QueryController( 1898): Got null root node from accessibility - Retrying...
D/dalvikvm( 1677): GC_CONCURRENT freed 2716K, 33% free 13020K/19384K, paused 3ms+1ms, total 14ms
D/dalvikvm( 1677): WAIT_FOR_CONCURRENT_GC blocked 12ms
W/InteractionController( 1898): runAndwaitForEvent timedout waiting for events
D/dalvikvm( 1677): GC_FOR_ALLOC freed 3322K, 35% free 12721K/19384K, paused 14ms, total 14ms
D/dalvikvm( 1677): GC_CONCURRENT freed 2943K, 34% free 12807K/19384K, paused 1ms+0ms, total 14ms
D/dalvikvm( 1677): WAIT_FOR_CONCURRENT_GC blocked 13ms
D/dalvikvm( 1677): GC_FOR_ALLOC freed 3122K, 35% free 12721K/19384K, paused 18ms, total 18ms
D/dalvikvm( 1677): GC_CONCURRENT freed 2740K, 33% free 13024K/19384K, paused 1ms+1ms, total 12ms
D/dalvikvm( 1677): WAIT_FOR_CONCURRENT_GC blocked 10ms
D/dalvikvm( 1677): GC_CONCURRENT freed 3352K, 35% free 12722K/19384K, paused 1ms+1ms, total 11ms
D/dalvikvm( 1677): WAIT_FOR_CONCURRENT_GC blocked 10ms
D/dalvikvm( 1677): GC_FOR_ALLOC freed 3056K, 35% free 12722K/19384K, paused 12ms, total 12ms
D/dalvikvm( 1677): GC_CONCURRENT freed 2975K, 35% free 12723K/19384K, paused 1ms+1ms, total 14ms
D/dalvikvm( 1677): WAIT_FOR_CONCURRENT_GC blocked 12ms
D/dalvikvm( 1677): GC_FOR_ALLOC freed 2936K, 35% free 12767K/19384K, paused 13ms, total 13ms
D/dalvikvm( 1677): GC_CONCURRENT freed 2681K, 33% free 13029K/19384K, paused 1ms+1ms, total 14ms
D/dalvikvm( 1677): WAIT_FOR_CONCURRENT_GC blocked 6ms
D/dalvikvm( 1677): GC_FOR_ALLOC freed 3388K, 35% free 12724K/19384K, paused 13ms, total 13ms
D/dalvikvm( 1677): GC_CONCURRENT freed 3000K, 35% free 12724K/19384K, paused 0ms+1ms, total 12ms
D/dalvikvm( 1677): WAIT_FOR_CONCURRENT_GC blocked 3ms
D/dalvikvm( 1677): GC_FOR_ALLOC freed 2962K, 35% free 12769K/19384K, paused 13ms, total 13ms
D/dalvikvm( 1677): GC_CONCURRENT freed 2990K, 34% free 12814K/19384K, paused 0ms+1ms, total 14ms
D/dalvikvm( 1677): WAIT_FOR_CONCURRENT_GC blocked 12ms
D/dalvikvm( 1677): GC_CONCURRENT freed 3196K, 35% free 12637K/19384K, paused 1ms+1ms, total 16ms
D/dalvikvm( 1677): WAIT_FOR_CONCURRENT_GC blocked 15ms
D/dalvikvm( 1677): GC_FOR_ALLOC freed 2891K, 35% free 12770K/19384K, paused 12ms, total 12ms
D/dalvikvm( 1677): GC_CONCURRENT freed 2943K, 34% free 12815K/19384K, paused 1ms+1ms, total 13ms
D/dalvikvm( 1677): WAIT_FOR_CONCURRENT_GC blocked 4ms
D/dalvikvm( 1677): GC_CONCURRENT freed 3216K, 35% free 12638K/19384K, paused 0ms+1ms, total 12ms
D/dalvikvm( 1677): WAIT_FOR_CONCURRENT_GC blocked 12ms
D/dalvikvm( 1677): GC_FOR_ALLOC freed 2820K, 35% free 12727K/19384K, paused 12ms, total 12ms
E/QueryController( 1898): Got null root node from accessibility - Retrying...
D/dalvikvm( 1677): GC_CONCURRENT freed 3140K, 35% free 12638K/19384K, paused 1ms+1ms, total 13ms
D/dalvikvm( 1677): WAIT_FOR_CONCURRENT_GC blocked 12ms
D/dalvikvm( 1677): GC_FOR_ALLOC freed 2831K, 35% free 12728K/19384K, paused 13ms, total 13ms
D/dalvikvm( 1677): GC_CONCURRENT freed 3062K, 35% free 12728K/19384K, paused 1ms+1ms, total 15ms
D/dalvikvm( 1677): WAIT_FOR_CONCURRENT_GC blocked 12ms
D/dalvikvm( 1677): GC_FOR_ALLOC freed 2933K, 35% free 12728K/19384K, paused 11ms, total 11ms
D/dalvikvm( 1677): GC_FOR_ALLOC freed 2938K, 35% free 12774K/19384K, paused 11ms, total 11ms
D/dalvikvm( 1677): GC_CONCURRENT freed 2990K, 34% free 12819K/19384K, paused 1ms+1ms, total 12ms
D/dalvikvm( 1677): WAIT_FOR_CONCURRENT_GC blocked 10ms
D/dalvikvm( 1677): GC_FOR_ALLOC freed 3041K, 35% free 12775K/19384K, paused 12ms, total 12ms
D/dalvikvm( 1677): GC_CONCURRENT freed 3003K, 34% free 12820K/19384K, paused 0ms+0ms, total 12ms
D/dalvikvm( 1677): WAIT_FOR_CONCURRENT_GC blocked 4ms
D/dalvikvm( 1677): GC_FOR_ALLOC freed 3052K, 35% free 12775K/19384K, paused 11ms, total 11ms
D/dalvikvm( 1677): GC_CONCURRENT freed 3015K, 34% free 12821K/19384K, paused 1ms+1ms, total 13ms
D/dalvikvm( 1677): WAIT_FOR_CONCURRENT_GC blocked 8ms
D/dalvikvm( 1677): GC_FOR_ALLOC freed 3065K, 35% free 12776K/19384K, paused 11ms, total 11ms
D/dalvikvm( 1677): GC_CONCURRENT freed 2799K, 33% free 13050K/19384K, paused 2ms+0ms, total 14ms
D/dalvikvm( 1677): WAIT_FOR_CONCURRENT_GC blocked 11ms
D/dalvikvm( 1677): GC_CONCURRENT freed 3535K, 35% free 12640K/19384K, paused 1ms+0ms, total 11ms
D/dalvikvm( 1677): WAIT_FOR_CONCURRENT_GC blocked 10ms
D/dalvikvm( 1677): GC_FOR_ALLOC freed 2899K, 35% free 12732K/19384K, paused 10ms, total 10ms
D/dalvikvm( 1677): GC_CONCURRENT freed 2906K, 34% free 12870K/19384K, paused 1ms+1ms, total 13ms
D/dalvikvm( 1677): WAIT_FOR_CONCURRENT_GC blocked 8ms
D/dalvikvm( 1677): GC_CONCURRENT freed 3234K, 35% free 12733K/19384K, paused 0ms+1ms, total 12ms
D/dalvikvm( 1677): WAIT_FOR_CONCURRENT_GC blocked 11ms
D/dalvikvm( 1677): GC_FOR_ALLOC freed 3008K, 35% free 12779K/19384K, paused 12ms, total 12ms
D/dalvikvm( 1677): GC_CONCURRENT freed 2832K, 34% free 12964K/19384K, paused 1ms+0ms, total 13ms
D/dalvikvm( 1677): WAIT_FOR_CONCURRENT_GC blocked 10ms
D/dalvikvm( 1677): GC_CONCURRENT freed 3251K, 35% free 12734K/19384K, paused 1ms+1ms, total 12ms
D/dalvikvm( 1677): WAIT_FOR_CONCURRENT_GC blocked 11ms
D/NotificationService( 1677): In writeNotificationInfo: pkgName com.tencent.android.qqdownloader
D/dalvikvm( 1677): GC_CONCURRENT freed 3248K, 36% free 12551K/19384K, paused 0ms+1ms, total 12ms
D/dalvikvm( 1677): WAIT_FOR_CONCURRENT_GC blocked 3ms
D/dalvikvm( 1677): WAIT_FOR_CONCURRENT_GC blocked 12ms
E/QueryController( 1898): Cannot proceed when root node is null. Aborted search
E/QueryController( 1898): Got null root node from accessibility - Retrying...
D/dalvikvm( 1677): GC_CONCURRENT freed 3008K, 36% free 12560K/19384K, paused 0ms+1ms, total 13ms
D/dalvikvm( 1677): WAIT_FOR_CONCURRENT_GC blocked 13ms
D/dalvikvm( 1677): GC_CONCURRENT freed 3000K, 36% free 12578K/19384K, paused 0ms+1ms, total 12ms
D/dalvikvm( 1677): WAIT_FOR_CONCURRENT_GC blocked 11ms
D/dalvikvm( 1677): GC_CONCURRENT freed 3024K, 36% free 12580K/19384K, paused 0ms+0ms, total 11ms
D/dalvikvm( 1677): WAIT_FOR_CONCURRENT_GC blocked 9ms
D/dalvikvm( 1677): WAIT_FOR_CONCURRENT_GC blocked 12ms
D/dalvikvm( 1677): GC_CONCURRENT freed 3016K, 36% free 12590K/19384K, paused 1ms+0ms, total 13ms
D/dalvikvm( 1677): WAIT_FOR_CONCURRENT_GC blocked 7ms
D/dalvikvm( 1677): GC_CONCURRENT freed 3029K, 36% free 12588K/19384K, paused 0ms+1ms, total 11ms
D/dalvikvm( 1677): WAIT_FOR_CONCURRENT_GC blocked 11ms
D/dalvikvm( 1677): GC_CONCURRENT freed 2983K, 35% free 12619K/19384K, paused 1ms+1ms, total 12ms
D/dalvikvm( 1677): WAIT_FOR_CONCURRENT_GC blocked 11ms
D/dalvikvm( 1677): GC_CONCURRENT freed 3040K, 35% free 12602K/19384K, paused 0ms+1ms, total 12ms
D/dalvikvm( 1677): WAIT_FOR_CONCURRENT_GC blocked 12ms
D/dalvikvm( 1677): GC_CONCURRENT freed 3044K, 36% free 12581K/19384K, paused 1ms+0ms, total 12ms
D/dalvikvm( 1677): WAIT_FOR_CONCURRENT_GC blocked 11ms
D/dalvikvm( 1677): GC_CONCURRENT freed 3006K, 35% free 12600K/19384K, paused 1ms+1ms, total 11ms
D/dalvikvm( 1677): WAIT_FOR_CONCURRENT_GC blocked 10ms
D/dalvikvm( 1677): GC_CONCURRENT freed 3043K, 36% free 12585K/19384K, paused 1ms+1ms, total 13ms
D/dalvikvm( 1677): WAIT_FOR_CONCURRENT_GC blocked 12ms
D/dalvikvm( 1677): GC_CONCURRENT freed 2964K, 35% free 12634K/19384K, paused 0ms+0ms, total 12ms
D/dalvikvm( 1677): WAIT_FOR_CONCURRENT_GC blocked 12ms
D/dalvikvm( 1677): GC_CONCURRENT freed 3085K, 36% free 12589K/19384K, paused 1ms+1ms, total 13ms
D/dalvikvm( 1677): WAIT_FOR_CONCURRENT_GC blocked 11ms
D/dalvikvm( 1677): GC_CONCURRENT freed 2994K, 35% free 12620K/19384K, paused 1ms+0ms, total 12ms
D/dalvikvm( 1677): WAIT_FOR_CONCURRENT_GC blocked 31ms
D/dalvikvm( 1677): WAIT_FOR_CONCURRENT_GC blocked 11ms
D/dalvikvm( 1677): GC_FOR_ALLOC freed 3009K, 35% free 12636K/19384K, paused 12ms, total 12ms
D/dalvikvm( 1677): GC_CONCURRENT freed 3011K, 35% free 12666K/19384K, paused 1ms+1ms, total 16ms
D/dalvikvm( 1677): WAIT_FOR_CONCURRENT_GC blocked 7ms
D/dalvikvm( 1677): WAIT_FOR_CONCURRENT_GC blocked 7ms
D/dalvikvm( 1677): GC_CONCURRENT freed 3129K, 36% free 12584K/19384K, paused 0ms+1ms, total 11ms
D/dalvikvm( 1677): WAIT_FOR_CONCURRENT_GC blocked 11ms
