I/QueryController(18281): Matched selector: UiSelector[INSTANCE=0, RESOURCE_ID=cn.dcpai.auction:id/btn_get_code] <<==>> [android.view.accessibility.AccessibilityNodeInfo@31564; boundsInParent: Rect(0, 0 - 228, 71); boundsInScreen: Rect(411, 489 - 639, 560); packageName: cn.dcpai.auction; className: android.widget.ImageButton; text: null; contentDescription: null; viewIdResName: cn.dcpai.auction:id/btn_get_code; checkable: false; checked: false; focusable: true; focused: false; selected: false; clickable: true; longClickable: false; enabled: true; password: false; scrollable: false; [ACTION_FOCUS, ACTION_SELECT, ACTION_CLEAR_SELECTION, ACTION_CLICK, ACTION_ACCESSIBILITY_FOCUS]]
D/dalvikvm(18281): GC_CONCURRENT freed 403K, 87% free 1127K/8192K, paused 0ms+0ms, total 1ms
I/QueryController(18281): Matched selector: UiSelector[INSTANCE=0, RESOURCE_ID=cn.dcpai.auction:id/btn_get_code] <<==>> [android.view.accessibility.AccessibilityNodeInfo@31564; boundsInParent: Rect(0, 0 - 228, 71); boundsInScreen: Rect(411, 489 - 639, 560); packageName: cn.dcpai.auction; className: android.widget.ImageButton; text: null; contentDescription: null; viewIdResName: cn.dcpai.auction:id/btn_get_code; checkable: false; checked: false; focusable: true; focused: false; selected: false; clickable: true; longClickable: false; enabled: true; password: false; scrollable: false; [ACTION_FOCUS, ACTION_SELECT, ACTION_CLEAR_SELECTION, ACTION_CLICK, ACTION_ACCESSIBILITY_FOCUS]]
D/dalvikvm(18281): GC_CONCURRENT freed 419K, 87% free 1139K/8192K, paused 1ms+0ms, total 2ms
D/dalvikvm(18281): GC_CONCURRENT freed 422K, 87% free 1140K/8192K, paused 0ms+0ms, total 1ms
D/dalvikvm(18281): GC_CONCURRENT freed 422K, 87% free 1140K/8192K, paused 2ms+0ms, total 3ms
D/dalvikvm(18281): GC_CONCURRENT freed 421K, 87% free 1139K/8192K, paused 0ms+1ms, total 1ms
D/dalvikvm(18281): GC_CONCURRENT freed 423K, 87% free 1140K/8192K, paused 1ms+0ms, total 2ms
D/dalvikvm(18281): GC_CONCURRENT freed 423K, 87% free 1139K/8192K, paused 0ms+0ms, total 1ms
D/dalvikvm(18281): GC_CONCURRENT freed 422K, 87% free 1140K/8192K, paused 0ms+0ms, total 1ms
D/dalvikvm(18281): GC_CONCURRENT freed 422K, 87% free 1140K/8192K, paused 0ms+0ms, total 1ms
D/dalvikvm(18281): GC_CONCURRENT freed 421K, 87% free 1139K/8192K, paused 0ms+0ms, total 1ms
I/QueryController(18281): Matched selector: UiSelector[INSTANCE=0, RESOURCE_ID=cn.dcpai.auction:id/auth_code_input] <<==>> [android.view.accessibility.AccessibilityNodeInfo@30de2; boundsInParent: Rect(0, 0 - 330, 67); boundsInScreen: Rect(81, 489 - 411, 556); packageName: cn.dcpai.auction; className: android.widget.EditText; text: 请输入验证码; contentDescription: null; viewIdResName: cn.dcpai.auction:id/auth_code_input; checkable: false; checked: false; focusable: true; focused: false; selected: false; clickable: true; longClickable: true; enabled: true; password: false; scrollable: false; [ACTION_FOCUS, ACTION_SELECT, ACTION_CLEAR_SELECTION, ACTION_CLICK, ACTION_LONG_CLICK, ACTION_ACCESSIBILITY_FOCUS]]
D/UiObject(18281): getText() = 请输入验证码
I/QueryController(18281): Matched selector: UiSelector[INSTANCE=0, RESOURCE_ID=cn.dcpai.auction:id/auth_code_input] <<==>> [android.view.accessibility.AccessibilityNodeInfo@30de2; boundsInParent: Rect(0, 0 - 330, 67); boundsInScreen: Rect(81, 489 - 411, 556); packageName: cn.dcpai.auction; className: android.widget.EditText; text: 请输入验证码; contentDescription: null; viewIdResName: cn.dcpai.auction:id/auth_code_input; checkable: false; checked: false; focusable: true; focused: false; selected: false; clickable: true; longClickable: true; enabled: true; password: false; scrollable: false; [ACTION_FOCUS, ACTION_SELECT, ACTION_CLEAR_SELECTION, ACTION_CLICK, ACTION_LONG_CLICK, ACTION_ACCESSIBILITY_FOCUS]]
D/InteractionController(18281): clickAndSync(246, 522)
D/dalvikvm(18281): GC_CONCURRENT freed 399K, 87% free 1142K/8192K, paused 0ms+1ms, total 1ms
I/AppiumUnicodeIME( 2010): onFinishInput
I/AppiumUnicodeIME( 2010): onStartInput
D/BstCommandProcessor-Service( 2064): startService called with arg: notification
D/BstCommandProcessor-Service( 2064): New Notification has been observed, informing frontend now
D/InputMethodManagerService( 1863): packageName=cn.dcpai.auction, activityName=.activity.MobileLoginActivity
D/InputMethodManagerService( 1863): ime_enabled = true is same as last value, no change
D/NotificationService( 1863): In writeNotificationInfo: pkgName android
D/dalvikvm(18329): GC_CONCURRENT freed 8001K, 33% free 26105K/38896K, paused 0ms+1ms, total 15ms
D/AndroidRuntime(18648): 
D/AndroidRuntime(18648): >>>>>> AndroidRuntime START com.android.internal.os.RuntimeInit <<<<<<
D/AndroidRuntime(18648): CheckJNI is OFF
D/dalvikvm(18648): Trying to load lib libjavacore.so 0x0
D/dalvikvm(18648): Added shared lib libjavacore.so 0x0
D/dalvikvm(18648): Trying to load lib libnativehelper.so 0x0
D/dalvikvm(18648): Added shared lib libnativehelper.so 0x0
D/dalvikvm(18648): No JNI_OnLoad found in libnativehelper.so 0x0, skipping init
D/dalvikvm(18648): Note: class Landroid/app/ActivityManagerNative; has 180 unimplemented (abstract) methods
E/memtrack(18648): Couldn't load memtrack module (No such file or directory)
E/android.os.Debug(18648): failed to load memtrack module: -2
D/AndroidRuntime(18648): Calling main entry com.android.commands.input.Input
I/Input   (18648): injectKeyEvent: KeyEvent { action=ACTION_DOWN, keyCode=KEYCODE_DEL, scanCode=0, metaState=0, flags=0x0, repeatCount=0, eventTime=18775106, downTime=18775106, deviceId=-1, source=0x101 }
I/AppiumUnicodeIME( 2010): onKeyDown (keyCode='67', event.keyCode='67', metaState='0')
I/Input   (18648): injectKeyEvent: KeyEvent { action=ACTION_UP, keyCode=KEYCODE_DEL, scanCode=0, metaState=0, flags=0x0, repeatCount=0, eventTime=18775106, downTime=18775106, deviceId=-1, source=0x101 }
I/AppiumUnicodeIME( 2010): onKeyUp (keyCode='67', event.keyCode='67', metaState='0')
I/Input   (18648): injectKeyEvent: KeyEvent { action=ACTION_DOWN, keyCode=KEYCODE_FORWARD_DEL, scanCode=0, metaState=0, flags=0x0, repeatCount=0, eventTime=18775109, downTime=18775109, deviceId=-1, source=0x101 }
I/AppiumUnicodeIME( 2010): onKeyDown (keyCode='112', event.keyCode='112', metaState='0')
I/Input   (18648): injectKeyEvent: KeyEvent { action=ACTION_UP, keyCode=KEYCODE_FORWARD_DEL, scanCode=0, metaState=0, flags=0x0, repeatCount=0, eventTime=18775109, downTime=18775109, deviceId=-1, source=0x101 }
I/AppiumUnicodeIME( 2010): onKeyUp (keyCode='112', event.keyCode='112', metaState='0')
I/Input   (18648): injectKeyEvent: KeyEvent { action=ACTION_DOWN, keyCode=KEYCODE_DEL, scanCode=0, metaState=0, flags=0x0, repeatCount=0, eventTime=18775112, downTime=18775112, deviceId=-1, source=0x101 }
I/AppiumUnicodeIME( 2010): onKeyDown (keyCode='67', event.keyCode='67', metaState='0')
I/Input   (18648): injectKeyEvent: KeyEvent { action=ACTION_UP, keyCode=KEYCODE_DEL, scanCode=0, metaState=0, flags=0x0, repeatCount=0, eventTime=18775112, downTime=18775112, deviceId=-1, source=0x101 }
I/AppiumUnicodeIME( 2010): onKeyUp (keyCode='67', event.keyCode='67', metaState='0')
I/Input   (18648): injectKeyEvent: KeyEvent { action=ACTION_DOWN, keyCode=KEYCODE_FORWARD_DEL, scanCode=0, metaState=0, flags=0x0, repeatCount=0, eventTime=18775114, downTime=18775114, deviceId=-1, source=0x101 }
I/AppiumUnicodeIME( 2010): onKeyDown (keyCode='112', event.keyCode='112', metaState='0')
I/Input   (18648): injectKeyEvent: KeyEvent { action=ACTION_UP, keyCode=KEYCODE_FORWARD_DEL, scanCode=0, metaState=0, flags=0x0, repeatCount=0, eventTime=18775114, downTime=18775114, deviceId=-1, source=0x101 }
I/AppiumUnicodeIME( 2010): onKeyUp (keyCode='112', event.keyCode='112', metaState='0')
I/Input   (18648): injectKeyEvent: KeyEvent { action=ACTION_DOWN, keyCode=KEYCODE_DEL, scanCode=0, metaState=0, flags=0x0, repeatCount=0, eventTime=18775117, downTime=18775117, deviceId=-1, source=0x101 }
I/AppiumUnicodeIME( 2010): onKeyDown (keyCode='67', event.keyCode='67', metaState='0')
I/Input   (18648): injectKeyEvent: KeyEvent { action=ACTION_UP, keyCode=KEYCODE_DEL, scanCode=0, metaState=0, flags=0x0, repeatCount=0, eventTime=18775117, downTime=18775117, deviceId=-1, source=0x101 }
I/AppiumUnicodeIME( 2010): onKeyUp (keyCode='67', event.keyCode='67', metaState='0')
I/Input   (18648): injectKeyEvent: KeyEvent { action=ACTION_DOWN, keyCode=KEYCODE_FORWARD_DEL, scanCode=0, metaState=0, flags=0x0, repeatCount=0, eventTime=18775119, downTime=18775119, deviceId=-1, source=0x101 }
I/AppiumUnicodeIME( 2010): onKeyDown (keyCode='112', event.keyCode='112', metaState='0')
I/Input   (18648): injectKeyEvent: KeyEvent { action=ACTION_UP, keyCode=KEYCODE_FORWARD_DEL, scanCode=0, metaState=0, flags=0x0, repeatCount=0, eventTime=18775119, downTime=18775119, deviceId=-1, source=0x101 }
I/AppiumUnicodeIME( 2010): onKeyUp (keyCode='112', event.keyCode='112', metaState='0')
I/Input   (18648): injectKeyEvent: KeyEvent { action=ACTION_DOWN, keyCode=KEYCODE_DEL, scanCode=0, metaState=0, flags=0x0, repeatCount=0, eventTime=18775122, downTime=18775122, deviceId=-1, source=0x101 }
I/AppiumUnicodeIME( 2010): onKeyDown (keyCode='67', event.keyCode='67', metaState='0')
I/Input   (18648): injectKeyEvent: KeyEvent { action=ACTION_UP, keyCode=KEYCODE_DEL, scanCode=0, metaState=0, flags=0x0, repeatCount=0, eventTime=18775122, downTime=18775122, deviceId=-1, source=0x101 }
I/AppiumUnicodeIME( 2010): onKeyUp (keyCode='67', event.keyCode='67', metaState='0')
I/Input   (18648): injectKeyEvent: KeyEvent { action=ACTION_DOWN, keyCode=KEYCODE_FORWARD_DEL, scanCode=0, metaState=0, flags=0x0, repeatCount=0, eventTime=18775124, downTime=18775124, deviceId=-1, source=0x101 }
I/AppiumUnicodeIME( 2010): onKeyDown (keyCode='112', event.keyCode='112', metaState='0')
I/Input   (18648): injectKeyEvent: KeyEvent { action=ACTION_UP, keyCode=KEYCODE_FORWARD_DEL, scanCode=0, metaState=0, flags=0x0, repeatCount=0, eventTime=18775124, downTime=18775124, deviceId=-1, source=0x101 }
I/AppiumUnicodeIME( 2010): onKeyUp (keyCode='112', event.keyCode='112', metaState='0')
I/Input   (18648): injectKeyEvent: KeyEvent { action=ACTION_DOWN, keyCode=KEYCODE_DEL, scanCode=0, metaState=0, flags=0x0, repeatCount=0, eventTime=18775127, downTime=18775127, deviceId=-1, source=0x101 }
I/AppiumUnicodeIME( 2010): onKeyDown (keyCode='67', event.keyCode='67', metaState='0')
I/Input   (18648): injectKeyEvent: KeyEvent { action=ACTION_UP, keyCode=KEYCODE_DEL, scanCode=0, metaState=0, flags=0x0, repeatCount=0, eventTime=18775127, downTime=18775127, deviceId=-1, source=0x101 }
I/AppiumUnicodeIME( 2010): onKeyUp (keyCode='67', event.keyCode='67', metaState='0')
I/Input   (18648): injectKeyEvent: KeyEvent { action=ACTION_DOWN, keyCode=KEYCODE_FORWARD_DEL, scanCode=0, metaState=0, flags=0x0, repeatCount=0, eventTime=18775129, downTime=18775129, deviceId=-1, source=0x101 }
I/AppiumUnicodeIME( 2010): onKeyDown (keyCode='112', event.keyCode='112', metaState='0')
I/Input   (18648): injectKeyEvent: KeyEvent { action=ACTION_UP, keyCode=KEYCODE_FORWARD_DEL, scanCode=0, metaState=0, flags=0x0, repeatCount=0, eventTime=18775129, downTime=18775129, deviceId=-1, source=0x101 }
I/AppiumUnicodeIME( 2010): onKeyUp (keyCode='112', event.keyCode='112', metaState='0')
I/Input   (18648): injectKeyEvent: KeyEvent { action=ACTION_DOWN, keyCode=KEYCODE_DEL, scanCode=0, metaState=0, flags=0x0, repeatCount=0, eventTime=18775131, downTime=18775131, deviceId=-1, source=0x101 }
I/AppiumUnicodeIME( 2010): onKeyDown (keyCode='67', event.keyCode='67', metaState='0')
I/Input   (18648): injectKeyEvent: KeyEvent { action=ACTION_UP, keyCode=KEYCODE_DEL, scanCode=0, metaState=0, flags=0x0, repeatCount=0, eventTime=18775131, downTime=18775131, deviceId=-1, source=0x101 }
I/AppiumUnicodeIME( 2010): onKeyUp (keyCode='67', event.keyCode='67', metaState='0')
I/Input   (18648): injectKeyEvent: KeyEvent { action=ACTION_DOWN, keyCode=KEYCODE_FORWARD_DEL, scanCode=0, metaState=0, flags=0x0, repeatCount=0, eventTime=18775134, downTime=18775134, deviceId=-1, source=0x101 }
I/AppiumUnicodeIME( 2010): onKeyDown (keyCode='112', event.keyCode='112', metaState='0')
I/Input   (18648): injectKeyEvent: KeyEvent { action=ACTION_UP, keyCode=KEYCODE_FORWARD_DEL, scanCode=0, metaState=0, flags=0x0, repeatCount=0, eventTime=18775134, downTime=18775134, deviceId=-1, source=0x101 }
I/AppiumUnicodeIME( 2010): onKeyUp (keyCode='112', event.keyCode='112', metaState='0')
D/AndroidRuntime(18648): Shutting down VM
D/dalvikvm(18648): GC_CONCURRENT freed 143K, 21% free 559K/704K, paused 1ms+0ms, total 1ms
D/dalvikvm( 1863): GC_CONCURRENT freed 2191K, 47% free 9221K/17212K, paused 0ms+0ms, total 10ms
D/dalvikvm( 1863): WAIT_FOR_CONCURRENT_GC blocked 10ms
D/dalvikvm( 1863): GC_CONCURRENT freed 2196K, 47% free 9210K/17212K, paused 0ms+1ms, total 11ms
D/dalvikvm( 1863): WAIT_FOR_CONCURRENT_GC blocked 11ms
D/dalvikvm( 1863): GC_CONCURRENT freed 2194K, 47% free 9193K/17212K, paused 0ms+1ms, total 10ms
D/dalvikvm( 1863): WAIT_FOR_CONCURRENT_GC blocked 9ms
D/dalvikvm( 1863): GC_CONCURRENT freed 2144K, 47% free 9218K/17212K, paused 1ms+0ms, total 10ms
D/dalvikvm( 1863): WAIT_FOR_CONCURRENT_GC blocked 9ms
I/QueryController(18281): Matched selector: UiSelector[INSTANCE=0, RESOURCE_ID=cn.dcpai.auction:id/auth_code_input] <<==>> [android.view.accessibility.AccessibilityNodeInfo@30de2; boundsInParent: Rect(0, 0 - 330, 67); boundsInScreen: Rect(81, 489 - 411, 556); packageName: cn.dcpai.auction; className: android.widget.EditText; text: 请输入验证码; contentDescription: null; viewIdResName: cn.dcpai.auction:id/auth_code_input; checkable: false; checked: false; focusable: true; focused: true; selected: false; clickable: true; longClickable: true; enabled: true; password: false; scrollable: false; [ACTION_CLEAR_FOCUS, ACTION_SELECT, ACTION_CLEAR_SELECTION, ACTION_CLICK, ACTION_LONG_CLICK, ACTION_ACCESSIBILITY_FOCUS, ACTION_PASTE]]
D/UiObject(18281): getText() = 请输入验证码
D/dalvikvm(18281): GC_CONCURRENT freed 405K, 87% free 1132K/8192K, paused 0ms+0ms, total 1ms
I/QueryController(18281): Matched selector: UiSelector[INSTANCE=0, RESOURCE_ID=cn.dcpai.auction:id/auth_code_input] <<==>> [android.view.accessibility.AccessibilityNodeInfo@30de2; boundsInParent: Rect(0, 0 - 330, 67); boundsInScreen: Rect(81, 489 - 411, 556); packageName: cn.dcpai.auction; className: android.widget.EditText; text: 请输入验证码; contentDescription: null; viewIdResName: cn.dcpai.auction:id/auth_code_input; checkable: false; checked: false; focusable: true; focused: true; selected: false; clickable: true; longClickable: true; enabled: true; password: false; scrollable: false; [ACTION_CLEAR_FOCUS, ACTION_SELECT, ACTION_CLEAR_SELECTION, ACTION_CLICK, ACTION_LONG_CLICK, ACTION_ACCESSIBILITY_FOCUS, ACTION_PASTE]]
D/dalvikvm(18281): GC_CONCURRENT freed 389K, 87% free 1129K/8192K, paused 2ms+0ms, total 3ms
D/dalvikvm(18281): GC_CONCURRENT freed 409K, 87% free 1142K/8192K, paused 0ms+1ms, total 2ms
D/dalvikvm(18281): GC_CONCURRENT freed 422K, 87% free 1142K/8192K, paused 0ms+0ms, total 1ms
D/dalvikvm(18281): GC_CONCURRENT freed 423K, 87% free 1142K/8192K, paused 0ms+2ms, total 2ms
D/dalvikvm(18281): GC_CONCURRENT freed 422K, 87% free 1142K/8192K, paused 1ms+2ms, total 4ms
D/dalvikvm(18281): GC_CONCURRENT freed 422K, 87% free 1142K/8192K, paused 0ms+1ms, total 2ms
D/dalvikvm(18281): GC_CONCURRENT freed 422K, 86% free 1164K/8192K, paused 1ms+1ms, total 3ms
D/dalvikvm(18281): GC_CONCURRENT freed 436K, 87% free 1128K/8192K, paused 0ms+0ms, total 1ms
D/dalvikvm(18281): GC_CONCURRENT freed 409K, 87% free 1142K/8192K, paused 0ms+0ms, total 1ms
D/dalvikvm(18281): GC_CONCURRENT freed 422K, 87% free 1142K/8192K, paused 1ms+1ms, total 3ms
D/dalvikvm(18281): GC_CONCURRENT freed 422K, 87% free 1142K/8192K, paused 0ms+0ms, total 2ms
D/dalvikvm(18281): GC_CONCURRENT freed 422K, 87% free 1142K/8192K, paused 0ms+1ms, total 2ms
D/dalvikvm(18281): GC_CONCURRENT freed 422K, 87% free 1142K/8192K, paused 0ms+0ms, total 1ms
D/dalvikvm(18281): GC_CONCURRENT freed 425K, 87% free 1143K/8192K, paused 2ms+0ms, total 5ms
D/dalvikvm(18281): GC_CONCURRENT freed 422K, 87% free 1142K/8192K, paused 0ms+1ms, total 3ms
D/dalvikvm(18281): GC_CONCURRENT freed 422K, 87% free 1142K/8192K, paused 0ms+0ms, total 2ms
D/dalvikvm(18281): GC_CONCURRENT freed 422K, 87% free 1142K/8192K, paused 0ms+0ms, total 2ms
D/dalvikvm(18281): GC_CONCURRENT freed 422K, 87% free 1142K/8192K, paused 0ms+0ms, total 2ms
D/dalvikvm(18281): GC_CONCURRENT freed 422K, 86% free 1164K/8192K, paused 0ms+1ms, total 3ms
D/dalvikvm(18281): GC_CONCURRENT freed 435K, 87% free 1130K/8192K, paused 0ms+0ms, total 2ms
D/dalvikvm(18281): GC_CONCURRENT freed 410K, 87% free 1142K/8192K, paused 0ms+2ms, total 2ms
D/dalvikvm(18281): GC_CONCURRENT freed 422K, 86% free 1164K/8192K, paused 1ms+1ms, total 3ms
D/dalvikvm(18281): GC_CONCURRENT freed 435K, 87% free 1130K/8192K, paused 2ms+0ms, total 2ms
D/dalvikvm( 1863): GC_CONCURRENT freed 2164K, 47% free 9227K/17212K, paused 1ms+2ms, total 14ms
D/dalvikvm( 1863): WAIT_FOR_CONCURRENT_GC blocked 14ms
D/dalvikvm(18281): GC_CONCURRENT freed 371K, 87% free 1142K/8192K, paused 1ms+0ms, total 2ms
D/dalvikvm( 1863): GC_CONCURRENT freed 2198K, 47% free 9215K/17212K, paused 1ms+1ms, total 12ms
D/dalvikvm( 1863): WAIT_FOR_CONCURRENT_GC blocked 10ms
D/dalvikvm( 1863): GC_CONCURRENT freed 2169K, 47% free 9224K/17212K, paused 0ms+1ms, total 11ms
D/dalvikvm( 1863): WAIT_FOR_CONCURRENT_GC blocked 10ms
D/dalvikvm( 1863): GC_CONCURRENT freed 2193K, 47% free 9190K/17212K, paused 0ms+1ms, total 9ms
D/dalvikvm(18281): GC_CONCURRENT freed 408K, 87% free 1143K/8192K, paused 0ms+0ms, total 1ms
D/dalvikvm(18281): GC_CONCURRENT freed 423K, 86% free 1164K/8192K, paused 0ms+1ms, total 3ms
D/dalvikvm(18281): GC_CONCURRENT freed 433K, 87% free 1131K/8192K, paused 0ms+0ms, total 1ms
D/dalvikvm(18281): GC_CONCURRENT freed 412K, 87% free 1142K/8192K, paused 0ms+0ms, total 1ms
D/dalvikvm(18281): GC_CONCURRENT freed 422K, 87% free 1142K/8192K, paused 0ms+0ms, total 1ms
D/dalvikvm(18281): GC_CONCURRENT freed 422K, 87% free 1142K/8192K, paused 0ms+2ms, total 2ms
D/dalvikvm(18281): GC_CONCURRENT freed 422K, 87% free 1142K/8192K, paused 0ms+0ms, total 3ms
D/dalvikvm(18281): GC_CONCURRENT freed 421K, 87% free 1143K/8192K, paused 0ms+2ms, total 5ms
D/dalvikvm(18281): GC_CONCURRENT freed 424K, 87% free 1142K/8192K, paused 0ms+0ms, total 3ms
D/dalvikvm(18281): GC_CONCURRENT freed 415K, 86% free 1149K/8192K, paused 0ms+2ms, total 4ms
D/dalvikvm(18281): GC_CONCURRENT freed 429K, 87% free 1142K/8192K, paused 0ms+0ms, total 1ms
I/AppiumUnicodeIME( 2010): onKeyDown (keyCode='67', event.keyCode='67', metaState='0')
I/AppiumUnicodeIME( 2010): onKeyUp (keyCode='67', event.keyCode='67', metaState='0')
I/QueryController(18281): Matched selector: UiSelector[INSTANCE=0, RESOURCE_ID=cn.dcpai.auction:id/auth_code_input] <<==>> [android.view.accessibility.AccessibilityNodeInfo@30de2; boundsInParent: Rect(0, 0 - 330, 67); boundsInScreen: Rect(81, 489 - 411, 556); packageName: cn.dcpai.auction; className: android.widget.EditText; text: 请输入验证码; contentDescription: null; viewIdResName: cn.dcpai.auction:id/auth_code_input; checkable: false; checked: false; focusable: true; focused: true; selected: false; clickable: true; longClickable: true; enabled: true; password: false; scrollable: false; [ACTION_CLEAR_FOCUS, ACTION_SELECT, ACTION_CLEAR_SELECTION, ACTION_CLICK, ACTION_LONG_CLICK, ACTION_ACCESSIBILITY_FOCUS, ACTION_PASTE]]
D/UiObject(18281): getText() = 请输入验证码
I/QueryController(18281): Matched selector: UiSelector[INSTANCE=0, RESOURCE_ID=cn.dcpai.auction:id/auth_code_input] <<==>> [android.view.accessibility.AccessibilityNodeInfo@30de2; boundsInParent: Rect(0, 0 - 330, 67); boundsInScreen: Rect(81, 489 - 411, 556); packageName: cn.dcpai.auction; className: android.widget.EditText; text: 请输入验证码; contentDescription: null; viewIdResName: cn.dcpai.auction:id/auth_code_input; checkable: false; checked: false; focusable: true; focused: true; selected: false; clickable: true; longClickable: true; enabled: true; password: false; scrollable: false; [ACTION_CLEAR_FOCUS, ACTION_SELECT, ACTION_CLEAR_SELECTION, ACTION_CLICK, ACTION_LONG_CLICK, ACTION_ACCESSIBILITY_FOCUS, ACTION_PASTE]]
D/UiObject(18281): getText() = 请输入验证码
I/QueryController(18281): Matched selector: UiSelector[INSTANCE=0, RESOURCE_ID=cn.dcpai.auction:id/auth_code_input] <<==>> [android.view.accessibility.AccessibilityNodeInfo@30de2; boundsInParent: Rect(0, 0 - 330, 67); boundsInScreen: Rect(81, 489 - 411, 556); packageName: cn.dcpai.auction; className: android.widget.EditText; text: 请输入验证码; contentDescription: null; viewIdResName: cn.dcpai.auction:id/auth_code_input; checkable: false; checked: false; focusable: true; focused: true; selected: false; clickable: true; longClickable: true; enabled: true; password: false; scrollable: false; [ACTION_CLEAR_FOCUS, ACTION_SELECT, ACTION_CLEAR_SELECTION, ACTION_CLICK, ACTION_LONG_CLICK, ACTION_ACCESSIBILITY_FOCUS, ACTION_PASTE]]
I/AppiumUnicodeIME( 2010): onKeyDown (keyCode='67', event.keyCode='67', metaState='0')
I/AppiumUnicodeIME( 2010): onKeyUp (keyCode='67', event.keyCode='67', metaState='0')
I/AppiumUnicodeIME( 2010): onKeyDown (keyCode='112', event.keyCode='112', metaState='0')
I/AppiumUnicodeIME( 2010): onKeyUp (keyCode='112', event.keyCode='112', metaState='0')
D/dalvikvm(18281): GC_CONCURRENT freed 404K, 87% free 1131K/8192K, paused 0ms+0ms, total 1ms
I/QueryController(18281): Matched selector: UiSelector[INSTANCE=0, RESOURCE_ID=cn.dcpai.auction:id/auth_code_input] <<==>> [android.view.accessibility.AccessibilityNodeInfo@30de2; boundsInParent: Rect(0, 0 - 330, 67); boundsInScreen: Rect(81, 489 - 411, 556); packageName: cn.dcpai.auction; className: android.widget.EditText; text: 请输入验证码; contentDescription: null; viewIdResName: cn.dcpai.auction:id/auth_code_input; checkable: false; checked: false; focusable: true; focused: true; selected: false; clickable: true; longClickable: true; enabled: true; password: false; scrollable: false; [ACTION_CLEAR_FOCUS, ACTION_SELECT, ACTION_CLEAR_SELECTION, ACTION_CLICK, ACTION_LONG_CLICK, ACTION_ACCESSIBILITY_FOCUS, ACTION_PASTE]]
D/UiObject(18281): getText() = 请输入验证码
I/QueryController(18281): Matched selector: UiSelector[INSTANCE=0, RESOURCE_ID=cn.dcpai.auction:id/auth_code_input] <<==>> [android.view.accessibility.AccessibilityNodeInfo@30de2; boundsInParent: Rect(0, 0 - 330, 67); boundsInScreen: Rect(81, 489 - 411, 556); packageName: cn.dcpai.auction; className: android.widget.EditText; text: 请输入验证码; contentDescription: null; viewIdResName: cn.dcpai.auction:id/auth_code_input; checkable: false; checked: false; focusable: true; focused: true; selected: false; clickable: true; longClickable: true; enabled: true; password: false; scrollable: false; [ACTION_CLEAR_FOCUS, ACTION_SELECT, ACTION_CLEAR_SELECTION, ACTION_CLICK, ACTION_LONG_CLICK, ACTION_ACCESSIBILITY_FOCUS, ACTION_PASTE]]
D/UiObject(18281): getText() = 请输入验证码
I/QueryController(18281): Matched selector: UiSelector[INSTANCE=0, RESOURCE_ID=cn.dcpai.auction:id/auth_code_input] <<==>> [android.view.accessibility.AccessibilityNodeInfo@30de2; boundsInParent: Rect(0, 0 - 330, 67); boundsInScreen: Rect(81, 489 - 411, 556); packageName: cn.dcpai.auction; className: android.widget.EditText; text: 请输入验证码; contentDescription: null; viewIdResName: cn.dcpai.auction:id/auth_code_input; checkable: false; checked: false; focusable: true; focused: true; selected: false; clickable: true; longClickable: true; enabled: true; password: false; scrollable: false; [ACTION_CLEAR_FOCUS, ACTION_SELECT, ACTION_CLEAR_SELECTION, ACTION_CLICK, ACTION_LONG_CLICK, ACTION_ACCESSIBILITY_FOCUS, ACTION_PASTE]]
D/dalvikvm(18281): GC_CONCURRENT freed 393K, 87% free 1133K/8192K, paused 0ms+1ms, total 1ms
D/dalvikvm(18281): GC_CONCURRENT freed 420K, 87% free 1143K/8192K, paused 0ms+0ms, total 2ms
D/dalvikvm(18281): GC_CONCURRENT freed 423K, 87% free 1142K/8192K, paused 0ms+0ms, total 2ms
D/dalvikvm(18281): GC_CONCURRENT freed 422K, 87% free 1142K/8192K, paused 0ms+1ms, total 1ms
D/dalvikvm(18281): GC_CONCURRENT freed 422K, 87% free 1142K/8192K, paused 0ms+1ms, total 1ms
D/dalvikvm(18281): GC_CONCURRENT freed 422K, 87% free 1142K/8192K, paused 0ms+1ms, total 3ms
D/dalvikvm(18281): GC_CONCURRENT freed 422K, 87% free 1142K/8192K, paused 0ms+0ms, total 1ms
D/dalvikvm( 1863): GC_CONCURRENT freed 2139K, 47% free 9225K/17212K, paused 2ms+0ms, total 13ms
D/dalvikvm( 1863): WAIT_FOR_CONCURRENT_GC blocked 11ms
D/dalvikvm( 1863): GC_FOR_ALLOC freed 2220K, 47% free 9191K/17212K, paused 9ms, total 9ms
D/dalvikvm( 1863): GC_CONCURRENT freed 2144K, 47% free 9224K/17212K, paused 0ms+1ms, total 14ms
D/dalvikvm( 1863): WAIT_FOR_CONCURRENT_GC blocked 8ms
D/dalvikvm(18281): GC_CONCURRENT freed 426K, 87% free 1142K/8192K, paused 0ms+0ms, total 1ms
D/dalvikvm(18281): GC_CONCURRENT freed 421K, 87% free 1142K/8192K, paused 0ms+0ms, total 1ms
D/dalvikvm(18281): GC_CONCURRENT freed 422K, 86% free 1164K/8192K, paused 0ms+2ms, total 2ms
D/dalvikvm(18281): GC_CONCURRENT freed 434K, 87% free 1131K/8192K, paused 0ms+0ms, total 2ms
D/dalvikvm(18281): GC_CONCURRENT freed 411K, 87% free 1142K/8192K, paused 0ms+1ms, total 2ms
D/dalvikvm(18281): GC_CONCURRENT freed 422K, 87% free 1142K/8192K, paused 0ms+0ms, total 2ms
D/dalvikvm(18281): GC_CONCURRENT freed 422K, 87% free 1142K/8192K, paused 0ms+2ms, total 3ms
D/dalvikvm(18281): GC_CONCURRENT freed 423K, 87% free 1142K/8192K, paused 1ms+0ms, total 2ms
D/dalvikvm(18281): GC_CONCURRENT freed 422K, 87% free 1142K/8192K, paused 0ms+1ms, total 1ms
D/dalvikvm(18281): GC_CONCURRENT freed 422K, 87% free 1142K/8192K, paused 0ms+1ms, total 3ms
D/dalvikvm(18281): GC_CONCURRENT freed 421K, 87% free 1142K/8192K, paused 0ms+0ms, total 1ms
D/dalvikvm(18281): GC_CONCURRENT freed 423K, 87% free 1142K/8192K, paused 0ms+0ms, total 1ms
D/dalvikvm(18281): GC_CONCURRENT freed 423K, 87% free 1142K/8192K, paused 0ms+0ms, total 1ms
D/dalvikvm(18281): GC_CONCURRENT freed 417K, 86% free 1148K/8192K, paused 0ms+2ms, total 4ms
D/dalvikvm(18281): GC_CONCURRENT freed 428K, 87% free 1142K/8192K, paused 1ms+0ms, total 2ms
D/dalvikvm(18281): GC_CONCURRENT freed 421K, 87% free 1142K/8192K, paused 1ms+0ms, total 1ms
D/dalvikvm(18281): GC_CONCURRENT freed 416K, 86% free 1149K/8192K, paused 0ms+2ms, total 4ms
D/dalvikvm(18281): GC_CONCURRENT freed 429K, 87% free 1142K/8192K, paused 0ms+0ms, total 2ms
D/dalvikvm(18281): GC_CONCURRENT freed 422K, 87% free 1142K/8192K, paused 0ms+2ms, total 3ms
D/dalvikvm( 1863): GC_CONCURRENT freed 2185K, 47% free 9223K/17212K, paused 1ms+1ms, total 12ms
D/dalvikvm( 1863): WAIT_FOR_CONCURRENT_GC blocked 11ms
D/dalvikvm( 1863): GC_CONCURRENT freed 2194K, 47% free 9215K/17212K, paused 0ms+1ms, total 11ms
D/dalvikvm( 1863): WAIT_FOR_CONCURRENT_GC blocked 10ms
D/dalvikvm( 1863): GC_CONCURRENT freed 2169K, 47% free 9223K/17212K, paused 0ms+0ms, total 10ms
D/dalvikvm( 1863): WAIT_FOR_CONCURRENT_GC blocked 10ms
D/dalvikvm( 1863): GC_CONCURRENT freed 2194K, 47% free 9216K/17212K, paused 0ms+1ms, total 9ms
D/dalvikvm( 1863): WAIT_FOR_CONCURRENT_GC blocked 9ms
D/dalvikvm( 1863): GC_CONCURRENT freed 1724K, 44% free 9676K/17212K, paused 2ms+1ms, total 11ms
D/dalvikvm( 1863): WAIT_FOR_CONCURRENT_GC blocked 8ms
D/dalvikvm( 1863): WAIT_FOR_CONCURRENT_GC blocked 9ms
D/dalvikvm(18281): GC_CONCURRENT freed 383K, 87% free 1142K/8192K, paused 2ms+0ms, total 3ms
D/dalvikvm( 1863): GC_FOR_ALLOC freed 1112K, 37% free 10860K/17212K, paused 23ms, total 23ms
D/dalvikvm( 1863): GC_CONCURRENT freed 2585K, 37% free 10871K/17212K, paused 2ms+1ms, total 16ms
D/dalvikvm( 1863): WAIT_FOR_CONCURRENT_GC blocked 3ms
D/dalvikvm(18281): GC_CONCURRENT freed 409K, 87% free 1142K/8192K, paused 2ms+0ms, total 4ms
D/dalvikvm( 1863): GC_FOR_ALLOC freed 2606K, 37% free 10862K/17212K, paused 11ms, total 11ms
D/dalvikvm( 1863): GC_CONCURRENT freed 2562K, 37% free 10882K/17212K, paused 0ms+1ms, total 10ms
D/dalvikvm( 1863): WAIT_FOR_CONCURRENT_GC blocked 10ms
D/dalvikvm( 1863): GC_CONCURRENT freed 2568K, 37% free 10908K/17212K, paused 0ms+1ms, total 14ms
D/dalvikvm( 1863): WAIT_FOR_CONCURRENT_GC blocked 13ms
D/dalvikvm( 1863): GC_FOR_ALLOC freed 2626K, 37% free 10884K/17212K, paused 11ms, total 11ms
D/dalvikvm(18281): GC_CONCURRENT freed 383K, 87% free 1142K/8192K, paused 1ms+1ms, total 2ms
D/dalvikvm( 1863): GC_CONCURRENT freed 2600K, 37% free 10880K/17212K, paused 4ms+1ms, total 19ms
D/dalvikvm( 1863): WAIT_FOR_CONCURRENT_GC blocked 16ms
D/dalvikvm( 1863): GC_FOR_ALLOC freed 2607K, 37% free 10868K/17212K, paused 12ms, total 12ms
D/dalvikvm( 1863): GC_CONCURRENT freed 2513K, 37% free 10936K/17212K, paused 1ms+0ms, total 14ms
D/dalvikvm( 1863): WAIT_FOR_CONCURRENT_GC blocked 13ms
D/dalvikvm( 1863): GC_CONCURRENT freed 2647K, 37% free 10902K/17212K, paused 1ms+1ms, total 10ms
D/dalvikvm( 1863): WAIT_FOR_CONCURRENT_GC blocked 9ms
D/dalvikvm( 1863): GC_CONCURRENT freed 2594K, 37% free 10913K/17212K, paused 0ms+1ms, total 10ms
D/dalvikvm( 1863): WAIT_FOR_CONCURRENT_GC blocked 10ms
I/AppiumUnicodeIME( 2010): onKeyDown (keyCode='67', event.keyCode='67', metaState='0')
D/dalvikvm(18281): GC_CONCURRENT freed 407K, 87% free 1143K/8192K, paused 0ms+0ms, total 2ms
I/AppiumUnicodeIME( 2010): onKeyUp (keyCode='67', event.keyCode='67', metaState='0')
D/dalvikvm( 1863): GC_CONCURRENT freed 2601K, 37% free 10916K/17212K, paused 0ms+1ms, total 14ms
D/dalvikvm( 1863): WAIT_FOR_CONCURRENT_GC blocked 13ms
D/dalvikvm( 1863): GC_FOR_ALLOC freed 2614K, 37% free 10891K/17212K, paused 10ms, total 10ms
I/AppiumUnicodeIME( 2010): onKeyDown (keyCode='59', event.keyCode='59', metaState='65')
I/AppiumUnicodeIME( 2010): onKeyDown (keyCode='41', event.keyCode='41', metaState='65')
D/dalvikvm( 1863): GC_CONCURRENT freed 2590K, 37% free 10893K/17212K, paused 0ms+1ms, total 19ms
D/dalvikvm( 1863): WAIT_FOR_CONCURRENT_GC blocked 17ms
V/WindowManager( 1863): isVisibleLw false for win : Window{4ea65b9c u0 PopupWindow:4f676830 EXITING}
V/WindowManager( 1863): isVisibleLw false for win : Window{4ea61654 u0 PopupWindow:4f5ee1ac EXITING}
V/WindowManager( 1863): isVisibleLw false for win : Window{4ea65b9c u0 PopupWindow:4f676830 EXITING}
I/AppiumUnicodeIME( 2010): onKeyUp (keyCode='41', event.keyCode='41', metaState='65')
D/dalvikvm( 1863): GC_CONCURRENT freed 2571K, 37% free 10916K/17212K, paused 0ms+1ms, total 16ms
D/dalvikvm( 1863): WAIT_FOR_CONCURRENT_GC blocked 15ms
I/AppiumUnicodeIME( 2010): onKeyUp (keyCode='59', event.keyCode='59', metaState='0')
D/dalvikvm( 1863): GC_FOR_ALLOC freed 2608K, 37% free 10896K/17212K, paused 15ms, total 15ms
I/AppiumUnicodeIME( 2010): onKeyDown (keyCode='11', event.keyCode='11', metaState='0')
I/AppiumUnicodeIME( 2010): onKeyUp (keyCode='11', event.keyCode='11', metaState='0')
D/dalvikvm( 1863): GC_CONCURRENT freed 2526K, 37% free 10970K/17212K, paused 4ms+1ms, total 21ms
D/dalvikvm( 1863): WAIT_FOR_CONCURRENT_GC blocked 12ms
D/dalvikvm( 1863): GC_FOR_ALLOC freed 2675K, 37% free 10899K/17212K, paused 12ms, total 12ms
I/AppiumUnicodeIME( 2010): onKeyDown (keyCode='59', event.keyCode='59', metaState='65')
I/AppiumUnicodeIME( 2010): onKeyDown (keyCode='31', event.keyCode='31', metaState='65')
I/AppiumUnicodeIME( 2010): onKeyUp (keyCode='31', event.keyCode='31', metaState='65')
D/dalvikvm(18281): GC_CONCURRENT freed 387K, 87% free 1139K/8192K, paused 1ms+0ms, total 2ms
D/dalvikvm( 1863): GC_CONCURRENT freed 2524K, 37% free 10977K/17212K, paused 2ms+2ms, total 28ms
D/dalvikvm( 1863): WAIT_FOR_CONCURRENT_GC blocked 17ms
D/dalvikvm( 1863): GC_FOR_ALLOC freed 2667K, 37% free 10901K/17212K, paused 13ms, total 14ms
I/AppiumUnicodeIME( 2010): onKeyUp (keyCode='59', event.keyCode='59', metaState='0')
I/AppiumUnicodeIME( 2010): onKeyDown (keyCode='9', event.keyCode='9', metaState='0')
I/AppiumUnicodeIME( 2010): onKeyUp (keyCode='9', event.keyCode='9', metaState='0')
D/dalvikvm( 1863): GC_CONCURRENT freed 2551K, 37% free 10927K/17212K, paused 3ms+3ms, total 30ms
D/dalvikvm( 1863): WAIT_FOR_CONCURRENT_GC blocked 26ms
V/WindowManager( 1863): isVisibleLw false for win : Window{4ea61654 u0 PopupWindow:4f5ee1ac EXITING}
D/dalvikvm( 1863): GC_FOR_ALLOC freed 2661K, 37% free 10879K/17212K, paused 26ms, total 26ms
D/AndroidRuntime(17961): 
D/AndroidRuntime(17961): >>>>>> AndroidRuntime START com.android.internal.os.RuntimeInit <<<<<<
D/AndroidRuntime(17961): CheckJNI is OFF
D/dalvikvm( 1863): GC_FOR_ALLOC freed 2554K, 37% free 10916K/17212K, paused 15ms, total 15ms
W/InputDispatcher( 1863): Attempted to unregister already unregistered input channel '4ec9cd68 cn.dcpai.auction/cn.dcpai.auction.MainActivity (server)'
W/InputDispatcher( 1863): Attempted to unregister already unregistered input channel '4e9948e0 cn.dcpai.auction/cn.dcpai.auction.activity.MobileLoginActivity (server)'
W/InputDispatcher( 1863): Attempted to unregister already unregistered input channel '4e940fac cn.dcpai.auction/cn.dcpai.auction.activity.LoginMainActivity (server)'
D/dalvikvm(17961): Trying to load lib libjavacore.so 0x0
I/WindowState( 1863): WIN DEATH: Window{4ec9cd68 u0 cn.dcpai.auction/cn.dcpai.auction.MainActivity}
I/WindowState( 1863): WIN DEATH: Window{4e9948e0 u0 cn.dcpai.auction/cn.dcpai.auction.activity.MobileLoginActivity}
I/WindowState( 1863): WIN DEATH: Window{4e940fac u0 cn.dcpai.auction/cn.dcpai.auction.activity.LoginMainActivity}
D/dalvikvm(17961): Added shared lib libjavacore.so 0x0
D/dalvikvm(17961): Trying to load lib libnativehelper.so 0x0
D/dalvikvm(17961): Added shared lib libnativehelper.so 0x0
D/dalvikvm(17961): No JNI_OnLoad found in libnativehelper.so 0x0, skipping init
D/dalvikvm( 1863): GC_CONCURRENT freed 68K, 37% free 10875K/17212K, paused 1ms+1ms, total 15ms
D/dalvikvm(17961): Note: class Landroid/app/ActivityManagerNative; has 180 unimplemented (abstract) methods
D/dalvikvm( 1863): GC_FOR_ALLOC freed 2587K, 37% free 10872K/17212K, paused 14ms, total 14ms
D/dalvikvm(18281): GC_CONCURRENT freed 376K, 86% free 1147K/8192K, paused 2ms+0ms, total 3ms
E/memtrack(17961): Couldn't load memtrack module (No such file or directory)
E/android.os.Debug(17961): failed to load memtrack module: -2
D/AndroidRuntime(17961): Calling main entry com.android.commands.am.Am
D/dalvikvm( 1863): GC_CONCURRENT freed 2471K, 37% free 10989K/17212K, paused 2ms+1ms, total 28ms
D/dalvikvm( 1863): WAIT_FOR_CONCURRENT_GC blocked 17ms
D/dalvikvm( 1863): WAIT_FOR_CONCURRENT_GC blocked 27ms
D/dalvikvm( 1863): GC_FOR_ALLOC freed 2716K, 37% free 10891K/17212K, paused 12ms, total 12ms
D/AndroidRuntime(17961): Shutting down VM
D/dalvikvm(17961): GC_CONCURRENT freed 121K, 18% free 586K/712K, paused 0ms+0ms, total 0ms
W/System  (17961): A resource was acquired at attached stack trace but never released. See java.io.Closeable for information on avoiding resource leaks.
W/System  (17961): java.lang.Throwable: Explicit termination method 'close' not called
W/System  (17961): 	at dalvik.system.CloseGuard.open(CloseGuard.java:184)
W/System  (17961): 	at java.io.FileInputStream.<init>(FileInputStream.java:80)
W/System  (17961): 	at java.io.FileInputStream.<init>(FileInputStream.java:105)
W/System  (17961): 	at java.io.FileReader.<init>(FileReader.java:66)
W/System  (17961): 	at android.util.BstUtils.readFile(BstUtils.java:22)
W/System  (17961): 	at android.util.BstUtils.getAppNameFromPid(BstUtils.java:52)
W/System  (17961): 	at android.os.SystemProperties.bstHackForApps(SystemProperties.java:202)
W/System  (17961): 	at android.os.SystemProperties.getInt(SystemProperties.java:99)
W/System  (17961): 	at android.os.Build.<clinit>(Build.java:490)
W/System  (17961): 	at android.os.StrictMode.<clinit>(StrictMode.java:120)
W/System  (17961): 	at dalvik.system.NativeStart.main(Native Method)
W/System  (17961): 	at dalvik.system.NativeStart.main(Native Method)
I/dalvikvm(18329): Could not find method com.google.android.gms.common.GoogleApiAvailability.getInstance, referenced from method com.hyphenate.chat.EMPushHelper.checkAvailablePushService
W/dalvikvm(18329): VFY: unable to resolve static method 11220: Lcom/google/android/gms/common/GoogleApiAvailability;.getInstance ()Lcom/google/android/gms/common/GoogleApiAvailability;
D/dalvikvm(18329): VFY: replacing opcode 0x71 at 0x0045
I/dalvikvm(18329): Could not find method com.xiaomi.mipush.sdk.MiPushClient.shouldUseMIUIPush, referenced from method com.hyphenate.chat.EMPushHelper.checkAvailablePushService
W/dalvikvm(18329): VFY: unable to resolve static method 31119: Lcom/xiaomi/mipush/sdk/MiPushClient;.shouldUseMIUIPush (Landroid/content/Context;)Z
D/dalvikvm(18329): VFY: replacing opcode 0x71 at 0x00ad
I/dalvikvm(18329): Could not find method com.xiaomi.mipush.sdk.MiPushClient.registerPush, referenced from method com.hyphenate.chat.EMPushHelper.getDeviceToken
W/dalvikvm(18329): VFY: unable to resolve static method 31118: Lcom/xiaomi/mipush/sdk/MiPushClient;.registerPush (Landroid/content/Context;Ljava/lang/String;Ljava/lang/String;)V
D/dalvikvm(18329): VFY: replacing opcode 0x71 at 0x0030
E/dalvikvm(18329): Could not find class 'com.hyphenate.chat.EMCallManager', referenced from method com.hyphenate.chat.EMClient.callManager
W/dalvikvm(18329): VFY: unable to resolve new-instance 1254 (Lcom/hyphenate/chat/EMCallManager;) in Lcom/hyphenate/chat/EMClient;
D/dalvikvm(18329): VFY: replacing opcode 0x22 at 0x0004
W/dalvikvm(18329): VFY: unable to find class referenced in signature (Lcom/hyphenate/chat/EMCallManager;)
E/dalvikvm(18329): Could not find class 'android.app.job.JobScheduler', referenced from method com.hyphenate.chat.EMClient.cancelJob
W/dalvikvm(18329): VFY: unable to resolve check-cast 30 (Landroid/app/job/JobScheduler;) in Lcom/hyphenate/chat/EMClient;
D/dalvikvm(18329): VFY: replacing opcode 0x1f at 0x0031
E/dalvikvm(18329): Could not find class 'com.hyphenate.chat.EMConferenceManager', referenced from method com.hyphenate.chat.EMClient.conferenceManager
W/dalvikvm(18329): VFY: unable to resolve new-instance 1312 (Lcom/hyphenate/chat/EMConferenceManager;) in Lcom/hyphenate/chat/EMClient;
D/dalvikvm(18329): VFY: replacing opcode 0x22 at 0x0004
W/dalvikvm(18329): VFY: unable to find class referenced in signature (Lcom/hyphenate/chat/EMConferenceManager;)
W/dalvikvm(18329): Unable to resolve superclass of Lcom/hyphenate/chat/EMJobService; (46)
W/dalvikvm(18329): Link of class 'Lcom/hyphenate/chat/EMJobService;' failed
E/dalvikvm(18329): Could not find class 'com.hyphenate.chat.EMJobService', referenced from method com.hyphenate.chat.EMClient.scheduleJob
W/dalvikvm(18329): VFY: unable to resolve const-class 1325 (Lcom/hyphenate/chat/EMJobService;) in Lcom/hyphenate/chat/EMClient;
D/dalvikvm(18329): VFY: replacing opcode 0x1c at 0x002f
D/dalvikvm(18329): DexOpt: unable to opt direct call 0x10ba at 0x0c in Lcom/hyphenate/chat/EMClient;.callManager
D/dalvikvm(18329): DexOpt: unable to opt direct call 0x11ad at 0x0c in Lcom/hyphenate/chat/EMClient;.conferenceManager
D/dalvikvm(18329): DexOpt: unable to opt direct call 0x0029 at 0x48 in Lcom/hyphenate/chat/EMClient;.scheduleJob
D/dalvikvm(18329): Trying to load lib /data/app-lib/cn.dcpai.auction-1/libsqlite.so 0x9cfb3578
D/dalvikvm(18329): Added shared lib /data/app-lib/cn.dcpai.auction-1/libsqlite.so 0x9cfb3578
D/dalvikvm(18329): No JNI_OnLoad found in /data/app-lib/cn.dcpai.auction-1/libsqlite.so 0x9cfb3578, skipping init
D/dalvikvm(18329): Trying to load lib /data/app-lib/cn.dcpai.auction-1/libhyphenate.so 0x9cfb3578
D/dalvikvm( 1863): GC_CONCURRENT freed 2559K, 37% free 10935K/17212K, paused 2ms+1ms, total 18ms
D/dalvikvm( 1863): WAIT_FOR_CONCURRENT_GC blocked 15ms
D/dalvikvm( 1863): WAIT_FOR_CONCURRENT_GC blocked 3ms
D/dalvikvm( 1863): GC_FOR_ALLOC freed 2657K, 37% free 10869K/17212K, paused 11ms, total 12ms
D/dalvikvm(18329): Added shared lib /data/app-lib/cn.dcpai.auction-1/libhyphenate.so 0x9cfb3578
D/dalvikvm( 1863): GC_CONCURRENT freed 2493K, 37% free 10974K/17212K, paused 0ms+1ms, total 22ms
D/dalvikvm( 1863): WAIT_FOR_CONCURRENT_GC blocked 11ms
D/dalvikvm( 1863): WAIT_FOR_CONCURRENT_GC blocked 11ms
D/dalvikvm( 1863): WAIT_FOR_CONCURRENT_GC blocked 11ms
D/dalvikvm( 1863): WAIT_FOR_CONCURRENT_GC blocked 17ms
D/dalvikvm( 1863): GC_FOR_ALLOC freed 2661K, 37% free 10918K/17212K, paused 15ms, total 15ms
D/hyphenate(18329): start monitor
D/dalvikvm( 1863): GC_CONCURRENT freed 2588K, 37% free 10940K/17212K, paused 0ms+1ms, total 12ms
D/dalvikvm( 1863): WAIT_FOR_CONCURRENT_GC blocked 9ms
D/hyphenate(18672): start creating MyService
D/dalvikvm( 1863): GC_CONCURRENT freed 2540K, 37% free 10985K/17212K, paused 0ms+1ms, total 18ms
D/dalvikvm( 1863): WAIT_FOR_CONCURRENT_GC blocked 18ms
D/dalvikvm(18281): GC_CONCURRENT freed 410K, 87% free 1139K/8192K, paused 3ms+0ms, total 4ms
D/dalvikvm( 1863): GC_FOR_ALLOC freed 2700K, 37% free 10912K/17212K, paused 20ms, total 20ms
D/dalvikvm( 1863): WAIT_FOR_CONCURRENT_GC blocked 47ms
D/dalvikvm( 1863): GC_CONCURRENT freed 2593K, 37% free 10918K/17212K, paused 3ms+0ms, total 17ms
D/dalvikvm( 1863): WAIT_FOR_CONCURRENT_GC blocked 4ms
D/dalvikvm( 1863): WAIT_FOR_CONCURRENT_GC blocked 11ms
D/dalvikvm( 1863): GC_FOR_ALLOC freed 2551K, 37% free 10949K/17212K, paused 12ms, total 12ms
D/dalvikvm( 1863): GC_FOR_ALLOC freed 2631K, 37% free 10910K/17212K, paused 13ms, total 13ms
D/dalvikvm( 1863): GC_CONCURRENT freed 2557K, 37% free 10958K/17212K, paused 1ms+1ms, total 15ms
D/dalvikvm( 1863): WAIT_FOR_CONCURRENT_GC blocked 13ms
D/dalvikvm( 1863): GC_FOR_ALLOC freed 2628K, 37% free 10927K/17212K, paused 14ms, total 14ms
D/dalvikvm( 1863): WAIT_FOR_CONCURRENT_GC blocked 24ms
D/dalvikvm(18281): GC_CONCURRENT freed 384K, 87% free 1139K/8192K, paused 1ms+0ms, total 3ms
D/dalvikvm( 1863): GC_CONCURRENT freed 2576K, 37% free 10953K/17212K, paused 1ms+3ms, total 19ms
D/dalvikvm( 1863): WAIT_FOR_CONCURRENT_GC blocked 15ms
D/dalvikvm( 1863): WAIT_FOR_CONCURRENT_GC blocked 15ms
D/dalvikvm( 1863): GC_CONCURRENT freed 2642K, 37% free 10928K/17212K, paused 1ms+1ms, total 15ms
D/dalvikvm( 1863): WAIT_FOR_CONCURRENT_GC blocked 14ms
D/dalvikvm( 1863): WAIT_FOR_CONCURRENT_GC blocked 13ms
D/dalvikvm( 1863): GC_FOR_ALLOC freed 2589K, 37% free 10942K/17212K, paused 13ms, total 13ms
D/XgStat  ( 1978): [XgStat(29): ProGuard:651] - sentEventList size:1
D/dalvikvm(18281): GC_CONCURRENT freed 423K, 87% free 1126K/8192K, paused 0ms+0ms, total 1ms
D/dalvikvm( 1863): GC_CONCURRENT freed 2598K, 37% free 10957K/17212K, paused 2ms+1ms, total 19ms
D/dalvikvm( 1863): WAIT_FOR_CONCURRENT_GC blocked 14ms
D/dalvikvm( 1863): WAIT_FOR_CONCURRENT_GC blocked 15ms
D/dalvikvm( 1863): GC_CONCURRENT freed 2628K, 37% free 10932K/17212K, paused 1ms+1ms, total 15ms
D/dalvikvm( 1863): WAIT_FOR_CONCURRENT_GC blocked 14ms
D/dalvikvm(18281): GC_CONCURRENT freed 370K, 87% free 1139K/8192K, paused 1ms+0ms, total 2ms
D/dalvikvm( 1863): GC_CONCURRENT freed 2624K, 37% free 10922K/17212K, paused 0ms+1ms, total 12ms
D/dalvikvm( 1863): WAIT_FOR_CONCURRENT_GC blocked 10ms
D/dalvikvm( 1863): WAIT_FOR_CONCURRENT_GC blocked 11ms
D/dalvikvm( 1863): WAIT_FOR_CONCURRENT_GC blocked 6ms
D/dalvikvm( 1863): GC_CONCURRENT freed 2619K, 37% free 10916K/17212K, paused 2ms+1ms, total 14ms
D/dalvikvm( 1863): WAIT_FOR_CONCURRENT_GC blocked 22ms
D/dalvikvm( 1863): WAIT_FOR_CONCURRENT_GC blocked 10ms
D/dalvikvm( 1863): WAIT_FOR_CONCURRENT_GC blocked 11ms
D/dalvikvm( 1863): WAIT_FOR_CONCURRENT_GC blocked 13ms
D/dalvikvm( 1863): GC_FOR_ALLOC freed 2530K, 37% free 10973K/17212K, paused 16ms, total 16ms
D/dalvikvm(18281): GC_CONCURRENT freed 409K, 87% free 1140K/8192K, paused 0ms+0ms, total 1ms
D/dalvikvm( 1863): GC_CONCURRENT freed 2594K, 37% free 11002K/17212K, paused 0ms+3ms, total 18ms
D/dalvikvm( 1863): WAIT_FOR_CONCURRENT_GC blocked 12ms
D/dalvikvm( 1863): WAIT_FOR_CONCURRENT_GC blocked 12ms
D/dalvikvm( 1863): GC_FOR_ALLOC freed 2696K, 37% free 10935K/17212K, paused 12ms, total 12ms
D/dalvikvm( 1863): GC_CONCURRENT freed 2451K, 36% free 11058K/17212K, paused 1ms+1ms, total 19ms
D/dalvikvm( 1863): WAIT_FOR_CONCURRENT_GC blocked 17ms
D/dalvikvm( 1863): GC_CONCURRENT freed 2742K, 37% free 10940K/17212K, paused 0ms+2ms, total 21ms
D/dalvikvm( 1863): WAIT_FOR_CONCURRENT_GC blocked 21ms
D/dalvikvm(18281): GC_CONCURRENT freed 422K, 87% free 1141K/8192K, paused 2ms+0ms, total 5ms
D/dalvikvm( 1863): GC_CONCURRENT freed 2594K, 37% free 10941K/17212K, paused 1ms+2ms, total 15ms
D/dalvikvm( 1863): WAIT_FOR_CONCURRENT_GC blocked 14ms
D/dalvikvm( 1863): GC_CONCURRENT freed 2582K, 37% free 10923K/17212K, paused 1ms+2ms, total 15ms
D/dalvikvm( 1863): WAIT_FOR_CONCURRENT_GC blocked 13ms
D/dalvikvm(18281): GC_CONCURRENT freed 385K, 87% free 1139K/8192K, paused 2ms+0ms, total 3ms
D/dalvikvm( 1863): GC_CONCURRENT freed 2648K, 37% free 10886K/17212K, paused 1ms+1ms, total 16ms
D/dalvikvm( 1863): WAIT_FOR_CONCURRENT_GC blocked 14ms
D/dalvikvm( 1863): GC_FOR_ALLOC freed 2537K, 37% free 10924K/17212K, paused 13ms, total 13ms
D/dalvikvm( 1863): WAIT_FOR_CONCURRENT_GC blocked 18ms
D/dalvikvm( 1863): GC_CONCURRENT freed 2429K, 36% free 11057K/17212K, paused 1ms+1ms, total 15ms
D/dalvikvm( 1863): WAIT_FOR_CONCURRENT_GC blocked 7ms
D/dalvikvm( 1863): WAIT_FOR_CONCURRENT_GC blocked 38ms
D/dalvikvm( 1863): GC_FOR_ALLOC freed 2756K, 37% free 10946K/17212K, paused 12ms, total 12ms
D/dalvikvm(18281): GC_CONCURRENT freed 422K, 87% free 1127K/8192K, paused 0ms+0ms, total 1ms
D/dalvikvm( 1863): GC_CONCURRENT freed 2578K, 37% free 10985K/17212K, paused 0ms+1ms, total 16ms
D/dalvikvm( 1863): WAIT_FOR_CONCURRENT_GC blocked 15ms
D/dalvikvm( 1863): GC_FOR_ALLOC freed 2633K, 37% free 10927K/17212K, paused 11ms, total 11ms
D/dalvikvm( 1863): GC_CONCURRENT freed 2517K, 37% free 10987K/17212K, paused 0ms+2ms, total 15ms
D/dalvikvm( 1863): WAIT_FOR_CONCURRENT_GC blocked 14ms
D/dalvikvm(18281): GC_CONCURRENT freed 371K, 87% free 1139K/8192K, paused 1ms+0ms, total 2ms
D/dalvikvm( 1863): GC_FOR_ALLOC freed 2681K, 37% free 10928K/17212K, paused 12ms, total 12ms
D/dalvikvm( 1863): GC_CONCURRENT freed 2521K, 37% free 10969K/17212K, paused 0ms+1ms, total 13ms
D/dalvikvm( 1863): WAIT_FOR_CONCURRENT_GC blocked 12ms
D/dalvikvm( 1863): GC_CONCURRENT freed 2623K, 37% free 10930K/17212K, paused 0ms+0ms, total 11ms
D/dalvikvm( 1863): WAIT_FOR_CONCURRENT_GC blocked 11ms
D/dalvikvm( 1863): GC_FOR_ALLOC freed 2605K, 37% free 10930K/17212K, paused 10ms, total 11ms
D/dalvikvm( 1863): GC_CONCURRENT freed 2585K, 37% free 10931K/17212K, paused 0ms+1ms, total 11ms
D/dalvikvm( 1863): WAIT_FOR_CONCURRENT_GC blocked 11ms
D/dalvikvm(18281): GC_CONCURRENT freed 410K, 87% free 1139K/8192K, paused 1ms+0ms, total 2ms
D/dalvikvm( 1863): GC_CONCURRENT freed 2478K, 36% f