D/dalvikvm( 1863): WAIT_FOR_CONCURRENT_GC blocked 14ms
D/dalvikvm( 1863): GC_CONCURRENT freed 2578K, 37% free 10985K/17212K, paused 0ms+1ms, total 12ms
D/dalvikvm( 1863): WAIT_FOR_CONCURRENT_GC blocked 12ms
D/dalvikvm(18281): GC_CONCURRENT freed 425K, 87% free 1134K/8192K, paused 0ms+0ms, total 1ms
D/dalvikvm( 1863): GC_CONCURRENT freed 2584K, 37% free 10986K/17212K, paused 1ms+1ms, total 14ms
D/dalvikvm( 1863): WAIT_FOR_CONCURRENT_GC blocked 13ms
D/dalvikvm( 1863): WAIT_FOR_CONCURRENT_GC blocked 53ms
D/dalvikvm( 1863): GC_FOR_ALLOC freed 2514K, 37% free 11012K/17212K, paused 10ms, total 10ms
D/dalvikvm( 1863): GC_CONCURRENT freed 2521K, 36% free 11124K/17212K, paused 0ms+1ms, total 10ms
D/dalvikvm( 1863): WAIT_FOR_CONCURRENT_GC blocked 9ms
D/dalvikvm( 1863): WAIT_FOR_CONCURRENT_GC blocked 9ms
D/dalvikvm( 1863): GC_CONCURRENT freed 2661K, 36% free 11123K/17212K, paused 0ms+0ms, total 10ms
D/dalvikvm( 1863): WAIT_FOR_CONCURRENT_GC blocked 11ms
D/dalvikvm( 1863): WAIT_FOR_CONCURRENT_GC blocked 15ms
D/dalvikvm( 1863): GC_CONCURRENT freed 2832K, 37% free 10943K/17212K, paused 0ms+1ms, total 10ms
D/dalvikvm( 1863): WAIT_FOR_CONCURRENT_GC blocked 9ms
D/dalvikvm( 1863): WAIT_FOR_CONCURRENT_GC blocked 10ms
D/dalvikvm( 1863): GC_FOR_ALLOC freed 2468K, 37% free 10995K/17212K, paused 11ms, total 11ms
D/dalvikvm( 1863): GC_FOR_ALLOC freed 2680K, 37% free 10939K/17212K, paused 12ms, total 13ms
D/dalvikvm( 1863): GC_FOR_ALLOC freed 2459K, 36% free 11065K/17212K, paused 11ms, total 11ms
D/dalvikvm(18281): GC_CONCURRENT freed 418K, 87% free 1121K/8192K, paused 1ms+0ms, total 1ms
D/dalvikvm( 1863): GC_CONCURRENT freed 2477K, 35% free 11232K/17212K, paused 5ms+1ms, total 19ms
D/dalvikvm( 1863): WAIT_FOR_CONCURRENT_GC blocked 12ms
D/dalvikvm( 1863): WAIT_FOR_CONCURRENT_GC blocked 12ms
D/dalvikvm( 1863): GC_CONCURRENT freed 2962K, 37% free 10959K/17212K, paused 1ms+0ms, total 13ms
D/dalvikvm( 1863): WAIT_FOR_CONCURRENT_GC blocked 10ms
D/dalvikvm( 1863): WAIT_FOR_CONCURRENT_GC blocked 12ms
D/dalvikvm( 1863): WAIT_FOR_CONCURRENT_GC blocked 12ms
D/dalvikvm( 1863): WAIT_FOR_CONCURRENT_GC blocked 14ms
D/BstCommandProcessor-Service( 2064): startService called with arg: notification
D/BstCommandProcessor-Service( 2064): New Notification has been observed, informing frontend now
D/dalvikvm( 2064): GC_FOR_ALLOC freed 943K, 25% free 7000K/9260K, paused 2ms, total 4ms
E/JavaBinder( 1863): !!! FAILED BINDER TRANSACTION !!!
D/dalvikvm( 1863): GC_CONCURRENT freed 2619K, 37% free 10958K/17212K, paused 2ms+12ms, total 26ms
D/dalvikvm( 1863): WAIT_FOR_CONCURRENT_GC blocked 23ms
D/dalvikvm(18281): GC_CONCURRENT freed 393K, 87% free 1132K/8192K, paused 2ms+0ms, total 3ms
D/BstCommandProcessor-Service( 2064): startService called with arg: notification
D/BstCommandProcessor-Service( 2064): New Notification has been observed, informing frontend now
D/NotificationService( 1863): In writeNotificationInfo: pkgName android
E/JavaBinder( 1863): !!! FAILED BINDER TRANSACTION !!!
E/AccessibilityManagerService( 1863): Error during sending EventType: TYPE_NOTIFICATION_STATE_CHANGED; EventTime: 18763594; PackageName: com.tencent.android.qqdownloader; MovementGranularity: 0; Action: 0 [ ClassName: android.app.Notification; Text: []; ContentDescription: null; ItemCount: -1; CurrentItemIndex: -1; IsEnabled: false; IsPassword: false; IsChecked: false; IsFullScreen: false; Scrollable: false; BeforeText: null; FromIndex: -1; ToIndex: -1; ScrollX: -1; ScrollY: -1; MaxScrollX: -1; MaxScrollY: -1; AddedCount: -1; RemovedCount: -1; ParcelableData: Notification(pri=2 contentView=com.tencent.android.qqdownloader/0x7f040197 vibrate=null sound=null defaults=0x0 flags=0xa2 kind=[null]) ]; recordCount: 0 to android.accessibilityservice.IAccessibilityServiceClient$Stub$Proxy@4e9e0f94
E/AccessibilityManagerService( 1863): android.os.TransactionTooLargeException
E/AccessibilityManagerService( 1863): 	at android.os.BinderProxy.transact(Native Method)
E/AccessibilityManagerService( 1863): 	at android.accessibilityservice.IAccessibilityServiceClient$Stub$Proxy.onAccessibilityEvent(IAccessibilityServiceClient.java:151)
E/AccessibilityManagerService( 1863): 	at com.android.server.accessibility.AccessibilityManagerService$Service.notifyAccessibilityEventInternal(AccessibilityManagerService.java:2357)
E/AccessibilityManagerService( 1863): 	at com.android.server.accessibility.AccessibilityManagerService$Service.access$2800(AccessibilityManagerService.java:1694)
E/AccessibilityManagerService( 1863): 	at com.android.server.accessibility.AccessibilityManagerService$Service$1.handleMessage(AccessibilityManagerService.java:1749)
E/AccessibilityManagerService( 1863): 	at android.os.Handler.dispatchMessage(Handler.java:102)
E/AccessibilityManagerService( 1863): 	at android.os.Looper.loop(Looper.java:136)
E/AccessibilityManagerService( 1863): 	at com.android.server.ServerThread.initAndLoop(SystemServer.java:1135)
E/AccessibilityManagerService( 1863): 	at com.android.server.SystemServer.main(SystemServer.java:1229)
E/AccessibilityManagerService( 1863): 	at java.lang.reflect.Method.invokeNative(Native Method)
E/AccessibilityManagerService( 1863): 	at java.lang.reflect.Method.invoke(Method.java:515)
E/AccessibilityManagerService( 1863): 	at com.android.internal.os.ZygoteInit$MethodAndArgsCaller.run(ZygoteInit.java:827)
E/AccessibilityManagerService( 1863): 	at com.android.internal.os.ZygoteInit.main(ZygoteInit.java:643)
E/AccessibilityManagerService( 1863): 	at dalvik.system.NativeStart.main(Native Method)
D/dalvikvm(18281): GC_CONCURRENT freed 422K, 87% free 1133K/8192K, paused 0ms+0ms, total 1ms
I/AppiumUnicodeIME( 2010): onKeyDown (keyCode='67', event.keyCode='67', metaState='0')
I/AppiumUnicodeIME( 2010): onKeyUp (keyCode='67', event.keyCode='67', metaState='0')
D/dalvikvm(18281): GC_CONCURRENT freed 406K, 87% free 1132K/8192K, paused 0ms+0ms, total 1ms
I/QueryController(18281): Matched selector: UiSelector[INSTANCE=0, RESOURCE_ID=cn.dcpai.auction:id/et_password] <<==>> [android.view.accessibility.AccessibilityNodeInfo@2a887; boundsInParent: Rect(0, 0 - 558, 67); boundsInScreen: Rect(81, 343 - 639, 410); packageName: cn.dcpai.auction; className: android.widget.EditText; text: null; contentDescription: null; viewIdResName: cn.dcpai.auction:id/et_password; checkable: false; checked: false; focusable: true; focused: true; selected: false; clickable: true; longClickable: true; enabled: true; password: true; scrollable: false; [ACTION_CLEAR_FOCUS, ACTION_SELECT, ACTION_CLEAR_SELECTION, ACTION_CLICK, ACTION_LONG_CLICK, ACTION_ACCESSIBILITY_FOCUS, ACTION_PASTE]]
D/UiObject(18281): getText() = 
I/QueryController(18281): Matched selector: UiSelector[INSTANCE=0, RESOURCE_ID=cn.dcpai.auction:id/et_password] <<==>> [android.view.accessibility.AccessibilityNodeInfo@2a887; boundsInParent: Rect(0, 0 - 558, 67); boundsInScreen: Rect(81, 343 - 639, 410); packageName: cn.dcpai.auction; className: android.widget.EditText; text: null; contentDescription: null; viewIdResName: cn.dcpai.auction:id/et_password; checkable: false; checked: false; focusable: true; focused: true; selected: false; clickable: true; longClickable: true; enabled: true; password: true; scrollable: false; [ACTION_CLEAR_FOCUS, ACTION_SELECT, ACTION_CLEAR_SELECTION, ACTION_CLICK, ACTION_LONG_CLICK, ACTION_ACCESSIBILITY_FOCUS, ACTION_PASTE]]
D/UiObject(18281): getText() = 
D/dalvikvm(18281): GC_CONCURRENT freed 422K, 87% free 1132K/8192K, paused 0ms+0ms, total 1ms
I/QueryController(18281): Matched selector: UiSelector[INSTANCE=0, RESOURCE_ID=cn.dcpai.auction:id/et_password] <<==>> [android.view.accessibility.AccessibilityNodeInfo@2a887; boundsInParent: Rect(0, 0 - 558, 67); boundsInScreen: Rect(81, 343 - 639, 410); packageName: cn.dcpai.auction; className: android.widget.EditText; text: null; contentDescription: null; viewIdResName: cn.dcpai.auction:id/et_password; checkable: false; checked: false; focusable: true; focused: true; selected: false; clickable: true; longClickable: true; enabled: true; password: true; scrollable: false; [ACTION_CLEAR_FOCUS, ACTION_SELECT, ACTION_CLEAR_SELECTION, ACTION_CLICK, ACTION_LONG_CLICK, ACTION_ACCESSIBILITY_FOCUS, ACTION_PASTE]]
D/dalvikvm(18281): GC_CONCURRENT freed 418K, 87% free 1134K/8192K, paused 0ms+0ms, total 1ms
D/dalvikvm(18329): GC_CONCURRENT freed 8072K, 34% free 26040K/38984K, paused 1ms+0ms, total 14ms
D/dalvikvm(18281): GC_CONCURRENT freed 405K, 87% free 1133K/8192K, paused 1ms+0ms, total 2ms
D/dalvikvm(18281): GC_CONCURRENT freed 413K, 87% free 1125K/8192K, paused 1ms+0ms, total 2ms
D/dalvikvm(18281): GC_CONCURRENT freed 396K, 87% free 1133K/8192K, paused 0ms+0ms, total 1ms
D/dalvikvm(18281): GC_CONCURRENT freed 404K, 87% free 1134K/8192K, paused 0ms+0ms, total 1ms
D/dalvikvm( 1863): GC_CONCURRENT freed 4353K, 47% free 9213K/17212K, paused 1ms+1ms, total 15ms
D/dalvikvm( 1863): WAIT_FOR_CONCURRENT_GC blocked 13ms
D/dalvikvm( 1863): GC_CONCURRENT freed 2179K, 47% free 9215K/17212K, paused 0ms+2ms, total 11ms
D/dalvikvm( 1863): WAIT_FOR_CONCURRENT_GC blocked 11ms
D/dalvikvm( 1863): GC_CONCURRENT freed 2169K, 47% free 9224K/17212K, paused 1ms+0ms, total 11ms
D/dalvikvm( 1863): WAIT_FOR_CONCURRENT_GC blocked 10ms
D/dalvikvm( 1863): GC_CONCURRENT freed 2219K, 47% free 9190K/17212K, paused 1ms+1ms, total 12ms
D/dalvikvm( 1863): WAIT_FOR_CONCURRENT_GC blocked 11ms
D/dalvikvm(18281): GC_CONCURRENT freed 408K, 87% free 1134K/8192K, paused 0ms+0ms, total 1ms
D/dalvikvm(18281): GC_CONCURRENT freed 405K, 87% free 1133K/8192K, paused 0ms+0ms, total 1ms
D/dalvikvm(18281): GC_CONCURRENT freed 414K, 87% free 1122K/8192K, paused 0ms+0ms, total 1ms
D/dalvikvm(18281): GC_CONCURRENT freed 393K, 87% free 1133K/8192K, paused 0ms+0ms, total 1ms
D/dalvikvm(18281): GC_CONCURRENT freed 405K, 87% free 1133K/8192K, paused 0ms+0ms, total 1ms
D/dalvikvm(18281): GC_CONCURRENT freed 405K, 87% free 1133K/8192K, paused 0ms+0ms, total 1ms
D/dalvikvm(18281): GC_CONCURRENT freed 404K, 87% free 1134K/8192K, paused 0ms+0ms, total 1ms
D/dalvikvm(18281): GC_CONCURRENT freed 405K, 87% free 1133K/8192K, paused 0ms+0ms, total 1ms
D/dalvikvm(18281): GC_CONCURRENT freed 404K, 87% free 1133K/8192K, paused 1ms+1ms, total 2ms
D/dalvikvm(18281): GC_CONCURRENT freed 405K, 87% free 1133K/8192K, paused 0ms+1ms, total 1ms
D/dalvikvm(18281): GC_CONCURRENT freed 405K, 87% free 1133K/8192K, paused 0ms+0ms, total 1ms
D/dalvikvm(18281): GC_CONCURRENT freed 403K, 87% free 1133K/8192K, paused 0ms+0ms, total 1ms
D/dalvikvm(18281): GC_CONCURRENT freed 418K, 87% free 1121K/8192K, paused 1ms+0ms, total 2ms
D/dalvikvm(18281): GC_CONCURRENT freed 392K, 87% free 1134K/8192K, paused 1ms+0ms, total 1ms
D/dalvikvm(18281): GC_CONCURRENT freed 405K, 87% free 1134K/8192K, paused 0ms+0ms, total 1ms
D/dalvikvm(18281): GC_CONCURRENT freed 405K, 87% free 1133K/8192K, paused 0ms+1ms, total 1ms
D/dalvikvm(18281): GC_CONCURRENT freed 405K, 87% free 1133K/8192K, paused 1ms+0ms, total 2ms
D/dalvikvm(18281): GC_CONCURRENT freed 416K, 87% free 1122K/8192K, paused 0ms+0ms, total 1ms
D/dalvikvm(18281): GC_CONCURRENT freed 393K, 87% free 1134K/8192K, paused 0ms+0ms, total 1ms
D/dalvikvm(18281): GC_CONCURRENT freed 405K, 87% free 1134K/8192K, paused 0ms+0ms, total 1ms
I/AppiumUnicodeIME( 2010): onKeyDown (keyCode='67', event.keyCode='67', metaState='0')
I/AppiumUnicodeIME( 2010): onKeyUp (keyCode='67', event.keyCode='67', metaState='0')
I/AppiumUnicodeIME( 2010): onKeyDown (keyCode='8', event.keyCode='8', metaState='0')
V/WindowManager( 1863): isVisibleLw false for win : Window{4ea51628 u0 PopupWindow:4f785f78 EXITING}
V/WindowManager( 1863): isVisibleLw false for win : Window{4ea6d244 u0 PopupWindow:4f786070 EXITING}
V/WindowManager( 1863): isVisibleLw false for win : Window{4ea51628 u0 PopupWindow:4f785f78 EXITING}
I/AppiumUnicodeIME( 2010): onKeyUp (keyCode='8', event.keyCode='8', metaState='0')
I/AppiumUnicodeIME( 2010): onKeyDown (keyCode='9', event.keyCode='9', metaState='0')
I/AppiumUnicodeIME( 2010): onKeyUp (keyCode='9', event.keyCode='9', metaState='0')
I/AppiumUnicodeIME( 2010): onKeyDown (keyCode='10', event.keyCode='10', metaState='0')
I/AppiumUnicodeIME( 2010): onKeyUp (keyCode='10', event.keyCode='10', metaState='0')
I/AppiumUnicodeIME( 2010): onKeyDown (keyCode='11', event.keyCode='11', metaState='0')
I/AppiumUnicodeIME( 2010): onKeyUp (keyCode='11', event.keyCode='11', metaState='0')
D/dalvikvm(18281): GC_CONCURRENT freed 397K, 87% free 1122K/8192K, paused 0ms+0ms, total 1ms
I/AppiumUnicodeIME( 2010): onKeyDown (keyCode='12', event.keyCode='12', metaState='0')
I/AppiumUnicodeIME( 2010): onKeyUp (keyCode='12', event.keyCode='12', metaState='0')
D/dalvikvm( 1863): GC_CONCURRENT freed 2144K, 47% free 9225K/17212K, paused 1ms+4ms, total 21ms
D/dalvikvm( 1863): WAIT_FOR_CONCURRENT_GC blocked 15ms
D/dalvikvm( 1863): WAIT_FOR_CONCURRENT_GC blocked 21ms
D/dalvikvm( 1863): GC_CONCURRENT freed 2195K, 47% free 9216K/17212K, paused 0ms+2ms, total 15ms
D/dalvikvm( 1863): WAIT_FOR_CONCURRENT_GC blocked 13ms
I/AppiumUnicodeIME( 2010): onKeyDown (keyCode='13', event.keyCode='13', metaState='0')
D/dalvikvm( 1863): GC_FOR_ALLOC freed 2194K, 47% free 9200K/17212K, paused 11ms, total 11ms
V/WindowManager( 1863): isVisibleLw false for win : Window{4ea6d244 u0 PopupWindow:4f786070 EXITING}
D/dalvikvm( 1863): GC_CONCURRENT freed 2125K, 47% free 9243K/17212K, paused 2ms+1ms, total 22ms
D/dalvikvm( 1863): WAIT_FOR_CONCURRENT_GC blocked 7ms
I/AppiumUnicodeIME( 2010): onKeyUp (keyCode='13', event.keyCode='13', metaState='0')
I/AppiumUnicodeIME( 2010): onKeyDown (keyCode='14', event.keyCode='14', metaState='0')
I/AppiumUnicodeIME( 2010): onKeyUp (keyCode='14', event.keyCode='14', metaState='0')
I/QueryController(18281): Matched selector: UiSelector[INSTANCE=0, RESOURCE_ID=cn.dcpai.auction:id/btn_login] <<==>> [android.view.accessibility.AccessibilityNodeInfo@2ac48; boundsInParent: Rect(0, 0 - 566, 92); boundsInScreen: Rect(77, 508 - 643, 600); packageName: cn.dcpai.auction; className: android.widget.Button; text: 登录; contentDescription: null; viewIdResName: cn.dcpai.auction:id/btn_login; checkable: false; checked: false; focusable: true; focused: false; selected: false; clickable: true; longClickable: false; enabled: true; password: false; scrollable: false; [ACTION_FOCUS, ACTION_SELECT, ACTION_CLEAR_SELECTION, ACTION_CLICK, ACTION_ACCESSIBILITY_FOCUS, ACTION_NEXT_AT_MOVEMENT_GRANULARITY, ACTION_PREVIOUS_AT_MOVEMENT_GRANULARITY, ACTION_SET_SELECTION]]
D/InteractionController(18281): clickAndSync(360, 554)
D/dalvikvm(18281): GC_CONCURRENT freed 395K, 87% free 1133K/8192K, paused 0ms+1ms, total 1ms
D/dalvikvm(18281): GC_CONCURRENT freed 405K, 87% free 1133K/8192K, paused 0ms+0ms, total 1ms
D/dalvikvm(18281): GC_CONCURRENT freed 404K, 87% free 1133K/8192K, paused 1ms+0ms, total 2ms
D/dalvikvm(18281): GC_CONCURRENT freed 405K, 87% free 1133K/8192K, paused 0ms+0ms, total 1ms
D/dalvikvm(18281): GC_CONCURRENT freed 404K, 87% free 1133K/8192K, paused 0ms+0ms, total 1ms
D/audio_hw_primary( 1520): found out /dev/snd/pcmC0D0p
D/PRETTY_LOGGER-NetworkManager(18329): ┌────────────────────────────────────────────────────────────────────────────────────────────────────────────────
D/PRETTY_LOGGER-NetworkManager(18329): │ Thread: main
D/PRETTY_LOGGER-NetworkManager(18329): ├┄┄┄┄┄┄┄┄┄┄┄┄┄┄┄┄┄┄┄┄┄┄┄┄┄┄┄┄┄┄┄┄┄┄┄┄┄┄┄┄┄┄┄┄┄┄┄┄┄┄┄┄┄┄┄┄┄┄┄┄┄┄┄┄┄┄┄┄┄┄┄┄┄┄┄┄┄┄┄┄┄┄┄┄┄┄┄┄┄┄┄┄┄┄┄┄┄┄┄┄┄┄┄┄┄┄┄┄┄┄┄┄
D/PRETTY_LOGGER-NetworkManager(18329): │ MobileLoginActivity.onClick  (MobileLoginActivity.java:147)
D/PRETTY_LOGGER-NetworkManager(18329): │    DcFactory.login  (DcFactory.java:333)
D/PRETTY_LOGGER-NetworkManager(18329): │       NetworkManager.login  (NetworkManager.java:622)
D/PRETTY_LOGGER-NetworkManager(18329): │          NetworkManager.baseRequest  (NetworkManager.java:3600)
D/PRETTY_LOGGER-NetworkManager(18329): ├┄┄┄┄┄┄┄┄┄┄┄┄┄┄┄┄┄┄┄┄┄┄┄┄┄┄┄┄┄┄┄┄┄┄┄┄┄┄┄┄┄┄┄┄┄┄┄┄┄┄┄┄┄┄┄┄┄┄┄┄┄┄┄┄┄┄┄┄┄┄┄┄┄┄┄┄┄┄┄┄┄┄┄┄┄┄┄┄┄┄┄┄┄┄┄┄┄┄┄┄┄┄┄┄┄┄┄┄┄┄┄┄
D/PRETTY_LOGGER-NetworkManager(18329): │ url is http://train-h5.dcpai.cn/app/interface/mobile/pmall/loginByPhone_220
D/PRETTY_LOGGER-NetworkManager(18329): └────────────────────────────────────────────────────────────────────────────────────────────────────────────────
D/PRETTY_LOGGER-NetworkManager(18329): ┌────────────────────────────────────────────────────────────────────────────────────────────────────────────────
D/PRETTY_LOGGER-NetworkManager(18329): │ Thread: main
D/PRETTY_LOGGER-NetworkManager(18329): ├┄┄┄┄┄┄┄┄┄┄┄┄┄┄┄┄┄┄┄┄┄┄┄┄┄┄┄┄┄┄┄┄┄┄┄┄┄┄┄┄┄┄┄┄┄┄┄┄┄┄┄┄┄┄┄┄┄┄┄┄┄┄┄┄┄┄┄┄┄┄┄┄┄┄┄┄┄┄┄┄┄┄┄┄┄┄┄┄┄┄┄┄┄┄┄┄┄┄┄┄┄┄┄┄┄┄┄┄┄┄┄┄
D/PRETTY_LOGGER-NetworkManager(18329): │ MobileLoginActivity.onClick  (MobileLoginActivity.java:147)
D/PRETTY_LOGGER-NetworkManager(18329): │    DcFactory.login  (DcFactory.java:333)
D/PRETTY_LOGGER-NetworkManager(18329): │       NetworkManager.login  (NetworkManager.java:622)
D/PRETTY_LOGGER-NetworkManager(18329): │          NetworkManager.baseRequest  (NetworkManager.java:3663)
D/PRETTY_LOGGER-NetworkManager(18329): ├┄┄┄┄┄┄┄┄┄┄┄┄┄┄┄┄┄┄┄┄┄┄┄┄┄┄┄┄┄┄┄┄┄┄┄┄┄┄┄┄┄┄┄┄┄┄┄┄┄┄┄┄┄┄┄┄┄┄┄┄┄┄┄┄┄┄┄┄┄┄┄┄┄┄┄┄┄┄┄┄┄┄┄┄┄┄┄┄┄┄┄┄┄┄┄┄┄┄┄┄┄┄┄┄┄┄┄┄┄┄┄┄
D/PRETTY_LOGGER-NetworkManager(18329): │ NetworkManager
D/PRETTY_LOGGER-NetworkManager(18329): └────────────────────────────────────────────────────────────────────────────────────────────────────────────────
I/AppiumUnicodeIME( 2010): onFinishInput
I/AppiumUnicodeIME( 2010): onStartInput
D/InputMethodManagerService( 1863): packageName=cn.dcpai.auction, activityName=.activity.MobileLoginActivity
E/Volley  (18329): [548] BasicNetwork.performRequest: Unexpected response code 403 for http://train-h5.dcpai.cn/app/interface/mobile/pmall/loginByPhone_220
E/Volley  (18329): [548] BasicNetwork.performRequest: Unexpected response code 403 for http://train-h5.dcpai.cn/app/interface/mobile/pmall/loginByPhone_220
D/NetworkManager(18329): http://train-h5.dcpai.cn/app/interface/mobile/pmall/loginByPhone_220  onErrorResponse
E/PRETTY_LOGGER-NetworkManager(18329): ┌────────────────────────────────────────────────────────────────────────────────────────────────────────────────
E/PRETTY_LOGGER-NetworkManager(18329): │ Thread: main
E/PRETTY_LOGGER-NetworkManager(18329): ├┄┄┄┄┄┄┄┄┄┄┄┄┄┄┄┄┄┄┄┄┄┄┄┄┄┄┄┄┄┄┄┄┄┄┄┄┄┄┄┄┄┄┄┄┄┄┄┄┄┄┄┄┄┄┄┄┄┄┄┄┄┄┄┄┄┄┄┄┄┄┄┄┄┄┄┄┄┄┄┄┄┄┄┄┄┄┄┄┄┄┄┄┄┄┄┄┄┄┄┄┄┄┄┄┄┄┄┄┄┄┄┄
E/PRETTY_LOGGER-NetworkManager(18329): │ Handler.handleCallback  (Handler.java:733)
E/PRETTY_LOGGER-NetworkManager(18329): │    ExecutorDelivery$ResponseDeliveryRunnable.run  (ExecutorDelivery.java:108)
E/PRETTY_LOGGER-NetworkManager(18329): │       Request.deliverError  (Request.java:630)
E/PRETTY_LOGGER-NetworkManager(18329): │          NetworkManager$4.onErrorResponse  (NetworkManager.java:3618)
E/PRETTY_LOGGER-NetworkManager(18329): ├┄┄┄┄┄┄┄┄┄┄┄┄┄┄┄┄┄┄┄┄┄┄┄┄┄┄┄┄┄┄┄┄┄┄┄┄┄┄┄┄┄┄┄┄┄┄┄┄┄┄┄┄┄┄┄┄┄┄┄┄┄┄┄┄┄┄┄┄┄┄┄┄┄┄┄┄┄┄┄┄┄┄┄┄┄┄┄┄┄┄┄┄┄┄┄┄┄┄┄┄┄┄┄┄┄┄┄┄┄┄┄┄
E/PRETTY_LOGGER-NetworkManager(18329): │ NetworkManager
E/PRETTY_LOGGER-NetworkManager(18329): └────────────────────────────────────────────────────────────────────────────────────────────────────────────────
E/PRETTY_LOGGER-NetworkManager(18329): ┌────────────────────────────────────────────────────────────────────────────────────────────────────────────────
E/PRETTY_LOGGER-NetworkManager(18329): │ Thread: main
E/PRETTY_LOGGER-NetworkManager(18329): ├┄┄┄┄┄┄┄┄┄┄┄┄┄┄┄┄┄┄┄┄┄┄┄┄┄┄┄┄┄┄┄┄┄┄┄┄┄┄┄┄┄┄┄┄┄┄┄┄┄┄┄┄┄┄┄┄┄┄┄┄┄┄┄┄┄┄┄┄┄┄┄┄┄┄┄┄┄┄┄┄┄┄┄┄┄┄┄┄┄┄┄┄┄┄┄┄┄┄┄┄┄┄┄┄┄┄┄┄┄┄┄┄
E/PRETTY_LOGGER-NetworkManager(18329): │ Handler.handleCallback  (Handler.java:733)
E/PRETTY_LOGGER-NetworkManager(18329): │    ExecutorDelivery$ResponseDeliveryRunnable.run  (ExecutorDelivery.java:108)
E/PRETTY_LOGGER-NetworkManager(18329): │       Request.deliverError  (Request.java:630)
E/PRETTY_LOGGER-NetworkManager(18329): │          NetworkManager$4.onErrorResponse  (NetworkManager.java:3644)
E/PRETTY_LOGGER-NetworkManager(18329): ├┄┄┄┄┄┄┄┄┄┄┄┄┄┄┄┄┄┄┄┄┄┄┄┄┄┄┄┄┄┄┄┄┄┄┄┄┄┄┄┄┄┄┄┄┄┄┄┄┄┄┄┄┄┄┄┄┄┄┄┄┄┄┄┄┄┄┄┄┄┄┄┄┄┄┄┄┄┄┄┄┄┄┄┄┄┄┄┄┄┄┄┄┄┄┄┄┄┄┄┄┄┄┄┄┄┄┄┄┄┄┄┄
E/PRETTY_LOGGER-NetworkManager(18329): │ NetworkManager
E/PRETTY_LOGGER-NetworkManager(18329): └────────────────────────────────────────────────────────────────────────────────────────────────────────────────
V/WindowManager( 1863): isVisibleLw false for win : Window{4e7fcf8c u0 cn.dcpai.auction/cn.dcpai.auction.activity.MobileLoginActivity EXITING}
D/PRETTY_LOGGER-NetworkManager(18329): ┌────────────────────────────────────────────────────────────────────────────────────────────────────────────────
D/PRETTY_LOGGER-NetworkManager(18329): │ Thread: main
D/PRETTY_LOGGER-NetworkManager(18329): ├┄┄┄┄┄┄┄┄┄┄┄┄┄┄┄┄┄┄┄┄┄┄┄┄┄┄┄┄┄┄┄┄┄┄┄┄┄┄┄┄┄┄┄┄┄┄┄┄┄┄┄┄┄┄┄┄┄┄┄┄┄┄┄┄┄┄┄┄┄┄┄┄┄┄┄┄┄┄┄┄┄┄┄┄┄┄┄┄┄┄┄┄┄┄┄┄┄┄┄┄┄┄┄┄┄┄┄┄┄┄┄┄
D/PRETTY_LOGGER-NetworkManager(18329): │ Handler.handleCallback  (Handler.java:733)
D/PRETTY_LOGGER-NetworkManager(18329): │    ExecutorDelivery$ResponseDeliveryRunnable.run  (ExecutorDelivery.java:108)
D/PRETTY_LOGGER-NetworkManager(18329): │       Request.deliverError  (Request.java:630)
D/PRETTY_LOGGER-NetworkManager(18329): │          NetworkManager$4.onErrorResponse  (NetworkManager.java:3654)
D/PRETTY_LOGGER-NetworkManager(18329): ├┄┄┄┄┄┄┄┄┄┄┄┄┄┄┄┄┄┄┄┄┄┄┄┄┄┄┄┄┄┄┄┄┄┄┄┄┄┄┄┄┄┄┄┄┄┄┄┄┄┄┄┄┄┄┄┄┄┄┄┄┄┄┄┄┄┄┄┄┄┄┄┄┄┄┄┄┄┄┄┄┄┄┄┄┄┄┄┄┄┄┄┄┄┄┄┄┄┄┄┄┄┄┄┄┄┄┄┄┄┄┄┄
D/PRETTY_LOGGER-NetworkManager(18329): │ 用户名或密码错误
D/PRETTY_LOGGER-NetworkManager(18329): └────────────────────────────────────────────────────────────────────────────────────────────────────────────────
I/AppiumUnicodeIME( 2010): onFinishInput
I/AppiumUnicodeIME( 2010): onStartInput
D/InputMethodManagerService( 1863): packageName=cn.dcpai.auction, activityName=.activity.MobileLoginActivity
D/dalvikvm( 1863): GC_CONCURRENT freed 2202K, 47% free 9228K/17212K, paused 0ms+3ms, total 16ms
D/dalvikvm( 1863): WAIT_FOR_CONCURRENT_GC blocked 15ms
D/dalvikvm( 1863): GC_CONCURRENT freed 2182K, 47% free 9221K/17212K, paused 1ms+2ms, total 14ms
D/dalvikvm( 1863): WAIT_FOR_CONCURRENT_GC blocked 14ms
D/dalvikvm( 1863): GC_CONCURRENT freed 2169K, 47% free 9238K/17212K, paused 2ms+1ms, total 17ms
D/dalvikvm( 1863): WAIT_FOR_CONCURRENT_GC blocked 15ms
D/dalvikvm( 1863): GC_CONCURRENT freed 2193K, 47% free 9222K/17212K, paused 2ms+2ms, total 20ms
D/dalvikvm( 1863): WAIT_FOR_CONCURRENT_GC blocked 17ms
I/QueryController(18281): Matched selector: UiSelector[INSTANCE=0, RESOURCE_ID=cn.dcpai.auction:id/btn_login] <<==>> [android.view.accessibility.AccessibilityNodeInfo@2ac48; boundsInParent: Rect(0, 0 - 566, 92); boundsInScreen: Rect(77, 656 - 643, 748); packageName: cn.dcpai.auction; className: android.widget.Button; text: 登录; contentDescription: null; viewIdResName: cn.dcpai.auction:id/btn_login; checkable: false; checked: false; focusable: true; focused: false; selected: false; clickable: true; longClickable: false; enabled: true; password: false; scrollable: false; [ACTION_FOCUS, ACTION_SELECT, ACTION_CLEAR_SELECTION, ACTION_CLICK, ACTION_ACCESSIBILITY_FOCUS, ACTION_NEXT_AT_MOVEMENT_GRANULARITY, ACTION_PREVIOUS_AT_MOVEMENT_GRANULARITY, ACTION_SET_SELECTION]]
D/InteractionController(18281): clickAndSync(360, 702)
D/dalvikvm(18281): GC_CONCURRENT freed 414K, 87% free 1124K/8192K, paused 0ms+1ms, total 1ms
D/dalvikvm(18281): GC_CONCURRENT freed 408K, 86% free 1160K/8192K, paused 0ms+1ms, total 3ms
D/dalvikvm(18281): GC_CONCURRENT freed 433K, 87% free 1127K/8192K, paused 0ms+1ms, total 2ms
D/dalvikvm(18281): GC_CONCURRENT freed 411K, 87% free 1138K/8192K, paused 0ms+2ms, total 2ms
D/dalvikvm(18281): GC_CONCURRENT freed 422K, 87% free 1138K/8192K, paused 0ms+0ms, total 1ms
D/PRETTY_LOGGER-CLog(18329): ┌────────────────────────────────────────────────────────────────────────────────────────────────────────────────
D/PRETTY_LOGGER-CLog(18329): │ Thread: main
D/PRETTY_LOGGER-CLog(18329): ├┄┄┄┄┄┄┄┄┄┄┄┄┄┄┄┄┄┄┄┄┄┄┄┄┄┄┄┄┄┄┄┄┄┄┄┄┄┄┄┄┄┄┄┄┄┄┄┄┄┄┄┄┄┄┄┄┄┄┄┄┄┄┄┄┄┄┄┄┄┄┄┄┄┄┄┄┄┄┄┄┄┄┄┄┄┄┄┄┄┄┄┄┄┄┄┄┄┄┄┄┄┄┄┄┄┄┄┄┄┄┄┄
D/PRETTY_LOGGER-CLog(18329): │ DebouncingOnClickListener.onClick  (DebouncingOnClickListener.java:22)
D/PRETTY_LOGGER-CLog(18329): │    MobileLoginActivity_ViewBinding$3.doClick  (MobileLoginActivity_ViewBinding.java:71)
D/PRETTY_LOGGER-CLog(18329): │       MobileLoginActivity.onClick  (MobileLoginActivity.java:133)
D/PRETTY_LOGGER-CLog(18329): │          CLog.d  (CLog.java:75)
D/PRETTY_LOGGER-CLog(18329): ├┄┄┄┄┄┄┄┄┄┄┄┄┄┄┄┄┄┄┄┄┄┄┄┄┄┄┄┄┄┄┄┄┄┄┄┄┄┄┄┄┄┄┄┄┄┄┄┄┄┄┄┄┄┄┄┄┄┄┄┄┄┄┄┄┄┄┄┄┄┄┄┄┄┄┄┄┄┄┄┄┄┄┄┄┄┄┄┄┄┄┄┄┄┄┄┄┄┄┄┄┄┄┄┄┄┄┄┄┄┄┄┄
D/PRETTY_LOGGER-CLog(18329): │ code=Mi7h        |input=
D/PRETTY_LOGGER-CLog(18329): └────────────────────────────────────────────────────────────────────────────────────────────────────────────────
D/dalvikvm(18281): GC_CONCURRENT freed 425K, 87% free 1138K/8192K, paused 1ms+1ms, total 3ms
D/dalvikvm(18281): GC_CONCURRENT freed 422K, 87% free 1138K/8192K, paused 0ms+2ms, total 4ms
D/dalvikvm(18281): GC_CONCURRENT freed 423K, 87% free 1138K/8192K, paused 0ms+0ms, total 2ms
D/dalvikvm(18281): GC_CONCURRENT freed 422K, 87% free 1138K/8192K, paused 0ms+3ms, total 4ms
D/dalvikvm(18281): GC_CONCURRENT freed 422K, 87% free 1138K/8192K, paused 0ms+2ms, total 2ms
D/dalvikvm(18281): GC_CONCURRENT freed 422K, 87% free 1138K/8192K, paused 0ms+1ms, total 3ms
D/dalvikvm(18281): GC_CONCURRENT freed 422K, 87% free 1138K/8192K, paused 0ms+1ms, total 1ms
D/dalvikvm(18281): GC_CONCURRENT freed 422K, 87% free 1138K/8192K, paused 0ms+1ms, total 1ms
D/dalvikvm(18281): GC_CONCURRENT freed 422K, 87% free 1138K/8192K, paused 0ms+2ms, total 4ms
D/dalvikvm(18281): GC_CONCURRENT freed 422K, 87% free 1138K/8192K, paused 0ms+1ms, total 2ms
D/dalvikvm(18281): GC_CONCURRENT freed 422K, 87% free 1138K/8192K, paused 0ms+0ms, total 2ms
D/dalvikvm(18281): GC_CONCURRENT freed 422K, 87% free 1138K/8192K, paused 0ms+0ms, total 2ms
D/dalvikvm(18281): GC_CONCURRENT freed 387K, 86% free 1174K/8192K, paused 0ms+1ms, total 3ms
D/dalvikvm(18281): GC_CONCURRENT freed 458K, 87% free 1138K/8192K, paused 0ms+0ms, total 2ms
D/dalvikvm(18281): GC_CONCURRENT freed 422K, 87% free 1138K/8192K, paused 1ms+1ms, total 3ms
D/dalvikvm(18281): GC_CONCURRENT freed 422K, 87% free 1138K/8192K, paused 0ms+1ms, total 3ms
D/dalvikvm(18281): GC_CONCURRENT freed 422K, 87% free 1138K/8192K, paused 0ms+0ms, total 1ms
D/dalvikvm(18281): GC_CONCURRENT freed 422K, 86% free 1159K/8192K, paused 0ms+3ms, total 3ms
D/dalvikvm(18281): GC_CONCURRENT freed 421K, 87% free 1139K/8192K, paused 0ms+0ms, total 1ms
D/dalvikvm(18281): GC_CONCURRENT freed 423K, 87% free 1138K/8192K, paused 0ms+0ms, total 1ms
D/dalvikvm(18281): GC_CONCURRENT freed 422K, 87% free 1138K/8192K, paused 0ms+0ms, total 1ms
D/dalvikvm(18281): GC_CONCURRENT freed 422K, 87% free 1138K/8192K, paused 0ms+1ms, total 3ms
D/dalvikvm(18281): GC_CONCURRENT freed 422K, 87% free 1138K/8192K, paused 0ms+0ms, total 1ms
D/dalvikvm(18281): GC_CONCURRENT freed 422K, 87% free 1138K/8192K, paused 0ms+1ms, total 2ms
D/dalvikvm(18281): GC_CONCURRENT freed 422K, 87% free 1138K/8192K, paused 0ms+0ms, total 1ms
D/dalvikvm(18281): GC_CONCURRENT freed 422K, 87% free 1138K/8192K, paused 0ms+1ms, total 2ms
D/dalvikvm(18281): GC_CONCURRENT freed 422K, 87% free 1138K/8192K, paused 0ms+0ms, total 1ms
D/dalvikvm(18281): GC_CONCURRENT freed 384K, 87% free 1138K/8192K, paused 2ms+0ms, total 3ms
D/dalvikvm( 1863): GC_CONCURRENT freed 2170K, 47% free 9238K/17212K, paused 0ms+3ms, total 11ms
D/dalvikvm( 1863): WAIT_FOR_CONCURRENT_GC blocked 5ms
D/dalvikvm( 1863): WAIT_FOR_CONCURRENT_GC blocked 10ms
D/dalvikvm( 1863): GC_CONCURRENT freed 2219K, 47% free 9197K/17212K, paused 0ms+1ms, total 11ms
D/dalvikvm( 1863): WAIT_FOR_CONCURRENT_GC blocked 8ms
D/dalvikvm( 1863): GC_CONCURRENT freed 2145K, 47% free 9221K/17212K, paused 0ms+1ms, total 10ms
D/dalvikvm( 1863): WAIT_FOR_CONCURRENT_GC blocked 10ms
D/dalvikvm( 1863): GC_CONCURRENT freed 2193K, 47% free 9214K/17212K, paused 0ms+1ms, total 9ms
D/dalvikvm( 1863): WAIT_FOR_CONCURRENT_GC blocked 8ms
D/dalvikvm(18281): GC_CONCURRENT freed 425K, 87% free 1124K/8192K, paused 0ms+0ms, total 2ms
D/dalvikvm(18281): GC_CONCURRENT freed 409K, 87% free 1138K/8192K, paused 1ms+2ms, total 3ms
D/dalvikvm(18281): GC_CONCURRENT freed 422K, 87% free 1138K/8192K, paused 1ms+0ms, total 2ms
D/dalvikvm(18281): GC_CONCURRENT freed 422K, 87% free 1138K/8192K, paused 0ms+1ms, total 3ms
D/dalvikvm(18281): GC_CONCURRENT freed 422K, 87% free 1138K/8192K, paused 0ms+0ms, total 1ms
D/dalvikvm(18281): GC_CONCURRENT freed 422K, 87% free 1138K/8192K, paused 0ms+0ms, total 1ms
D/dalvikvm(18281): GC_CONCURRENT freed 422K, 87% free 1138K/8192K, paused 0ms+0ms, total 1ms
D/dalvikvm(18281): GC_CONCURRENT freed 422K, 87% free 1138K/8192K, paused 0ms+1ms, total 2ms
D/dalvikvm(18281): GC_CONCURRENT freed 422K, 87% free 1138K/8192K, paused 1ms+0ms, total 2ms
D/dalvikvm(18281): GC_CONCURRENT freed 422K, 87% free 1138K/8192K, paused 0ms+1ms, total 1ms
D/dalvikvm(18281): GC_CONCURRENT freed 422K, 87% free 1138K/8192K, paused 1ms+0ms, total 2ms
D/dalvikvm(18281): GC_CONCURRENT freed 422K, 87% free 1138K/8192K, paused 0ms+1ms, total 1ms
D/dalvikvm(18281): GC_CONCURRENT freed 422K, 87% free 1138K/8192K, paused 0ms+1ms, total 1ms
D/dalvikvm(18281): GC_CONCURRENT freed 422K, 87% free 1138K/8192K, paused 2ms+0ms, total 3ms
D/dalvikvm(18281): GC_CONCURRENT freed 422K, 87% free 1138K/8192K, paused 1ms+0ms, total 2ms
D/dalvikvm(18281): GC_CONCURRENT freed 422K, 87% free 1138K/8192K, paused 1ms+2ms, total 4ms
D/dalvikvm(18281): GC_CONCURRENT freed 422K, 87% free 1138K/8192K, paused 1ms+0ms, total 2ms
D/dalvikvm(18281): GC_CONCURRENT freed 422K, 87% free 1138K/8192K, paused 0ms+1ms, total 2ms
D/dalvikvm(18281): GC_CONCURRENT freed 383K, 87% free 1139K/8192K, paused 1ms+0ms, total 2ms
D/dalvikvm( 1863): GC_CONCURRENT freed 2161K, 47% free 9225K/17212K, paused 0ms+2ms, total 16ms
D/dalvikvm( 1863): WAIT_FOR_CONCURRENT_GC blocked 16ms
D/dalvikvm( 1863): GC_FOR_ALLOC freed 2224K, 47% free 9188K/17212K, paused 11ms, total 11ms
D/dalvikvm( 1863): GC_CONCURRENT freed 2145K, 47% free 9220K/17212K, paused 1ms+1ms, total 16ms
D/dalvikvm( 1863): WAIT_FOR_CONCURRENT_GC blocked 15ms
D/dalvikvm( 1863): GC_CONCURRENT freed 2169K, 47% free 9236K/17212K, paused 0ms+0ms, total 15ms
D/dalvikvm( 1863): WAIT_FOR_CONCURRENT_GC blocked 14ms
D/dalvikvm(18281): GC_CONCURRENT freed 408K, 87% free 1139K/8192K, paused 0ms+0ms, total 2ms
D/dalvikvm(18281): GC_CONCURRENT freed 423K, 87% free 1138K/8192K, paused 0ms+0ms, total 3ms
D/dalvikvm(18281): GC_CONCURRENT freed 421K, 87% free 1138K/8192K, paused 0ms+0ms, total 1ms
W/InteractionController(18281): runAndwaitForEvent timedout waiting for events
D/dalvikvm(18281): GC_CONCURRENT freed 427K, 87% free 1136K/8192K, paused 0ms+2ms, total 4ms
D/dalvikvm(18281): GC_CONCURRENT freed 423K, 87% free 1136K/8192K, paused 0ms+1ms, total 2ms
D/dalvikvm(18281): GC_CONCURRENT freed 422K, 87% free 1136K/8192K, paused 0ms+0ms, total 1ms
D/dalvikvm(18281): GC_CONCURRENT freed 422K, 87% free 1136K/8192K, paused 1ms+0ms, total 2ms
D/dalvikvm(18281): GC_CONCURRENT freed 384K, 87% free 1137K/8192K, paused 0ms+1ms, total 2ms
D/dalvikvm(18281): GC_CONCURRENT freed 418K, 87% free 1126K/8192K, paused 0ms+0ms, total 1ms
D/dalvikvm(18281): GC_CONCURRENT freed 412K, 87% free 1136K/8192K, paused 0ms+0ms, total 2ms
D/dalvikvm(18281): GC_CONCURRENT freed 422K, 87% free 1136K/8192K, paused 0ms+0ms, total 3ms
D/dalvikvm(18281): GC_CONCURRENT freed 384K, 87% free 1139K/8192K, paused 0ms+1ms, total 1ms
D/dalvikvm(18281): GC_CONCURRENT freed 407K, 87% free 1137K/8192K, paused 0ms+1ms, total 1ms
D/dalvikvm(18281): GC_CONCURRENT freed 423K, 87% free 1136K/8192K, paused 1ms+1ms, total 3ms
D/dalvikvm(18281): GC_CONCURRENT freed 422K, 87% free 1136K/8192K, paused 0ms+0ms, total 1ms
D/dalvikvm(18281): GC_CONCURRENT freed 422K, 87% free 1136K/8192K, paused 2ms+0ms, total 4ms
I/QueryController(18281): Matched selector: UiSelector[INSTANCE=0, RESOURCE_ID=cn.dcpai.auction:id/btn_get_code] <<==>> [android.view.accessibility.AccessibilityNodeInfo@31564; boundsInParent: Rect(0, 0 - 228, 71); boundsInScreen: Rect(411, 489 - 639, 560); packageName: cn.dcpai.auction; className: android.widget.ImageButton; text: null; contentDescription: null; viewIdResName: cn.dcpai.auction:id/btn_get_code; checkable: false; checked: false; focusable: true; focused: false; selected: false; clickable: true; longClickable: false; enabled: true; password: false; scrollable: false; [ACTION_FOCUS, ACTION_SELECT, ACTION_CLEAR_SELECTION, ACTION_CLICK, ACTION_ACCESSIBILITY_FOCUS]]
D/dalvikvm(18281): GC_CONCURRENT freed 403K, 87% free 1127K/8192K, paused 1ms+0ms, total 2ms
I/QueryController(18281): Matched selector: UiSelector[INSTANCE=0, RESOURCE_ID=cn.dcpai.auction:id/btn_get_code] <<==>> [android.view.accessibility.AccessibilityNodeInfo@31564; boundsInParent: Rect(0, 0 - 228, 71); boundsInScreen: Rect(411, 489 - 639, 560); packageName: cn.dcpai.auction; className: android.widget.ImageButton; text: null; contentDescription: null; viewIdResName: cn.dcpai.auction:id/btn_get_code; checkable: false; checked: false; focusable: true; focused: false; selected: false; clickable: true; longClickable: false; enabled: true; password: false; scrollable: false; [ACTION_FOCUS, ACTION_SELECT, ACTION_CLEAR_SELECTION, ACTION_CLICK, ACTION_ACCESSIBILITY_FOCUS]]
I/QueryController(18281): Matched selector: UiSelector[INSTANCE=0, RESOURCE_ID=cn.dcpai.auction:id/et_mobile] <<==>> [android.view.accessibility.AccessibilityNodeInfo@2a4c6; boundsInParent: Rect(0, 0 - 366, 67); boundsInScreen: Rect(273, 199 - 639, 266); packageName: cn.dcpai.auction; className: android.widget.EditText; text: 39999990000; contentDescription: null; viewIdResName: cn.dcpai.auction:id/et_mobile; checkable: false; checked: false; focusable: true; focused: false; selected: false; clickable: true; longClickable: true; enabled: true; password: false; scrollable: false; [ACTION_FOCUS, ACTION_SELECT, ACTION_CLEAR_SELECTION, ACTION_CLICK, ACTION_LONG_CLICK, ACTION_ACCESSIBILITY_FOCUS, ACTION_NEXT_AT_MOVEMENT_GRANULARITY, ACTION_PREVIOUS_AT_MOVEMENT_GRANULARITY, ACTION_SET_SELECTION]]
I/QueryController(18281): Matched selector: UiSelector[INSTANCE=0, RESOURCE_ID=cn.dcpai.auction:id/et_mobile] <<==>> [android.view.accessibility.AccessibilityNodeInfo@2a4c6; boundsInParent: Rect(0, 0 - 366, 67); boundsInScreen: Rect(273, 199 - 639, 266); packageName: cn.dcpai.auction; className: android.widget.EditText; text: 39999990000; contentDescription: null; viewIdResName: cn.dcpai.auction:id/et_mobile; checkable: false; checked: false; focusable: true; focused: false; selected: false; clickable: true; longClickable: true; enabled: true; password: false; scrollable: false; [ACTION_FOCUS, ACTION_SELECT, ACTION_CLEAR_SELECTION, ACTION_CLICK, ACTION_LONG_CLICK, ACTION_ACCESSIBILITY_FOCUS, ACTION_NEXT_AT_MOVEMENT_GRANULARITY, ACTION_PREVIOUS_AT_MOVEMENT_GRANULARITY, ACTION_SET_SELECTION]]
I/QueryController(18281): Matched selector: UiSelector[INSTANCE=0, RESOURCE_ID=cn.dcpai.auction:id/et_password] <<==>> [android.view.accessibility.AccessibilityNodeInfo@2a887; boundsInParent: Rect(0, 0 - 558, 67); boundsInScreen: Rect(81, 343 - 639, 410); packageName: cn.dcpai.auction; className: android.widget.EditText; text: null; contentDescription: null; viewIdResName: cn.dcpai.auction:id/et_password; checkable: false; checked: false; focusable: true; focused: true; selected: false; clickable: true; longClickable: true; enabled: true; password: true; scrollable: false; [ACTION_CLEAR_FOCUS, ACTION_SELECT, ACTION_CLEAR_SELECTION, ACTION_CLICK, ACTION_LONG_CLICK, ACTION_ACCESSIBILITY_FOCUS, ACTION_NEXT_AT_MOVEMENT_GRANULARITY, ACTION_PREVIOUS_AT_MOVEMENT_GRANULARITY, ACTION_PASTE, ACTION_SET_SELECTION]]
D/dalvikvm(18281): GC_CONCURRENT freed 385K, 87% free 1129K/8192K, paused 2ms+0ms, total 3ms
I/QueryController(18281): Matched selector: UiSelector[INSTANCE=0, RESOURCE_ID=cn.dcpai.auction:id/et_password] <<==>> [android.view.accessibility.AccessibilityNodeInfo@2a887; boundsInParent: Rect(0, 0 - 558, 67); boundsInScreen: Rect(81, 343 - 639, 410); packageName: cn.dcpai.auction; className: android.widget.EditText; text: null; contentDescription: null; viewIdResName: cn.dcpai.auction:id/et_password; checkable: false; checked: false; focusable: true; focused: true; selected: false; clickable: true; longClickable: true; enabled: true; password: true; scrollable: false; [ACTION_CLEAR_FOCUS, ACTION_SELECT, ACTION_CLEAR_SELECTION, ACTION_CLICK, ACTION_LONG_CLICK, ACTION_ACCESSIBILITY_FOCUS, ACTION_NEXT_AT_MOVEMENT_GRANULARITY, ACTION_PREVIOUS_AT_MOVEMENT_GRANULARITY, ACTION_PASTE, ACTION_SET_SELECTION]]
D/dalvikvm(18281): GC_CONCURRENT freed 389K, 87% free 1123K/8192K, paused 1ms+1ms, total 3ms
W/AccessibilityNodeInfoDumper(18281): Fetch time: 8ms
D/dalvikvm(18281): GC_CONCURRENT freed 329K, 85% free 1234K/8192K, paused 0ms+2ms, total 3ms
I/QueryController(18281): Matched selector: UiSelector[CLASS=android.widget.Button, INSTANCE=0] <<==>> [android.view.accessibility.AccessibilityNodeInfo@2ac48; boundsInParent: Rect(0, 0 - 566, 92); boundsInScreen: Rect(77, 656 - 643, 748); packageName: cn.dcpai.auction; className: android.widget.Button; text: 登录; contentDescription: null; viewIdResName: cn.dcpai.auction:id/btn_login; checkable: false; checked: false; focusable: true; focused: false; selected: false; clickable: true; longClickable: false; enabled: true; password: false; scrollable: false; [ACTION_FOCUS, ACTION_SELECT, ACTION_CLEAR_SELECTION, ACTION_CLICK, ACTION_ACCESSIBILITY_FOCUS, ACTION_NEXT_AT_MOVEMENT_GRANULARITY, ACTION_PREVIOUS_AT_MOVEMENT_GRANULARITY, ACTION_SET_SELECTION]]
D/dalvikvm(18281): GC_CONCURRENT freed 485K, 86% free 1147K/8192K, paused 1ms+0ms, total 3ms
I/QueryController(18281): Matched selector: UiSelector[CLASS=android.widget.Button, INSTANCE=0] <<==>> [android.view.accessibility.AccessibilityNodeInfo@2ac48; boundsInParent: Rect(0, 0 - 566, 92); boundsInScreen: Rect(77, 656 - 643, 748); packageName: cn.dcpai.auction; className: android.widget.Button; text: 登录; contentDescription: null; viewIdResName: cn.dcpai.auction:id/btn_login; checkable: false; checked: false; focusable: true; focused: false; selected: false; clickable: true; longClickable: false; enabled: true; password: false; scrollable: false; [ACTION_FOCUS, ACTION_SELECT, ACTION_CLEAR_SELECTION, ACTION_CLICK, ACTION_ACCESSIBILITY_FOCUS, ACTION_NEXT_AT_MOVEMENT_GRANULARITY, ACTION_PREVIOUS_AT_MOVEMENT_GRANULARITY, ACTION_SET_SELECTION]]
I/QueryController(18281): Matched selector: UiSelector[INSTANCE=0, RESOURCE_ID=cn.dcpai.auction:id/auth_code_input] <<==>> [android.view.accessibility.AccessibilityNodeInfo@30de2; boundsInParent: Rect(0, 0 - 330, 67); boundsInScreen: Rect(81, 489 - 411, 556); packageName: cn.dcpai.auction; className: android.widget.EditText; text: 请输入验证码; contentDescription: null; viewIdResName: cn.dcpai.auction:id/auth_code_input; checkable: false; checked: false; focusable: true; focused: false; selected: false; clickable: true; longClickable: true; enabled: true; password: false; scrollable: false; [ACTION_FOCUS, ACTION_SELECT, ACTION_CLEAR_SELECTION, ACTION_CLICK, ACTION_LONG_CLICK, ACTION_ACCESSIBILITY_FOCUS]]
I/QueryController(18281): Matched selector: UiSelector[INSTANCE=0, RESOURCE_ID=cn.dcpai.auction:id/auth_code_input] <<==>> [android.view.accessibility.AccessibilityNodeInfo@30de2; boundsInParent: Rect(0, 0 - 330, 67); boundsInScreen: Rect(81, 489 - 411, 556); packageName: cn.dcpai.auction; className: android.widget.EditText; text: 请输入验证码; contentDescription: null; viewIdResName: cn.dcpai.auction:id/auth_code_input; checkable: false; checked: false; focusable: true; focused: false; selected: false; clickable: true; longClickable: true; enabled: true; password: false; scrollable: false; [ACTION_FOCUS, ACTION_SELECT, ACTION_CLEAR_SELECTION, ACTION_CLICK, ACTION_LONG_CLICK, ACTION_ACCESSIBILITY_FOCUS]]
D/dalvikvm(18281): GC_CONCURRENT freed 405K, 87% free 1128K/8192K, paused 0ms+1ms, total 1ms
D/dalvikvm( 1863): GC_CONCURRENT freed 2211K, 47% free 9213K/17212K, paused 0ms+2ms, total 11ms
D/dalvikvm( 1863): WAIT_FOR_CONCURRENT_GC blocked 10ms
I/QueryController(18281): Matched selector: UiSelector[INSTANCE=0, RESOURCE_ID=cn.dcpai.auction:id/auth_code_input] <<==>> [android.view.accessibility.AccessibilityNodeInfo@30de2; boundsInParent: Rect(0, 0 - 330, 67); boundsInScreen: Rect(81, 489 - 411, 556); packageName: cn.dcpai.auction; className: android.widget.EditText; text: 请输入验证码; contentDescription: null; viewIdResName: cn.dcpai.auction:id/auth_code_input; checkable: false; checked: false; focusable: true; focused: false; selected: false; clickable: true; longClickable: true; enabled: true; password: false; scrollable: false; [ACTION_FOCUS, ACTION_SELECT, ACTION_CLEAR_SELECTION, ACTION_CLICK, ACTION_LONG_CLICK, ACTION_ACCESSIBILITY_FOCUS]]
I/QueryController(18281): Matched selector: UiSelector[INSTANCE=0, RESOURCE_ID=cn.dcpai.auction:id/btn_get_code] <<==>> [android.view.accessibility.AccessibilityNodeInfo@31564; boundsInParent: Rect(0, 0 - 228, 71); boundsInScreen: Rect(411, 489 - 639, 560); packageName: cn.dcpai.auction; className: android.widget.ImageButton; text: null; contentDescription: null; viewIdResName: cn.dcpai.auction:id/btn_get_code; checkable: false; checked: false; focusable: true; focused: false; selected: false; clickable: true; longClickable: false; enabled: true; password: false; scrollable: false; [ACTION_FOCUS, ACTION_SELECT, ACTION_CLEAR_SELECTION, ACTION_CLICK, ACTION_ACCESSIBILITY_FOCUS]]
D/dalvikvm( 1863): GC_CONCURRENT freed 2173K, 47% free 9217K/17212K, paused 2ms+1ms, total 14ms
D/dalvikvm( 1863): WAIT_FOR_CONCURRENT_GC blocked 11ms
D/dalvikvm(18281): GC_CONCURRENT freed 392K, 87% free 1139K/8192K, paused 1ms+0ms, total 2ms
I/QueryController(18281): Matched selector: UiSelector[INSTANCE=0, RESOURCE_ID=cn.dcpai.auction:id/btn_get_code] <<==>> [android.view.accessibility.AccessibilityNodeInfo@31564; boundsInParent: Rect(0, 0 - 228, 71); boundsInScreen: Rect(411, 489 - 639, 560); packageName: cn.dcpai.auction; className: android.widget.ImageButton; text: null; contentDescription: null; viewIdResName: cn.dcpai.auction:id/btn_get_code; checkable: false; checked: false; focusable: true; focused: false; selected: false; clickable: true; longClickable: false; enabled: true; password: false; scrollable: false; [ACTION_FOCUS, ACTION_SELECT, ACTION_CLEAR_SELECTION, ACTION_CLICK, ACTION_ACCESSIBILITY_FOCUS]]
I/QueryController(18281): Matched selector: UiSelector[INSTANCE=0, RESOURCE_ID=cn.dcpai.auction:id/auth_code_input] <<==>> [android.view.accessibility.AccessibilityNodeInfo@30de2; boundsInParent: Rect(0, 0 - 330, 67); boundsInScreen: Rect(81, 489 - 411, 556); packageName: cn.dcpai.auction; className: android.widget.EditText; text: 请输入验证码; contentDescription: null; viewIdResName: cn.dcpai.auction:id/auth_code_input; checkable: false; checked: false; focusable: true; focused: false; selected: false; clickable: true; longClickable: true; enabled: true; password: false; scrollable: false; [ACTION_FOCUS, ACTION_SELECT, ACTION_CLEAR_SELECTION, ACTION_CLICK, ACTION_LONG_CLICK, ACTION_ACCESSIBILITY_FOCUS]]
D/dalvikvm( 1863): GC_CONCURRENT freed 2169K, 47% free 9217K/17212K, paused 2ms+1ms, total 14ms
D/dalvikvm( 1863): WAIT_FOR_CONCURRENT_GC blocked 13ms
D/dalvikvm( 1863): GC_CONCURRENT freed 2168K, 47% free 9233K/17212K, paused 0ms+1ms, total 11ms
D/dalvikvm( 1863): WAIT_FOR_CONCURRENT_GC blocked 10ms
D/dalvikvm(18281): GC_CONCURRENT freed 421K, 87% free 1126K/8192K, paused 0ms+0ms, total 1ms
D/dalvikvm(18281): GC_CONCURRENT freed 409K, 87% free 1139K/8192K, paused 0ms+0ms, total 2ms
D/dalvikvm(18281): GC_CONCURRENT freed 422K, 87% free 1140K/8192K, paused 1ms+2ms, total 4ms
I/PGA     (18639): PgaSocketInit: opened /dev/bstpgaipc: fd = 12
I/PGA     (18639): Attempting to create new SOCKET connection pid = 18639, tid = 18639
I/PGA     (18639): PgaSocketInitClientPgaIpc: data mapped to 0xb60e7000
I/PGA     (18639): New SOCKET connection: /system/bin/screencap (pid 18639, tid 18639)
D/dalvikvm(18281): GC_CONCURRENT freed 383K, 86% free 1148K/8192K, paused 2ms+0ms, total 3ms
D/dalvikvm(18281): GC_CONCURRENT freed 409K, 87% free 1139K/8192K, paused 1ms+0ms, total 2ms
D/dalvikvm(18281): GC_CONCURRENT freed 422K, 87% free 1140K/8192K, paused 1ms+0ms, total 2ms
D/dalvikvm(18281): GC_CONCURRENT freed 421K, 87% free 1139K/8192K, paused 0ms+0ms, total 1ms
D/dalvikvm(18281): GC_CONCURRENT freed 423K, 87% free 1140K/8192K, paused 0ms+1ms, total 3ms
D/dalvikvm(18281): GC_CONCURRENT freed 422K, 87% free 1139K/8192K, paused 0ms+0ms, total 1ms
D/dalvikvm(18281): GC_CONCURRENT freed 422K, 87% free 1140K/8192K, paused 0ms+0ms, total 1ms
D/dalvikvm(18281): GC_CONCURRENT freed 422K, 87% free 1140K/8192K, paused 0ms+1ms, total 2ms
D/dalvikvm(18281): GC_CONCURRENT freed 421K, 87% free 1139K/8192K, paused 0ms+0ms, total 1ms
D/dalvikvm(18281): GC_CONCURRENT freed 423K, 87% free 1140K/8192K, paused 0ms+2ms, total 2ms
D/dalvikvm(18281): GC_CONCURRENT freed 422K, 87% free 1139K/8192K, paused 0ms+0ms, total 2ms
D/dalvikvm(18281): GC_CONCURRENT freed 422K, 87% free 1140K/8192K, paused 0ms+0ms, total 2ms
D/dalvikvm(18281): GC_CONCURRENT freed 422K, 87% free 1140K/8192K, paused 1ms+0ms, total 2ms
D/dalvikvm(18281): GC_CONCURRENT freed 421K, 87% free 1139K/8192K, paused 0ms+0ms, total 1ms
D/dalvikvm(18281): GC_CONCURRENT freed 423K, 87% free 1140K/8192K, paused 1ms+1ms, total 3ms
D/dalvikvm(18281): GC_CONCURRENT freed 422K, 87% free 1139K/8192K, paused 0ms+1ms, total 2ms
D/dalvikvm( 1863): GC_CONCURRENT freed 2199K, 47% free 9217K/17212K, paused 2ms+1ms, total 12ms
D/dalvikvm( 1863): WAIT_FOR_CONCURRENT_GC blocked 3ms
D/dalvikvm( 1863): GC_CONCURRENT freed 2169K, 47% free 9234K/17212K, paused 1ms+1ms, total 10ms
D/dalvikvm( 1863): WAIT_FOR_CONCURRENT_GC blocked 9ms
D/dalvikvm( 1863): GC_CONCURRENT freed 2195K, 47% free 9217K/17212K, paused 0ms+0ms, total 10ms
D/dalvikvm( 1863): WAIT_FOR_CONCURRENT_GC blocked 10ms
D/dalvikvm( 1863): GC_CONCURRENT freed 2168K, 47% free 9234K/17212K, paused 0ms+1ms, total 10ms
D/dalvikvm( 1863): WAIT_FOR_CONCURRENT_GC blocked 9ms
D/dalvikvm(18281): GC_CONCURRENT freed 422K, 87% free 1140K/8192K, paused 1ms+0ms, total 2ms
D/dalvikvm(18281): GC_CONCURRENT freed 422K, 87% free 1140K/8192K, paused 2ms+0ms, total 3ms
D/dalvikvm(18281): GC_CONCURRENT freed 421K, 87% free 1139K/8192K, paused 0ms+0ms, total 1ms
I/QueryController(18281): Matched selector: UiSelector[INSTANCE=0, RESOURCE_ID=cn.dcpai.auction:id/btn_get_code] <<==>> [android.view.accessibility.AccessibilityNodeInfo@31564; boundsInParent: Rect(0, 0 - 228, 71); boundsInScreen: Rect(411, 489 - 639, 560); packageName: cn.dcpai.auction; className: android.widget.ImageButton; text: null; contentDescription: null; viewIdResName: cn.dcpai.auction:id/btn_get_code; checkable: false; checked: false; focusable: true; focused: false; selected: false; clickable: true; longClickable: false; enabled: true; password: false; scrollable: false; [ACTION_FOCUS, ACTION_SELECT, ACTION_CLEAR_SELECTION, ACTION_CLICK, ACTION_ACCESSIBILITY_FOCUS]]
I/QueryController(18281): Matched selector: UiSelector[INSTANCE=0, RESOURCE_ID=cn.dcpai.auction:id/btn_get_code] <<==>> [android.view.accessibility.AccessibilityNodeInfo@31564; boundsInParent: Rect(0, 0 - 228, 71); boundsInScreen: Rect(411, 489 - 639, 560); packageName: cn.dcpai.auction; className: android.widget.ImageButton; text: null; contentDescription: null; viewIdResName: cn.dcpai.auction:id/btn_get_code; checkable: false; checked: false; focusable: true; focused: false; selected: false; clickable: true; longClickable: false; enabled: true; password: false; scrollable: false; [ACTION_FOCUS, ACTION_SELECT, ACTION_CLEAR_SELECTION, ACTION_CLICK, ACTION_ACCESSIBILITY_FOCUS]]
I/QueryController(18281): Matched selector: UiSelector[INSTANCE=0, RESOURCE_ID=cn.dcpai.auction:id/btn_get_code] <<==>> [android.view.accessibility.AccessibilityNodeInfo@31564; boundsInParent: Rect(0, 0 - 228, 71); boundsInScreen: Rect(411, 489 - 639, 560); packageName: cn.dcpai.auction; className: android.widget.ImageButton; text: null; contentDescription: null; viewIdResName: cn.dcpai.auction:id/btn_get_code; checkable: false; checked: false; focusable: true; focused: false; selected: false; clickable: true; longClickable: false; enabled: true; password: false; scrollable: false; [ACTION_FOCUS, ACTION_SELECT, ACTION_CLEAR_SELECTION, ACTION_CLICK, ACTION_ACCESSIBILITY_FOCUS]]
I/QueryController(18281): Matched selector: UiSelector[INSTANCE=0, RESOURCE_ID=cn.dcpai.auction:id/btn_get_code] <<==>> [android.view.accessibility.AccessibilityNodeInfo@31564; boundsInParent: Rect(0, 0 - 228, 71); boundsInScreen: Rect(411, 489 - 639, 560); packageName: cn.dcpai.auction; className: android.widget.ImageButton; text: null; contentDescription: null; viewIdResName: cn.dcpai.auction:id/btn_get_code; checkable: false; checked: false; focusable: true; focused: false; selected: false; clickable: true; longClickable: false; enabled: true; password: false; scrollable: false; [ACTION_FOCUS, ACTION_SELECT, ACTION_CLEAR_SELECTION, ACTION_CLICK, ACTION_ACCESSIBILITY_FOCUS]]
D/dalvikvm(18281): GC_CONCURRENT freed 427K, 87% free 1141K/8192K, paused 0ms+3ms, total 3ms
