V/WindowManager( 1863): isVisibleLw false for win : Window{4e9a0220 u0 cn.dcpai.auction/cn.dcpai.auction.MainActivity}
D/InputMethodManagerService( 1863): packageName=cn.dcpai.auction, activityName=.activity.LoginMainActivity
D/InputMethodManagerService( 1863): ime_enabled = false is same as last value, no change
I/ActivityManager( 1863): START u0 {cmp=cn.dcpai.auction/.activity.MobileLoginActivity} from pid 18329
D/ActivityManager( 1863): TopActivityInfo, pkgName: cn.dcpai.auction activityName: cn.dcpai.auction.activity.MobileLoginActivity callingPackage: cn.dcpai.auction  bstSpecialAppKeyboardHandlingEnabled = false
D/ActivityManager( 1863): Sending app_launch intent for appName: 龘藏 pkgName: cn.dcpai.auction
D/ActivityManager( 1863): TopActivityInfo, pkgName: cn.dcpai.auction activityName: cn.dcpai.auction/.activity.MobileLoginActivity callingPackage:   bstSpecialAppKeyboardHandlingEnabled = false
D/ActivityManager( 1863): Sending app_launch intent for appName: 龘藏 pkgName: cn.dcpai.auction
D/WindowManager( 1863): in computeScreenConfigurationLocked() -- hardKeyboardAvailable :true  mHardKeyboardAvailable :true   mHardKeyboardEnabled :false
V/WindowManager( 1863): isVisibleLw false for win : Window{4e9c0f20 u0 cn.dcpai.auction/cn.dcpai.auction.activity.LoginMainActivity}
D/InputMethodManagerService( 1863): packageName=cn.dcpai.auction, activityName=.activity.MobileLoginActivity
D/NotificationService( 1863): In writeNotificationInfo: pkgName android
D/NotificationService( 1863): In writeNotificationInfo: pkgName com.tencent.android.qqdownloader
D/InputMethodManagerService( 1863): packageName=cn.dcpai.auction, activityName=.activity.MobileLoginActivity
D/InputMethodManagerService( 1863): ime_enabled = true is same as last value, no change
D/NotificationService( 1863): In writeNotificationInfo: pkgName android
E/AccessibilityManagerService( 1863): Error during sending EventType: TYPE_NOTIFICATION_STATE_CHANGED; EventTime: 18721661; PackageName: com.tencent.android.qqdownloader; MovementGranularity: 0; Action: 0 [ ClassName: android.app.Notification; Text: []; ContentDescription: null; ItemCount: -1; CurrentItemIndex: -1; IsEnabled: false; IsPassword: false; IsChecked: false; IsFullScreen: false; Scrollable: false; BeforeText: null; FromIndex: -1; ToIndex: -1; ScrollX: -1; ScrollY: -1; MaxScrollX: -1; MaxScrollY: -1; AddedCount: -1; RemovedCount: -1; ParcelableData: Notification(pri=2 contentView=com.tencent.android.qqdownloader/0x7f040197 vibrate=null sound=null defaults=0x0 flags=0xa2 kind=[null]) ]; recordCount: 0 to android.accessibilityservice.IAccessibilityServiceClient$Stub$Proxy@4e9e0f94
E/AccessibilityManagerService( 1863): android.os.TransactionTooLargeException
E/AccessibilityManagerService( 1863): 	at android.os.BinderProxy.transact(Native Method)
E/AccessibilityManagerService( 1863): 	at android.accessibilityservice.IAccessibilityServiceClient$Stub$Proxy.onAccessibilityEvent(IAccessibilityServiceClient.java:151)
E/AccessibilityManagerService( 1863): 	at com.android.server.accessibility.AccessibilityManagerService$Service.notifyAccessibilityEventInternal(AccessibilityManagerService.java:2357)
E/AccessibilityManagerService( 1863): 	at com.android.server.accessibility.AccessibilityManagerService$Service.access$2800(AccessibilityManagerService.java:1694)
E/AccessibilityManagerService( 1863): 	at com.android.server.accessibility.AccessibilityManagerService$Service$1.handleMessage(AccessibilityManagerService.java:1749)
E/AccessibilityManagerService( 1863): 	at android.os.Handler.dispatchMessage(Handler.java:102)
E/AccessibilityManagerService( 1863): 	at android.os.Looper.loop(Looper.java:136)
E/AccessibilityManagerService( 1863): 	at com.android.server.ServerThread.initAndLoop(SystemServer.java:1135)
E/AccessibilityManagerService( 1863): 	at com.android.server.SystemServer.main(SystemServer.java:1229)
E/AccessibilityManagerService( 1863): 	at java.lang.reflect.Method.invokeNative(Native Method)
E/AccessibilityManagerService( 1863): 	at java.lang.reflect.Method.invoke(Method.java:515)
E/AccessibilityManagerService( 1863): 	at com.android.internal.os.ZygoteInit$MethodAndArgsCaller.run(ZygoteInit.java:827)
E/AccessibilityManagerService( 1863): 	at com.android.internal.os.ZygoteInit.main(ZygoteInit.java:643)
E/AccessibilityManagerService( 1863): 	at dalvik.system.NativeStart.main(Native Method)
D/InputMethodManagerService( 1863): packageName=cn.dcpai.auction, activityName=.activity.MobileLoginActivity
D/InputMethodManagerService( 1863): ime_enabled = true is same as last value, no change
D/InputMethodManagerService( 1863): packageName=cn.dcpai.auction, activityName=.activity.MobileLoginActivity
D/InputMethodManagerService( 1863): ime_enabled = true is same as last value, no change
D/NotificationService( 1863): In writeNotificationInfo: pkgName android
D/NotificationService( 1863): In writeNotificationInfo: pkgName android
D/InputMethodManagerService( 1863): packageName=cn.dcpai.auction, activityName=.activity.MobileLoginActivity
D/InputMethodManagerService( 1863): ime_enabled = true is same as last value, no change
D/NotificationService( 1863): In writeNotificationInfo: pkgName android
I/ActivityManager( 1863): Process com.tencent.android.qqdownloader:live (pid 18407) has died.
V/WindowManager( 1863): isVisibleLw false for win : Window{4e9b37c0 u0 PopupWindow:4f95b254 EXITING}
V/WindowManager( 1863): isVisibleLw false for win : Window{4e7fcf8c u0 PopupWindow:4f95b484 EXITING}
V/WindowManager( 1863): isVisibleLw false for win : Window{4e9b37c0 u0 PopupWindow:4f95b254 EXITING}
V/WindowManager( 1863): isVisibleLw false for win : Window{4e7fcf8c u0 PopupWindow:4f95b484 EXITING}
D/InputMethodManagerService( 1863): packageName=cn.dcpai.auction, activityName=.activity.MobileLoginActivity
D/InputMethodManagerService( 1863): ime_enabled = true is same as last value, no change
D/NotificationService( 1863): In writeNotificationInfo: pkgName android
V/WindowManager( 1863): isVisibleLw false for win : Window{4ea65b9c u0 PopupWindow:4f785f78 EXITING}
V/WindowManager( 1863): isVisibleLw false for win : Window{4ea041c8 u0 PopupWindow:4f786070 EXITING}
V/WindowManager( 1863): isVisibleLw false for win : Window{4ea65b9c u0 PopupWindow:4f785f78 EXITING}
V/WindowManager( 1863): isVisibleLw false for win : Window{4ea041c8 u0 PopupWindow:4f786070 EXITING}
D/InputMethodManagerService( 1863): packageName=cn.dcpai.auction, activityName=.activity.MobileLoginActivity
V/WindowManager( 1863): isVisibleLw false for win : Window{4ea8e040 u0 cn.dcpai.auction/cn.dcpai.auction.activity.MobileLoginActivity EXITING}
D/InputMethodManagerService( 1863): packageName=cn.dcpai.auction, activityName=.activity.MobileLoginActivity
D/InputMethodManagerService( 1863): packageName=cn.dcpai.auction, activityName=.activity.MobileLoginActivity
D/InputMethodManagerService( 1863): ime_enabled = true is same as last value, no change
D/NotificationService( 1863): In writeNotificationInfo: pkgName android
V/WindowManager( 1863): isVisibleLw false for win : Window{4eb5f858 u0 PopupWindow:4f95b254 EXITING}
D/InputMethodManagerService( 1863): packageName=cn.dcpai.auction, activityName=.activity.MobileLoginActivity
D/InputMethodManagerService( 1863): ime_enabled = true is same as last value, no change
D/InputMethodManagerService( 1863): packageName=cn.dcpai.auction, activityName=.activity.MobileLoginActivity
D/InputMethodManagerService( 1863): ime_enabled = true is same as last value, no change
D/NotificationService( 1863): In writeNotificationInfo: pkgName android
D/NotificationService( 1863): In writeNotificationInfo: pkgName android
V/WindowManager( 1863): isVisibleLw false for win : Window{4e7fcf8c u0 PopupWindow:4f785f78 EXITING}
D/NotificationService( 1863): In writeNotificationInfo: pkgName com.tencent.android.qqdownloader
D/InputMethodManagerService( 1863): packageName=cn.dcpai.auction, activityName=.activity.MobileLoginActivity
D/InputMethodManagerService( 1863): ime_enabled = true is same as last value, no change
V/WindowManager( 1863): isVisibleLw false for win : Window{4eb92898 u0 PopupWindow:4f95b254}
D/NotificationService( 1863): In writeNotificationInfo: pkgName android
E/AccessibilityManagerService( 1863): Error during sending EventType: TYPE_NOTIFICATION_STATE_CHANGED; EventTime: 18742596; PackageName: com.tencent.android.qqdownloader; MovementGranularity: 0; Action: 0 [ ClassName: android.app.Notification; Text: []; ContentDescription: null; ItemCount: -1; CurrentItemIndex: -1; IsEnabled: false; IsPassword: false; IsChecked: false; IsFullScreen: false; Scrollable: false; BeforeText: null; FromIndex: -1; ToIndex: -1; ScrollX: -1; ScrollY: -1; MaxScrollX: -1; MaxScrollY: -1; AddedCount: -1; RemovedCount: -1; ParcelableData: Notification(pri=2 contentView=com.tencent.android.qqdownloader/0x7f040197 vibrate=null sound=null defaults=0x0 flags=0xa2 kind=[null]) ]; recordCount: 0 to android.accessibilityservice.IAccessibilityServiceClient$Stub$Proxy@4e9e0f94
E/AccessibilityManagerService( 1863): android.os.TransactionTooLargeException
E/AccessibilityManagerService( 1863): 	at android.os.BinderProxy.transact(Native Method)
E/AccessibilityManagerService( 1863): 	at android.accessibilityservice.IAccessibilityServiceClient$Stub$Proxy.onAccessibilityEvent(IAccessibilityServiceClient.java:151)
E/AccessibilityManagerService( 1863): 	at com.android.server.accessibility.AccessibilityManagerService$Service.notifyAccessibilityEventInternal(AccessibilityManagerService.java:2357)
E/AccessibilityManagerService( 1863): 	at com.android.server.accessibility.AccessibilityManagerService$Service.access$2800(AccessibilityManagerService.java:1694)
E/AccessibilityManagerService( 1863): 	at com.android.server.accessibility.AccessibilityManagerService$Service$1.handleMessage(AccessibilityManagerService.java:1749)
E/AccessibilityManagerService( 1863): 	at android.os.Handler.dispatchMessage(Handler.java:102)
E/AccessibilityManagerService( 1863): 	at android.os.Looper.loop(Looper.java:136)
E/AccessibilityManagerService( 1863): 	at com.android.server.ServerThread.initAndLoop(SystemServer.java:1135)
E/AccessibilityManagerService( 1863): 	at com.android.server.SystemServer.main(SystemServer.java:1229)
E/AccessibilityManagerService( 1863): 	at java.lang.reflect.Method.invokeNative(Native Method)
E/AccessibilityManagerService( 1863): 	at java.lang.reflect.Method.invoke(Method.java:515)
E/AccessibilityManagerService( 1863): 	at com.android.internal.os.ZygoteInit$MethodAndArgsCaller.run(ZygoteInit.java:827)
E/AccessibilityManagerService( 1863): 	at com.android.internal.os.ZygoteInit.main(ZygoteInit.java:643)
E/AccessibilityManagerService( 1863): 	at dalvik.system.NativeStart.main(Native Method)
V/WindowManager( 1863): isVisibleLw false for win : Window{4eb92898 u0 PopupWindow:4f95b254 EXITING}
V/WindowManager( 1863): isVisibleLw false for win : Window{4eb67348 u0 PopupWindow:4f95b484 EXITING}
V/WindowManager( 1863): isVisibleLw false for win : Window{4eb92898 u0 PopupWindow:4f95b254 EXITING}
V/WindowManager( 1863): isVisibleLw false for win : Window{4eb67348 u0 PopupWindow:4f95b484 EXITING}
D/InputMethodManagerService( 1863): packageName=cn.dcpai.auction, activityName=.activity.MobileLoginActivity
D/InputMethodManagerService( 1863): ime_enabled = true is same as last value, no change
V/WindowManager( 1863): isVisibleLw false for win : Window{4e7f345c u0 PopupWindow:4f785f78}
D/NotificationService( 1863): In writeNotificationInfo: pkgName android
V/WindowManager( 1863): isVisibleLw false for win : Window{4e7f345c u0 PopupWindow:4f785f78 EXITING}
V/WindowManager( 1863): isVisibleLw false for win : Window{4e7e77a0 u0 PopupWindow:4f786070 EXITING}
V/WindowManager( 1863): isVisibleLw false for win : Window{4e7f345c u0 PopupWindow:4f785f78 EXITING}
V/WindowManager( 1863): isVisibleLw false for win : Window{4e7e77a0 u0 PopupWindow:4f786070 EXITING}
D/InputMethodManagerService( 1863): packageName=cn.dcpai.auction, activityName=.activity.MobileLoginActivity
V/WindowManager( 1863): isVisibleLw false for win : Window{4e9da580 u0 cn.dcpai.auction/cn.dcpai.auction.activity.MobileLoginActivity EXITING}
D/InputMethodManagerService( 1863): packageName=cn.dcpai.auction, activityName=.activity.MobileLoginActivity
D/InputMethodManagerService( 1863): packageName=cn.dcpai.auction, activityName=.activity.MobileLoginActivity
D/InputMethodManagerService( 1863): ime_enabled = true is same as last value, no change
D/NotificationService( 1863): In writeNotificationInfo: pkgName android
V/WindowManager( 1863): isVisibleLw false for win : Window{4ea32710 u0 PopupWindow:4f95b254 EXITING}
D/InputMethodManagerService( 1863): packageName=cn.dcpai.auction, activityName=.activity.MobileLoginActivity
D/InputMethodManagerService( 1863): ime_enabled = true is same as last value, no change
D/InputMethodManagerService( 1863): packageName=cn.dcpai.auction, activityName=.activity.MobileLoginActivity
D/InputMethodManagerService( 1863): ime_enabled = true is same as last value, no change
D/NotificationService( 1863): In writeNotificationInfo: pkgName android
D/NotificationService( 1863): In writeNotificationInfo: pkgName android
V/WindowManager( 1863): isVisibleLw false for win : Window{4ea51628 u0 PopupWindow:4f785f78 EXITING}
--------- beginning of /dev/log/main
I/AppiumUnicodeIME( 2010): onKeyUp (keyCode='67', event.keyCode='67', metaState='0')
I/Input   (18605): injectKeyEvent: KeyEvent { action=ACTION_DOWN, keyCode=KEYCODE_FORWARD_DEL, scanCode=0, metaState=0, flags=0x0, repeatCount=0, eventTime=18755039, downTime=18755039, deviceId=-1, source=0x101 }
I/AppiumUnicodeIME( 2010): onKeyDown (keyCode='112', event.keyCode='112', metaState='0')
I/Input   (18605): injectKeyEvent: KeyEvent { action=ACTION_UP, keyCode=KEYCODE_FORWARD_DEL, scanCode=0, metaState=0, flags=0x0, repeatCount=0, eventTime=18755039, downTime=18755039, deviceId=-1, source=0x101 }
I/AppiumUnicodeIME( 2010): onKeyUp (keyCode='112', event.keyCode='112', metaState='0')
I/Input   (18605): injectKeyEvent: KeyEvent { action=ACTION_DOWN, keyCode=KEYCODE_DEL, scanCode=0, metaState=0, flags=0x0, repeatCount=0, eventTime=18755041, downTime=18755041, deviceId=-1, source=0x101 }
I/AppiumUnicodeIME( 2010): onKeyDown (keyCode='67', event.keyCode='67', metaState='0')
I/Input   (18605): injectKeyEvent: KeyEvent { action=ACTION_UP, keyCode=KEYCODE_DEL, scanCode=0, metaState=0, flags=0x0, repeatCount=0, eventTime=18755041, downTime=18755041, deviceId=-1, source=0x101 }
I/AppiumUnicodeIME( 2010): onKeyUp (keyCode='67', event.keyCode='67', metaState='0')
I/Input   (18605): injectKeyEvent: KeyEvent { action=ACTION_DOWN, keyCode=KEYCODE_FORWARD_DEL, scanCode=0, metaState=0, flags=0x0, repeatCount=0, eventTime=18755042, downTime=18755042, deviceId=-1, source=0x101 }
I/AppiumUnicodeIME( 2010): onKeyDown (keyCode='112', event.keyCode='112', metaState='0')
I/Input   (18605): injectKeyEvent: KeyEvent { action=ACTION_UP, keyCode=KEYCODE_FORWARD_DEL, scanCode=0, metaState=0, flags=0x0, repeatCount=0, eventTime=18755042, downTime=18755042, deviceId=-1, source=0x101 }
I/AppiumUnicodeIME( 2010): onKeyUp (keyCode='112', event.keyCode='112', metaState='0')
I/Input   (18605): injectKeyEvent: KeyEvent { action=ACTION_DOWN, keyCode=KEYCODE_DEL, scanCode=0, metaState=0, flags=0x0, repeatCount=0, eventTime=18755044, downTime=18755044, deviceId=-1, source=0x101 }
I/AppiumUnicodeIME( 2010): onKeyDown (keyCode='67', event.keyCode='67', metaState='0')
I/Input   (18605): injectKeyEvent: KeyEvent { action=ACTION_UP, keyCode=KEYCODE_DEL, scanCode=0, metaState=0, flags=0x0, repeatCount=0, eventTime=18755044, downTime=18755044, deviceId=-1, source=0x101 }
I/AppiumUnicodeIME( 2010): onKeyUp (keyCode='67', event.keyCode='67', metaState='0')
I/Input   (18605): injectKeyEvent: KeyEvent { action=ACTION_DOWN, keyCode=KEYCODE_FORWARD_DEL, scanCode=0, metaState=0, flags=0x0, repeatCount=0, eventTime=18755045, downTime=18755045, deviceId=-1, source=0x101 }
I/AppiumUnicodeIME( 2010): onKeyDown (keyCode='112', event.keyCode='112', metaState='0')
I/Input   (18605): injectKeyEvent: KeyEvent { action=ACTION_UP, keyCode=KEYCODE_FORWARD_DEL, scanCode=0, metaState=0, flags=0x0, repeatCount=0, eventTime=18755045, downTime=18755045, deviceId=-1, source=0x101 }
I/AppiumUnicodeIME( 2010): onKeyUp (keyCode='112', event.keyCode='112', metaState='0')
I/Input   (18605): injectKeyEvent: KeyEvent { action=ACTION_DOWN, keyCode=KEYCODE_DEL, scanCode=0, metaState=0, flags=0x0, repeatCount=0, eventTime=18755047, downTime=18755047, deviceId=-1, source=0x101 }
I/AppiumUnicodeIME( 2010): onKeyDown (keyCode='67', event.keyCode='67', metaState='0')
I/Input   (18605): injectKeyEvent: KeyEvent { action=ACTION_UP, keyCode=KEYCODE_DEL, scanCode=0, metaState=0, flags=0x0, repeatCount=0, eventTime=18755047, downTime=18755047, deviceId=-1, source=0x101 }
I/AppiumUnicodeIME( 2010): onKeyUp (keyCode='67', event.keyCode='67', metaState='0')
I/Input   (18605): injectKeyEvent: KeyEvent { action=ACTION_DOWN, keyCode=KEYCODE_FORWARD_DEL, scanCode=0, metaState=0, flags=0x0, repeatCount=0, eventTime=18755048, downTime=18755048, deviceId=-1, source=0x101 }
I/AppiumUnicodeIME( 2010): onKeyDown (keyCode='112', event.keyCode='112', metaState='0')
I/Input   (18605): injectKeyEvent: KeyEvent { action=ACTION_UP, keyCode=KEYCODE_FORWARD_DEL, scanCode=0, metaState=0, flags=0x0, repeatCount=0, eventTime=18755048, downTime=18755048, deviceId=-1, source=0x101 }
I/AppiumUnicodeIME( 2010): onKeyUp (keyCode='112', event.keyCode='112', metaState='0')
I/Input   (18605): injectKeyEvent: KeyEvent { action=ACTION_DOWN, keyCode=KEYCODE_DEL, scanCode=0, metaState=0, flags=0x0, repeatCount=0, eventTime=18755050, downTime=18755050, deviceId=-1, source=0x101 }
I/AppiumUnicodeIME( 2010): onKeyDown (keyCode='67', event.keyCode='67', metaState='0')
I/Input   (18605): injectKeyEvent: KeyEvent { action=ACTION_UP, keyCode=KEYCODE_DEL, scanCode=0, metaState=0, flags=0x0, repeatCount=0, eventTime=18755050, downTime=18755050, deviceId=-1, source=0x101 }
I/AppiumUnicodeIME( 2010): onKeyUp (keyCode='67', event.keyCode='67', metaState='0')
I/Input   (18605): injectKeyEvent: KeyEvent { action=ACTION_DOWN, keyCode=KEYCODE_FORWARD_DEL, scanCode=0, metaState=0, flags=0x0, repeatCount=0, eventTime=18755051, downTime=18755051, deviceId=-1, source=0x101 }
I/AppiumUnicodeIME( 2010): onKeyDown (keyCode='112', event.keyCode='112', metaState='0')
I/Input   (18605): injectKeyEvent: KeyEvent { action=ACTION_UP, keyCode=KEYCODE_FORWARD_DEL, scanCode=0, metaState=0, flags=0x0, repeatCount=0, eventTime=18755051, downTime=18755051, deviceId=-1, source=0x101 }
I/AppiumUnicodeIME( 2010): onKeyUp (keyCode='112', event.keyCode='112', metaState='0')
I/Input   (18605): injectKeyEvent: KeyEvent { action=ACTION_DOWN, keyCode=KEYCODE_DEL, scanCode=0, metaState=0, flags=0x0, repeatCount=0, eventTime=18755053, downTime=18755053, deviceId=-1, source=0x101 }
I/AppiumUnicodeIME( 2010): onKeyDown (keyCode='67', event.keyCode='67', metaState='0')
I/Input   (18605): injectKeyEvent: KeyEvent { action=ACTION_UP, keyCode=KEYCODE_DEL, scanCode=0, metaState=0, flags=0x0, repeatCount=0, eventTime=18755053, downTime=18755053, deviceId=-1, source=0x101 }
I/AppiumUnicodeIME( 2010): onKeyUp (keyCode='67', event.keyCode='67', metaState='0')
I/Input   (18605): injectKeyEvent: KeyEvent { action=ACTION_DOWN, keyCode=KEYCODE_FORWARD_DEL, scanCode=0, metaState=0, flags=0x0, repeatCount=0, eventTime=18755054, downTime=18755054, deviceId=-1, source=0x101 }
I/AppiumUnicodeIME( 2010): onKeyDown (keyCode='112', event.keyCode='112', metaState='0')
I/Input   (18605): injectKeyEvent: KeyEvent { action=ACTION_UP, keyCode=KEYCODE_FORWARD_DEL, scanCode=0, metaState=0, flags=0x0, repeatCount=0, eventTime=18755054, downTime=18755054, deviceId=-1, source=0x101 }
I/AppiumUnicodeIME( 2010): onKeyUp (keyCode='112', event.keyCode='112', metaState='0')
I/Input   (18605): injectKeyEvent: KeyEvent { action=ACTION_DOWN, keyCode=KEYCODE_DEL, scanCode=0, metaState=0, flags=0x0, repeatCount=0, eventTime=18755056, downTime=18755056, deviceId=-1, source=0x101 }
I/AppiumUnicodeIME( 2010): onKeyDown (keyCode='67', event.keyCode='67', metaState='0')
I/Input   (18605): injectKeyEvent: KeyEvent { action=ACTION_UP, keyCode=KEYCODE_DEL, scanCode=0, metaState=0, flags=0x0, repeatCount=0, eventTime=18755056, downTime=18755056, deviceId=-1, source=0x101 }
I/AppiumUnicodeIME( 2010): onKeyUp (keyCode='67', event.keyCode='67', metaState='0')
I/Input   (18605): injectKeyEvent: KeyEvent { action=ACTION_DOWN, keyCode=KEYCODE_FORWARD_DEL, scanCode=0, metaState=0, flags=0x0, repeatCount=0, eventTime=18755058, downTime=18755058, deviceId=-1, source=0x101 }
I/AppiumUnicodeIME( 2010): onKeyDown (keyCode='112', event.keyCode='112', metaState='0')
I/Input   (18605): injectKeyEvent: KeyEvent { action=ACTION_UP, keyCode=KEYCODE_FORWARD_DEL, scanCode=0, metaState=0, flags=0x0, repeatCount=0, eventTime=18755058, downTime=18755058, deviceId=-1, source=0x101 }
I/AppiumUnicodeIME( 2010): onKeyUp (keyCode='112', event.keyCode='112', metaState='0')
D/AndroidRuntime(18605): Shutting down VM
D/dalvikvm(18605): GC_CONCURRENT freed 511K, 48% free 559K/1076K, paused 0ms+0ms, total 0ms
D/dalvikvm(18281): GC_CONCURRENT freed 401K, 87% free 1123K/8192K, paused 0ms+0ms, total 1ms
D/dalvikvm(18281): GC_CONCURRENT freed 396K, 87% free 1131K/8192K, paused 1ms+0ms, total 2ms
D/AndroidRuntime(18615): 
D/AndroidRuntime(18615): >>>>>> AndroidRuntime START com.android.internal.os.RuntimeInit <<<<<<
D/dalvikvm(18281): GC_CONCURRENT freed 404K, 87% free 1131K/8192K, paused 1ms+0ms, total 2ms
D/AndroidRuntime(18615): CheckJNI is OFF
D/dalvikvm(18615): Trying to load lib libjavacore.so 0x0
D/dalvikvm(18615): Added shared lib libjavacore.so 0x0
D/dalvikvm(18615): Trying to load lib libnativehelper.so 0x0
D/dalvikvm(18615): Added shared lib libnativehelper.so 0x0
D/dalvikvm(18615): No JNI_OnLoad found in libnativehelper.so 0x0, skipping init
D/dalvikvm(18615): Note: class Landroid/app/ActivityManagerNative; has 180 unimplemented (abstract) methods
D/dalvikvm(18281): GC_CONCURRENT freed 393K, 87% free 1131K/8192K, paused 3ms+0ms, total 3ms
E/memtrack(18615): Couldn't load memtrack module (No such file or directory)
E/android.os.Debug(18615): failed to load memtrack module: -2
D/AndroidRuntime(18615): Calling main entry com.android.commands.input.Input
I/Input   (18615): injectKeyEvent: KeyEvent { action=ACTION_DOWN, keyCode=KEYCODE_DEL, scanCode=0, metaState=0, flags=0x0, repeatCount=0, eventTime=18755477, downTime=18755477, deviceId=-1, source=0x101 }
I/AppiumUnicodeIME( 2010): onKeyDown (keyCode='67', event.keyCode='67', metaState='0')
I/Input   (18615): injectKeyEvent: KeyEvent { action=ACTION_UP, keyCode=KEYCODE_DEL, scanCode=0, metaState=0, flags=0x0, repeatCount=0, eventTime=18755477, downTime=18755477, deviceId=-1, source=0x101 }
I/AppiumUnicodeIME( 2010): onKeyUp (keyCode='67', event.keyCode='67', metaState='0')
I/Input   (18615): injectKeyEvent: KeyEvent { action=ACTION_DOWN, keyCode=KEYCODE_FORWARD_DEL, scanCode=0, metaState=0, flags=0x0, repeatCount=0, eventTime=18755485, downTime=18755485, deviceId=-1, source=0x101 }
I/AppiumUnicodeIME( 2010): onKeyDown (keyCode='112', event.keyCode='112', metaState='0')
D/dalvikvm(18281): GC_CONCURRENT freed 415K, 87% free 1130K/8192K, paused 0ms+0ms, total 1ms
I/Input   (18615): injectKeyEvent: KeyEvent { action=ACTION_UP, keyCode=KEYCODE_FORWARD_DEL, scanCode=0, metaState=0, flags=0x0, repeatCount=0, eventTime=18755485, downTime=18755485, deviceId=-1, source=0x101 }
I/AppiumUnicodeIME( 2010): onKeyUp (keyCode='112', event.keyCode='112', metaState='0')
I/Input   (18615): injectKeyEvent: KeyEvent { action=ACTION_DOWN, keyCode=KEYCODE_DEL, scanCode=0, metaState=0, flags=0x0, repeatCount=0, eventTime=18755491, downTime=18755491, deviceId=-1, source=0x101 }
I/AppiumUnicodeIME( 2010): onKeyDown (keyCode='67', event.keyCode='67', metaState='0')
I/Input   (18615): injectKeyEvent: KeyEvent { action=ACTION_UP, keyCode=KEYCODE_DEL, scanCode=0, metaState=0, flags=0x0, repeatCount=0, eventTime=18755491, downTime=18755491, deviceId=-1, source=0x101 }
I/AppiumUnicodeIME( 2010): onKeyUp (keyCode='67', event.keyCode='67', metaState='0')
I/Input   (18615): injectKeyEvent: KeyEvent { action=ACTION_DOWN, keyCode=KEYCODE_FORWARD_DEL, scanCode=0, metaState=0, flags=0x0, repeatCount=0, eventTime=18755496, downTime=18755496, deviceId=-1, source=0x101 }
I/AppiumUnicodeIME( 2010): onKeyDown (keyCode='112', event.keyCode='112', metaState='0')
I/Input   (18615): injectKeyEvent: KeyEvent { action=ACTION_UP, keyCode=KEYCODE_FORWARD_DEL, scanCode=0, metaState=0, flags=0x0, repeatCount=0, eventTime=18755496, downTime=18755496, deviceId=-1, source=0x101 }
I/AppiumUnicodeIME( 2010): onKeyUp (keyCode='112', event.keyCode='112', metaState='0')
I/Input   (18615): injectKeyEvent: KeyEvent { action=ACTION_DOWN, keyCode=KEYCODE_DEL, scanCode=0, metaState=0, flags=0x0, repeatCount=0, eventTime=18755501, downTime=18755501, deviceId=-1, source=0x101 }
I/AppiumUnicodeIME( 2010): onKeyDown (keyCode='67', event.keyCode='67', metaState='0')
I/Input   (18615): injectKeyEvent: KeyEvent { action=ACTION_UP, keyCode=KEYCODE_DEL, scanCode=0, metaState=0, flags=0x0, repeatCount=0, eventTime=18755501, downTime=18755501, deviceId=-1, source=0x101 }
I/AppiumUnicodeIME( 2010): onKeyUp (keyCode='67', event.keyCode='67', metaState='0')
I/Input   (18615): injectKeyEvent: KeyEvent { action=ACTION_DOWN, keyCode=KEYCODE_FORWARD_DEL, scanCode=0, metaState=0, flags=0x0, repeatCount=0, eventTime=18755506, downTime=18755506, deviceId=-1, source=0x101 }
I/AppiumUnicodeIME( 2010): onKeyDown (keyCode='112', event.keyCode='112', metaState='0')
I/Input   (18615): injectKeyEvent: KeyEvent { action=ACTION_UP, keyCode=KEYCODE_FORWARD_DEL, scanCode=0, metaState=0, flags=0x0, repeatCount=0, eventTime=18755506, downTime=18755506, deviceId=-1, source=0x101 }
I/AppiumUnicodeIME( 2010): onKeyUp (keyCode='112', event.keyCode='112', metaState='0')
D/dalvikvm(18281): GC_CONCURRENT freed 403K, 87% free 1131K/8192K, paused 1ms+0ms, total 1ms
I/Input   (18615): injectKeyEvent: KeyEvent { action=ACTION_DOWN, keyCode=KEYCODE_DEL, scanCode=0, metaState=0, flags=0x0, repeatCount=0, eventTime=18755511, downTime=18755511, deviceId=-1, source=0x101 }
I/AppiumUnicodeIME( 2010): onKeyDown (keyCode='67', event.keyCode='67', metaState='0')
I/Input   (18615): injectKeyEvent: KeyEvent { action=ACTION_UP, keyCode=KEYCODE_DEL, scanCode=0, metaState=0, flags=0x0, repeatCount=0, eventTime=18755511, downTime=18755511, deviceId=-1, source=0x101 }
I/AppiumUnicodeIME( 2010): onKeyUp (keyCode='67', event.keyCode='67', metaState='0')
I/Input   (18615): injectKeyEvent: KeyEvent { action=ACTION_DOWN, keyCode=KEYCODE_FORWARD_DEL, scanCode=0, metaState=0, flags=0x0, repeatCount=0, eventTime=18755513, downTime=18755513, deviceId=-1, source=0x101 }
I/AppiumUnicodeIME( 2010): onKeyDown (keyCode='112', event.keyCode='112', metaState='0')
I/Input   (18615): injectKeyEvent: KeyEvent { action=ACTION_UP, keyCode=KEYCODE_FORWARD_DEL, scanCode=0, metaState=0, flags=0x0, repeatCount=0, eventTime=18755513, downTime=18755513, deviceId=-1, source=0x101 }
I/AppiumUnicodeIME( 2010): onKeyUp (keyCode='112', event.keyCode='112', metaState='0')
I/Input   (18615): injectKeyEvent: KeyEvent { action=ACTION_DOWN, keyCode=KEYCODE_DEL, scanCode=0, metaState=0, flags=0x0, repeatCount=0, eventTime=18755517, downTime=18755517, deviceId=-1, source=0x101 }
I/AppiumUnicodeIME( 2010): onKeyDown (keyCode='67', event.keyCode='67', metaState='0')
I/Input   (18615): injectKeyEvent: KeyEvent { action=ACTION_UP, keyCode=KEYCODE_DEL, scanCode=0, metaState=0, flags=0x0, repeatCount=0, eventTime=18755517, downTime=18755517, deviceId=-1, source=0x101 }
I/AppiumUnicodeIME( 2010): onKeyUp (keyCode='67', event.keyCode='67', metaState='0')
I/Input   (18615): injectKeyEvent: KeyEvent { action=ACTION_DOWN, keyCode=KEYCODE_FORWARD_DEL, scanCode=0, metaState=0, flags=0x0, repeatCount=0, eventTime=18755523, downTime=18755523, deviceId=-1, source=0x101 }
I/AppiumUnicodeIME( 2010): onKeyDown (keyCode='112', event.keyCode='112', metaState='0')
I/Input   (18615): injectKeyEvent: KeyEvent { action=ACTION_UP, keyCode=KEYCODE_FORWARD_DEL, scanCode=0, metaState=0, flags=0x0, repeatCount=0, eventTime=18755523, downTime=18755523, deviceId=-1, source=0x101 }
I/AppiumUnicodeIME( 2010): onKeyUp (keyCode='112', event.keyCode='112', metaState='0')
I/Input   (18615): injectKeyEvent: KeyEvent { action=ACTION_DOWN, keyCode=KEYCODE_DEL, scanCode=0, metaState=0, flags=0x0, repeatCount=0, eventTime=18755527, downTime=18755527, deviceId=-1, source=0x101 }
I/AppiumUnicodeIME( 2010): onKeyDown (keyCode='67', event.keyCode='67', metaState='0')
I/Input   (18615): injectKeyEvent: KeyEvent { action=ACTION_UP, keyCode=KEYCODE_DEL, scanCode=0, metaState=0, flags=0x0, repeatCount=0, eventTime=18755527, downTime=18755527, deviceId=-1, source=0x101 }
I/AppiumUnicodeIME( 2010): onKeyUp (keyCode='67', event.keyCode='67', metaState='0')
D/dalvikvm(18281): GC_CONCURRENT freed 403K, 87% free 1131K/8192K, paused 0ms+0ms, total 1ms
I/Input   (18615): injectKeyEvent: KeyEvent { action=ACTION_DOWN, keyCode=KEYCODE_FORWARD_DEL, scanCode=0, metaState=0, flags=0x0, repeatCount=0, eventTime=18755535, downTime=18755535, deviceId=-1, source=0x101 }
I/AppiumUnicodeIME( 2010): onKeyDown (keyCode='112', event.keyCode='112', metaState='0')
I/Input   (18615): injectKeyEvent: KeyEvent { action=ACTION_UP, keyCode=KEYCODE_FORWARD_DEL, scanCode=0, metaState=0, flags=0x0, repeatCount=0, eventTime=18755535, downTime=18755535, deviceId=-1, source=0x101 }
I/AppiumUnicodeIME( 2010): onKeyUp (keyCode='112', event.keyCode='112', metaState='0')
I/Input   (18615): injectKeyEvent: KeyEvent { action=ACTION_DOWN, keyCode=KEYCODE_DEL, scanCode=0, metaState=0, flags=0x0, repeatCount=0, eventTime=18755540, downTime=18755540, deviceId=-1, source=0x101 }
I/AppiumUnicodeIME( 2010): onKeyDown (keyCode='67', event.keyCode='67', metaState='0')
I/Input   (18615): injectKeyEvent: KeyEvent { action=ACTION_UP, keyCode=KEYCODE_DEL, scanCode=0, metaState=0, flags=0x0, repeatCount=0, eventTime=18755540, downTime=18755540, deviceId=-1, source=0x101 }
I/AppiumUnicodeIME( 2010): onKeyUp (keyCode='67', event.keyCode='67', metaState='0')
I/Input   (18615): injectKeyEvent: KeyEvent { action=ACTION_DOWN, keyCode=KEYCODE_FORWARD_DEL, scanCode=0, metaState=0, flags=0x0, repeatCount=0, eventTime=18755546, downTime=18755546, deviceId=-1, source=0x101 }
I/AppiumUnicodeIME( 2010): onKeyDown (keyCode='112', event.keyCode='112', metaState='0')
I/Input   (18615): injectKeyEvent: KeyEvent { action=ACTION_UP, keyCode=KEYCODE_FORWARD_DEL, scanCode=0, metaState=0, flags=0x0, repeatCount=0, eventTime=18755546, downTime=18755546, deviceId=-1, source=0x101 }
I/AppiumUnicodeIME( 2010): onKeyUp (keyCode='112', event.keyCode='112', metaState='0')
I/Input   (18615): injectKeyEvent: KeyEvent { action=ACTION_DOWN, keyCode=KEYCODE_DEL, scanCode=0, metaState=0, flags=0x0, repeatCount=0, eventTime=18755551, downTime=18755551, deviceId=-1, source=0x101 }
I/AppiumUnicodeIME( 2010): onKeyDown (keyCode='67', event.keyCode='67', metaState='0')
I/Input   (18615): injectKeyEvent: KeyEvent { action=ACTION_UP, keyCode=KEYCODE_DEL, scanCode=0, metaState=0, flags=0x0, repeatCount=0, eventTime=18755551, downTime=18755551, deviceId=-1, source=0x101 }
I/AppiumUnicodeIME( 2010): onKeyUp (keyCode='67', event.keyCode='67', metaState='0')
I/Input   (18615): injectKeyEvent: KeyEvent { action=ACTION_DOWN, keyCode=KEYCODE_FORWARD_DEL, scanCode=0, metaState=0, flags=0x0, repeatCount=0, eventTime=18755556, downTime=18755556, deviceId=-1, source=0x101 }
I/AppiumUnicodeIME( 2010): onKeyDown (keyCode='112', event.keyCode='112', metaState='0')
D/dalvikvm(18281): GC_CONCURRENT freed 404K, 87% free 1131K/8192K, paused 0ms+0ms, total 1ms
I/Input   (18615): injectKeyEvent: KeyEvent { action=ACTION_UP, keyCode=KEYCODE_FORWARD_DEL, scanCode=0, metaState=0, flags=0x0, repeatCount=0, eventTime=18755556, downTime=18755556, deviceId=-1, source=0x101 }
I/AppiumUnicodeIME( 2010): onKeyUp (keyCode='112', event.keyCode='112', metaState='0')
I/Input   (18615): injectKeyEvent: KeyEvent { action=ACTION_DOWN, keyCode=KEYCODE_DEL, scanCode=0, metaState=0, flags=0x0, repeatCount=0, eventTime=18755562, downTime=18755562, deviceId=-1, source=0x101 }
I/AppiumUnicodeIME( 2010): onKeyDown (keyCode='67', event.keyCode='67', metaState='0')
I/Input   (18615): injectKeyEvent: KeyEvent { action=ACTION_UP, keyCode=KEYCODE_DEL, scanCode=0, metaState=0, flags=0x0, repeatCount=0, eventTime=18755562, downTime=18755562, deviceId=-1, source=0x101 }
I/AppiumUnicodeIME( 2010): onKeyUp (keyCode='67', event.keyCode='67', metaState='0')
I/Input   (18615): injectKeyEvent: KeyEvent { action=ACTION_DOWN, keyCode=KEYCODE_FORWARD_DEL, scanCode=0, metaState=0, flags=0x0, repeatCount=0, eventTime=18755567, downTime=18755567, deviceId=-1, source=0x101 }
I/AppiumUnicodeIME( 2010): onKeyDown (keyCode='112', event.keyCode='112', metaState='0')
I/Input   (18615): injectKeyEvent: KeyEvent { action=ACTION_UP, keyCode=KEYCODE_FORWARD_DEL, scanCode=0, metaState=0, flags=0x0, repeatCount=0, eventTime=18755567, downTime=18755567, deviceId=-1, source=0x101 }
I/AppiumUnicodeIME( 2010): onKeyUp (keyCode='112', event.keyCode='112', metaState='0')
I/Input   (18615): injectKeyEvent: KeyEvent { action=ACTION_DOWN, keyCode=KEYCODE_DEL, scanCode=0, metaState=0, flags=0x0, repeatCount=0, eventTime=18755573, downTime=18755573, deviceId=-1, source=0x101 }
I/AppiumUnicodeIME( 2010): onKeyDown (keyCode='67', event.keyCode='67', metaState='0')
I/Input   (18615): injectKeyEvent: KeyEvent { action=ACTION_UP, keyCode=KEYCODE_DEL, scanCode=0, metaState=0, flags=0x0, repeatCount=0, eventTime=18755573, downTime=18755573, deviceId=-1, source=0x101 }
I/AppiumUnicodeIME( 2010): onKeyUp (keyCode='67', event.keyCode='67', metaState='0')
I/Input   (18615): injectKeyEvent: KeyEvent { action=ACTION_DOWN, keyCode=KEYCODE_FORWARD_DEL, scanCode=0, metaState=0, flags=0x0, repeatCount=0, eventTime=18755578, downTime=18755578, deviceId=-1, source=0x101 }
I/AppiumUnicodeIME( 2010): onKeyDown (keyCode='112', event.keyCode='112', metaState='0')
I/Input   (18615): injectKeyEvent: KeyEvent { action=ACTION_UP, keyCode=KEYCODE_FORWARD_DEL, scanCode=0, metaState=0, flags=0x0, repeatCount=0, eventTime=18755578, downTime=18755578, deviceId=-1, source=0x101 }
I/AppiumUnicodeIME( 2010): onKeyUp (keyCode='112', event.keyCode='112', metaState='0')
D/dalvikvm(18281): GC_CONCURRENT freed 404K, 87% free 1130K/8192K, paused 0ms+0ms, total 1ms
I/Input   (18615): injectKeyEvent: KeyEvent { action=ACTION_DOWN, keyCode=KEYCODE_DEL, scanCode=0, metaState=0, flags=0x0, repeatCount=0, eventTime=18755584, downTime=18755584, deviceId=-1, source=0x101 }
I/AppiumUnicodeIME( 2010): onKeyDown (keyCode='67', event.keyCode='67', metaState='0')
I/Input   (18615): injectKeyEvent: KeyEvent { action=ACTION_UP, keyCode=KEYCODE_DEL, scanCode=0, metaState=0, flags=0x0, repeatCount=0, eventTime=18755584, downTime=18755584, deviceId=-1, source=0x101 }
I/AppiumUnicodeIME( 2010): onKeyUp (keyCode='67', event.keyCode='67', metaState='0')
I/Input   (18615): injectKeyEvent: KeyEvent { action=ACTION_DOWN, keyCode=KEYCODE_FORWARD_DEL, scanCode=0, metaState=0, flags=0x0, repeatCount=0, eventTime=18755591, downTime=18755591, deviceId=-1, source=0x101 }
I/AppiumUnicodeIME( 2010): onKeyDown (keyCode='112', event.keyCode='112', metaState='0')
I/Input   (18615): injectKeyEvent: KeyEvent { action=ACTION_UP, keyCode=KEYCODE_FORWARD_DEL, scanCode=0, metaState=0, flags=0x0, repeatCount=0, eventTime=18755591, downTime=18755591, deviceId=-1, source=0x101 }
I/AppiumUnicodeIME( 2010): onKeyUp (keyCode='112', event.keyCode='112', metaState='0')
I/Input   (18615): injectKeyEvent: KeyEvent { action=ACTION_DOWN, keyCode=KEYCODE_DEL, scanCode=0, metaState=0, flags=0x0, repeatCount=0, eventTime=18755597, downTime=18755597, deviceId=-1, source=0x101 }
I/AppiumUnicodeIME( 2010): onKeyDown (keyCode='67', event.keyCode='67', metaState='0')
I/Input   (18615): injectKeyEvent: KeyEvent { action=ACTION_UP, keyCode=KEYCODE_DEL, scanCode=0, metaState=0, flags=0x0, repeatCount=0, eventTime=18755597, downTime=18755597, deviceId=-1, source=0x101 }
I/AppiumUnicodeIME( 2010): onKeyUp (keyCode='67', event.keyCode='67', metaState='0')
I/Input   (18615): injectKeyEvent: KeyEvent { action=ACTION_DOWN, keyCode=KEYCODE_FORWARD_DEL, scanCode=0, metaState=0, flags=0x0, repeatCount=0, eventTime=18755602, downTime=18755602, deviceId=-1, source=0x101 }
I/AppiumUnicodeIME( 2010): onKeyDown (keyCode='112', event.keyCode='112', metaState='0')
I/Input   (18615): injectKeyEvent: KeyEvent { action=ACTION_UP, keyCode=KEYCODE_FORWARD_DEL, scanCode=0, metaState=0, flags=0x0, repeatCount=0, eventTime=18755602, downTime=18755602, deviceId=-1, source=0x101 }
I/AppiumUnicodeIME( 2010): onKeyUp (keyCode='112', event.keyCode='112', metaState='0')
I/Input   (18615): injectKeyEvent: KeyEvent { action=ACTION_DOWN, keyCode=KEYCODE_DEL, scanCode=0, metaState=0, flags=0x0, repeatCount=0, eventTime=18755608, downTime=18755608, deviceId=-1, source=0x101 }
I/AppiumUnicodeIME( 2010): onKeyDown (keyCode='67', event.keyCode='67', metaState='0')
I/Input   (18615): injectKeyEvent: KeyEvent { action=ACTION_UP, keyCode=KEYCODE_DEL, scanCode=0, metaState=0, flags=0x0, repeatCount=0, eventTime=18755608, downTime=18755608, deviceId=-1, source=0x101 }
D/dalvikvm(18281): GC_CONCURRENT freed 384K, 87% free 1133K/8192K, paused 1ms+0ms, total 2ms
I/AppiumUnicodeIME( 2010): onKeyUp (keyCode='67', event.keyCode='67', metaState='0')
I/Input   (18615): injectKeyEvent: KeyEvent { action=ACTION_DOWN, keyCode=KEYCODE_FORWARD_DEL, scanCode=0, metaState=0, flags=0x0, repeatCount=0, eventTime=18755613, downTime=18755613, deviceId=-1, source=0x101 }
I/AppiumUnicodeIME( 2010): onKeyDown (keyCode='112', event.keyCode='112', metaState='0')
I/Input   (18615): injectKeyEvent: KeyEvent { action=ACTION_UP, keyCode=KEYCODE_FORWARD_DEL, scanCode=0, metaState=0, flags=0x0, repeatCount=0, eventTime=18755613, downTime=18755613, deviceId=-1, source=0x101 }
I/AppiumUnicodeIME( 2010): onKeyUp (keyCode='112', event.keyCode='112', metaState='0')
I/Input   (18615): injectKeyEvent: KeyEvent { action=ACTION_DOWN, keyCode=KEYCODE_DEL, scanCode=0, metaState=0, flags=0x0, repeatCount=0, eventTime=18755619, downTime=18755619, deviceId=-1, source=0x101 }
I/AppiumUnicodeIME( 2010): onKeyDown (keyCode='67', event.keyCode='67', metaState='0')
I/Input   (18615): injectKeyEvent: KeyEvent { action=ACTION_UP, keyCode=KEYCODE_DEL, scanCode=0, metaState=0, flags=0x0, repeatCount=0, eventTime=18755619, downTime=18755619, deviceId=-1, source=0x101 }
I/AppiumUnicodeIME( 2010): onKeyUp (keyCode='67', event.keyCode='67', metaState='0')
I/Input   (18615): injectKeyEvent: KeyEvent { action=ACTION_DOWN, keyCode=KEYCODE_FORWARD_DEL, scanCode=0, metaState=0, flags=0x0, repeatCount=0, eventTime=18755624, downTime=18755624, deviceId=-1, source=0x101 }
I/AppiumUnicodeIME( 2010): onKeyDown (keyCode='112', event.keyCode='112', metaState='0')
I/Input   (18615): injectKeyEvent: KeyEvent { action=ACTION_UP, keyCode=KEYCODE_FORWARD_DEL, scanCode=0, metaState=0, flags=0x0, repeatCount=0, eventTime=18755624, downTime=18755624, deviceId=-1, source=0x101 }
I/AppiumUnicodeIME( 2010): onKeyUp (keyCode='112', event.keyCode='112', metaState='0')
I/Input   (18615): injectKeyEvent: KeyEvent { action=ACTION_DOWN, keyCode=KEYCODE_DEL, scanCode=0, metaState=0, flags=0x0, repeatCount=0, eventTime=18755629, downTime=18755629, deviceId=-1, source=0x101 }
I/AppiumUnicodeIME( 2010): onKeyDown (keyCode='67', event.keyCode='67', metaState='0')
I/Input   (18615): injectKeyEvent: KeyEvent { action=ACTION_UP, keyCode=KEYCODE_DEL, scanCode=0, metaState=0, flags=0x0, repeatCount=0, eventTime=18755629, downTime=18755629, deviceId=-1, source=0x101 }
I/AppiumUnicodeIME( 2010): onKeyUp (keyCode='67', event.keyCode='67', metaState='0')
D/dalvikvm(18281): GC_CONCURRENT freed 424K, 87% free 1130K/8192K, paused 0ms+0ms, total 1ms
I/Input   (18615): injectKeyEvent: KeyEvent { action=ACTION_DOWN, keyCode=KEYCODE_FORWARD_DEL, scanCode=0, metaState=0, flags=0x0, repeatCount=0, eventTime=18755636, downTime=18755636, deviceId=-1, source=0x101 }
I/AppiumUnicodeIME( 2010): onKeyDown (keyCode='112', event.keyCode='112', metaState='0')
I/Input   (18615): injectKeyEvent: KeyEvent { action=ACTION_UP, keyCode=KEYCODE_FORWARD_DEL, scanCode=0, metaState=0, flags=0x0, repeatCount=0, eventTime=18755636, downTime=18755636, deviceId=-1, source=0x101 }
I/AppiumUnicodeIME( 2010): onKeyUp (keyCode='112', event.keyCode='112', metaState='0')
I/Input   (18615): injectKeyEvent: KeyEvent { action=ACTION_DOWN, keyCode=KEYCODE_DEL, scanCode=0, metaState=0, flags=0x0, repeatCount=0, eventTime=18755644, downTime=18755644, deviceId=-1, source=0x101 }
I/AppiumUnicodeIME( 2010): onKeyDown (keyCode='67', event.keyCode='67', metaState='0')
I/Input   (18615): injectKeyEvent: KeyEvent { action=ACTION_UP, keyCode=KEYCODE_DEL, scanCode=0, metaState=0, flags=0x0, repeatCount=0, eventTime=18755644, downTime=18755644, deviceId=-1, source=0x101 }
I/AppiumUnicodeIME( 2010): onKeyUp (keyCode='67', event.keyCode='67', metaState='0')
I/Input   (18615): injectKeyEvent: KeyEvent { action=ACTION_DOWN, keyCode=KEYCODE_FORWARD_DEL, scanCode=0, metaState=0, flags=0x0, repeatCount=0, eventTime=18755650, downTime=18755650, deviceId=-1, source=0x101 }
I/AppiumUnicodeIME( 2010): onKeyDown (keyCode='112', event.keyCode='112', metaState='0')
I/Input   (18615): injectKeyEvent: KeyEvent { action=ACTION_UP, keyCode=KEYCODE_FORWARD_DEL, scanCode=0, metaState=0, flags=0x0, repeatCount=0, eventTime=18755650, downTime=18755650, deviceId=-1, source=0x101 }
I/AppiumUnicodeIME( 2010): onKeyUp (keyCode='112', event.keyCode='112', metaState='0')
I/Input   (18615): injectKeyEvent: KeyEvent { action=ACTION_DOWN, keyCode=KEYCODE_DEL, scanCode=0, metaState=0, flags=0x0, repeatCount=0, eventTime=18755656, downTime=18755656, deviceId=-1, source=0x101 }
I/AppiumUnicodeIME( 2010): onKeyDown (keyCode='67', event.keyCode='67', metaState='0')
I/Input   (18615): injectKeyEvent: KeyEvent { action=ACTION_UP, keyCode=KEYCODE_DEL, scanCode=0, metaState=0, flags=0x0, repeatCount=0, eventTime=18755656, downTime=18755656, deviceId=-1, source=0x101 }
I/AppiumUnicodeIME( 2010): onKeyUp (keyCode='67', event.keyCode='67', metaState='0')
D/dalvikvm(18281): GC_CONCURRENT freed 403K, 87% free 1131K/8192K, paused 0ms+0ms, total 1ms
I/Input   (18615): injectKeyEvent: KeyEvent { action=ACTION_DOWN, keyCode=KEYCODE_FORWARD_DEL, scanCode=0, metaState=0, flags=0x0, repeatCount=0, eventTime=18755662, downTime=18755662, deviceId=-1, source=0x101 }
I/AppiumUnicodeIME( 2010): onKeyDown (keyCode='112', event.keyCode='112', metaState='0')
I/Input   (18615): injectKeyEvent: KeyEvent { action=ACTION_UP, keyCode=KEYCODE_FORWARD_DEL, scanCode=0, metaState=0, flags=0x0, repeatCount=0, eventTime=18755662, downTime=18755662, deviceId=-1, source=0x101 }
I/AppiumUnicodeIME( 2010): onKeyUp (keyCode='112', event.keyCode='112', metaState='0')
I/Input   (18615): injectKeyEvent: KeyEvent { action=ACTION_DOWN, keyCode=KEYCODE_DEL, scanCode=0, metaState=0, flags=0x0, repeatCount=0, eventTime=18755666, downTime=18755666, deviceId=-1, source=0x101 }
I/AppiumUnicodeIME( 2010): onKeyDown (keyCode='67', event.keyCode='67', metaState='0')
I/Input   (18615): injectKeyEvent: KeyEvent { action=ACTION_UP, keyCode=KEYCODE_DEL, scanCode=0, metaState=0, flags=0x0, repeatCount=0, eventTime=18755666, downTime=18755666, deviceId=-1, source=0x101 }
I/AppiumUnicodeIME( 2010): onKeyUp (keyCode='67', event.keyCode='67', metaState='0')
I/Input   (18615): injectKeyEvent: KeyEvent { action=ACTION_DOWN, keyCode=KEYCODE_FORWARD_DEL, scanCode=0, metaState=0, flags=0x0, repeatCount=0, eventTime=18755671, downTime=18755671, deviceId=-1, source=0x101 }
I/AppiumUnicodeIME( 2010): onKeyDown (keyCode='112', event.keyCode='112', metaState='0')
I/Input   (18615): injectKeyEvent: KeyEvent { action=ACTION_UP, keyCode=KEYCODE_FORWARD_DEL, scanCode=0, metaState=0, flags=0x0, repeatCount=0, eventTime=18755671, downTime=18755671, deviceId=-1, source=0x101 }
I/AppiumUnicodeIME( 2010): onKeyUp (keyCode='112', event.keyCode='112', metaState='0')
I/Input   (18615): injectKeyEvent: KeyEvent { action=ACTION_DOWN, keyCode=KEYCODE_DEL, scanCode=0, metaState=0, flags=0x0, repeatCount=0, eventTime=18755676, downTime=18755676, deviceId=-1, source=0x101 }
I/AppiumUnicodeIME( 2010): onKeyDown (keyCode='67', event.keyCode='67', metaState='0')
I/Input   (18615): injectKeyEvent: KeyEvent { action=ACTION_UP, keyCode=KEYCODE_DEL, scanCode=0, metaState=0, flags=0x0, repeatCount=0, eventTime=18755676, downTime=18755676, deviceId=-1, source=0x101 }
I/AppiumUnicodeIME( 2010): onKeyUp (keyCode='67', event.keyCode='67', metaState='0')
I/Input   (18615): injectKeyEvent: KeyEvent { action=ACTION_DOWN, keyCode=KEYCODE_FORWARD_DEL, scanCode=0, metaState=0, flags=0x0, repeatCount=0, eventTime=18755680, downTime=18755680, deviceId=-1, source=0x101 }
I/AppiumUnicodeIME( 2010): onKeyDown (keyCode='112', event.keyCode='112', metaState='0')
D/dalvikvm(18281): GC_CONCURRENT freed 404K, 87% free 1131K/8192K, paused 0ms+0ms, total 1ms
I/Input   (18615): injectKeyEvent: KeyEvent { action=ACTION_UP, keyCode=KEYCODE_FORWARD_DEL, scanCode=0, metaState=0, flags=0x0, repeatCount=0, eventTime=18755680, downTime=18755680, deviceId=-1, source=0x101 }
I/AppiumUnicodeIME( 2010): onKeyUp (keyCode='112', event.keyCode='112', metaState='0')
I/Input   (18615): injectKeyEvent: KeyEvent { action=ACTION_DOWN, keyCode=KEYCODE_DEL, scanCode=0, metaState=0, flags=0x0, repeatCount=0, eventTime=18755686, downTime=18755686, deviceId=-1, source=0x101 }
I/AppiumUnicodeIME( 2010): onKeyDown (keyCode='67', event.keyCode='67', metaState='0')
I/Input   (18615): injectKeyEvent: KeyEvent { action=ACTION_UP, keyCode=KEYCODE_DEL, scanCode=0, metaState=0, flags=0x0, repeatCount=0, eventTime=18755686, downTime=18755686, deviceId=-1, source=0x101 }
I/AppiumUnicodeIME( 2010): onKeyUp (keyCode='67', event.keyCode='67', metaState='0')
I/Input   (18615): injectKeyEvent: KeyEvent { action=ACTION_DOWN, keyCode=KEYCODE_FORWARD_DEL, scanCode=0, metaState=0, flags=0x0, repeatCount=0, eventTime=18755693, downTime=18755693, deviceId=-1, source=0x101 }
I/AppiumUnicodeIME( 2010): onKeyDown (keyCode='112', event.keyCode='112', metaState='0')
I/Input   (18615): injectKeyEvent: KeyEvent { action=ACTION_UP, keyCode=KEYCODE_FORWARD_DEL, scanCode=0, metaState=0, flags=0x0, repeatCount=0, eventTime=18755693, downTime=18755693, deviceId=-1, source=0x101 }
I/AppiumUnicodeIME( 2010): onKeyUp (keyCode='112', event.keyCode='112', metaState='0')
I/Input   (18615): injectKeyEvent: KeyEvent { action=ACTION_DOWN, keyCode=KEYCODE_DEL, scanCode=0, metaState=0, flags=0x0, repeatCount=0, eventTime=18755698, downTime=18755698, deviceId=-1, source=0x101 }
I/AppiumUnicodeIME( 2010): onKeyDown (keyCode='67', event.keyCode='67', metaState='0')
I/Input   (18615): injectKeyEvent: KeyEvent { action=ACTION_UP, keyCode=KEYCODE_DEL, scanCode=0, metaState=0, flags=0x0, repeatCount=0, eventTime=18755698, downTime=18755698, deviceId=-1, source=0x101 }
I/AppiumUnicodeIME( 2010): onKeyUp (keyCode='67', event.keyCode='67', metaState='0')
I/Input   (18615): injectKeyEvent: KeyEvent { action=ACTION_DOWN, keyCode=KEYCODE_FORWARD_DEL, scanCode=0, metaState=0, flags=0x0, repeatCount=0, eventTime=18755703, downTime=18755703, deviceId=-1, source=0x101 }
I/AppiumUnicodeIME( 2010): onKeyDown (keyCode='112', event.keyCode='112', metaState='0')
I/Input   (18615): injectKeyEvent: KeyEvent { action=ACTION_UP, keyCode=KEYCODE_FORWARD_DEL, scanCode=0, metaState=0, flags=0x0, repeatCount=0, eventTime=18755703, downTime=18755703, deviceId=-1, source=0x101 }
I/AppiumUnicodeIME( 2010): onKeyUp (keyCode='112', event.keyCode='112', metaState='0')
D/dalvikvm(18281): GC_CONCURRENT freed 404K, 87% free 1130K/8192K, paused 0ms+0ms, total 1ms
I/Input   (18615): injectKeyEvent: KeyEvent { action=ACTION_DOWN, keyCode=KEYCODE_DEL, scanCode=0, metaState=0, flags=0x0, repeatCount=0, eventTime=18755709, downTime=18755709, deviceId=-1, source=0x101 }
I/AppiumUnicodeIME( 2010): onKeyDown (keyCode='67', event.keyCode='67', metaState='0')
I/Input   (18615): injectKeyEvent: KeyEvent { action=ACTION_UP, keyCode=KEYCODE_DEL, scanCode=0, metaState=0, flags=0x0, repeatCount=0, eventTime=18755709, downTime=18755709, deviceId=-1, source=0x101 }
I/AppiumUnicodeIME( 2010): onKeyUp (keyCode='67', event.keyCode='67', metaState='0')
I/Input   (18615): injectKeyEvent: KeyEvent { action=ACTION_DOWN, keyCode=KEYCODE_FORWARD_DEL, scanCode=0, metaState=0, flags=0x0, repeatCount=0, eventTime=18755714, downTime=18755714, deviceId=-1, source=0x101 }
I/AppiumUnicodeIME( 2010): onKeyDown (keyCode='112', event.keyCode='112', metaState='0')
I/Input   (18615): injectKeyEvent: KeyEvent { action=ACTION_UP, keyCode=KEYCODE_FORWARD_DEL, scanCode=0, metaState=0, flags=0x0, repeatCount=0, eventTime=18755714, downTime=18755714, deviceId=-1, source=0x101 }
I/AppiumUnicodeIME( 2010): onKeyUp (keyCode='112', event.keyCode='112', metaState='0')
I/Input   (18615): injectKeyEvent: KeyEvent { action=ACTION_DOWN, keyCode=KEYCODE_DEL, scanCode=0, metaState=0, flags=0x0, repeatCount=0, eventTime=18755719, downTime=18755719, deviceId=-1, source=0x101 }
I/AppiumUnicodeIME( 2010): onKeyDown (keyCode='67', event.keyCode='67', metaState='0')
