D/dalvikvm( 1863): WAIT_FOR_CONCURRENT_GC blocked 1ms
D/dalvikvm( 1863): GC_FOR_ALLOC freed 2654K, 37% free 10919K/17212K, paused 9ms, total 9ms
D/dalvikvm(18281): GC_CONCURRENT freed 392K, 87% free 1132K/8192K, paused 1ms+0ms, total 2ms
D/dalvikvm( 1863): GC_CONCURRENT freed 2624K, 37% free 10906K/17212K, paused 0ms+1ms, total 14ms
D/dalvikvm( 1863): WAIT_FOR_CONCURRENT_GC blocked 12ms
D/dalvikvm( 1863): GC_CONCURRENT freed 2579K, 37% free 10922K/17212K, paused 1ms+1ms, total 11ms
D/dalvikvm( 1863): WAIT_FOR_CONCURRENT_GC blocked 10ms
D/dalvikvm( 1863): GC_CONCURRENT freed 2567K, 37% free 10952K/17212K, paused 0ms+1ms, total 14ms
D/dalvikvm( 1863): WAIT_FOR_CONCURRENT_GC blocked 14ms
D/dalvikvm( 1863): GC_CONCURRENT freed 2681K, 37% free 10880K/17212K, paused 0ms+1ms, total 11ms
D/dalvikvm( 1863): WAIT_FOR_CONCURRENT_GC blocked 11ms
D/dalvikvm( 1863): GC_FOR_ALLOC freed 2543K, 37% free 10910K/17212K, paused 10ms, total 10ms
D/dalvikvm( 1863): GC_CONCURRENT freed 2552K, 37% free 10942K/17212K, paused 1ms+1ms, total 13ms
D/dalvikvm( 1863): WAIT_FOR_CONCURRENT_GC blocked 11ms
D/dalvikvm(18281): GC_CONCURRENT freed 415K, 87% free 1121K/8192K, paused 0ms+1ms, total 1ms
D/dalvikvm( 1863): GC_CONCURRENT freed 2650K, 37% free 10881K/17212K, paused 1ms+1ms, total 16ms
D/dalvikvm( 1863): WAIT_FOR_CONCURRENT_GC blocked 15ms
D/dalvikvm( 1863): GC_FOR_ALLOC freed 2547K, 37% free 10913K/17212K, paused 9ms, total 9ms
D/dalvikvm( 1863): GC_CONCURRENT freed 2472K, 36% free 11024K/17212K, paused 3ms+1ms, total 13ms
D/dalvikvm( 1863): WAIT_FOR_CONCURRENT_GC blocked 9ms
D/dalvikvm( 1863): GC_CONCURRENT freed 2726K, 37% free 10915K/17212K, paused 0ms+1ms, total 10ms
D/dalvikvm( 1863): WAIT_FOR_CONCURRENT_GC blocked 10ms
D/dalvikvm( 1863): GC_CONCURRENT freed 2570K, 37% free 10932K/17212K, paused 0ms+0ms, total 11ms
D/dalvikvm( 1863): WAIT_FOR_CONCURRENT_GC blocked 12ms
D/dalvikvm( 1863): GC_CONCURRENT freed 2654K, 37% free 10883K/17212K, paused 0ms+1ms, total 10ms
D/dalvikvm( 1863): WAIT_FOR_CONCURRENT_GC blocked 10ms
D/dalvikvm( 1863): GC_CONCURRENT freed 2601K, 37% free 10884K/17212K, paused 1ms+1ms, total 12ms
D/dalvikvm( 1863): WAIT_FOR_CONCURRENT_GC blocked 1ms
D/dalvikvm( 1863): WAIT_FOR_CONCURRENT_GC blocked 11ms
D/dalvikvm( 1863): GC_FOR_ALLOC freed 2549K, 37% free 10935K/17212K, paused 11ms, total 11ms
D/dalvikvm( 1863): GC_CONCURRENT freed 2513K, 37% free 11004K/17212K, paused 2ms+1ms, total 16ms
D/dalvikvm( 1863): WAIT_FOR_CONCURRENT_GC blocked 7ms
D/dalvikvm(18281): GC_CONCURRENT freed 392K, 87% free 1132K/8192K, paused 2ms+1ms, total 3ms
D/dalvikvm( 1863): GC_FOR_ALLOC freed 2694K, 37% free 10920K/17212K, paused 15ms, total 15ms
D/dalvikvm( 1863): GC_FOR_ALLOC freed 2603K, 37% free 10920K/17212K, paused 13ms, total 13ms
D/dalvikvm( 1863): GC_CONCURRENT freed 2599K, 37% free 10921K/17212K, paused 0ms+1ms, total 15ms
D/dalvikvm( 1863): WAIT_FOR_CONCURRENT_GC blocked 14ms
D/dalvikvm( 1863): GC_CONCURRENT freed 2571K, 37% free 10922K/17212K, paused 0ms+1ms, total 12ms
D/dalvikvm( 1863): WAIT_FOR_CONCURRENT_GC blocked 12ms
D/dalvikvm( 1863): GC_CONCURRENT freed 2562K, 37% free 10923K/17212K, paused 0ms+1ms, total 14ms
D/dalvikvm( 1863): WAIT_FOR_CONCURRENT_GC blocked 14ms
D/dalvikvm( 1863): GC_FOR_ALLOC freed 2589K, 37% free 10924K/17212K, paused 13ms, total 13ms
D/dalvikvm(18281): GC_CONCURRENT freed 381K, 87% free 1137K/8192K, paused 1ms+0ms, total 2ms
D/dalvikvm( 1863): GC_CONCURRENT freed 2487K, 36% free 11016K/17212K, paused 0ms+1ms, total 16ms
D/dalvikvm( 1863): WAIT_FOR_CONCURRENT_GC blocked 14ms
D/dalvikvm( 1863): GC_FOR_ALLOC freed 2675K, 37% free 10944K/17212K, paused 13ms, total 13ms
D/dalvikvm( 1863): GC_CONCURRENT freed 2499K, 36% free 11057K/17212K, paused 2ms+1ms, total 15ms
D/dalvikvm( 1863): WAIT_FOR_CONCURRENT_GC blocked 10ms
D/dalvikvm( 1863): GC_CONCURRENT freed 2691K, 37% free 10984K/17212K, paused 2ms+2ms, total 14ms
D/dalvikvm( 1863): WAIT_FOR_CONCURRENT_GC blocked 12ms
D/dalvikvm( 1863): GC_CONCURRENT freed 2719K, 37% free 10889K/17212K, paused 1ms+1ms, total 14ms
D/dalvikvm( 1863): WAIT_FOR_CONCURRENT_GC blocked 13ms
D/dalvikvm( 1863): GC_FOR_ALLOC freed 2509K, 37% free 10947K/17212K, paused 14ms, total 14ms
D/dalvikvm(18281): GC_CONCURRENT freed 394K, 87% free 1139K/8192K, paused 2ms+0ms, total 3ms
D/dalvikvm( 1863): GC_CONCURRENT freed 2552K, 37% free 10968K/17212K, paused 2ms+1ms, total 19ms
D/dalvikvm( 1863): WAIT_FOR_CONCURRENT_GC blocked 16ms
D/dalvikvm( 1863): GC_CONCURRENT freed 2556K, 36% free 11029K/17212K, paused 2ms+1ms, total 15ms
D/dalvikvm( 1863): WAIT_FOR_CONCURRENT_GC blocked 13ms
D/dalvikvm( 1863): GC_CONCURRENT freed 2716K, 37% free 10950K/17212K, paused 1ms+1ms, total 13ms
D/dalvikvm( 1863): WAIT_FOR_CONCURRENT_GC blocked 11ms
D/dalvikvm( 1863): GC_CONCURRENT freed 2520K, 36% free 11032K/17212K, paused 1ms+1ms, total 12ms
D/dalvikvm( 1863): WAIT_FOR_CONCURRENT_GC blocked 11ms
D/dalvikvm( 1863): GC_CONCURRENT freed 2723K, 37% free 10931K/17212K, paused 1ms+0ms, total 10ms
D/dalvikvm( 1863): WAIT_FOR_CONCURRENT_GC blocked 9ms
D/dalvikvm( 1863): GC_CONCURRENT freed 2603K, 37% free 10932K/17212K, paused 0ms+1ms, total 12ms
D/dalvikvm( 1863): WAIT_FOR_CONCURRENT_GC blocked 12ms
D/dalvikvm( 1863): GC_FOR_ALLOC freed 2625K, 37% free 10891K/17212K, paused 9ms, total 9ms
D/dalvikvm(18281): GC_CONCURRENT freed 404K, 87% free 1121K/8192K, paused 0ms+0ms, total 1ms
D/dalvikvm( 1863): GC_CONCURRENT freed 2458K, 37% free 10975K/17212K, paused 1ms+2ms, total 14ms
D/dalvikvm( 1863): WAIT_FOR_CONCURRENT_GC blocked 13ms
D/dalvikvm( 1863): GC_FOR_ALLOC freed 2708K, 37% free 10892K/17212K, paused 11ms, total 11ms
D/dalvikvm( 1863): GC_CONCURRENT freed 2391K, 36% free 11083K/17212K, paused 2ms+1ms, total 14ms
D/dalvikvm( 1863): WAIT_FOR_CONCURRENT_GC blocked 12ms
D/dalvikvm( 1863): GC_CONCURRENT freed 2706K, 37% free 11000K/17212K, paused 2ms+0ms, total 14ms
D/dalvikvm( 1863): WAIT_FOR_CONCURRENT_GC blocked 12ms
D/dalvikvm( 1863): GC_CONCURRENT freed 2729K, 37% free 10893K/17212K, paused 1ms+0ms, total 15ms
D/dalvikvm( 1863): WAIT_FOR_CONCURRENT_GC blocked 14ms
D/dalvikvm( 1863): GC_CONCURRENT freed 2597K, 37% free 10893K/17212K, paused 1ms+1ms, total 15ms
D/dalvikvm( 1863): WAIT_FOR_CONCURRENT_GC blocked 14ms
D/dalvikvm( 1863): GC_FOR_ALLOC freed 2506K, 37% free 10959K/17212K, paused 10ms, total 10ms
D/dalvikvm(18281): GC_CONCURRENT freed 391K, 87% free 1133K/8192K, paused 0ms+0ms, total 1ms
D/dalvikvm( 1863): GC_CONCURRENT freed 2482K, 36% free 11048K/17212K, paused 0ms+1ms, total 13ms
D/dalvikvm( 1863): WAIT_FOR_CONCURRENT_GC blocked 12ms
D/dalvikvm( 1863): GC_FOR_ALLOC freed 2763K, 37% free 10894K/17212K, paused 11ms, total 11ms
D/dalvikvm( 1863): GC_FOR_ALLOC freed 2515K, 37% free 10939K/17212K, paused 9ms, total 9ms
D/dalvikvm( 1863): GC_CONCURRENT freed 2533K, 37% free 11008K/17212K, paused 0ms+1ms, total 11ms
D/dalvikvm( 1863): WAIT_FOR_CONCURRENT_GC blocked 2ms
D/dalvikvm( 1863): GC_FOR_ALLOC freed 2710K, 37% free 10895K/17212K, paused 10ms, total 10ms
D/dalvikvm( 1863): GC_FOR_ALLOC freed 2568K, 37% free 10896K/17212K, paused 10ms, total 10ms
D/dalvikvm(18281): GC_CONCURRENT freed 415K, 87% free 1120K/8192K, paused 0ms+0ms, total 2ms
D/dalvikvm( 1863): GC_CONCURRENT freed 2471K, 37% free 11010K/17212K, paused 0ms+1ms, total 13ms
D/dalvikvm( 1863): WAIT_FOR_CONCURRENT_GC blocked 11ms
D/dalvikvm( 1863): GC_CONCURRENT freed 2716K, 37% free 10897K/17212K, paused 0ms+1ms, total 11ms
D/dalvikvm( 1863): WAIT_FOR_CONCURRENT_GC blocked 11ms
D/dalvikvm( 1863): GC_FOR_ALLOC freed 2501K, 37% free 10966K/17212K, paused 10ms, total 10ms
D/dalvikvm( 1863): GC_CONCURRENT freed 2542K, 37% free 10990K/17212K, paused 1ms+1ms, total 14ms
D/dalvikvm( 1863): WAIT_FOR_CONCURRENT_GC blocked 12ms
D/dalvikvm( 1863): GC_FOR_ALLOC freed 2699K, 37% free 10897K/17212K, paused 9ms, total 10ms
D/dalvikvm(18281): GC_CONCURRENT freed 369K, 87% free 1137K/8192K, paused 0ms+0ms, total 1ms
D/dalvikvm( 1863): GC_CONCURRENT freed 2338K, 36% free 11110K/17212K, paused 0ms+1ms, total 13ms
D/dalvikvm( 1863): WAIT_FOR_CONCURRENT_GC blocked 12ms
D/dalvikvm( 1863): GC_CONCURRENT freed 2850K, 37% free 10898K/17212K, paused 1ms+1ms, total 11ms
D/dalvikvm( 1863): WAIT_FOR_CONCURRENT_GC blocked 10ms
D/dalvikvm( 1863): GC_CONCURRENT freed 2533K, 37% free 10946K/17212K, paused 0ms+0ms, total 11ms
D/dalvikvm( 1863): WAIT_FOR_CONCURRENT_GC blocked 11ms
D/dalvikvm( 1863): GC_CONCURRENT freed 2548K, 37% free 10947K/17212K, paused 1ms+1ms, total 12ms
D/dalvikvm( 1863): WAIT_FOR_CONCURRENT_GC blocked 11ms
D/dalvikvm( 1863): GC_FOR_ALLOC freed 2562K, 37% free 10947K/17212K, paused 9ms, total 9ms
D/dalvikvm( 1863): GC_CONCURRENT freed 2530K, 37% free 10997K/17212K, paused 0ms+1ms, total 11ms
D/dalvikvm( 1863): WAIT_FOR_CONCURRENT_GC blocked 10ms
D/dalvikvm( 1863): GC_FOR_ALLOC freed 2641K, 37% free 10948K/17212K, paused 9ms, total 9ms
D/dalvikvm(18281): GC_CONCURRENT freed 427K, 87% free 1133K/8192K, paused 0ms+0ms, total 2ms
D/dalvikvm( 1863): GC_CONCURRENT freed 2485K, 36% free 11072K/17212K, paused 2ms+2ms, total 18ms
D/dalvikvm( 1863): WAIT_FOR_CONCURRENT_GC blocked 15ms
D/dalvikvm( 1863): GC_FOR_ALLOC freed 2745K, 37% free 10949K/17212K, paused 17ms, total 17ms
D/dalvikvm( 1863): GC_FOR_ALLOC freed 2638K, 37% free 10900K/17212K, paused 22ms, total 22ms
D/dalvikvm( 1863): GC_CONCURRENT freed 2401K, 36% free 11101K/17212K, paused 0ms+0ms, total 17ms
D/dalvikvm( 1863): WAIT_FOR_CONCURRENT_GC blocked 16ms
D/dalvikvm( 1863): GC_FOR_ALLOC freed 2741K, 37% free 10951K/17212K, paused 11ms, total 11ms
D/dalvikvm( 1863): GC_FOR_ALLOC freed 2554K, 37% free 10977K/17212K, paused 15ms, total 15ms
D/dalvikvm( 1863): GC_CONCURRENT freed 2595K, 37% free 11003K/17212K, paused 1ms+1ms, total 14ms
D/dalvikvm( 1863): WAIT_FOR_CONCURRENT_GC blocked 13ms
D/dalvikvm( 1863): GC_FOR_ALLOC freed 2632K, 37% free 10978K/17212K, paused 11ms, total 11ms
D/dalvikvm(18281): GC_CONCURRENT freed 403K, 87% free 1132K/8192K, paused 2ms+0ms, total 3ms
D/dalvikvm( 1863): GC_CONCURRENT freed 2545K, 36% free 11031K/17212K, paused 1ms+1ms, total 15ms
D/dalvikvm( 1863): WAIT_FOR_CONCURRENT_GC blocked 13ms
D/dalvikvm( 1863): GC_FOR_ALLOC freed 2685K, 37% free 10954K/17212K, paused 13ms, total 13ms
D/dalvikvm( 1863): GC_CONCURRENT freed 2518K, 37% free 11006K/17212K, paused 2ms+0ms, total 13ms
D/dalvikvm( 1863): WAIT_FOR_CONCURRENT_GC blocked 10ms
D/dalvikvm( 1863): GC_FOR_ALLOC freed 2634K, 37% free 10955K/17212K, paused 10ms, total 10ms
D/dalvikvm( 1863): GC_FOR_ALLOC freed 2596K, 37% free 10955K/17212K, paused 10ms, total 11ms
D/dalvikvm( 1863): GC_FOR_ALLOC freed 2661K, 37% free 10904K/17212K, paused 11ms, total 11ms
D/dalvikvm(18281): GC_CONCURRENT freed 415K, 87% free 1121K/8192K, paused 1ms+0ms, total 1ms
D/dalvikvm( 1863): GC_CONCURRENT freed 2428K, 36% free 11082K/17212K, paused 2ms+1ms, total 16ms
D/dalvikvm( 1863): WAIT_FOR_CONCURRENT_GC blocked 12ms
D/dalvikvm( 1863): WAIT_FOR_CONCURRENT_GC blocked 15ms
D/dalvikvm( 1863): GC_FOR_ALLOC freed 2694K, 37% free 10991K/17212K, paused 10ms, total 10ms
D/dalvikvm( 1863): GC_FOR_ALLOC freed 2675K, 37% free 10929K/17212K, paused 17ms, total 17ms
D/dalvikvm( 1863): GC_CONCURRENT freed 2482K, 36% free 11060K/17212K, paused 1ms+0ms, total 15ms
D/dalvikvm( 1863): WAIT_FOR_CONCURRENT_GC blocked 9ms
D/dalvikvm( 1863): WAIT_FOR_CONCURRENT_GC blocked 9ms
D/dalvikvm( 1863): GC_FOR_ALLOC freed 2768K, 37% free 10937K/17212K, paused 12ms, total 12ms
D/dalvikvm(18281): GC_CONCURRENT freed 392K, 87% free 1132K/8192K, paused 2ms+0ms, total 3ms
D/dalvikvm( 1863): GC_CONCURRENT freed 2513K, 36% free 11039K/17212K, paused 2ms+1ms, total 15ms
D/dalvikvm( 1863): WAIT_FOR_CONCURRENT_GC blocked 12ms
D/dalvikvm( 1863): GC_CONCURRENT freed 2759K, 37% free 10906K/17212K, paused 1ms+1ms, total 13ms
D/dalvikvm( 1863): WAIT_FOR_CONCURRENT_GC blocked 12ms
D/dalvikvm( 1863): WAIT_FOR_CONCURRENT_GC blocked 26ms
D/dalvikvm( 1863): GC_CONCURRENT freed 2553K, 37% free 10960K/17212K, paused 2ms+1ms, total 13ms
D/dalvikvm( 1863): WAIT_FOR_CONCURRENT_GC blocked 11ms
D/dalvikvm( 1863): GC_CONCURRENT freed 2581K, 37% free 10992K/17212K, paused 0ms+1ms, total 10ms
D/dalvikvm( 1863): WAIT_FOR_CONCURRENT_GC blocked 28ms
D/dalvikvm( 1863): GC_FOR_ALLOC freed 2566K, 36% free 11019K/17212K, paused 11ms, total 11ms
D/dalvikvm( 1863): WAIT_FOR_CONCURRENT_GC blocked 22ms
D/dalvikvm( 1863): GC_CONCURRENT freed 2515K, 36% free 11136K/17212K, paused 1ms+1ms, total 15ms
D/dalvikvm( 1863): WAIT_FOR_CONCURRENT_GC blocked 8ms
D/dalvikvm( 1863): GC_FOR_ALLOC freed 2764K, 37% free 10961K/17212K, paused 10ms, total 10ms
D/dalvikvm(18281): GC_CONCURRENT freed 386K, 87% free 1134K/8192K, paused 0ms+0ms, total 1ms
D/dalvikvm( 1863): GC_CONCURRENT freed 2484K, 36% free 11017K/17212K, paused 1ms+1ms, total 16ms
D/dalvikvm( 1863): WAIT_FOR_CONCURRENT_GC blocked 13ms
D/dalvikvm( 1863): GC_FOR_ALLOC freed 2660K, 37% free 10989K/17212K, paused 10ms, total 10ms
D/dalvikvm( 1863): GC_CONCURRENT freed 2646K, 37% free 10962K/17212K, paused 0ms+1ms, total 12ms
D/dalvikvm( 1863): WAIT_FOR_CONCURRENT_GC blocked 11ms
D/dalvikvm( 1863): GC_CONCURRENT freed 2630K, 37% free 10906K/17212K, paused 0ms+1ms, total 10ms
D/dalvikvm( 1863): WAIT_FOR_CONCURRENT_GC blocked 10ms
D/dalvikvm( 1863): GC_CONCURRENT freed 2584K, 37% free 10907K/17212K, paused 1ms+1ms, total 11ms
D/dalvikvm( 1863): WAIT_FOR_CONCURRENT_GC blocked 10ms
D/dalvikvm( 1863): GC_CONCURRENT freed 2595K, 37% free 10907K/17212K, paused 1ms+1ms, total 11ms
D/dalvikvm( 1863): WAIT_FOR_CONCURRENT_GC blocked 11ms
D/dalvikvm( 1863): GC_CONCURRENT freed 2464K, 36% free 11049K/17212K, paused 2ms+1ms, total 12ms
D/dalvikvm( 1863): WAIT_FOR_CONCURRENT_GC blocked 10ms
D/dalvikvm(18281): GC_CONCURRENT freed 388K, 87% free 1130K/8192K, paused 2ms+0ms, total 3ms
D/dalvikvm( 1863): GC_CONCURRENT freed 2761K, 37% free 10907K/17212K, paused 1ms+0ms, total 12ms
D/dalvikvm( 1863): WAIT_FOR_CONCURRENT_GC blocked 11ms
D/dalvikvm( 1863): GC_FOR_ALLOC freed 2484K, 37% free 10994K/17212K, paused 9ms, total 9ms
D/dalvikvm( 1863): GC_FOR_ALLOC freed 2582K, 37% free 10965K/17212K, paused 13ms, total 13ms
D/dalvikvm( 1863): GC_CONCURRENT freed 2449K, 36% free 11110K/17212K, paused 2ms+1ms, total 15ms
D/dalvikvm( 1863): WAIT_FOR_CONCURRENT_GC blocked 6ms
D/dalvikvm( 1863): GC_FOR_ALLOC freed 2717K, 37% free 10996K/17212K, paused 9ms, total 9ms
D/dalvikvm( 1863): GC_FOR_ALLOC freed 2614K, 37% free 10967K/17212K, paused 9ms, total 9ms
D/dalvikvm(18281): GC_CONCURRENT freed 398K, 87% free 1125K/8192K, paused 0ms+0ms, total 1ms
D/dalvikvm( 1863): GC_CONCURRENT freed 2477K, 36% free 11056K/17212K, paused 1ms+0ms, total 13ms
D/dalvikvm( 1863): WAIT_FOR_CONCURRENT_GC blocked 11ms
D/dalvikvm( 1863): GC_CONCURRENT freed 2695K, 37% free 10968K/17212K, paused 0ms+1ms, total 11ms
D/dalvikvm( 1863): WAIT_FOR_CONCURRENT_GC blocked 10ms
D/dalvikvm( 1863): GC_FOR_ALLOC freed 2556K, 37% free 10998K/17212K, paused 10ms, total 10ms
D/dalvikvm( 1863): GC_CONCURRENT freed 2449K, 36% free 11176K/17212K, paused 1ms+1ms, total 13ms
D/dalvikvm( 1863): WAIT_FOR_CONCURRENT_GC blocked 11ms
D/dalvikvm( 1863): GC_FOR_ALLOC freed 2935K, 37% free 10910K/17212K, paused 10ms, total 10ms
D/dalvikvm(18281): GC_CONCURRENT freed 410K, 87% free 1121K/8192K, paused 0ms+0ms, total 1ms
D/dalvikvm( 1863): GC_CONCURRENT freed 2468K, 36% free 11030K/17212K, paused 0ms+1ms, total 12ms
D/dalvikvm( 1863): WAIT_FOR_CONCURRENT_GC blocked 11ms
D/dalvikvm( 1863): GC_FOR_ALLOC freed 2657K, 37% free 11000K/17212K, paused 11ms, total 11ms
D/dalvikvm( 1863): GC_CONCURRENT freed 2488K, 36% free 11121K/17212K, paused 2ms+1ms, total 12ms
D/dalvikvm( 1863): WAIT_FOR_CONCURRENT_GC blocked 9ms
D/dalvikvm( 1863): GC_CONCURRENT freed 2767K, 37% free 10971K/17212K, paused 1ms+1ms, total 12ms
D/dalvikvm( 1863): WAIT_FOR_CONCURRENT_GC blocked 11ms
D/dalvikvm( 1863): GC_CONCURRENT freed 2566K, 37% free 10972K/17212K, paused 1ms+1ms, total 13ms
D/dalvikvm( 1863): WAIT_FOR_CONCURRENT_GC blocked 12ms
D/dalvikvm( 1863): GC_CONCURRENT freed 2576K, 37% free 10972K/17212K, paused 0ms+3ms, total 13ms
D/dalvikvm( 1863): WAIT_FOR_CONCURRENT_GC blocked 14ms
D/dalvikvm( 1863): GC_FOR_ALLOC freed 2586K, 37% free 10973K/17212K, paused 10ms, total 10ms
D/dalvikvm( 1863): GC_CONCURRENT freed 2381K, 35% free 11188K/17212K, paused 2ms+1ms, total 15ms
D/dalvikvm( 1863): WAIT_FOR_CONCURRENT_GC blocked 10ms
D/dalvikvm( 1863): GC_FOR_ALLOC freed 2819K, 37% free 10974K/17212K, paused 12ms, total 12ms
D/dalvikvm(18281): GC_CONCURRENT freed 396K, 87% free 1125K/8192K, paused 2ms+0ms, total 3ms
D/dalvikvm( 1863): GC_CONCURRENT freed 2553K, 36% free 11036K/17212K, paused 0ms+1ms, total 12ms
D/dalvikvm( 1863): WAIT_FOR_CONCURRENT_GC blocked 10ms
D/dalvikvm( 1863): GC_CONCURRENT freed 2686K, 37% free 10974K/17212K, paused 2ms+0ms, total 15ms
D/dalvikvm( 1863): WAIT_FOR_CONCURRENT_GC blocked 13ms
D/dalvikvm( 1863): GC_CONCURRENT freed 2634K, 37% free 10912K/17212K, paused 1ms+1ms, total 11ms
D/dalvikvm( 1863): WAIT_FOR_CONCURRENT_GC blocked 10ms
D/dalvikvm( 1863): GC_FOR_ALLOC freed 2486K, 37% free 11007K/17212K, paused 14ms, total 14ms
D/dalvikvm( 1863): GC_CONCURRENT freed 2371K, 35% free 11195K/17212K, paused 1ms+0ms, total 13ms
D/dalvikvm( 1863): WAIT_FOR_CONCURRENT_GC blocked 10ms
D/dalvikvm( 1863): GC_FOR_ALLOC freed 2881K, 37% free 10976K/17212K, paused 11ms, total 11ms
D/dalvikvm(18281): GC_CONCURRENT freed 400K, 87% free 1132K/8192K, paused 1ms+1ms, total 2ms
D/dalvikvm( 1863): GC_CONCURRENT freed 2451K, 36% free 11134K/17212K, paused 1ms+1ms, total 12ms
D/dalvikvm( 1863): WAIT_FOR_CONCURRENT_GC blocked 10ms
D/dalvikvm( 1863): GC_FOR_ALLOC freed 2741K, 37% free 11009K/17212K, paused 10ms, total 10ms
D/dalvikvm( 1863): GC_CONCURRENT freed 2562K, 36% free 11041K/17212K, paused 1ms+1ms, total 11ms
D/dalvikvm( 1863): WAIT_FOR_CONCURRENT_GC blocked 10ms
D/dalvikvm( 1863): GC_CONCURRENT freed 2763K, 37% free 10914K/17212K, paused 1ms+1ms, total 10ms
D/dalvikvm( 1863): WAIT_FOR_CONCURRENT_GC blocked 9ms
D/dalvikvm( 1863): GC_CONCURRENT freed 2483K, 37% free 10978K/17212K, paused 0ms+0ms, total 10ms
D/dalvikvm( 1863): WAIT_FOR_CONCURRENT_GC blocked 10ms
D/dalvikvm( 1863): GC_FOR_ALLOC freed 2554K, 37% free 11011K/17212K, paused 10ms, total 10ms
D/dalvikvm( 1863): GC_CONCURRENT freed 2437K, 35% free 11205K/17212K, paused 7ms+1ms, total 19ms
D/dalvikvm( 1863): WAIT_FOR_CONCURRENT_GC blocked 12ms
D/dalvikvm(18281): GC_CONCURRENT freed 403K, 87% free 1132K/8192K, paused 1ms+0ms, total 2ms
D/dalvikvm( 1863): GC_CONCURRENT freed 2962K, 37% free 10915K/17212K, paused 1ms+1ms, total 12ms
D/dalvikvm( 1863): WAIT_FOR_CONCURRENT_GC blocked 11ms
D/dalvikvm( 1863): GC_CONCURRENT freed 2517K, 37% free 10980K/17212K, paused 1ms+1ms, total 15ms
D/dalvikvm( 1863): WAIT_FOR_CONCURRENT_GC blocked 14ms
D/dalvikvm( 1863): GC_FOR_ALLOC freed 2590K, 37% free 11013K/17212K, paused 10ms, total 10ms
D/dalvikvm( 1863): GC_CONCURRENT freed 2469K, 36% free 11144K/17212K, paused 2ms+1ms, total 14ms
D/dalvikvm( 1863): WAIT_FOR_CONCURRENT_GC blocked 11ms
D/dalvikvm( 1863): GC_CONCURRENT freed 2770K, 37% free 10982K/17212K, paused 0ms+1ms, total 11ms
D/dalvikvm( 1863): WAIT_FOR_CONCURRENT_GC blocked 11ms
D/dalvikvm( 1863): GC_FOR_ALLOC freed 2549K, 37% free 10982K/17212K, paused 12ms, total 12ms
D/dalvikvm( 1863): GC_CONCURRENT freed 2492K, 36% free 11049K/17212K, paused 1ms+1ms, total 10ms
D/dalvikvm( 1863): WAIT_FOR_CONCURRENT_GC blocked 7ms
D/dalvikvm( 1863): GC_FOR_ALLOC freed 2632K, 37% free 10983K/17212K, paused 12ms, total 12ms
D/dalvikvm(18281): GC_CONCURRENT freed 403K, 87% free 1132K/8192K, paused 1ms+0ms, total 2ms
D/dalvikvm( 1863): GC_CONCURRENT freed 2508K, 36% free 11050K/17212K, paused 1ms+1ms, total 14ms
D/dalvikvm( 1863): WAIT_FOR_CONCURRENT_GC blocked 13ms
D/dalvikvm( 1863): GC_FOR_ALLOC freed 2648K, 37% free 10984K/17212K, paused 10ms, total 10ms
D/dalvikvm( 1863): GC_CONCURRENT freed 2357K, 35% free 11218K/17212K, paused 2ms+2ms, total 16ms
D/dalvikvm( 1863): WAIT_FOR_CONCURRENT_GC blocked 13ms
D/dalvikvm( 1863): GC_FOR_ALLOC freed 2831K, 37% free 10984K/17212K, paused 10ms, total 10ms
D/dalvikvm( 1863): GC_CONCURRENT freed 2539K, 36% free 11052K/17212K, paused 0ms+1ms, total 11ms
D/dalvikvm( 1863): WAIT_FOR_CONCURRENT_GC blocked 10ms
D/dalvikvm( 1863): GC_FOR_ALLOC freed 2681K, 37% free 10985K/17212K, paused 10ms, total 10ms
D/dalvikvm( 1863): GC_CONCURRENT freed 2555K, 36% free 11053K/17212K, paused 0ms+0ms, total 11ms
D/dalvikvm( 1863): WAIT_FOR_CONCURRENT_GC blocked 10ms
D/dalvikvm( 1863): GC_FOR_ALLOC freed 2698K, 37% free 10986K/17212K, paused 13ms, total 13ms
D/dalvikvm(18281): GC_CONCURRENT freed 416K, 87% free 1121K/8192K, paused 0ms+0ms, total 1ms
D/dalvikvm( 1863): GC_CONCURRENT freed 2400K, 36% free 11157K/17212K, paused 1ms+1ms, total 15ms
D/dalvikvm( 1863): WAIT_FOR_CONCURRENT_GC blocked 14ms
D/NotificationService( 1863): In writeNotificationInfo: pkgName com.tencent.android.qqdownloader
D/dalvikvm( 1863): GC_FOR_ALLOC freed 2976K, 37% free 10851K/17212K, paused 11ms, total 11ms
D/dalvikvm( 1863): GC_CONCURRENT freed 2573K, 37% free 10868K/17212K, paused 1ms+0ms, total 13ms
D/dalvikvm( 1863): WAIT_FOR_CONCURRENT_GC blocked 12ms
D/dalvikvm( 1863): GC_CONCURRENT freed 2592K, 37% free 10872K/17212K, paused 0ms+2ms, total 11ms
D/dalvikvm( 1863): WAIT_FOR_CONCURRENT_GC blocked 11ms
D/dalvikvm( 1863): GC_CONCURRENT freed 2583K, 37% free 10877K/17212K, paused 0ms+1ms, total 11ms
D/dalvikvm( 1863): WAIT_FOR_CONCURRENT_GC blocked 11ms
D/dalvikvm( 1863): GC_CONCURRENT freed 2581K, 37% free 10886K/17212K, paused 0ms+0ms, total 11ms
D/dalvikvm( 1863): WAIT_FOR_CONCURRENT_GC blocked 10ms
D/dalvikvm( 1863): GC_FOR_ALLOC freed 2603K, 37% free 10873K/17212K, paused 10ms, total 10ms
D/dalvikvm(18281): GC_CONCURRENT freed 403K, 87% free 1121K/8192K, paused 0ms+0ms, total 1ms
D/dalvikvm( 1863): GC_CONCURRENT freed 2574K, 37% free 10894K/17212K, paused 1ms+0ms, total 18ms
D/dalvikvm( 1863): WAIT_FOR_CONCURRENT_GC blocked 15ms
D/dalvikvm( 1863): GC_CONCURRENT freed 2606K, 37% free 10878K/17212K, paused 0ms+0ms, total 12ms
D/dalvikvm( 1863): WAIT_FOR_CONCURRENT_GC blocked 12ms
D/dalvikvm( 1863): GC_CONCURRENT freed 2562K, 37% free 10916K/17212K, paused 0ms+1ms, total 13ms
D/dalvikvm( 1863): WAIT_FOR_CONCURRENT_GC blocked 13ms
D/dalvikvm( 1863): GC_CONCURRENT freed 2624K, 37% free 10897K/17212K, paused 0ms+1ms, total 11ms
D/dalvikvm( 1863): WAIT_FOR_CONCURRENT_GC blocked 11ms
D/dalvikvm( 1863): GC_CONCURRENT freed 2554K, 37% free 10924K/17212K, paused 1ms+1ms, total 10ms
D/dalvikvm( 1863): WAIT_FOR_CONCURRENT_GC blocked 10ms
D/dalvikvm( 1863): GC_CONCURRENT freed 2616K, 37% free 10902K/17212K, paused 1ms+0ms, total 11ms
D/dalvikvm( 1863): WAIT_FOR_CONCURRENT_GC blocked 11ms
D/dalvikvm(18281): GC_CONCURRENT freed 393K, 87% free 1132K/8192K, paused 1ms+0ms, total 2ms
D/dalvikvm( 1863): GC_CONCURRENT freed 2585K, 37% free 10904K/17212K, paused 0ms+2ms, total 14ms
D/dalvikvm( 1863): WAIT_FOR_CONCURRENT_GC blocked 14ms
D/dalvikvm( 1863): GC_CONCURRENT freed 2602K, 37% free 10897K/17212K, paused 1ms+1ms, total 13ms
D/dalvikvm( 1863): WAIT_FOR_CONCURRENT_GC blocked 11ms
D/dalvikvm( 1863): GC_FOR_ALLOC freed 2596K, 37% free 10899K/17212K, paused 11ms, total 11ms
D/dalvikvm( 1863): GC_CONCURRENT freed 2580K, 37% free 10911K/17212K, paused 1ms+1ms, total 12ms
D/dalvikvm( 1863): WAIT_FOR_CONCURRENT_GC blocked 11ms
D/dalvikvm( 1863): GC_CONCURRENT freed 2603K, 37% free 10902K/17212K, paused 0ms+0ms, total 10ms
D/dalvikvm( 1863): WAIT_FOR_CONCURRENT_GC blocked 11ms
D/dalvikvm( 1863): GC_CONCURRENT freed 2568K, 37% free 10925K/17212K, paused 0ms+1ms, total 12ms
D/dalvikvm( 1863): WAIT_FOR_CONCURRENT_GC blocked 12ms
D/dalvikvm( 1863): GC_FOR_ALLOC freed 2622K, 37% free 10894K/17212K, paused 11ms, total 11ms
I/AppiumUnicodeIME( 2010): onKeyDown (keyCode='67', event.keyCode='67', metaState='0')
I/AppiumUnicodeIME( 2010): onKeyUp (keyCode='67', event.keyCode='67', metaState='0')
I/AppiumUnicodeIME( 2010): onKeyDown (keyCode='10', event.keyCode='10', metaState='0')
D/dalvikvm( 1863): GC_CONCURRENT freed 2527K, 37% free 10964K/17212K, paused 1ms+1ms, total 14ms
D/dalvikvm( 1863): WAIT_FOR_CONCURRENT_GC blocked 13ms
V/WindowManager( 1863): isVisibleLw false for win : Window{4ea61654 u0 PopupWindow:4f95b254 EXITING}
D/dalvikvm( 1863): GC_FOR_ALLOC freed 2661K, 37% free 10897K/17212K, paused 9ms, total 9ms
I/AppiumUnicodeIME( 2010): onKeyUp (keyCode='10', event.keyCode='10', metaState='0')
V/WindowManager( 1863): isVisibleLw false for win : Window{4ea59df4 u0 PopupWindow:4f95b484 EXITING}
V/WindowManager( 1863): isVisibleLw false for win : Window{4ea61654 u0 PopupWindow:4f95b254 EXITING}
I/AppiumUnicodeIME( 2010): onKeyDown (keyCode='16', event.keyCode='16', metaState='0')
D/dalvikvm(18281): GC_CONCURRENT freed 404K, 87% free 1134K/8192K, paused 0ms+0ms, total 2ms
D/dalvikvm( 1863): GC_CONCURRENT freed 2588K, 37% free 10900K/17212K, paused 2ms+2ms, total 23ms
D/dalvikvm( 1863): WAIT_FOR_CONCURRENT_GC blocked 19ms
I/AppiumUnicodeIME( 2010): onKeyUp (keyCode='16', event.keyCode='16', metaState='0')
D/dalvikvm( 1863): GC_FOR_ALLOC freed 2612K, 37% free 10876K/17212K, paused 10ms, total 10ms
D/dalvikvm( 1863): GC_FOR_ALLOC freed 2558K, 37% free 10902K/17212K, paused 11ms, total 11ms
I/AppiumUnicodeIME( 2010): onKeyDown (keyCode='16', event.keyCode='16', metaState='0')
I/AppiumUnicodeIME( 2010): onKeyUp (keyCode='16', event.keyCode='16', metaState='0')
D/dalvikvm( 1863): GC_CONCURRENT freed 2588K, 37% free 10904K/17212K, paused 2ms+5ms, total 25ms
D/dalvikvm( 1863): WAIT_FOR_CONCURRENT_GC blocked 22ms
D/dalvikvm( 1863): GC_FOR_ALLOC freed 2603K, 37% free 10904K/17212K, paused 15ms, total 15ms
I/AppiumUnicodeIME( 2010): onKeyDown (keyCode='16', event.keyCode='16', metaState='0')
D/dalvikvm( 1863): GC_CONCURRENT freed 2538K, 37% free 10971K/17212K, paused 1ms+1ms, total 21ms
D/dalvikvm( 1863): WAIT_FOR_CONCURRENT_GC blocked 12ms
D/dalvikvm( 1863): GC_FOR_ALLOC freed 2677K, 37% free 10906K/17212K, paused 13ms, total 13ms
I/AppiumUnicodeIME( 2010): onKeyUp (keyCode='16', event.keyCode='16', metaState='0')
D/dalvikvm( 1863): GC_FOR_ALLOC freed 2633K, 37% free 10879K/17212K, paused 13ms, total 13ms
V/WindowManager( 1863): isVisibleLw false for win : Window{4ea59df4 u0 PopupWindow:4f95b484 EXITING}
I/AppiumUnicodeIME( 2010): onKeyDown (keyCode='16', event.keyCode='16', metaState='0')
D/dalvikvm( 1863): GC_CONCURRENT freed 2486K, 37% free 10978K/17212K, paused 1ms+1ms, total 18ms
D/dalvikvm( 1863): WAIT_FOR_CONCURRENT_GC blocked 13ms
I/AppiumUnicodeIME( 2010): onKeyUp (keyCode='16', event.keyCode='16', metaState='0')
D/dalvikvm( 1863): GC_FOR_ALLOC freed 2655K, 37% free 10921K/17212K, paused 9ms, total 10ms
I/AppiumUnicodeIME( 2010): onKeyDown (keyCode='16', event.keyCode='16', metaState='0')
I/AppiumUnicodeIME( 2010): onKeyUp (keyCode='16', event.keyCode='16', metaState='0')
D/dalvikvm(18281): GC_CONCURRENT freed 415K, 87% free 1123K/8192K, paused 0ms+0ms, total 1ms
D/dalvikvm( 1863): GC_CONCURRENT freed 2545K, 37% free 10976K/17212K, paused 2ms+2ms, total 18ms
D/dalvikvm( 1863): WAIT_FOR_CONCURRENT_GC blocked 13ms
I/AppiumUnicodeIME( 2010): onKeyDown (keyCode='16', event.keyCode='16', metaState='0')
D/dalvikvm( 1863): GC_FOR_ALLOC freed 2711K, 37% free 10875K/17212K, paused 11ms, total 11ms
D/dalvikvm( 1863): GC_FOR_ALLOC freed 2546K, 37% free 10905K/17212K, paused 9ms, total 9ms
I/AppiumUnicodeIME( 2010): onKeyUp (keyCode='16', event.keyCode='16', metaState='0')
I/AppiumUnicodeIME( 2010): onKeyDown (keyCode='7', event.keyCode='7', metaState='0')
D/dalvikvm( 1863): GC_CONCURRENT freed 2553K, 37% free 10937K/17212K, paused 2ms+2ms, total 17ms
D/dalvikvm( 1863): WAIT_FOR_CONCURRENT_GC blocked 14ms
I/AppiumUnicodeIME( 2010): onKeyUp (keyCode='7', event.keyCode='7', metaState='0')
D/dalvikvm( 1863): GC_FOR_ALLOC freed 2653K, 37% free 10876K/17212K, paused 11ms, total 11ms
I/AppiumUnicodeIME( 2010): onKeyDown (keyCode='7', event.keyCode='7', metaState='0')
D/dalvikvm( 1863): GC_CONCURRENT freed 2472K, 37% free 10986K/17212K, paused 0ms+1ms, total 11ms
D/dalvikvm( 1863): WAIT_FOR_CONCURRENT_GC blocked 10ms
D/dalvikvm( 1863): GC_FOR_ALLOC freed 2661K, 37% free 10909K/17212K, paused 11ms, total 11ms
I/AppiumUnicodeIME( 2010): onKeyUp (keyCode='7', event.keyCode='7', metaState='0')
I/AppiumUnicodeIME( 2010): onKeyDown (keyCode='7', event.keyCode='7', metaState='0')
D/dalvikvm(18281): GC_CONCURRENT freed 395K, 87% free 1134K/8192K, paused 0ms+1ms, total 1ms
I/AppiumUnicodeIME( 2010): onKeyUp (keyCode='7', event.keyCode='7', metaState='0')
D/dalvikvm( 1863): GC_CONCURRENT freed 2588K, 37% free 10911K/17212K, paused 0ms+1ms, total 16ms
D/dalvikvm( 1863): WAIT_FOR_CONCURRENT_GC blocked 15ms
D/dalvikvm( 1863): GC_FOR_ALLOC freed 2571K, 37% free 10911K/17212K, paused 13ms, total 13ms
I/AppiumUnicodeIME( 2010): onKeyDown (keyCode='7', event.keyCode='7', metaState='0')
D/dalvikvm( 1863): GC_CONCURRENT freed 2483K, 36% free 11037K/17212K, paused 2ms+1ms, total 16ms
D/dalvikvm( 1863): WAIT_FOR_CONCURRENT_GC blocked 12ms
D/dalvikvm( 1863): WAIT_FOR_CONCURRENT_GC blocked 5ms
D/dalvikvm( 1863): WAIT_FOR_CONCURRENT_GC blocked 7ms
D/dalvikvm( 1863): WAIT_FOR_CONCURRENT_GC blocked 18ms
D/dalvikvm( 1863): GC_CONCURRENT freed 2663K, 37% free 11012K/17212K, paused 2ms+3ms, total 21ms
D/dalvikvm( 1863): WAIT_FOR_CONCURRENT_GC blocked 19ms
D/dalvikvm( 1863): WAIT_FOR_CONCURRENT_GC blocked 20ms
D/dalvikvm(18281): GC_CONCURRENT freed 404K, 87% free 1135K/8192K, paused 0ms+0ms, total 2ms
D/dalvikvm( 1863): GC_CONCURRENT freed 2618K, 37% free 11013K/17212K, paused 1ms+1ms, total 18ms
D/dalvikvm( 1863): WAIT_FOR_CONCURRENT_GC blocked 17ms
D/dalvikvm( 1863): WAIT_FOR_CONCURRENT_GC blocked 16ms
D/dalvikvm( 1863): GC_FOR_ALLOC freed 2704K, 37% free 10918K/17212K, paused 12ms, total 12ms
I/AppiumUnicodeIME( 2010): onKeyUp (keyCode='7', event.keyCode='7', metaState='0')
D/dalvikvm( 1863): GC_CONCURRENT freed 2559K, 37% free 10964K/17212K, paused 1ms+1ms, total 18ms
D/dalvikvm( 1863): WAIT_FOR_CONCURRENT_GC blocked 13ms
D/dalvikvm(18281): GC_CONCURRENT freed 416K, 87% free 1132K/8192K, paused 0ms+0ms, total 2ms
D/dalvikvm( 1863): GC_CONCURRENT freed 2601K, 37% free 10970K/17212K, paused 1ms+1ms, total 13ms
D/dalvikvm( 1863): WAIT_FOR_CONCURRENT_GC blocked 34ms
D/dalvikvm( 1863): WAIT_FOR_CONCURRENT_GC blocked 10ms
I/QueryController(18281): Matched selector: UiSelector[INSTANCE=0, RESOURCE_ID=cn.dcpai.auction:id/et_password] <<==>> [android.view.accessibility.AccessibilityNodeInfo@2a887; boundsInParent: Rect(0, 0 - 558, 67); boundsInScreen: Rect(81, 343 - 639, 410); packageName: cn.dcpai.auction; className: android.widget.EditText; text: null; contentDescription: null; viewIdResName: cn.dcpai.auction:id/et_password; checkable: false; checked: false; focusable: true; focused: false; selected: false; clickable: true; longClickable: true; enabled: true; password: true; scrollable: false; [ACTION_FOCUS, ACTION_SELECT, ACTION_CLEAR_SELECTION, ACTION_CLICK, ACTION_LONG_CLICK, ACTION_ACCESSIBILITY_FOCUS]]
D/UiObject(18281): getText() = 
D/dalvikvm( 1863): GC_CONCURRENT freed 2692K, 37% free 10891K/17212K, paused 3ms+1ms, total 15ms
D/dalvikvm( 1863): WAIT_FOR_CONCURRENT_GC blocked 12ms
D/dalvikvm( 1863): GC_FOR_ALLOC freed 2579K, 37% free 10889K/17212K, paused 9ms, total 9ms
D/dalvikvm( 1863): WAIT_FOR_CONCURRENT_GC blocked 21ms
D/dalvikvm(18281): GC_CONCURRENT freed 380K, 87% free 1137K/8192K, paused 1ms+0ms, total 2ms
D/dalvikvm( 1863): GC_FOR_ALLOC freed 2583K, 37% free 10886K/17212K, paused 10ms, total 10ms
I/QueryController(18281): Matched selector: UiSelector[INSTANCE=0, RESOURCE_ID=cn.dcpai.auction:id/et_password] <<==>> [android.view.accessibility.AccessibilityNodeInfo@2a887; boundsInParent: Rect(0, 0 - 558, 67); boundsInScreen: Rect(81, 343 - 639, 410); packageName: cn.dcpai.auction; className: android.widget.EditText; text: null; contentDescription: null; viewIdResName: cn.dcpai.auction:id/et_password; checkable: false; checked: false; focusable: true; focused: false; selected: false; clickable: true; longClickable: true; enabled: true; password: true; scrollable: false; [ACTION_FOCUS, ACTION_SELECT, ACTION_CLEAR_SELECTION, ACTION_CLICK, ACTION_LONG_CLICK, ACTION_ACCESSIBILITY_FOCUS]]
D/dalvikvm( 1863): GC_CONCURRENT freed 2459K, 36% free 11024K/17212K, paused 1ms+2ms, total 16ms
D/dalvikvm( 1863): WAIT_FOR_CONCURRENT_GC blocked 14ms
D/dalvikvm( 1863): GC_CONCURRENT freed 2711K, 37% free 10917K/17212K, paused 1ms+1ms, total 14ms
D/dalvikvm( 1863): WAIT_FOR_CONCURRENT_GC blocked 13ms
D/dalvikvm(18281): GC_CONCURRENT freed 406K, 87% free 1134K/8192K, paused 0ms+1ms, total 2ms
D/dalvikvm( 1863): GC_FOR_ALLOC freed 2557K, 37% free 10918K/17212K, paused 11ms, total 12ms
D/dalvikvm( 1863): GC_CONCURRENT freed 2493K, 37% free 11010K/17212K, paused 0ms+1ms, total 11ms
D/dalvikvm( 1863): WAIT_FOR_CONCURRENT_GC blocked 10ms
D/dalvikvm( 1863): GC_CONCURRENT freed 2701K, 37% free 10920K/17212K, paused 0ms+0ms, total 12ms
D/dalvikvm( 1863): WAIT_FOR_CONCURRENT_GC blocked 11ms
D/dalvikvm( 1863): GC_CONCURRENT freed 2543K, 37% free 10976K/17212K, paused 1ms+1ms, total 11ms
D/dalvikvm( 1863): WAIT_FOR_CONCURRENT_GC blocked 11ms
D/dalvikvm( 1863): GC_FOR_ALLOC freed 2661K, 37% free 10940K/17212K, paused 9ms, total 9ms
D/dalvikvm( 1863): GC_CONCURRENT freed 2518K, 36% free 11016K/17212K, paused 1ms+1ms, total 12ms
D/dalvikvm( 1863): WAIT_FOR_CONCURRENT_GC blocked 10ms
D/dalvikvm( 1863): GC_CONCURRENT freed 2712K, 37% free 10922K/17212K, paused 1ms+1ms, total 12ms
D/dalvikvm( 1863): WAIT_FOR_CONCURRENT_GC blocked 11ms
D/dalvikvm( 1863): GC_CONCURRENT freed 2603K, 37% free 10923K/17212K, paused 0ms+2ms, total 12ms
D/dalvikvm( 1863): WAIT_FOR_CONCURRENT_GC blocked 12ms
D/dalvikvm(18281): GC_CONCURRENT freed 418K, 87% free 1121K/8192K, paused 0ms+0ms, total 1ms
D/dalvikvm( 1863): GC_FOR_ALLOC freed 2628K, 37% free 10885K/17212K, paused 12ms, total 12ms
D/dalvikvm( 1863): GC_CONCURRENT freed 2413K, 36% free 11023K/17212K, paused 0ms+1ms, total 15ms
D/dalvikvm( 1863): WAIT_FOR_CONCURRENT_GC blocked 8ms
D/dalvikvm( 1863): GC_FOR_ALLOC freed 2772K, 37% free 10885K/17212K, paused 15ms, total 15ms
D/dalvikvm(18281): GC_CONCURRENT freed 389K, 87% free 1136K/8192K, paused 3ms+1ms, total 4ms
D/dalvikvm( 1863): GC_CONCURRENT freed 2415K, 36% free 11066K/17212K, paused 2ms+1ms, total 18ms
D/dalvikvm( 1863): WAIT_FOR_CONCURRENT_GC blocked 8ms
D/dalvikvm( 1863): GC_FOR_ALLOC freed 2758K, 37% free 10947K/17212K, paused 15ms, total 15ms
D/dalvikvm( 1863): GC_CONCURRENT freed 2456K, 36% free 11090K/17212K, paused 1ms+1ms, total 18ms
D/dalvikvm( 1863): WAIT_FOR_CONCURRENT_GC blocked 9ms
D/dalvikvm( 1863): GC_FOR_ALLOC freed 2764K, 37% free 10949K/17212K, paused 13ms, total 13ms
D/dalvikvm( 1863): GC_CONCURRENT freed 2559K, 37% free 10970K/17212K, paused 1ms+1ms, total 15ms
D/dalvikvm( 1863): WAIT_FOR_CONCURRENT_GC blocked 13ms
D/dalvikvm( 1863): GC_FOR_ALLOC freed 2706K, 37% free 10887K/17212K, paused 9ms, total 9ms
D/dalvikvm(18281): GC_CONCURRENT freed 421K, 87% free 1121K/8192K, paused 0ms+0ms, total 1ms
D/dalvikvm( 1863): GC_CONCURRENT freed 2388K, 36% free 11077K/17212K, paused 1ms+1ms, total 13ms
D/dalvikvm( 1863): WAIT_FOR_CONCURRENT_GC blocked 11ms
D/dalvikvm( 1863): GC_FOR_ALLOC freed 2744K, 37% free 10952K/17212K, paused 10ms, total 10ms
D/dalvikvm( 1863): GC_CONCURRENT freed 2533K, 36% free 11038K/17212K, paused 1ms+1ms, total 12ms
D/dalvikvm( 1863): WAIT_FOR_CONCURRENT_GC blocked 10ms
D/dalvikvm( 1863): GC_CONCURRENT freed 2745K, 37% free 10932K/17212K, paused 0ms+1ms, total 10ms
D/dalvikvm( 1863): WAIT_FOR_CONCURRENT_GC blocked 11ms
D/dalvikvm( 1863): GC_CONCURRENT freed 2613K, 37% free 10933K/17212K, paused 1ms+2ms, total 13ms
D/dalvikvm( 1863): WAIT_FOR_CONCURRENT_GC blocked 12ms
D/dalvikvm( 1863): GC_FOR_ALLOC freed 2634K, 37% free 10889K/17212K, paused 9ms, total 9ms
D/dalvikvm( 1863): GC_FOR_ALLOC freed 2495K, 37% free 10934K/17212K, paused 12ms, total 12ms
D/dalvikvm( 1863): GC_CONCURRENT freed 2513K, 37% free 11002K/17212K, paused 1ms+1ms, total 18ms
D/dalvikvm( 1863): WAIT_FOR_CONCURRENT_GC blocked 17ms
D/dalvikvm(18281): GC_CONCURRENT freed 392K, 87% free 1133K/8192K, paused 0ms+0ms, total 1ms
D/dalvikvm( 1863): GC_CONCURRENT freed 2688K, 37% free 10935K/17212K, paused 0ms+0ms, total 13ms
D/dalvikvm( 1863): WAIT_FOR_CONCURRENT_GC blocked 13ms
D/dalvikvm( 1863): GC_CONCURRENT freed 2548K, 37% free 10936K/17212K, paused 1ms+0ms, total 11ms
D/dalvikvm( 1863): WAIT_FOR_CONCURRENT_GC blocked 10ms
D/dalvikvm( 1863): GC_FOR_ALLOC freed 2565K, 37% free 10936K/17212K, paused 9ms, total 9ms
D/dalvikvm( 1863): GC_CONCURRENT freed 2536K, 37% free 10982K/17212K, paused 1ms+1ms, total 14ms
D/dalvikvm( 1863): WAIT_FOR_CONCURRENT_GC blocked 13ms
D/dalvikvm( 1863): GC_CONCURRENT freed 2645K, 37% free 10938K/17212K, paused 0ms+0ms, total 13ms
D/dalvikvm( 1863): WAIT_FOR_CONCURRENT_GC blocked 13ms
D/dalvikvm(18281): GC_CONCURRENT freed 406K, 87% free 1132K/8192K, paused 2ms+0ms, total 3ms
D/dalvikvm( 1863): GC_CONCURRENT freed 2500K, 37% free 11008K/17212K, paused 2ms+2ms, total 15ms
D/dalvikvm( 1863): WAIT_FOR_CONCURRENT_GC blocked 13ms
D/dalvikvm( 1863): GC_CONCURRENT freed 2749K, 37% free 10892K/17212K, paused 0ms+1ms, total 10ms
D/dalvikvm( 1863): WAIT_FOR_CONCURRENT_GC blocked 10ms
D/dalvikvm( 1863): WAIT_FOR_CONCURRENT_GC blocked 11ms
D/dalvikvm( 1863): GC_CONCURRENT freed 2532K, 37% free 10963K/17212K, paused 1ms+1ms, total 11ms
D/dalvikvm( 1863): WAIT_FOR_CONCURRENT_GC blocked 10ms
D/dalvikvm( 1863): GC_CONCURRENT freed 2619K, 37% free 10940K/17212K, paused 0ms+1ms, total 11ms
D/dalvikvm( 1863): WAIT_FOR_CONCURRENT_GC blocked 11ms
D/dalvikvm( 1863): GC_CONCURRENT freed 2562K, 37% free 10964K/17212K, paused 1ms+1ms, total 10ms
D/dalvikvm( 1863): WAIT_FOR_CONCURRENT_GC blocked 9ms
D/dalvikvm( 1863): GC_CONCURRENT freed 2651K, 37% free 10893K/17212K, paused 0ms+0ms, total 11ms
D/dalvikvm( 1863): WAIT_FOR_CONCURRENT_GC blocked 11ms
D/dalvikvm( 1863): GC_CONCURRENT freed 2552K, 37% free 10946K/17212K, paused 0ms+0ms, total 11ms
D/dalvikvm( 1863): WAIT_FOR_CONCURRENT_GC blocked 10ms
D/dalvikvm( 1863): GC_CONCURRENT freed 2561K, 37% free 10947K/17212K, paused 1ms+1ms, total 11ms
D/dalvikvm( 1863): WAIT_FOR_CONCURRENT_GC blocked 10ms
D/dalvikvm( 1863): GC_FOR_ALLOC freed 2576K, 37% free 10947K/17212K, paused 9ms, total 9ms
D/dalvikvm( 1863): WAIT_FOR_CONCURRENT_GC blocked 29ms
D/dalvikvm( 1863): GC_FOR_ALLOC freed 2597K, 37% free 10947K/17212K, paused 9ms, total 9ms
I/AppiumUnicodeIME( 2010): onFinishInput
I/AppiumUnicodeIME( 2010): onStartInput
D/InputMethodManagerService( 1863): packageName=cn.dcpai.auction, activityName=.activity.MobileLoginActivity
D/InputMethodManagerService( 1863): ime_enabled = true is same as last value, no change
V/WindowManager( 1863): isVisibleLw false for win : Window{4ea51628 u0 PopupWindow:4f785f78}
D/dalvikvm( 1863): GC_CONCURRENT freed 2465K, 36% free 11080K/17212K, paused 3ms+1ms, total 15ms
D/dalvikvm( 1863): WAIT_FOR_CONCURRENT_GC blocked 9ms
D/dalvikvm( 1863): GC_CONCURRENT freed 2687K, 36% free 11026K/17212K, paused 2ms+1ms, total 16ms
D/dalvikvm( 1863): WAIT_FOR_CONCURRENT_GC blocked 14ms
D/dalvikvm( 1863): GC_FOR_ALLOC freed 2761K, 37% free 10901K/17212K, paused 14ms, total 14ms
D/dalvikvm( 1863): GC_FOR_ALLOC freed 2524K, 37% free 10977K/17212K, paused 10ms, total 10ms
D/dalvikvm( 1863): GC_CONCURRENT freed 2439K, 36% free 11129K/17212K, paused 1ms+1ms, total 16ms
D/dalvikvm( 1863): WAIT_FOR_CONCURRENT_GC blocked 14ms
D/dalvikvm( 1863): GC_FOR_ALLOC freed 2856K, 37% free 10903K/17212K, paused 11ms, total 11ms
D/dalvikvm( 1863): GC_FOR_ALLOC freed 2515K, 37% free 10954K/17212K, paused 11ms, total 11ms
D/dalvikvm(18281): GC_CONCURRENT freed 416K, 87% free 1121K/8192K, paused 0ms+0ms, total 1ms
D/dalvikvm( 1863): GC_CONCURRENT freed 2528K, 36% free 11032K/17212K, paused 0ms+1ms, total 16ms
D/dalvikvm( 1863): WAIT_FOR_CONCURRENT_GC blocked 15ms
D/dalvikvm( 1863): GC_FOR_ALLOC freed 2722K, 37% free 10904K/17212K, paused 12ms, total 12ms
D/dalvikvm( 1863): GC_CONCURRENT freed 2555K, 37% free 10956K/17212K, paused 0ms+1ms, total 15ms
D/dalvikvm( 1863): WAIT_FOR_CONCURRENT_GC blocked 15ms
D/dalvikvm( 1863): GC_CONCURRENT freed 2568K, 37% free 10956K/17212K, paused 0ms+1ms, total 16ms
D/dalvikvm( 1863): WAIT_FOR_CONCURRENT_GC blocked 16ms
D/dalvikvm( 1863): GC_CONCURRENT freed 2581K, 37% free 10957K/17212K, paused 1ms+1ms, total 11ms
D/dalvikvm( 1863): WAIT_FOR_CONCURRENT_GC blocked 11ms
D/dalvikvm( 1863): GC_FOR_ALLOC freed 2595K, 37% free 10957K/17212K, paused 10ms, total 10ms
D/dalvikvm(18281): GC_CONCURRENT freed 403K, 87% free 1121K/8192K, paused 0ms+0ms, total 1ms
D/dalvikvm( 1863): GC_CONCURRENT freed 2423K, 36% free 11142K/17212K, paused 2ms+1ms, total 15ms
D/dalvikvm( 1863): WAIT_FOR_CONCURRENT_GC blocked 3ms
D/dalvikvm( 1863): GC_CONCURRENT freed 2804K, 37% free 10958K/17212K, paused 1ms+1ms, total 12ms
D/dalvikvm( 1863): WAIT_FOR_CONCURRENT_GC blocked 11ms
D/dalvikvm( 1863): GC_FOR_ALLOC freed 2633K, 37% free 10905K/17212K, paused 13ms, total 13ms
D/dalvikvm( 1863): GC_CONCURRENT freed 2457K, 36% free 11039K/17212K, paused 1ms+2ms, total 12ms
D/dalvikvm( 1863): WAIT_FOR_CONCURRENT_GC blocked 8ms
D/dalvikvm( 1863): GC_CONCURRENT freed 2658K, 37% free 10959K/17212K, paused 0ms+1ms, total 10ms
D/dalvikvm( 1863): WAIT_FOR_CONCURRENT_GC blocked 10ms
D/dalvikvm( 1863): GC_CONCURRENT freed 2671K, 37% free 10906K/17212K, paused 0ms+0ms, total 11ms
D/dalvikvm( 1863): WAIT_FOR_CONCURRENT_GC blocked 11ms
D/dalvikvm( 1863): GC_CONCURRENT freed 2492K, 37% free 10960K/17212K, paused 1ms+1ms, total 12ms
D/dalvikvm( 1863): WAIT_FOR_CONCURRENT_GC blocked 11ms
D/dalvikvm( 1863): GC_FOR_ALLOC freed 2559K, 37% free 10988K/17212K, paused 10ms, total 11ms
D/dalvikvm(18281): GC_CONCURRENT freed 370K, 87% free 1137K/8192K, paused 0ms+0ms, total 1ms
D/dalvikvm( 1863): GC_CONCURRENT freed 2599K, 36% free 11016K/17212K, paused 0ms+1ms, total 13ms
D/dalvikvm( 1863): WAIT_FOR_CONCURRENT_GC blocked 12ms
D/dalvikvm( 1863): GC_FOR_ALLOC freed 2637K, 37% free 10989K/17212K, paused 11ms, total 11ms
D/dalvikvm( 1863): GC_CONCURRENT freed 2624K, 37% free 10962K/17212K, paused 1ms+1ms, total 17ms
D/dalvikvm( 1863): WAIT_FOR_CONCURRENT_GC blocked 15ms
D/dalvikvm( 1863): GC_CONCURRENT freed 2606K, 37% free 10963K/17212K, paused 1ms+1ms, total 12ms
D/dalvikvm( 1863): WAIT_FOR_CONCURRENT_GC blocked 11ms
D/dalvikvm( 1863): GC_FOR_ALLOC freed 2561K, 37% free 10963K/17212K, paused 9ms, total 9ms
D/dalvikvm( 1863): GC_CONCURRENT freed 2517K, 36% free 11020K/17212K, paused 0ms+1ms, total 11ms
D/dalvikvm( 1863): WAIT_FOR_CONCURRENT_GC blocked 3ms
D/dalvikvm( 1863): GC_FOR_ALLOC freed 2640K, 37% free 10964K/17212K, paused 12ms, total 12ms
D/dalvikvm( 1863): GC_FOR_ALLOC freed 2595K, 37% free 10965K/17212K, paused 10ms, total 10ms
D/dalvikvm(18281): GC_CONCURRENT freed 394K, 87% free 1126K/8192K, paused 1ms+0ms, total 2ms
D/dalvikvm( 1863): GC_CONCURRENT freed 2408K, 36% free 11164K/17212K, paused 0ms+1ms, total 13ms
D/dalvikvm( 1863): WAIT_FOR_CONCURRENT_GC blocked 12ms
D/dalvikvm( 1863): GC_CONCURRENT freed 2818K, 37% free 10966K/17212K, paused 0ms+1ms, total 13ms
D/dalvikvm( 1863): WAIT_FOR_CONCURRENT_GC blocked 13ms
D/dalvikvm( 1863): GC_FOR_ALLOC freed 2629K, 37% free 10909K/17212K, paused 13ms, total 13ms
D/dalvikvm( 1863): GC_CONCURRENT freed 2293K, 35% free 11197K/17212K, paused 2ms+1ms, total 14ms
D/dalvikvm( 1863): WAIT_FOR_CONCURRENT_GC blocked 11ms
D/dalvikvm( 1863): GC_FOR_ALLOC freed 2853K, 37% free 10996K/17212K, paused 13ms, total 13ms
D/dalvikvm( 1863): GC_CONCURRENT freed 2545K, 36% free 11026K/17212K, paused 0ms+2ms, total 13ms
D/dalvikvm( 1863): WAIT_FOR_CONCURRENT_GC blocked 12ms
D/dalvikvm(18281): GC_CONCURRENT freed 394K, 87% free 1132K/8192K, paused 1ms+0ms, total 2ms
D/dalvikvm( 1863): GC_CONCURRENT freed 2732K, 37% free 10910K/17212K, paused 1ms+1ms, total 13ms
D/dalvikvm( 1863): WAIT_FOR_CONCURRENT_GC blocked 11ms
D/dalvikvm( 1863): GC_FOR_ALLOC freed 2478K, 37% free 10969K/17212K, paused 12ms, total 12ms
D/dalvikvm( 1863): GC_CONCURRENT freed 2488K, 36% free 11058K/17212K, paused 0ms+1ms, total 15ms
D/dalvikvm( 1863): WAIT_FOR_CONCURRENT_GC blocked 14ms
D/dalvikvm( 1863): GC_CONCURRENT freed 2705K, 37% free 10970K/17212K, paused 2ms+0ms, total 14ms
D/dalvikvm( 1863): WAIT_FOR_CONCURRENT_GC blocked 12ms
D/dalvikvm( 1863): GC_FOR_ALLOC freed 2567K, 37% free 11000K/17212K, paused 9ms, total 9ms
D/dalvikvm( 1863): GC_CONCURRENT freed 2608K, 37% free 10971K/17212K, paused 1ms+1ms, total 12ms
D/dalvikvm( 1863): WAIT_FOR_CONCURRENT_GC blocked 8ms
D/dalvikvm( 1863): GC_CONCURRENT freed 2587K, 37% free 10971K/17212K, paused 0ms+1ms, total 11ms
D/dalvikvm( 1863): WAIT_FOR_CONCURRENT_GC blocked 12ms
D/dalvikvm( 1863): GC_FOR_ALLOC freed 2537K, 37% free 10971K/17212K, paused 11ms, total 11ms
D/dalvikvm(18281): GC_CONCURRENT freed 415K, 87% free 1121K/8192K, paused 0ms+0ms, total 1ms
D/dalvikvm( 1863): GC_CONCURRENT freed 2396K, 36% free 11123K/17212K, paused 0ms+1ms, total 14ms
D/dalvikvm( 1863): WAIT_FOR_CONCURRENT_GC blocked 10ms
D/dalvikvm( 1863): GC_FOR_ALLOC freed 2767K, 37% free 11003K/17212K, paused 10ms, total 10ms
D/dalvikvm( 1863): GC_FOR_ALLOC freed 2719K, 37% free 10912K/17212K, paused 10ms, total 10ms
D/dalvikvm(18281): GC_CONCURRENT freed 392K, 87% free 1133K/8192K, paused 0ms+0ms, total 1ms
D/dalvikvm( 1863): GC_CONCURRENT freed 2515K, 37% free 10974K/17212K, paused 0ms+1ms, total 13ms
D/dalvikvm( 1863): WAIT_FOR_CONCURRENT_GC blocked 13ms
D/dalvikvm( 1863): GC_CONCURRENT freed 2647K, 37% free 10913K/17212K, paused 1ms+1ms, total 11ms
D/dalvikvm( 1863): WAIT_FOR_CONCURRENT_GC blocked 10ms
D/dalvikvm( 1863): GC_CONCURRENT freed 2595K, 37% free 10913K/17212K, paused 0ms+1ms, total 10ms
D/dalvikvm( 1863): WAIT_FOR_CONCURRENT_GC blocked 10ms
D/dalvikvm( 1863): GC_CONCURRENT freed 2605K, 37% free 10913K/17212K, paused 0ms+1ms, total 10ms
D/dalvikvm( 1863): WAIT_FOR_CONCURRENT_GC blocked 10ms
D/dalvikvm( 1863): GC_FOR_ALLOC freed 2459K, 37% free 11006K/17212K, paused 11ms, total 11ms
D/dalvikvm( 1863): GC_CONCURRENT freed 2562K, 36% free 11069K/17212K, paused 1ms+1ms, total 13ms
D/dalvikvm( 1863): WAIT_FOR_CONCURRENT_GC blocked 10ms
D/dalvikvm( 1863): GC_FOR_ALLOC freed 2695K, 37% free 11007K/17212K, paused 12ms, total 12ms
D/dalvikvm(18281): GC_CONCURRENT freed 418K, 87% free 1121K/8192K, paused 0ms+0ms, total 2ms
D/dalvikvm( 1863): GC_CONCURRENT freed 2518K, 36% free 11039K/17212K, paused 2ms+1ms, total 16ms
D/dalvikvm( 1863): WAIT_FOR_CONCURRENT_GC blocked 13ms
D/dalvikvm( 1863): GC_CONCURRENT freed 2714K, 37% free 10914K/17212K, paused 1ms+0ms, total 15ms
D/dalvikvm( 1863): WAIT_FOR_CONCURRENT_GC blocked 14ms
D/dalvikvm( 1863): GC_FOR_ALLOC freed 2502K, 37% free 11009K/17212K, paused 9ms, total 9ms
D/dalvikvm( 1863): GC_CONCURRENT freed 2544K, 36% free 11041K/17212K, paused 1ms+1ms, total 13ms
D/dalvikvm( 1863): WAIT_FOR_CONCURRENT_GC blocked 12ms
D/dalvikvm( 1863): GC_CONCURRENT freed 2743K, 37% free 10915K/17212K, paused 1ms+1ms, total 11ms
D/dalvikvm( 1863): WAIT_FOR_CONCURRENT_GC blocked 10ms
D/dalvikvm( 1863): GC_FOR_ALLOC freed 2466K, 37% free 10979K/17212K, paused 10ms, total 10ms
D/dalvikvm( 1863): GC_CONCURRENT freed 2526K, 36% free 11076K/17212K, paused 2ms+1ms, total 13ms
D/dalvikvm( 1863): WAIT_FOR_CONCURRENT_GC blocked 6ms
D/dalvikvm( 1863): WAIT_FOR_CONCURRENT_GC blocked 12ms
D/dalvikvm( 1863): GC_FOR_ALLOC freed 2761K, 37% free 10923K/17212K, paused 10ms, total 10ms
D/dalvikvm(18281): GC_CONCURRENT freed 393K, 87% free 1132K/8192K, paused 2ms+0ms, total 2ms
D/dalvikvm( 1863): GC_CONCURRENT freed 2460K, 36% free 11070K/17212K, paused 1ms+1ms, total 12ms
D/dalvikvm( 1863): WAIT_FOR_CONCURRENT_GC blocked 10ms
D/dalvikvm( 1863): WAIT_FOR_CONCURRENT_GC blocked 10ms
D/dalvikvm( 1863): GC_FOR_ALLOC freed 2793K, 37% free 10919K/17212K, paused 13ms, total 13ms
D/dalvikvm( 1863): GC_CONCURRENT freed 2445K, 36% free 11079K/17212K, paused 3ms+1ms, total 18ms
D/dalvikvm( 1863): WAIT_FOR_CONCURRENT_GC blocked 14ms
D/dalvikvm( 1863): WAIT_FOR_CONCURRENT_GC blocked 14ms
D/dalvikvm( 1863): GC_CONCURRENT freed 2707K, 36% free 11016K/17212K, paused 0ms+0ms, total 13ms
D/dalvikvm( 1863): WAIT_FOR_CONCURRENT_GC blocked 12ms
D/dalvikvm( 1863): GC_CONCURRENT freed 2546K, 36% free 11089K/17212K, paused 2ms+1ms, total 16ms
D/dalvikvm( 1863): WAIT_FOR_CONCURRENT_GC blocked 14ms
D/dalvikvm( 1863): GC_FOR_ALLOC freed 2759K, 37% free 10926K/17212K, paused 12ms, total 13ms
D/dalvikvm(18281): GC_CONCURRENT freed 383K, 87% free 1136K/8192K, paused 0ms+0ms, total 1ms
D/dalvikvm( 1863): GC_CONCURRENT freed 2473K, 36% free 11057K/17212K, paused 0ms+3ms, total 16ms
D/dalvikvm( 1863): WAIT_FOR_CONCURRENT_GC blocked 55ms
D/dalvikvm( 1863): WAIT_FOR_CONCURRENT_GC blocked 15ms
D/dalvikvm( 1863): GC_FOR_ALLOC freed 2768K, 37% free 10930K/17212K, paused 13ms, total 13ms
D/dalvikvm( 1863): GC_CONCURRENT freed 2520K, 36% free 11018K/17212K, paused 2ms+2ms, total 16ms
D/dalvikvm( 1863): WAIT_FOR_CONCURRENT_GC blocked 13ms
D/dalvikvm( 1863): WAIT_FOR_CONCURRENT_GC blocked 13ms
D/dalvikvm( 1863): GC_CONCURRENT freed 2541K, 36% free 11109K/17212K, paused 3ms+0ms, total 12ms
D/dalvikvm( 1863): WAIT_FOR_CONCURRENT_GC blocked 10ms
D/dalvikvm( 1863): GC_CONCURRENT freed 2759K, 37% free 10985K/17212K, paused 1ms+1ms, total 14ms
