03-20 10:49:36.964 27916 27916 I QueryController: Matched selector: UiSelector[INSTANCE=0, RESOURCE_ID=cn.dcpai.auction:id/btn_go_shop] <<==>> [android.view.accessibility.AccessibilityNodeInfo@80029956; boundsInParent: Rect(0, 0 - 180, 69); boundsInScreen: Rect(855, 252 - 1035, 321); packageName: cn.dcpai.auction; className: android.widget.Button; text: ; error: null; maxTextLength: -1; contentDescription: null; viewIdResName: cn.dcpai.auction:id/btn_go_shop; checkable: false; checked: false; focusable: true; focused: false; selected: false; clickable: true; longClickable: false; contextClickable: false; enabled: true; password: false; scrollable: false; actions: [AccessibilityAction: ACTION_FOCUS - null, AccessibilityAction: ACTION_SELECT - null, AccessibilityAction: ACTION_CLEAR_SELECTION - null, AccessibilityAction: ACTION_CLICK - null, AccessibilityAction: ACTION_ACCESSIBILITY_FOCUS - null, AccessibilityAction: ACTION_NEXT_AT_MOVEMENT_GRANULARITY - null, AccessibilityAction: ACTION_PREVIOUS_AT_MOVEMENT_GRANULARITY - null, AccessibilityAction: ACTION_SET_SELECTION - null, AccessibilityAction: ACTION_SHOW_ON_SCREEN - null]]
03-20 10:49:37.000 27916 27916 I QueryController: Matched selector: UiSelector[INSTANCE=0, RESOURCE_ID=cn.dcpai.auction:id/btn_go_shop] <<==>> [android.view.accessibility.AccessibilityNodeInfo@80029956; boundsInParent: Rect(0, 0 - 180, 69); boundsInScreen: Rect(855, 252 - 1035, 321); packageName: cn.dcpai.auction; className: android.widget.Button; text: ; error: null; maxTextLength: -1; contentDescription: null; viewIdResName: cn.dcpai.auction:id/btn_go_shop; checkable: false; checked: false; focusable: true; focused: false; selected: false; clickable: true; longClickable: false; contextClickable: false; enabled: true; password: false; scrollable: false; actions: [AccessibilityAction: ACTION_FOCUS - null, AccessibilityAction: ACTION_SELECT - null, AccessibilityAction: ACTION_CLEAR_SELECTION - null, AccessibilityAction: ACTION_CLICK - null, AccessibilityAction: ACTION_ACCESSIBILITY_FOCUS - null, AccessibilityAction: ACTION_NEXT_AT_MOVEMENT_GRANULARITY - null, AccessibilityAction: ACTION_PREVIOUS_AT_MOVEMENT_GRANULARITY - null, AccessibilityAction: ACTION_SET_SELECTION - null, AccessibilityAction: ACTION_SHOW_ON_SCREEN - null]]
03-20 10:49:37.002 27916 27916 D InteractionController: clickAndSync(945, 286)
03-20 10:49:37.121  1908  1926 I PGServer: android calls fast hibernateApps
03-20 10:49:37.121  1908  1926 I AppFastHibernation: fast hibernate duration: 1500 reason: start activity
03-20 10:49:37.122   616  5192 I Pged-IPgedBinderService: ****action is 1, pid num is 4***
03-20 10:49:37.122   616  5192 I Pged-Freezer: freezePids
03-20 10:49:37.122   616  5192 I Pged-Freezer: Freeze process: 22701
03-20 10:49:37.122   616  5192 I Pged-Freezer: Freeze process: 22088
03-20 10:49:37.122   616  5192 I Pged-Freezer: Freeze process: 27731
03-20 10:49:37.123  1908  2175 D PgedBinderAdapter: frz ok, pid: [22701, 22088, 27731]
03-20 10:49:37.136 27950 27950 V ActivityThread: ActivityThread,callActivityOnCreate
03-20 10:49:37.174 27950 27950 D ActivityThread: add activity client record, r= ActivityRecord{8c20e2e token=android.os.BinderProxy@3290f64 {cn.dcpai.auction/cn.dcpai.auction.activity.OthersStoreActivity}} token= android.os.BinderProxy@3290f64
03-20 10:49:37.197   438   450 E ion     : set flags ioctrl failed!
03-20 10:49:37.199   438   450 I gralloc : alloc_device_alloc:564: Alloc handle(0x70b8eb3900): interfmt=200000001, stride=1088, size=8486912, usage=0xb00
03-20 10:49:37.199   438   450 E ion     : set flags ioctrl failed!
03-20 10:49:37.201   438   450 I gralloc : alloc_device_alloc:564: Alloc handle(0x70b8eb3400): interfmt=200000001, stride=1088, size=8486912, usage=0xb00
03-20 10:49:37.201   438   450 E ion     : set flags ioctrl failed!
03-20 10:49:37.203   438   450 I gralloc : alloc_device_alloc:564: Alloc handle(0x70be241900): interfmt=200000001, stride=1088, size=8486912, usage=0xb00
03-20 10:49:37.214 28101 28101 I AppiumUnicodeIME: onFinishInput
03-20 10:49:37.214 28101 28101 I AppiumUnicodeIME: onStartInput
03-20 10:49:37.228   438  1484 I gralloc : alloc_device_free:586: Free handle(0x70b8f39200)
03-20 10:49:37.228   438  1484 I gralloc : alloc_device_free:586: Free handle(0x70be241f00)
03-20 10:49:37.234  1692  1692 D HwRecentsLockUtils: search
03-20 10:49:37.235  1692  1692 D HwRecentsLockUtils: search
03-20 10:49:37.236  1352  2566 I chatty  : uid=1000(system) Binder:1352_F expire 10 lines
03-20 10:49:37.271 28009 28066 I chatty  : uid=10403 cn.dcpai.auction:pushcore expire 1 line
03-20 10:49:37.314 28009 28057 I chatty  : uid=10403 cn.dcpai.auction:pushcore expire 1 line
03-20 10:49:37.324 28009 28193 I chatty  : uid=10403 cn.dcpai.auction:pushcore expire 1 line
03-20 10:49:37.334   438   450 I gralloc : alloc_device_alloc:564: Alloc handle(0x70be241d00): interfmt=1, stride=512, size=925696, usage=0xb00
03-20 10:49:37.334   438   450 I gralloc : alloc_device_alloc:564: Alloc handle(0x70be24a800): interfmt=1, stride=512, size=925696, usage=0xb00
03-20 10:49:37.334   438   450 I gralloc : alloc_device_alloc:564: Alloc handle(0x70be24ac00): interfmt=1, stride=512, size=925696, usage=0xb00
03-20 10:49:37.342   627 28195 D DnsProxyListener: GetAddrInfoHandler addr: s.jpush.cn {100, 917604, 10403} 43.247.88.107
03-20 10:49:37.352   438  1484 I gralloc : alloc_device_alloc:564: Alloc handle(0x70be241f00): interfmt=1, stride=512, size=925696, usage=0xb00
03-20 10:49:37.352   438  1484 I gralloc : alloc_device_alloc:564: Alloc handle(0x70b8f39200): interfmt=1, stride=512, size=925696, usage=0xb00
03-20 10:49:37.352   438  1484 I gralloc : alloc_device_alloc:564: Alloc handle(0x70be24a100): interfmt=1, stride=512, size=925696, usage=0xb00
03-20 10:49:37.354 28101 28101 I AppiumUnicodeIME: onFinishInput
03-20 10:49:37.354 28101 28101 I AppiumUnicodeIME: onStartInput
03-20 10:49:37.354 28101 28101 I AppiumUnicodeIME: onFinishInput
03-20 10:49:37.354 28101 28101 I AppiumUnicodeIME: onStartInput
03-20 10:49:37.364   632   691 W JankService: virtual bool android::JankManualDumpLogAnalyser::processEntry(android::LogEntry *, int, bool), not beta version or commercial log off
03-20 10:49:37.374   438   451 I gralloc : alloc_device_free:586: Free handle(0x70be241d00)
03-20 10:49:37.374   438   451 I gralloc : alloc_device_free:586: Free handle(0x70be24a800)
03-20 10:49:37.393   438   438 I gralloc : alloc_device_free:586: Free handle(0x70be24ac00)
03-20 10:49:37.434   438   451 I gralloc : alloc_device_free:586: Free handle(0x70be241f00)
03-20 10:49:37.435   438   451 I gralloc : alloc_device_free:586: Free handle(0x70be24a100)
03-20 10:49:37.444 27950 28199 I chatty  : uid=10403(cn.dcpai.auction) expire 1 line
03-20 10:49:37.462   627 28201 D DnsProxyListener: GetAddrInfoHandler addr: testimg.dcpai.cn {100, 917604, 10403} 182.140.217.114
03-20 10:49:37.473 28101 28101 I AppiumUnicodeIME: onFinishInput
03-20 10:49:37.474 28101 28101 I AppiumUnicodeIME: onStartInput
03-20 10:49:37.584 27950 28205 I chatty  : uid=10403(cn.dcpai.auction) expire 40 lines
03-20 10:49:37.708   438   438 I gralloc : alloc_device_free:586: Free handle(0x70b8f39200)
03-20 10:49:37.725   438   438 I gralloc : alloc_device_free:586: Free handle(0x70be20fe00)
03-20 10:49:38.189  1352  1482 I chatty  : uid=1000(system) InputDispatcher expire 4 lines
03-20 10:49:38.204 28101 28101 D KeyEvent: obtain, mHwFlags=0
03-20 10:49:38.205 28101 28101 I AppiumUnicodeIME: onKeyDown (keyCode='4', event.keyCode='4', metaState='0')
03-20 10:49:38.221 28101 28101 D KeyEvent: obtain, mHwFlags=0
03-20 10:49:38.222 28101 28101 I AppiumUnicodeIME: onKeyUp (keyCode='4', event.keyCode='4', metaState='0')
03-20 10:49:38.280   438  2097 E ion     : set flags ioctrl failed!
03-20 10:49:38.283   438  2097 I gralloc : alloc_device_alloc:564: Alloc handle(0x70be24a700): interfmt=200000001, stride=1088, size=8486912, usage=0xb00
03-20 10:49:38.283   438  2097 E ion     : set flags ioctrl failed!
03-20 10:49:38.285   438  2097 I gralloc : alloc_device_alloc:564: Alloc handle(0x70be24a200): interfmt=200000001, stride=1088, size=8486912, usage=0xb00
03-20 10:49:38.285   438  2097 E ion     : set flags ioctrl failed!
03-20 10:49:38.288 27916 27931 W QueryController: AccessibilityNodeInfo returned a null child (0 of 1)
03-20 10:49:38.288 27916 27931 W QueryController: parent = android.view.accessibility.AccessibilityNodeInfo@80042741; boundsInParent: Rect(0, 0 - 1080, 1680); boundsInScreen: Rect(0, 0 - 1080, 1680); packageName: cn.dcpai.auction; className: android.widget.LinearLayout; text: null; error: null; maxTextLength: -1; contentDescription: null; viewIdResName: null; checkable: false; checked: false; focusable: false; focused: false; selected: false; clickable: false; longClickable: false; contextClickable: false; enabled: true; password: false; scrollable: false; actions: [AccessibilityAction: ACTION_SELECT - null, AccessibilityAction: ACTION_CLEAR_SELECTION - null, AccessibilityAction: ACTION_ACCESSIBILITY_FOCUS - null, AccessibilityAction: ACTION_SHOW_ON_SCREEN - null]
03-20 10:49:38.289 27916 27931 W QueryController: AccessibilityNodeInfo returned a null child (0 of 2)
03-20 10:49:38.289   438  2097 I gralloc : alloc_device_alloc:564: Alloc handle(0x70b8eb3200): interfmt=200000001, stride=1088, size=8486912, usage=0xb00
03-20 10:49:38.289 27916 27931 W QueryController: parent = android.view.accessibility.AccessibilityNodeInfo@80042380; boundsInParent: Rect(0, 0 - 1080, 135); boundsInScreen: Rect(0, 1677 - 1080, 1812); packageName: cn.dcpai.auction; className: android.widget.LinearLayout; text: null; error: null; maxTextLength: -1; contentDescription: null; viewIdResName: cn.dcpai.auction:id/bottom_group; checkable: false; checked: false; focusable: false; focused: false; selected: false; clickable: false; longClickable: false; contextClickable: false; enabled: true; password: false; scrollable: false; actions: [AccessibilityAction: ACTION_SELECT - null, AccessibilityAction: ACTION_CLEAR_SELECTION - null, AccessibilityAction: ACTION_ACCESSIBILITY_FOCUS - null, AccessibilityAction: ACTION_SHOW_ON_SCREEN - null]
03-20 10:49:38.289 28101 28101 I AppiumUnicodeIME: onFinishInput
03-20 10:49:38.289 27916 27931 W QueryController: AccessibilityNodeInfo returned a null child (1 of 2)
03-20 10:49:38.289 28101 28101 I AppiumUnicodeIME: onStartInput
03-20 10:49:38.306   438   450 I gralloc : alloc_device_free:586: Free handle(0x70b8eb3900)
03-20 10:49:38.306   438   450 I gralloc : alloc_device_free:586: Free handle(0x70be241900)
03-20 10:49:38.587 27950 27950 D ActivityThread: Remove activity client record, r= ActivityRecord{8c20e2e token=android.os.BinderProxy@3290f64 {cn.dcpai.auction/cn.dcpai.auction.activity.OthersStoreActivity}} token= android.os.BinderProxy@3290f64
03-20 10:49:38.626   616   661 I Pged-IPgedBinderService: ****action is 2, pid num is 4***
03-20 10:49:38.626   616   661 I Pged-Freezer: thawPids
03-20 10:49:38.627  1908  2175 D PgedBinderAdapter: unfrz ok, pid: [22701, 22088, 27731]
03-20 10:49:38.670   438   438 I gralloc : alloc_device_free:586: Free handle(0x70b8eb3400)
03-20 10:49:43.355   627 28229 D DnsProxyListener: GetAddrInfoHandler addr: sis.jpush.io {100, 917604, 10403} 124.202.138.30
03-20 10:49:45.815  1908  3037 I DownloadState: @@@@@@@@@@@@ uid :10403 download :false
03-20 10:49:45.815  1908  3037 I PGServer: report state:5 event type:2 pid:0 uid:10403 pkg:null to pid: 1352
03-20 10:49:48.223  2388  2388 I iMonitor: create: 903001011
03-20 10:49:48.228  2388  2388 I iMonitor: send: 903001011
03-20 10:49:48.228   632  1270 I logserver: handle_exception_events enter
03-20 10:49:48.229  2388  2388 W PTM.PeriodCheckManager: mSendService start
03-20 10:49:48.248  2388  2459 E LogCollectService: illegal eventid
03-20 10:49:48.647  1935  2094 D HwCust  : Create obj success use class android.telephony.HwCustSignalStrengthImpl
03-20 10:49:48.649  1935  1935 D HwCust  : Create obj success use class android.telephony.HwCustSignalStrengthImpl
03-20 10:49:48.652  2801  3897 D HwCust  : Create obj success use class android.telephony.HwCustSignalStrengthImpl
03-20 10:49:48.652  2801  3897 D HwCust  : Create obj success use class android.telephony.HwCustSignalStrengthImpl
03-20 10:49:48.653  1352  1352 I chatty  : uid=1000 system_server expire 60 lines
03-20 10:49:48.654  1897  4161 D HwCust  : Create obj success use class android.telephony.HwCustSignalStrengthImpl
03-20 10:49:48.654  1897  2161 D HwCust  : Create obj success use class android.telephony.HwCustSignalStrengthImpl
03-20 10:49:48.654  3222  3234 D HwCust  : Create obj success use class android.telephony.HwCustSignalStrengthImpl
03-20 10:49:48.655  3259  3271 D HwCust  : Create obj success use class android.telephony.HwCustSignalStrengthImpl
03-20 10:49:48.655  2388  7479 D HwCust  : Create obj success use class android.telephony.HwCustSignalStrengthImpl
03-20 10:49:48.656  3866  3878 D HwCust  : Create obj success use class android.telephony.HwCustSignalStrengthImpl
03-20 10:49:48.656  5000  5370 D HwCust  : Create obj success use class android.telephony.HwCustSignalStrengthImpl
03-20 10:49:48.657  5000  5370 D HwCust  : Create obj success use class android.telephony.HwCustSignalStrengthImpl
03-20 10:49:48.657  5292  5303 D HwCust  : Create obj success use class android.telephony.HwCustSignalStrengthImpl
03-20 10:49:48.657  3259  3722 D HwCust  : Create obj success use class android.telephony.HwCustSignalStrengthImpl
03-20 10:49:48.660  5292  5304 D HwCust  : Create obj success use class android.telephony.HwCustSignalStrengthImpl
03-20 10:49:49.964  1352  1499 I chatty  : uid=1000(system) WifiStateMachin expire 24 lines
03-20 10:49:50.195  1352 28255 I chatty  : uid=1000 system_server expire 4 lines
03-20 10:49:50.204   627 28256 D DnsProxyListener: GetAddrInfoHandler addr: www.baidu.com {100, 917604, 1000} 180.97.33.107
03-20 10:49:51.904  1352  1584 I chatty  : uid=1000(system) HuaweiWifiWatch expire 37 lines
03-20 10:49:51.905  1352  1582 I chatty  : uid=1000(system) Thread-10 expire 12 lines
03-20 10:49:51.907  1352  4006 I chatty  : uid=1000(system) MobileQosDetect expire 19 lines
03-20 10:49:53.619  1352  1471 I chatty  : uid=1000(system) UEventObserver expire 2 lines
03-20 10:49:53.637 19071 22627 E CloudAlbum[8.0.1.304]: [ReceiverManager] not log on ignore
03-20 10:49:53.652  1692  1692 D KeyguardUpdateMonitor: received broadcast android.intent.action.BATTERY_CHANGED
03-20 10:49:53.652  1692  1692 W KeyguardUpdateMonitor: ACTION_BATTERY_CHANGED AMP: 0; Volt: 0
03-20 10:49:53.672  1692  1692 V KeyguardUpdateMonitor: RefreshBatteryInfo isBatteryLow: 100
03-20 10:49:53.672  1692  1692 W KeyguardUpdateMonitor: ChargingSpeed  Wattage: -1 ST: 5000000 --> 7500000
03-20 10:49:53.672  1692  1692 I KgBattery: BatteryInfo updated:  5lPC-1
03-20 10:49:53.672  1692  1692 W AppHandler: sendMessage with obj100
03-20 10:49:53.673  1692  1692 D KeyguardUpdateMonitor: handleBatteryUpdate
03-20 10:49:53.677  1692  1692 W HwLockScreenPanel: Handle message: 100
03-20 10:49:53.677  1692  1692 W HwLockScreenPanel: refreshBatteryInfo: null
03-20 10:49:54.652  1352  2557 I chatty  : uid=1000(system) Binder:1352_B expire 19 lines
03-20 10:49:54.653  2801  2814 D HwCust  : Create obj success use class android.telephony.HwCustSignalStrengthImpl
03-20 10:49:54.653  3222  3233 D HwCust  : Create obj success use class android.telephony.HwCustSignalStrengthImpl
03-20 10:49:54.654  2801  2814 D HwCust  : Create obj success use class android.telephony.HwCustSignalStrengthImpl
03-20 10:49:54.654  2388  3066 D HwCust  : Create obj success use class android.telephony.HwCustSignalStrengthImpl
03-20 10:49:54.654  3259  3270 D HwCust  : Create obj success use class android.telephony.HwCustSignalStrengthImpl
03-20 10:49:54.654  3866  3879 D HwCust  : Create obj success use class android.telephony.HwCustSignalStrengthImpl
03-20 10:49:54.655  3259  3270 D HwCust  : Create obj success use class android.telephony.HwCustSignalStrengthImpl
03-20 10:49:54.655  5000  5370 D HwCust  : Create obj success use class android.telephony.HwCustSignalStrengthImpl
03-20 10:49:54.655  5292  6449 D HwCust  : Create obj success use class android.telephony.HwCustSignalStrengthImpl
03-20 10:49:54.655  5000  5370 D HwCust  : Create obj success use class android.telephony.HwCustSignalStrengthImpl
03-20 10:49:54.655  5292  5303 D HwCust  : Create obj success use class android.telephony.HwCustSignalStrengthImpl
03-20 10:49:54.655  1897  3002 D HwCust  : Create obj success use class android.telephony.HwCustSignalStrengthImpl
03-20 10:49:54.656  1897  3002 D HwCust  : Create obj success use class android.telephony.HwCustSignalStrengthImpl
03-20 10:49:55.183  1352  1573 I chatty  : uid=1000(system) WiFiArpStateMac expire 32 lines
03-20 10:49:58.838 28294 28294 I XmlParser: startElement itemName:resource user:-555130840
03-20 10:49:58.838 28294 28294 I XmlParser: startElement itemName:group user:-555130840
03-20 10:49:58.838 28294 28294 I XmlParser: startElement itemName:id user:-555130840
03-20 10:49:58.838 28294 28294 I XmlParser: endElement itemName:id user:-555130840
03-20 10:49:58.838 28294 28294 I XmlParser: startElement itemName:name user:-555130840
03-20 10:49:58.838 28294 28294 I XmlParser: endElement itemName:name user:-555130840
03-20 10:49:58.838 28294 28294 I XmlParser: startElement itemName:define user:-555130840
03-20 10:49:58.838 28294 28294 I XmlParser: endElement itemName:define user:-555130840
03-20 10:49:58.838 28294 28294 I XmlParser: startElement itemName:description user:-555130840
03-20 10:49:58.838 28294 28294 I XmlParser: endElement itemName:description user:-555130840
03-20 10:49:58.838 28294 28294 I XmlParser: endElement itemName:group user:-555130840
03-20 10:49:58.838 28294 28294 I XmlParser: startElement itemName:group user:-555130840
03-20 10:49:58.838 28294 28294 I XmlParser: startElement itemName:id user:-555130840
03-20 10:49:58.838 28294 28294 I XmlParser: endElement itemName:id user:-555130840
03-20 10:49:58.838 28294 28294 I XmlParser: startElement itemName:name user:-555130840
03-20 10:49:58.838 28294 28294 I XmlParser: endElement itemName:name user:-555130840
03-20 10:49:58.838 28294 28294 I XmlParser: startElement itemName:define user:-555130840
03-20 10:49:58.838 28294 28294 E XmlParser: startElement mResult:1024
03-20 10:49:58.838 28294 28294 I XmlParser: endElement itemName:define user:-555130840
03-20 10:49:58.838 28294 28294 I XmlParser: startElement itemName:description user:-555130840
03-20 10:49:58.838 28294 28294 I XmlParser: endElement itemName:description user:-555130840
03-20 10:49:58.838 28294 28294 I XmlParser: endElement itemName:group user:-555130840
03-20 10:49:58.838 28294 28294 I XmlParser: startElement itemName:group user:-555130840
03-20 10:49:58.838 28294 28294 I XmlParser: startElement itemName:id user:-555130840
03-20 10:49:58.838 28294 28294 I XmlParser: endElement itemName:id user:-555130840
03-20 10:49:58.838 28294 28294 I XmlParser: startElement itemName:name user:-555130840
03-20 10:49:58.838 28294 28294 I XmlParser: endElement itemName:name user:-555130840
03-20 10:49:58.838 28294 28294 I XmlParser: startElement itemName:define user:-555130840
03-20 10:49:58.838 28294 28294 I XmlParser: endElement itemName:define user:-555130840
03-20 10:49:58.838 28294 28294 I XmlParser: startElement itemName:description user:-555130840
03-20 10:49:58.838 28294 28294 I XmlParser: endElement itemName:description user:-555130840
03-20 10:49:58.838 28294 28294 I XmlParser: endElement itemName:group user:-555130840
03-20 10:49:58.838 28294 28294 I XmlParser: endElement itemName:resource user:-555130840
03-20 10:49:58.838 28294 28294 I XmlParser: startElement itemName:resource user:0
03-20 10:49:58.838 28294 28294 I XmlParser: startElement itemName:group user:0
03-20 10:49:58.838 28294 28294 I XmlParser: startElement itemName:id user:0
03-20 10:49:58.838 28294 28294 I XmlParser: endElement itemName:id user:0
03-20 10:49:58.838 28294 28294 I XmlParser: startElement itemName:name user:0
03-20 10:49:58.838 28294 28294 I XmlParser: endElement itemName:name user:0
03-20 10:49:58.838 28294 28294 I XmlParser: startElement itemName:define user:0
03-20 10:49:58.838 28294 28294 E XmlParser: startElement mResult:2097152
03-20 10:49:58.838 28294 28294 I XmlParser: endElement itemName:define user:0
03-20 10:49:58.838 28294 28294 I XmlParser: startElement itemName:description user:0
03-20 10:49:58.838 28294 28294 I XmlParser: endElement itemName:description user:0
03-20 10:49:58.838 28294 28294 I XmlParser: endElement itemName:group user:0
03-20 10:49:58.838 28294 28294 I XmlParser: startElement itemName:group user:0
03-20 10:49:58.838 28294 28294 I XmlParser: startElement itemName:id user:0
03-20 10:49:58.838 28294 28294 I XmlParser: endElement itemName:id user:0
03-20 10:49:58.838 28294 28294 I XmlParser: startElement itemName:name user:0
03-20 10:49:58.838 28294 28294 I XmlParser: endElement itemName:name user:0
03-20 10:49:58.838 28294 28294 I XmlParser: startElement itemName:define user:0
03-20 10:49:58.838 28294 28294 I XmlParser: endElement itemName:define user:0
03-20 10:49:58.838 28294 28294 I XmlParser: startElement itemName:description user:0
03-20 10:49:58.838 28294 28294 I XmlParser: endElement itemName:description user:0
03-20 10:49:58.838 28294 28294 I XmlParser: endElement itemName:group user:0
03-20 10:49:58.838 28294 28294 I XmlParser: startElement itemName:group user:0
03-20 10:49:58.838 28294 28294 I XmlParser: startElement itemName:id user:0
03-20 10:49:58.838 28294 28294 I XmlParser: endElement itemName:id user:0
03-20 10:49:58.838 28294 28294 I XmlParser: startElement itemName:name user:0
03-20 10:49:58.838 28294 28294 I XmlParser: endElement itemName:name user:0
03-20 10:49:58.838 28294 28294 I XmlParser: startElement itemName:define user:0
03-20 10:49:58.838 28294 28294 I XmlParser: endElement itemName:define user:0
03-20 10:49:58.838 28294 28294 I XmlParser: startElement itemName:description user:0
03-20 10:49:58.838 28294 28294 I XmlParser: endElement itemName:description user:0
03-20 10:49:58.838 28294 28294 I XmlParser: endElement itemName:group user:0
03-20 10:49:58.838 28294 28294 I XmlParser: endElement itemName:resource user:0
03-20 10:49:58.838 28294 28294 I libEGL  : egl_cache_t() maxKeySize:1024  maxTotalSize:2097152
03-20 10:49:58.839 28294 28294 D libfingersense_wrapper: Initializing libfingersense_wrapper...
03-20 10:49:58.840 28294 28294 D libfingersense_wrapper: libfingersense_wrapper initialized
03-20 10:49:58.843 28294 28294 I appproc : CLASSPATH=/system/framework/ime.jar
03-20 10:49:58.843 28294 28294 I appproc : Command=app_process /system/bin com.android.commands.ime.Ime set io.appium.android.ime/.UnicodeIME 
03-20 10:49:58.843 28294 28294 D AndroidRuntime: >>>>>> START com.android.internal.os.RuntimeInit uid 2000 <<<<<<
03-20 10:49:58.845 28294 28294 D AndroidRuntime: CheckJNI is OFF
03-20 10:49:58.845 28294 28294 I AndroidRuntime: readDownloadBoosterConfig: 'false'
03-20 10:49:58.886  1935  2094 D HwCust  : Create obj success use class android.telephony.HwCustSignalStrengthImpl
03-20 10:49:58.887  1935  1935 D HwCust  : Create obj success use class android.telephony.HwCustSignalStrengthImpl
03-20 10:49:58.897 28294 28294 D ICU     : No timezone override file found: /data/misc/zoneinfo/current/icu/icu_tzdata.dat
03-20 10:49:58.903 28294 28294 I art     : Reinit property: dalvik.vm.checkjni= false
03-20 10:49:58.907 28294 28294 V HwFrameworkFactory: : successes to get AllImpl object and return....
03-20 10:49:58.912 28294 28294 I HWSERVICES: hwnative_get_component_register:libdrmbitmap,JNI
03-20 10:49:58.915 28294 28294 I Radio-JNI: register_android_hardware_Radio DONE
03-20 10:49:58.917 28294 28294 I android_hardware_fm.cpp: register_android_hardware_fm_fmradio
03-20 10:49:58.917 28294 28294 I android_hardware_fm.cpp: ========64bit long size = 8
03-20 10:49:58.917 28294 28294 I android_hardware_fm.cpp: FM: get chip type = bcm43xx
03-20 10:49:58.917 28294 28294 E fm_if.c : find the id:fm and begins to open the devices
03-20 10:49:58.917 28294 28294 D fm_if.c : device open sucess, func:fm_device_open,line:1949,ret:0
03-20 10:49:58.917 28294 28294 I android_hardware_fm.cpp: register_android_hardware_fm_fmradio, ret is 0
03-20 10:49:58.926 28294 28294 D AndroidRuntime: Calling main entry com.android.commands.ime.Ime
03-20 10:49:58.927 28294 28303 E SchedPolicy: open of dev/cpuctl/limit_fg/tasks failed: Permission denied
03-20 10:49:58.927 28294 28303 E SchedPolicy: open of dev/cpuctl/bg_non_interactive/limit_bg/tasks failed: Permission denied
03-20 10:49:58.930 28294 28294 D AndroidRuntime: Shutting down VM
03-20 10:49:59.418 28305 28305 I XmlParser: startElement itemName:resource user:-1966452696
03-20 10:49:59.418 28305 28305 I XmlParser: startElement itemName:group user:-1966452696
03-20 10:49:59.418 28305 28305 I XmlParser: startElement itemName:id user:-1966452696
03-20 10:49:59.418 28305 28305 I XmlParser: endElement itemName:id user:-1966452696
03-20 10:49:59.418 28305 28305 I XmlParser: startElement itemName:name user:-1966452696
03-20 10:49:59.418 28305 28305 I XmlParser: endElement itemName:name user:-1966452696
03-20 10:49:59.418 28305 28305 I XmlParser: startElement itemName:define user:-1966452696
03-20 10:49:59.418 28305 28305 I XmlParser: endElement itemName:define user:-1966452696
03-20 10:49:59.418 28305 28305 I XmlParser: startElement itemName:description user:-1966452696
03-20 10:49:59.418 28305 28305 I XmlParser: endElement itemName:description user:-1966452696
03-20 10:49:59.418 28305 28305 I XmlParser: endElement itemName:group user:-1966452696
03-20 10:49:59.418 28305 28305 I XmlParser: startElement itemName:group user:-1966452696
03-20 10:49:59.418 28305 28305 I XmlParser: startElement itemName:id user:-1966452696
03-20 10:49:59.418 28305 28305 I XmlParser: endElement itemName:id user:-1966452696
03-20 10:49:59.418 28305 28305 I XmlParser: startElement itemName:name user:-1966452696
03-20 10:49:59.418 28305 28305 I XmlParser: endElement itemName:name user:-1966452696
03-20 10:49:59.418 28305 28305 I XmlParser: startElement itemName:define user:-1966452696
03-20 10:49:59.418 28305 28305 E XmlParser: startElement mResult:1024
03-20 10:49:59.418 28305 28305 I XmlParser: endElement itemName:define user:-1966452696
03-20 10:49:59.418 28305 28305 I XmlParser: startElement itemName:description user:-1966452696
03-20 10:49:59.418 28305 28305 I XmlParser: endElement itemName:description user:-1966452696
03-20 10:49:59.418 28305 28305 I XmlParser: endElement itemName:group user:-1966452696
03-20 10:49:59.418 28305 28305 I XmlParser: startElement itemName:group user:-1966452696
03-20 10:49:59.418 28305 28305 I XmlParser: startElement itemName:id user:-1966452696
03-20 10:49:59.418 28305 28305 I XmlParser: endElement itemName:id user:-1966452696
03-20 10:49:59.418 28305 28305 I XmlParser: startElement itemName:name user:-1966452696
03-20 10:49:59.418 28305 28305 I XmlParser: endElement itemName:name user:-1966452696
03-20 10:49:59.418 28305 28305 I XmlParser: startElement itemName:define user:-1966452696
03-20 10:49:59.418 28305 28305 I XmlParser: endElement itemName:define user:-1966452696
03-20 10:49:59.418 28305 28305 I XmlParser: startElement itemName:description user:-1966452696
03-20 10:49:59.418 28305 28305 I XmlParser: endElement itemName:description user:-1966452696
03-20 10:49:59.418 28305 28305 I XmlParser: endElement itemName:group user:-1966452696
03-20 10:49:59.418 28305 28305 I XmlParser: endElement itemName:resource user:-1966452696
03-20 10:49:59.418 28305 28305 I XmlParser: startElement itemName:resource user:0
03-20 10:49:59.418 28305 28305 I XmlParser: startElement itemName:group user:0
03-20 10:49:59.418 28305 28305 I XmlParser: startElement itemName:id user:0
03-20 10:49:59.418 28305 28305 I XmlParser: endElement itemName:id user:0
03-20 10:49:59.418 28305 28305 I XmlParser: startElement itemName:name user:0
03-20 10:49:59.418 28305 28305 I XmlParser: endElement itemName:name user:0
03-20 10:49:59.418 28305 28305 I XmlParser: startElement itemName:define user:0
03-20 10:49:59.418 28305 28305 E XmlParser: startElement mResult:2097152
03-20 10:49:59.418 28305 28305 I XmlParser: endElement itemName:define user:0
03-20 10:49:59.418 28305 28305 I XmlParser: startElement itemName:description user:0
03-20 10:49:59.418 28305 28305 I XmlParser: endElement itemName:description user:0
03-20 10:49:59.418 28305 28305 I XmlParser: endElement itemName:group user:0
03-20 10:49:59.418 28305 28305 I XmlParser: startElement itemName:group user:0
03-20 10:49:59.418 28305 28305 I XmlParser: startElement itemName:id user:0
03-20 10:49:59.418 28305 28305 I XmlParser: endElement itemName:id user:0
03-20 10:49:59.418 28305 28305 I XmlParser: startElement itemName:name user:0
03-20 10:49:59.418 28305 28305 I XmlParser: endElement itemName:name user:0
03-20 10:49:59.418 28305 28305 I XmlParser: startElement itemName:define user:0
03-20 10:49:59.418 28305 28305 I XmlParser: endElement itemName:define user:0
03-20 10:49:59.418 28305 28305 I XmlParser: startElement itemName:description user:0
03-20 10:49:59.418 28305 28305 I XmlParser: endElement itemName:description user:0
03-20 10:49:59.418 28305 28305 I XmlParser: endElement itemName:group user:0
03-20 10:49:59.418 28305 28305 I XmlParser: startElement itemName:group user:0
03-20 10:49:59.418 28305 28305 I XmlParser: startElement itemName:id user:0
03-20 10:49:59.418 28305 28305 I XmlParser: endElement itemName:id user:0
03-20 10:49:59.418 28305 28305 I XmlParser: startElement itemName:name user:0
03-20 10:49:59.418 28305 28305 I XmlParser: endElement itemName:name user:0
03-20 10:49:59.418 28305 28305 I XmlParser: startElement itemName:define user:0
03-20 10:49:59.418 28305 28305 I XmlParser: endElement itemName:define user:0
03-20 10:49:59.418 28305 28305 I XmlParser: startElement itemName:description user:0
03-20 10:49:59.418 28305 28305 I XmlParser: endElement itemName:description user:0
03-20 10:49:59.418 28305 28305 I XmlParser: endElement itemName:group user:0
03-20 10:49:59.418 28305 28305 I XmlParser: endElement itemName:resource user:0
03-20 10:49:59.418 28305 28305 I libEGL  : egl_cache_t() maxKeySize:1024  maxTotalSize:2097152
03-20 10:49:59.419 28305 28305 D libfingersense_wrapper: Initializing libfingersense_wrapper...
03-20 10:49:59.420 28305 28305 D libfingersense_wrapper: libfingersense_wrapper initialized
03-20 10:49:59.423 28305 28305 I appproc : CLASSPATH=/system/framework/am.jar
03-20 10:49:59.423 28305 28305 I appproc : Command=app_process /system/bin com.android.commands.am.Am force-stop cn.dcpai.auction 
03-20 10:49:59.423 28305 28305 D AndroidRuntime: >>>>>> START com.android.internal.os.RuntimeInit uid 2000 <<<<<<
03-20 10:49:59.425 28305 28305 D AndroidRuntime: CheckJNI is OFF
03-20 10:49:59.425 28305 28305 I AndroidRuntime: readDownloadBoosterConfig: 'false'
03-20 10:49:59.474 28305 28305 D ICU     : No timezone override file found: /data/misc/zoneinfo/current/icu/icu_tzdata.dat
03-20 10:49:59.480 28305 28305 I art     : Reinit property: dalvik.vm.checkjni= false
03-20 10:49:59.484 28305 28305 V HwFrameworkFactory: : successes to get AllImpl object and return....
03-20 10:49:59.489 28305 28305 I HWSERVICES: hwnative_get_component_register:libdrmbitmap,JNI
03-20 10:49:59.492 28305 28305 I Radio-JNI: register_android_hardware_Radio DONE
03-20 10:49:59.494 28305 28305 I android_hardware_fm.cpp: register_android_hardware_fm_fmradio
03-20 10:49:59.494 28305 28305 I android_hardware_fm.cpp: ========64bit long size = 8
03-20 10:49:59.494 28305 28305 I android_hardware_fm.cpp: FM: get chip type = bcm43xx
03-20 10:49:59.494 28305 28305 E fm_if.c : find the id:fm and begins to open the devices
03-20 10:49:59.494 28305 28305 D fm_if.c : device open sucess, func:fm_device_open,line:1949,ret:0
03-20 10:49:59.495 28305 28305 I android_hardware_fm.cpp: register_android_hardware_fm_fmradio, ret is 0
03-20 10:49:59.503 28305 28305 D AndroidRuntime: Calling main entry com.android.commands.am.Am
03-20 10:49:59.503 28305 28313 E SchedPolicy: open of dev/cpuctl/limit_fg/tasks failed: Permission denied
03-20 10:49:59.503 28305 28313 E SchedPolicy: open of dev/cpuctl/bg_non_interactive/limit_bg/tasks failed: Permission denied
03-20 10:49:59.511  1352  2551 I chatty  : uid=1000(system) Binder:1352_A expire 12 lines
03-20 10:49:59.531 28315 28315 I         : power log dlsym ok
03-20 10:49:59.532 28315 28315 E SchedPolicy: open of dev/cpuctl/limit_fg/tasks failed: Permission denied
03-20 10:49:59.532 28315 28315 E SchedPolicy: open of dev/cpuctl/bg_non_interactive/limit_bg/tasks failed: Permission denied
03-20 10:49:59.533  1352  2557 I chatty  : uid=1000(system) Binder:1352_B expire 22 lines
03-20 10:49:59.534 28315 28315 I chatty  : uid=10403(cn.dcpai.auction) expire 1118 lines
03-20 10:49:59.534   438   438 I chatty  : uid=1000(system) /system/bin/surfaceflinger expire 13 lines
03-20 10:49:59.536  1352  1363 I chatty  : uid=1000(system) Binder:1352_1 expire 16 lines
03-20 10:49:59.541 28315 28315 D ActivityThread: ActivityThread,attachApplication
03-20 10:49:59.553  1908  1991 D ScenarioService: new above launcher pkgs: [cn.dcpai.auction, com.android.settings]
03-20 10:49:59.566 28305 28305 D AndroidRuntime: Shutting down VM
03-20 10:49:59.570  1352  1375 I chatty  : uid=1000(system) android.display expire 19 lines
03-20 10:49:59.571  1352  1479 I chatty  : uid=1000(system) sManagerService expire 2 lines
03-20 10:49:59.579  1935  1935 D CarrierSvcBindHelper: No carrier app for: 0
03-20 10:49:59.580  1935  1935 D CarrierSvcBindHelper: No carrier app for: 1
03-20 10:49:59.581  1935  1935 D CarrierSvcBindHelper: No carrier app for: 0
03-20 10:49:59.581  1935  1935 D CarrierSvcBindHelper: No carrier app for: 1
03-20 10:49:59.583  1908  2243 D HwMultiWindowEx: isInMultiWindowMode ret: 0
03-20 10:49:59.583  1908  2243 I BacklightControl: can't adjust backlight when app launch from other scene.
03-20 10:49:59.583  1908  2243 I AppsGPSRestrict: cn.dcpai.auction is above launcher app, just return...
03-20 10:49:59.587   632   693 D bdatd   : [BiDispatcher.cpp] dispatchInfo# level: 6, tag: BDAT_TAG_SCENE_CHANGED, time: 03-20 10:49:59.582, data: name=com.android.settings
03-20 10:49:59.589  2012  2246 I HwNetworkPolicyManager: getHwUidPolicy uid = 1000 policy = 0
03-20 10:49:59.590  1352  2563 I chatty  : uid=1000(system) Binder:1352_D expire 18 lines
03-20 10:49:59.590  2503  2503 D ApduServiceInfo: No com.nxp.nfc.extensions meta-data
03-20 10:49:59.593   438   451 I chatty  : uid=1000(system) Binder:438_2 expire 18 lines
03-20 10:49:59.594  5443  5443 I chatty  : uid=1000(system) com.android.settings expire 70 lines
03-20 10:49:59.594  4880  4967 I HwNetworkPolicyManager: getHwUidPolicy uid = 1000 policy = 0
03-20 10:49:59.599   632   693 D bdatd   : [BiDispatcher.cpp] dispatchInfo# level: 6, tag: BDAT_TAG_PROCESS_EXIT, time: 03-20 10:49:59.592, data: uid=10020 pid=21980 utime=130000 stime=40000 name=com.huawei.phoneservice:autologuploadservice
03-20 10:49:59.599   632   693 D bdatd   : [BiDispatcher.cpp] dispatchInfo# level: 6, tag: BDAT_TAG_PROCESS_EXIT, time: 03-20 10:49:59.592, data: uid=2000 pid=27935 utime=370000 stime=50000 name=app_process
03-20 10:49:59.599   632   693 D bdatd   : [BiDispatcher.cpp] dispatchInfo# level: 6, tag: BDAT_TAG_PROCESS_EXIT, time: 03-20 10:49:59.592, data: uid=10403 pid=27950 utime=15440000 stime=1400000 name=cn.dcpai.auction
03-20 10:49:59.607  5443 28335 I chatty  : uid=1000(system) com.android.settings expire 2 lines
03-20 10:49:59.609   438  1484 I chatty  : uid=1000(system) Binder:438_3 expire 12 lines
03-20 10:49:59.611  1352  7533 I chatty  : uid=1000(system) Binder:1352_13 expire 2 lines
03-20 10:49:59.616  1692  1708 I CommandQueue: updateBarBgColor
03-20 10:49:59.617  1692  1708 D CommandQueue: CommandQueue, setBarBackgroundColor
03-20 10:49:59.619  5443  7633 I chatty  : uid=1000(system) RenderThread expire 8 lines
03-20 10:49:59.621  1692  1692 D TintManager: statusBarIconTint=#B3000000,navigationBarIconTint=#FFFCFCFC
03-20 10:49:59.622  1352  1943 I chatty  : uid=1000(system) Binder:1352_6 expire 28 lines
03-20 10:49:59.637  1692  1692 D TintTextView: #B3000000 com.android.systemui.time.HwStatusBarClock{60ded69 V.ED..... ......ID 0,0-0,0 #7f1401db app:id/clock}
03-20 10:49:59.637  1692  1692 D TintTextView: #B3000000 com.android.systemui.time.HwStatusBarClock{7c6b3f0 V.ED..... ......ID 783,0-930,72 #7f1401db app:id/clock}
03-20 10:49:59.637  1692  1692 D TintTextView: #B3000000 com.android.systemui.tint.TintTextView{b239d7d V.ED..... ......I. 0,0-0,0 #7f1401d0 app:id/battery_outside_percent}
03-20 10:49:59.637  1692  1692 D TintTextView: #B3000000 com.android.systemui.tint.TintTextView{d37476d V.ED..... ......I. 0,0-0,0 #7f14041f app:id/hotspot_num}
03-20 10:49:59.637  1692  1692 D TintTextView: #B3000000 com.android.systemui.tint.TintTextView{a9b9597 V.ED..... ......ID 0,0-0,0 #7f140421 app:id/speed}
03-20 10:49:59.638  1692  1692 D TintTextView: #B3000000 com.android.systemui.tint.TintTextView{26581d8 V.ED..... ......ID 0,11-108,60 #7f14004e app:id/msim_status_bar_operators_card_one_id}
03-20 10:49:59.638  1692  1692 D TintTextView: #B3000000 com.android.systemui.time.HwStatusBarClock{1cd28bb V.ED..... ........ 245,0-412,72 #7f1401db app:id/clock}
03-20 10:49:59.639  1692  1692 D TintTextView: #B3000000 com.android.systemui.tint.TintTextView{b705e41 V.ED..... ........ 0,1-86,43 #7f1401d0 app:id/battery_outside_percent}
03-20 10:49:59.640  1692  1692 D TintTextView: #B3000000 com.android.systemui.tint.TintTextView{4f322ec V.ED..... ......I. 0,0-0,0 #7f14041f app:id/hotspot_num}
03-20 10:49:59.640  1692  1692 D TintTextView: #B3000000 com.android.systemui.tint.TintTextView{9bd13f9 V.ED..... ......ID 0,0-0,0 #7f140421 app:id/speed}
03-20 10:49:59.640  1692  1692 D TintTextView: #B3000000 com.android.systemui.tint.TintTextView{3237443 V.ED..... ......ID 0,0-0,0 #7f140348 app:id/hw_notification_number}
03-20 10:49:59.640  1692  1692 D TintTextView: #B3000000 com.android.systemui.tint.TintTextView{82e24fd V.ED..... ........ 0,0-108,49 #7f14004e app:id/msim_status_bar_operators_card_one_id}
03-20 10:49:59.640  1692  1692 I PhoneStatusBarPolicy: updateBluetooth:::setBluetoothBatteryEnable false.
03-20 10:49:59.640  1692  1692 I PhoneStatusBarPolicy: updateBluetooth::bluetoothEnabled:false, bluetoothConnected=false, bluetoothTransfering=false
03-20 10:49:59.640 28101 28101 I AppiumUnicodeIME: onFinishInput
03-20 10:49:59.641 28101 28101 I AppiumUnicodeIME: onStartInput
03-20 10:49:59.655  1692  1692 D BarTransitions.HwNavigationBarView: MODE_TRANSPARENT -> MODE_OPAQUE animate=false
03-20 10:49:59.655  1692  1692 D BarTransitions.HwNavigationBarView: applyModeBackground oldMode=MODE_TRANSPARENT newMode=MODE_OPAQUE animate=false
03-20 10:49:59.681 28315 28337 I chatty  : uid=10403(cn.dcpai.auction) thread_backgrou expire 70 lines
03-20 10:49:59.695 28315 28345 I chatty  : uid=10403(cn.dcpai.auction) Thread-10 expire 1 line
03-20 10:49:59.721 28315 28357 I chatty  : uid=10403(cn.dcpai.auction) LogingTaskQueue expire 89 lines
03-20 10:49:59.731   627 28360 D DnsProxyListener: GetAddrInfoHandler addr: testapp.dcpai.cn {100, 917604, 10403} 139.196.57.60
03-20 10:49:59.925 28380 28380 I         : power log dlsym ok
03-20 10:49:59.926 28380 28380 E SchedPolicy: open of dev/cpuctl/limit_fg/tasks failed: Permission denied
03-20 10:49:59.926 28380 28380 E SchedPolicy: open of dev/cpuctl/bg_non_interactive/limit_bg/tasks failed: Permission denied
03-20 10:49:59.927 28380 28380 I chatty  : uid=10403 cn.dcpai.auction:pushcore expire 7 lines
03-20 10:49:59.935 28380 28380 D ActivityThread: ActivityThread,attachApplication
03-20 10:49:59.958 28315 28403 I chatty  : uid=10403(cn.dcpai.auction) BUGLY_THREAD expire 1 line
03-20 10:49:59.961   438   450 I chatty  : uid=1000(system) Binder:438_1 expire 7 lines
03-20 10:49:59.963 28315 28359 I chatty  : uid=10403(cn.dcpai.auction) expire 2 lines
03-20 10:49:59.964  1352  2559 I chatty  : uid=1000(system) Binder:1352_C expire 31 lines
03-20 10:49:59.978  1352  1366 I chatty  : uid=1000(system) ActivityManager expire 2 lines
03-20 10:49:59.979   438  2097 I chatty  : uid=1000(system) Binder:438_5 expire 20 lines
03-20 10:49:59.990  1352  1366 I chatty  : uid=1000(system) ActivityManager expire 5 lines
03-20 10:50:00.001   632   693 D bdatd   : [BiDispatcher.cpp] dispatchInfo# level: 6, tag: BDAT_TAG_ALARM_TRIGGER, time: 03-20 10:49:59.992, data: uid=1000 name=android type=3 tag=*alarm*:android.intent.action.TIME_TICK size=1
03-20 10:50:00.001  2012  2246 I HwNetworkPolicyManager: getHwUidPolicy uid = 10051 policy = 0
03-20 10:50:00.003 28363 28363 I XmlParser: startElement itemName:resource user:1737502760
03-20 10:50:00.003 28363 28363 I XmlParser: startElement itemName:group user:1737502760
03-20 10:50:00.003 28363 28363 I XmlParser: startElement itemName:id user:1737502760
03-20 10:50:00.003 28363 28363 I XmlParser: endElement itemName:id user:1737502760
03-20 10:50:00.003 28363 28363 I XmlParser: startElement itemName:name user:1737502760
03-20 10:50:00.003 28363 28363 I XmlParser: endElement itemName:name user:1737502760
03-20 10:50:00.003 28363 28363 I XmlParser: startElement itemName:define user:1737502760
03-20 10:50:00.003 28363 28363 I XmlParser: endElement itemName:define user:1737502760
03-20 10:50:00.003 28363 28363 I XmlParser: startElement itemName:description user:1737502760
03-20 10:50:00.003 28363 28363 I XmlParser: endElement itemName:description user:1737502760
03-20 10:50:00.003 28363 28363 I XmlParser: endElement itemName:group user:1737502760
03-20 10:50:00.003 28363 28363 I XmlParser: startElement itemName:group user:1737502760
03-20 10:50:00.003 28363 28363 I XmlParser: startElement itemName:id user:1737502760
03-20 10:50:00.003 28363 28363 I XmlParser: endElement itemName:id user:1737502760
03-20 10:50:00.003 28363 28363 I XmlParser: startElement itemName:name user:1737502760
03-20 10:50:00.003 28363 28363 I XmlParser: endElement itemName:name user:1737502760
03-20 10:50:00.003 28363 28363 I XmlParser: startElement itemName:define user:1737502760
03-20 10:50:00.003 28363 28363 E XmlParser: startElement mResult:1024
03-20 10:50:00.003 28363 28363 I XmlParser: endElement itemName:define user:1737502760
03-20 10:50:00.003 28363 28363 I XmlParser: startElement itemName:description user:1737502760
03-20 10:50:00.003 28363 28363 I XmlParser: endElement itemName:description user:1737502760
03-20 10:50:00.003 28363 28363 I XmlParser: endElement itemName:group user:1737502760
03-20 10:50:00.003 28363 28363 I XmlParser: startElement itemName:group user:1737502760
03-20 10:50:00.003 28363 28363 I XmlParser: startElement itemName:id user:1737502760
03-20 10:50:00.003 28363 28363 I XmlParser: endElement itemName:id user:1737502760
03-20 10:50:00.003 28363 28363 I XmlParser: startElement itemName:name user:1737502760
03-20 10:50:00.003 28363 28363 I XmlParser: endElement itemName:name user:1737502760
03-20 10:50:00.003 28363 28363 I XmlParser: startElement itemName:define user:1737502760
03-20 10:50:00.003 28363 28363 I XmlParser: endElement itemName:define user:1737502760
03-20 10:50:00.003 28363 28363 I XmlParser: startElement itemName:description user:1737502760
03-20 10:50:00.003 28363 28363 I XmlParser: endElement itemName:description user:1737502760
03-20 10:50:00.003 28363 28363 I XmlParser: endElement itemName:group user:1737502760
03-20 10:50:00.003 28363 28363 I XmlParser: endElement itemName:resource user:1737502760
03-20 10:50:00.003 28363 28363 I XmlParser: startElement itemName:resource user:0
03-20 10:50:00.003 28363 28363 I XmlParser: startElement itemName:group user:0
03-20 10:50:00.003 28363 28363 I XmlParser: startElement itemName:id user:0
03-20 10:50:00.003 28363 28363 I XmlParser: endElement itemName:id user:0
03-20 10:50:00.003 28363 28363 I XmlParser: startElement itemName:name user:0
03-20 10:50:00.003 28363 28363 I XmlParser: endElement itemName:name user:0
03-20 10:50:00.003 28363 28363 I XmlParser: startElement itemName:define user:0
03-20 10:50:00.003 28363 28363 E XmlParser: startElement mResult:2097152
03-20 10:50:00.003 28363 28363 I XmlParser: endElement itemName:define user:0
03-20 10:50:00.003 28363 28363 I XmlParser: startElement itemName:description user:0
03-20 10:50:00.003 28363 28363 I XmlParser: endElement itemName:description user:0
03-20 10:50:00.003 28363 28363 I XmlParser: endElement itemName:group user:0
03-20 10:50:00.003 28363 28363 I XmlParser: startElement itemName:group user:0
03-20 10:50:00.003 28363 28363 I XmlParser: startElement itemName:id user:0
03-20 10:50:00.003 28363 28363 I XmlParser: endElement itemName:id user:0
03-20 10:50:00.003 28363 28363 I XmlParser: startElement itemName:name user:0
03-20 10:50:00.003 28363 28363 I XmlParser: endElement itemName:name user:0
03-20 10:50:00.003 28363 28363 I XmlParser: startElement itemName:define user:0
03-20 10:50:00.003 28363 28363 I XmlParser: endElement itemName:define user:0
03-20 10:50:00.003 28363 28363 I XmlParser: startElement itemName:description user:0
03-20 10:50:00.003 28363 28363 I XmlParser: endElement itemName:description user:0
03-20 10:50:00.003 28363 28363 I XmlParser: endElement itemName:group user:0
03-20 10:50:00.003 28363 28363 I XmlParser: startElement itemName:group user:0
03-20 10:50:00.003 28363 28363 I XmlParser: startElement itemName:id user:0
03-20 10:50:00.003 28363 28363 I XmlParser: endElement itemName:id user:0
03-20 10:50:00.003 28363 28363 I XmlParser: startElement itemName:name user:0
03-20 10:50:00.003 28363 28363 I XmlParser: endElement itemName:name user:0
03-20 10:50:00.003 28363 28363 I XmlParser: startElement itemName:define user:0
03-20 10:50:00.003 28363 28363 I XmlParser: endElement itemName:define user:0
03-20 10:50:00.003 28363 28363 I XmlParser: startElement itemName:description user:0
03-20 10:50:00.003 28363 28363 I XmlParser: endElement itemName:description user:0
03-20 10:50:00.003 28363 28363 I XmlParser: endElement itemName:group user:0
03-20 10:50:00.003 28363 28363 I XmlParser: endElement itemName:resource user:0
03-20 10:50:00.003 28363 28363 I libEGL  : egl_cache_t() maxKeySize:1024  maxTotalSize:2097152
03-20 10:50:00.004 28363 28363 D libfingersense_wrapper: Initializing libfingersense_wrapper...
03-20 10:50:00.005 28363 28363 D libfingersense_wrapper: libfingersense_wrapper initialized
03-20 10:50:00.008  1352  1363 I chatty  : uid=1000(system) Binder:1352_1 expire 2 lines
03-20 10:50:00.009 28363 28363 I appproc : CLASSPATH=/system/framework/input.jar
03-20 10:50:00.009 28363 28363 I appproc : Command=app_process /