03-20 09:51:06.677  7069  7130 E ActivityThread: Failed to find provider info for ctrip.android.view.wakeup.provider
03-20 09:51:06.701  1352  1482 I chatty  : uid=1000(system) InputDispatcher expire 4 lines
03-20 09:51:06.716  7069  7548 E ActivityThread: Failed to find provider info for com.youku.phone.wakeup.provider
03-20 09:51:06.738  2012  2246 I HwNetworkPolicyManager: getHwUidPolicy uid = 10051 policy = 0
03-20 09:51:06.739  4880  4967 I HwNetworkPolicyManager: getHwUidPolicy uid = 10051 policy = 0
03-20 09:51:06.787  5443  5443 W ContextImpl: Calling a method in the system process without a qualified user: android.app.ContextImpl.startService:1531 android.content.ContextWrapper.startService:613 android.content.ContextWrapper.startService:613 com.android.settings.deviceinfo.UsbReceiver.onUsbStateReceive:152 com.android.settings.deviceinfo.UsbReceiver.onReceive:84 
03-20 09:51:06.806  1692  1707 I CommandQueue: updateBarBgColor
03-20 09:51:06.806  1692  1707 D CommandQueue: CommandQueue, setBarBackgroundColor
03-20 09:51:07.263  5443  5443 W ContextImpl: Calling a method in the system process without a qualified user: android.app.ContextImpl.startService:1531 android.content.ContextWrapper.startService:613 android.content.ContextWrapper.startService:613 com.android.settings.deviceinfo.UsbReceiver.onUsbStateReceive:152 com.android.settings.deviceinfo.UsbReceiver.onReceive:84 
03-20 09:51:07.614  5443  5443 W ContextImpl: Calling a method in the system process without a qualified user: android.app.ContextImpl.sendBroadcast:979 android.content.ContextWrapper.sendBroadcast:421 com.android.settings.deviceinfo.UsbConnModeChooserFragment.updatePreferences:249 com.android.settings.deviceinfo.UsbConnModeChooserFragment.handleMsgCheckTimeout:406 com.android.settings.deviceinfo.UsbConnModeChooserFragment.-wrap2:-1 
03-20 09:51:09.034  1352  2559 I chatty  : uid=1000(system) Binder:1352_C expire 12 lines
03-20 09:51:09.107  2012  2246 I HwNetworkPolicyManager: getHwUidPolicy uid = 1000 policy = 0
03-20 09:51:09.108  4880  4967 I HwNetworkPolicyManager: getHwUidPolicy uid = 1000 policy = 0
03-20 09:51:09.176  5443  5443 V ActivityThread: ActivityThread,callActivityOnCreate
03-20 09:51:09.318  7792  7792 E SchedPolicy: open of dev/cpuctl/limit_fg/tasks failed: Permission denied
03-20 09:51:09.318  7792  7792 E SchedPolicy: open of dev/cpuctl/bg_non_interactive/limit_bg/tasks failed: Permission denied
03-20 09:51:09.326  7792  7792 D ActivityThread: ActivityThread,attachApplication
03-20 09:51:09.360  5443  5443 D ActivityThread: add activity client record, r= ActivityRecord{cfca9bc token=android.os.BinderProxy@83e7fe2 {com.android.settings/com.android.settings.HWSettings}} token= android.os.BinderProxy@83e7fe2
03-20 09:51:09.371  1692  1975 I CommandQueue: updateBarBgColor
03-20 09:51:09.371  1692  1975 D CommandQueue: CommandQueue, setBarBackgroundColor
03-20 09:51:09.578  7807  7807 E SchedPolicy: open of dev/cpuctl/limit_fg/tasks failed: Permission denied
03-20 09:51:09.578  7807  7807 E SchedPolicy: open of dev/cpuctl/bg_non_interactive/limit_bg/tasks failed: Permission denied
03-20 09:51:09.586  7807  7807 D ActivityThread: ActivityThread,attachApplication
03-20 09:51:10.652  1352  1364 I chatty  : uid=1000(system) Binder:1352_2 expire 9 lines
03-20 09:51:10.684  1352  2568 I chatty  : uid=1000(system) Binder:1352_11 expire 10 lines
03-20 09:51:10.690  1352  1633 I chatty  : uid=1000(system) Binder:1352_3 expire 5 lines
03-20 09:51:10.795  1352  2563 I chatty  : uid=1000(system) Binder:1352_D expire 8 lines
03-20 09:51:10.888  1352  1603 I chatty  : uid=1000(system) LazyTaskWriterT expire 4 lines
03-20 09:51:11.282  1352  2237 I chatty  : uid=1000(system) IPC Thread expire 12 lines
03-20 09:51:14.169  1352  1943 I chatty  : uid=1000(system) Binder:1352_6 expire 10 lines
03-20 09:51:14.195  5443  5443 V ActivityThread: ActivityThread,callActivityOnCreate
03-20 09:51:14.250  5443  5443 D ActivityThread: add activity client record, r= ActivityRecord{8a46649 token=android.os.BinderProxy@683396d {com.android.settings/com.android.settings.Settings$DeviceInfoSettingsActivity}} token= android.os.BinderProxy@683396d
03-20 09:51:14.287  1352  2566 I chatty  : uid=1000(system) Binder:1352_F expire 10 lines
03-20 09:51:14.288  1352  2529 I chatty  : uid=1000(system) Binder:1352_8 expire 7 lines
03-20 09:51:14.726  1352  2557 I chatty  : uid=1000(system) Binder:1352_B expire 7 lines
03-20 09:51:14.903  1352  1641 I chatty  : uid=1000(system) Binder:1352_4 expire 7 lines
03-20 09:51:15.217  5443  5443 D ActivityThread: Remove activity client record, r= ActivityRecord{8a46649 token=android.os.BinderProxy@683396d {com.android.settings/com.android.settings.Settings$DeviceInfoSettingsActivity}} token= android.os.BinderProxy@683396d
03-20 09:51:15.286  1352  1375 I chatty  : uid=1000(system) android.display expire 6 lines
03-20 09:51:15.427  1352  1953 I chatty  : uid=1000(system) Binder:1352_7 expire 5 lines
03-20 09:51:15.659  1352  2564 I chatty  : uid=1000(system) Binder:1352_E expire 10 lines
03-20 09:51:15.675  5443  5443 V ActivityThread: ActivityThread,callActivityOnCreate
03-20 09:51:15.710   417   428 D VoldCryptCmdListener: cryptfs isConvertibleToFBE
03-20 09:51:15.712  1352  1488 I chatty  : uid=1000(system) CryptdConnector expire 2 lines
03-20 09:51:15.736  5443  5443 D ActivityThread: add activity client record, r= ActivityRecord{7830179 token=android.os.BinderProxy@4413e12 {com.android.settings/com.android.settings.Settings$DevelopmentSettingsActivity}} token= android.os.BinderProxy@4413e12
03-20 09:51:15.752  1352  2551 I chatty  : uid=1000(system) Binder:1352_A expire 3 lines
03-20 09:51:15.763  1352  7533 I chatty  : uid=1000(system) Binder:1352_13 expire 11 lines
03-20 09:51:17.157  1352  1366 I chatty  : uid=1000(system) ActivityManager expire 14 lines
03-20 09:51:18.144  1352  1482 I chatty  : uid=1000(system) InputDispatcher expire 4 lines
03-20 09:51:18.194  4880  4967 I HwNetworkPolicyManager: getHwUidPolicy uid = 10051 policy = 0
03-20 09:51:18.196  2012  2246 I HwNetworkPolicyManager: getHwUidPolicy uid = 10051 policy = 0
03-20 09:51:18.213  1692  1708 I CommandQueue: updateBarBgColor
03-20 09:51:18.213  1692  1708 D CommandQueue: CommandQueue, setBarBackgroundColor
03-20 09:51:18.299  1352  2530 I chatty  : uid=1000(system) Binder:1352_9 expire 9 lines
03-20 09:51:22.420  1352  1883 I chatty  : uid=1000(system) LocationThread expire 2 lines
03-20 09:51:25.375  1352  1942 I chatty  : uid=1000(system) Binder:1352_5 expire 5 lines
03-20 09:51:30.699  1352  1478 I chatty  : uid=1000(system) AlarmManager expire 3 lines
03-20 09:51:30.749  1352  1471 I chatty  : uid=1000(system) UEventObserver expire 2 lines
03-20 09:51:30.756  1352  1352 I chatty  : uid=1000 system_server expire 11 lines
03-20 09:51:30.783  1352  2567 I chatty  : uid=1000(system) Binder:1352_10 expire 2 lines
03-20 09:51:30.784  1352  1520 I chatty  : uid=1000(system) ConnectivitySer expire 8 lines
03-20 09:51:30.786  1352  2686 I chatty  : uid=1000(system) Binder:1352_12 expire 2 lines
03-20 09:51:37.134  1352  1363 I chatty  : uid=1000(system) Binder:1352_1 expire 7 lines
03-20 09:51:37.948  7990  7990 E SchedPolicy: open of dev/cpuctl/limit_fg/tasks failed: Permission denied
03-20 09:51:37.948  7990  7990 E SchedPolicy: open of dev/cpuctl/bg_non_interactive/limit_bg/tasks failed: Permission denied
03-20 09:51:37.969  7990  7990 D ActivityThread: ActivityThread,attachApplication
03-20 09:51:37.975  1352  1479 I chatty  : uid=1000(system) sManagerService expire 2 lines
03-20 09:51:41.251  8025  8025 E SchedPolicy: open of dev/cpuctl/limit_fg/tasks failed: Permission denied
03-20 09:51:41.251  8025  8025 E SchedPolicy: open of dev/cpuctl/bg_non_interactive/limit_bg/tasks failed: Permission denied
03-20 09:51:41.268  8025  8025 D ActivityThread: ActivityThread,attachApplication
03-20 09:51:50.965  8078  8089 E SchedPolicy: open of dev/cpuctl/limit_fg/tasks failed: Permission denied
03-20 09:51:50.965  8078  8089 E SchedPolicy: open of dev/cpuctl/bg_non_interactive/limit_bg/tasks failed: Permission denied
03-20 09:51:52.157  8101  8113 E SchedPolicy: open of dev/cpuctl/limit_fg/tasks failed: Permission denied
03-20 09:51:52.157  8101  8113 E SchedPolicy: open of dev/cpuctl/bg_non_interactive/limit_bg/tasks failed: Permission denied
03-20 09:51:52.183  8116  8116 E SchedPolicy: open of dev/cpuctl/limit_fg/tasks failed: Permission denied
03-20 09:51:52.183  8116  8116 E SchedPolicy: open of dev/cpuctl/bg_non_interactive/limit_bg/tasks failed: Permission denied
03-20 09:51:52.199  8116  8116 D ActivityThread: ActivityThread,attachApplication
03-20 09:51:52.208  4880  4967 I HwNetworkPolicyManager: getHwUidPolicy uid = 10011 policy = 0
03-20 09:51:52.211  2012  2246 I HwNetworkPolicyManager: getHwUidPolicy uid = 10011 policy = 0
03-20 09:51:52.258  8116  8116 V ActivityThread: ActivityThread,callActivityOnCreate
03-20 09:51:52.293  8116  8116 D ActivityThread: add activity client record, r= ActivityRecord{3e1231e token=android.os.BinderProxy@41f696 {io.appium.settings/io.appium.settings.Settings}} token= android.os.BinderProxy@41f696
03-20 09:51:52.304  1692  1707 I CommandQueue: updateBarBgColor
03-20 09:51:52.304  1692  1707 D CommandQueue: CommandQueue, setBarBackgroundColor
03-20 09:51:52.573  8157  8158 E SchedPolicy: open of dev/cpuctl/limit_fg/tasks failed: Permission denied
03-20 09:51:52.573  8157  8158 E SchedPolicy: open of dev/cpuctl/bg_non_interactive/limit_bg/tasks failed: Permission denied
03-20 09:51:53.177  8164  8175 E SchedPolicy: open of dev/cpuctl/limit_fg/tasks failed: Permission denied
03-20 09:51:53.177  8164  8175 E SchedPolicy: open of dev/cpuctl/bg_non_interactive/limit_bg/tasks failed: Permission denied
03-20 09:51:53.223  8177  8177 E SchedPolicy: open of dev/cpuctl/limit_fg/tasks failed: Permission denied
03-20 09:51:53.223  8177  8177 E SchedPolicy: open of dev/cpuctl/bg_non_interactive/limit_bg/tasks failed: Permission denied
03-20 09:51:53.231  8177  8177 D ActivityThread: ActivityThread,attachApplication
03-20 09:51:53.255  4880  4967 I HwNetworkPolicyManager: getHwUidPolicy uid = 10026 policy = 0
03-20 09:51:53.255  2012  2246 I HwNetworkPolicyManager: getHwUidPolicy uid = 10026 policy = 0
03-20 09:51:53.320  8177  8177 V ActivityThread: ActivityThread,callActivityOnCreate
03-20 09:51:53.399  8177  8177 D ActivityThread: add activity client record, r= ActivityRecord{5cbfacb token=android.os.BinderProxy@41f696 {com.android.packageinstaller/com.android.packageinstaller.PackageInstallerActivity}} token= android.os.BinderProxy@41f696
03-20 09:51:53.418  1692  1870 I CommandQueue: updateBarBgColor
03-20 09:51:53.418  1692  1870 D CommandQueue: CommandQueue, setBarBackgroundColor
03-20 09:51:53.487  2012  5387 W ContextImpl: Calling a method in the system process without a qualified user: android.app.ContextImpl.startService:1531 android.content.ContextWrapper.startService:613 tmsdk.common.TMSDKContext.start:-1 tmsdk.common.TMSDKContext.init:-1 com.huawei.systemmanager.sdk.tmsdk.TMSdkEngine.init:44 
03-20 09:51:53.946  8116  8116 D ActivityThread: Remove activity client record, r= ActivityRecord{3e1231e token=android.os.BinderProxy@41f696 {io.appium.settings/io.appium.settings.Settings}} token= android.os.BinderProxy@41f696
03-20 09:51:57.610  1352  1492 I chatty  : uid=1000(system) NetdConnector expire 2 lines
03-20 09:51:57.612  1352  1373 I chatty  : uid=1000(system) android.fg expire 2 lines
03-20 09:51:59.710  2012  2246 I HwNetworkPolicyManager: getHwUidPolicy uid = 10051 policy = 0
03-20 09:51:59.713  4880  4967 I HwNetworkPolicyManager: getHwUidPolicy uid = 10051 policy = 0
03-20 09:51:59.752  1352  2566 I chatty  : uid=1000(system) Binder:1352_F expire 2 lines
03-20 09:51:59.756  1352  1943 I chatty  : uid=1000(system) Binder:1352_6 expire 1 line
03-20 09:51:59.818  1352  1387 I chatty  : uid=1000(system) PackageManager expire 3 lines
03-20 09:51:59.820  8283  8283 E SchedPolicy: open of dev/cpuctl/limit_fg/tasks failed: Permission denied
03-20 09:51:59.820  8283  8283 E SchedPolicy: open of dev/cpuctl/bg_non_interactive/limit_bg/tasks failed: Permission denied
03-20 09:51:59.833  8283  8283 D ActivityThread: ActivityThread,attachApplication
03-20 09:51:59.836  1692  1975 I CommandQueue: updateBarBgColor
03-20 09:51:59.836  1692  1975 D CommandQueue: CommandQueue, setBarBackgroundColor
03-20 09:51:59.940  8301  8301 E SchedPolicy: open of dev/cpuctl/limit_fg/tasks failed: Permission denied
03-20 09:51:59.940  8301  8301 E SchedPolicy: open of dev/cpuctl/bg_non_interactive/limit_bg/tasks failed: Permission denied
03-20 09:52:00.145  8177  8177 D ActivityThread: Remove activity client record, r= ActivityRecord{5cbfacb token=android.os.BinderProxy@41f696 {com.android.packageinstaller/com.android.packageinstaller.PackageInstallerActivity}} token= android.os.BinderProxy@41f696
03-20 09:52:00.176  1352  7533 I chatty  : uid=1000(system) Binder:1352_13 expire 11 lines
03-20 09:52:00.605  8310  8325 E SchedPolicy: open of dev/cpuctl/limit_fg/tasks failed: Permission denied
03-20 09:52:00.605  8310  8325 E SchedPolicy: open of dev/cpuctl/bg_non_interactive/limit_bg/tasks failed: Permission denied
03-20 09:52:00.899  1352  1471 I chatty  : uid=1000(system) UEventObserver expire 14 lines
03-20 09:52:00.902  1352  1352 I chatty  : uid=1000 system_server expire 29 lines
03-20 09:52:01.186  8327  8337 E SchedPolicy: open of dev/cpuctl/limit_fg/tasks failed: Permission denied
03-20 09:52:01.186  8327  8337 E SchedPolicy: open of dev/cpuctl/bg_non_interactive/limit_bg/tasks failed: Permission denied
03-20 09:52:01.752  8339  8351 E SchedPolicy: open of dev/cpuctl/limit_fg/tasks failed: Permission denied
03-20 09:52:01.752  8339  8351 E SchedPolicy: open of dev/cpuctl/bg_non_interactive/limit_bg/tasks failed: Permission denied
03-20 09:52:02.236  8354  8362 E SchedPolicy: open of dev/cpuctl/limit_fg/tasks failed: Permission denied
03-20 09:52:02.236  8354  8362 E SchedPolicy: open of dev/cpuctl/bg_non_interactive/limit_bg/tasks failed: Permission denied
03-20 09:52:02.495  1352  2559 I chatty  : uid=1000(system) Binder:1352_C expire 20 lines
03-20 09:52:02.935  1352  1603 I chatty  : uid=1000(system) LazyTaskWriterT expire 3 lines
03-20 09:52:02.999  1352  2568 I chatty  : uid=1000(system) Binder:1352_11 expire 4 lines
03-20 09:52:03.237  8378  8392 E SchedPolicy: open of dev/cpuctl/limit_fg/tasks failed: Permission denied
03-20 09:52:03.237  8378  8392 E SchedPolicy: open of dev/cpuctl/bg_non_interactive/limit_bg/tasks failed: Permission denied
03-20 09:52:04.111  8400  8409 E SchedPolicy: open of dev/cpuctl/limit_fg/tasks failed: Permission denied
03-20 09:52:04.111  8400  8409 E SchedPolicy: open of dev/cpuctl/bg_non_interactive/limit_bg/tasks failed: Permission denied
03-20 09:52:04.399  1352  2557 I chatty  : uid=1000(system) Binder:1352_B expire 12 lines
03-20 09:52:07.012  8426  8442 E SchedPolicy: open of dev/cpuctl/limit_fg/tasks failed: Permission denied
03-20 09:52:07.012  8426  8442 E SchedPolicy: open of dev/cpuctl/bg_non_interactive/limit_bg/tasks failed: Permission denied
03-20 09:52:07.076  1352  2567 I chatty  : uid=1000(system) Binder:1352_10 expire 13 lines
03-20 09:52:08.012  8450  8464 E SchedPolicy: open of dev/cpuctl/limit_fg/tasks failed: Permission denied
03-20 09:52:08.012  8450  8464 E SchedPolicy: open of dev/cpuctl/bg_non_interactive/limit_bg/tasks failed: Permission denied
03-20 09:52:08.306  8467  8467 E SchedPolicy: open of dev/cpuctl/limit_fg/tasks failed: Permission denied
03-20 09:52:08.306  8467  8467 E SchedPolicy: open of dev/cpuctl/bg_non_interactive/limit_bg/tasks failed: Permission denied
03-20 09:52:08.324  8467  8467 D ActivityThread: ActivityThread,attachApplication
03-20 09:52:08.336  1352  1633 I chatty  : uid=1000(system) Binder:1352_3 expire 7 lines
03-20 09:52:08.336  2012  2246 I HwNetworkPolicyManager: getHwUidPolicy uid = 10403 policy = 0
03-20 09:52:08.337  1352  1364 I chatty  : uid=1000(system) Binder:1352_2 expire 8 lines
03-20 09:52:08.338  4880  4967 I HwNetworkPolicyManager: getHwUidPolicy uid = 10403 policy = 0
03-20 09:52:08.464  1352  2551 I chatty  : uid=1000(system) Binder:1352_A expire 6 lines
03-20 09:52:08.497  1352  1641 I chatty  : uid=1000(system) Binder:1352_4 expire 4 lines
03-20 09:52:08.735  8529  8529 E SchedPolicy: open of dev/cpuctl/limit_fg/tasks failed: Permission denied
03-20 09:52:08.735  8529  8529 E SchedPolicy: open of dev/cpuctl/bg_non_interactive/limit_bg/tasks failed: Permission denied
03-20 09:52:08.735  1352  2686 I chatty  : uid=1000(system) Binder:1352_12 expire 2 lines
03-20 09:52:08.742  8529  8529 D ActivityThread: ActivityThread,attachApplication
03-20 09:52:08.742  1352  2529 I chatty  : uid=1000(system) Binder:1352_8 expire 2 lines
03-20 09:52:08.836  8467  8467 V ActivityThread: ActivityThread,callActivityOnCreate
03-20 09:52:08.989  8467  8467 D ActivityThread: add activity client record, r= ActivityRecord{369566f token=android.os.BinderProxy@5cbfacb {cn.dcpai.auction/cn.dcpai.auction.SplashActivity}} token= android.os.BinderProxy@5cbfacb
03-20 09:52:09.049  1692  1975 I CommandQueue: updateBarBgColor
03-20 09:52:09.049  1692  1975 D CommandQueue: CommandQueue, setBarBackgroundColor
03-20 09:52:09.104  1352  1953 I chatty  : uid=1000(system) Binder:1352_7 expire 9 lines
03-20 09:52:09.106  1352  1942 I chatty  : uid=1000(system) Binder:1352_5 expire 2 lines
03-20 09:52:09.110  1352  1363 I chatty  : uid=1000(system) Binder:1352_1 expire 4 lines
03-20 09:52:09.113  1352  2530 I chatty  : uid=1000(system) Binder:1352_9 expire 3 lines
03-20 09:52:09.116  8529  8581 E ActivityThread: Failed to find provider info for com.ludashi.benchmark.DownloadProvider
03-20 09:52:09.124  1352  2566 I chatty  : uid=1000(system) Binder:1352_F expire 8 lines
03-20 09:52:09.278  1352  2564 I chatty  : uid=1000(system) Binder:1352_E expire 8 lines
03-20 09:52:09.279  8623  8623 E SchedPolicy: open of dev/cpuctl/limit_fg/tasks failed: Permission denied
03-20 09:52:09.279  8623  8623 E SchedPolicy: open of dev/cpuctl/bg_non_interactive/limit_bg/tasks failed: Permission denied
03-20 09:52:09.300  8623  8623 D ActivityThread: ActivityThread,attachApplication
03-20 09:52:09.381  1352  1375 I chatty  : uid=1000(system) android.display expire 2 lines
03-20 09:52:12.319  8467  8467 V ActivityThread: ActivityThread,callActivityOnCreate
03-20 09:52:12.364  1352  2563 I chatty  : uid=1000(system) Binder:1352_D expire 1 line
03-20 09:52:12.365  1352  8682 I chatty  : uid=1000 system_server expire 4 lines
03-20 09:52:12.551  8467  8467 D ActivityThread: add activity client record, r= ActivityRecord{a99a84 token=android.os.BinderProxy@5c1486c {cn.dcpai.auction/cn.dcpai.auction.MainActivity}} token= android.os.BinderProxy@5c1486c
03-20 09:52:13.793  8467  8467 D ActivityThread: Remove activity client record, r= ActivityRecord{369566f token=android.os.BinderProxy@5cbfacb {cn.dcpai.auction/cn.dcpai.auction.SplashActivity}} token= android.os.BinderProxy@5cbfacb
03-20 09:52:13.894  8467  8467 V ActivityThread: ActivityThread,callActivityOnCreate
03-20 09:52:13.919  1352  1883 I chatty  : uid=1000(system) LocationThread expire 5 lines
03-20 09:52:13.922  1352  8715 I chatty  : uid=1000 system_server expire 4 lines
03-20 09:52:14.015  8467  8467 D ActivityThread: add activity client record, r= ActivityRecord{8a6c14c token=android.os.BinderProxy@2bfe48a {cn.dcpai.auction/cn.dcpai.auction.activity.AuctionGroupDetailNewActivity}} token= android.os.BinderProxy@2bfe48a
03-20 09:52:14.054  1352  2237 I chatty  : uid=1000(system) IPC Thread expire 22 lines
03-20 09:52:14.097  1352  8718 I chatty  : uid=1000 system_server expire 1 line
03-20 09:52:15.651  8467  8467 V ActivityThread: ActivityThread,callActivityOnCreate
03-20 09:52:15.692  8467  8467 D ActivityThread: add activity client record, r= ActivityRecord{8576bb6 token=android.os.BinderProxy@b90a5f5 {cn.dcpai.auction/cn.dcpai.auction.activity.OthersStoreActivity}} token= android.os.BinderProxy@b90a5f5
03-20 09:52:39.442  1352  2559 I chatty  : uid=1000(system) Binder:1352_C expire 1 line
03-20 09:53:39.976  1352  1492 I chatty  : uid=1000(system) NetdConnector expire 6 lines
03-20 09:54:39.665  1352  1373 I chatty  : uid=1000(system) android.fg expire 2 lines
03-20 09:54:55.624  1352  2557 I chatty  : uid=1000(system) Binder:1352_B expire 1 line
03-20 09:55:05.664  1352  1943 I chatty  : uid=1000(system) Binder:1352_6 expire 3 lines
03-20 09:55:14.674  1352  2529 I chatty  : uid=1000(system) Binder:1352_8 expire 6 lines
03-20 09:55:14.691  1352  1633 I chatty  : uid=1000(system) Binder:1352_3 expire 14 lines
03-20 09:55:14.722  1352  7533 I chatty  : uid=1000(system) Binder:1352_13 expire 8 lines
03-20 09:55:14.990  1352  1364 I chatty  : uid=1000(system) Binder:1352_2 expire 4 lines
03-20 09:55:14.993  1352  2530 I chatty  : uid=1000(system) Binder:1352_9 expire 2 lines
03-20 09:55:15.037  1352  2564 I chatty  : uid=1000(system) Binder:1352_E expire 6 lines
03-20 09:55:22.265  1352  2551 I chatty  : uid=1000(system) Binder:1352_A expire 12 lines
03-20 09:55:22.280  1352  2563 I chatty  : uid=1000(system) Binder:1352_D expire 13 lines
03-20 09:55:22.289  1352  2559 I chatty  : uid=1000(system) Binder:1352_C expire 12 lines
03-20 09:55:32.022  1352  1471 I chatty  : uid=1000(system) UEventObserver expire 8 lines
03-20 09:55:32.030  1352  1352 I chatty  : uid=1000 system_server expire 16 lines
03-20 09:56:04.485  1352  1478 I chatty  : uid=1000(system) AlarmManager expire 4 lines
03-20 09:56:54.887  1352  1492 I chatty  : uid=1000(system) NetdConnector expire 6 lines
03-20 09:57:06.866  8467  8467 V ActivityThread: ActivityThread,callActivityOnCreate
03-20 09:57:06.900  8467  8467 D ActivityThread: add activity client record, r= ActivityRecord{bed0828 token=android.os.BinderProxy@e5f44f {cn.dcpai.auction/cn.dcpai.auction.activity.AuctionGroupDetailNewActivity}} token= android.os.BinderProxy@e5f44f
03-20 09:57:06.965  1352  1641 I chatty  : uid=1000(system) Binder:1352_4 expire 5 lines
03-20 09:57:08.605  1352  2567 I chatty  : uid=1000(system) Binder:1352_10 expire 16 lines
03-20 09:57:08.672  1352  1953 I chatty  : uid=1000(system) Binder:1352_7 expire 4 lines
03-20 09:57:09.005  8467  8467 D ActivityThread: Remove activity client record, r= ActivityRecord{bed0828 token=android.os.BinderProxy@e5f44f {cn.dcpai.auction/cn.dcpai.auction.activity.AuctionGroupDetailNewActivity}} token= android.os.BinderProxy@e5f44f
03-20 09:57:09.059  1352  1375 I chatty  : uid=1000(system) android.display expire 3 lines
03-20 09:57:09.480  8604  9944 E SchedPolicy: open of dev/cpuctl/limit_fg/tasks failed: Permission denied
03-20 09:57:09.480  8604  9944 E SchedPolicy: open of dev/cpuctl/bg_non_interactive/limit_bg/tasks failed: Permission denied
03-20 09:57:10.252  8467  8467 D ActivityThread: Remove activity client record, r= ActivityRecord{8576bb6 token=android.os.BinderProxy@b90a5f5 {cn.dcpai.auction/cn.dcpai.auction.activity.OthersStoreActivity}} token= android.os.BinderProxy@b90a5f5
03-20 09:57:10.889  1352  1603 I chatty  : uid=1000(system) LazyTaskWriterT expire 3 lines
03-20 09:57:17.431  1352  1482 I chatty  : uid=1000(system) InputDispatcher expire 8 lines
03-20 09:57:17.449  1352  2566 I chatty  : uid=1000(system) Binder:1352_F expire 11 lines
03-20 09:57:17.473  4880  4967 I HwNetworkPolicyManager: getHwUidPolicy uid = 10051 policy = 0
03-20 09:57:17.484  2012  2246 I HwNetworkPolicyManager: getHwUidPolicy uid = 10051 policy = 0
03-20 09:57:17.491  1352  2686 I chatty  : uid=1000(system) Binder:1352_12 expire 6 lines
03-20 09:57:17.492  1692  1870 I CommandQueue: updateBarBgColor
03-20 09:57:17.492  1692  1870 D CommandQueue: CommandQueue, setBarBackgroundColor
03-20 09:57:17.627  1352  1373 I chatty  : uid=1000(system) android.fg expire 2 lines
03-20 09:57:17.861  1352  1479 I chatty  : uid=1000(system) sManagerService expire 1 line
03-20 09:57:18.405  5443  5443 D ActivityThread: Remove activity client record, r= ActivityRecord{7830179 token=android.os.BinderProxy@4413e12 {com.android.settings/com.android.settings.Settings$DevelopmentSettingsActivity}} token= android.os.BinderProxy@4413e12
03-20 09:57:18.413  1352  2568 I chatty  : uid=1000(system) Binder:1352_11 expire 12 lines
03-20 09:57:18.420  1352  2557 I chatty  : uid=1000(system) Binder:1352_B expire 4 lines
03-20 09:57:18.420  4880  4967 I HwNetworkPolicyManager: getHwUidPolicy uid = 1000 policy = 0
03-20 09:57:18.427  2012  2246 I HwNetworkPolicyManager: getHwUidPolicy uid = 1000 policy = 0
03-20 09:57:18.438  1692  1707 I CommandQueue: updateBarBgColor
03-20 09:57:18.438  1692  1707 D CommandQueue: CommandQueue, setBarBackgroundColor
03-20 09:57:20.724  5443  5443 V ActivityThread: ActivityThread,callActivityOnCreate
03-20 09:57:20.757  5443  5443 D ActivityThread: add activity client record, r= ActivityRecord{3a6552 token=android.os.BinderProxy@39905f2 {com.android.settings/com.android.settings.Settings$AdvancedSettingsActivity}} token= android.os.BinderProxy@39905f2
03-20 09:57:20.775  5443  5443 E ActivityThread: Failed to find provider info for com.huawei.wildkids
03-20 09:57:22.100  1352  1363 I chatty  : uid=1000(system) Binder:1352_1 expire 24 lines
03-20 09:57:22.476  5443  5443 D ActivityThread: Remove activity client record, r= ActivityRecord{3a6552 token=android.os.BinderProxy@39905f2 {com.android.settings/com.android.settings.Settings$AdvancedSettingsActivity}} token= android.os.BinderProxy@39905f2
03-20 09:57:25.018  5443  5443 V ActivityThread: ActivityThread,callActivityOnCreate
03-20 09:57:25.053  5443  5443 D ActivityThread: add activity client record, r= ActivityRecord{e2a5e58 token=android.os.BinderProxy@3e5ce6a {com.android.settings/com.android.settings.Settings$DeviceInfoSettingsActivity}} token= android.os.BinderProxy@3e5ce6a
03-20 09:57:29.316  5443  5443 V ActivityThread: ActivityThread,callActivityOnCreate
03-20 09:57:29.366  5443  5443 D ActivityThread: add activity client record, r= ActivityRecord{54ef593 token=android.os.BinderProxy@a06a1b3 {com.android.settings/com.android.settings.SubSettings}} token= android.os.BinderProxy@a06a1b3
03-20 09:57:29.776  1352  2568 I chatty  : uid=1000(system) Binder:1352_11 expire 6 lines
03-20 09:57:30.968 10056 10064 E SchedPolicy: open of dev/cpuctl/limit_fg/tasks failed: Permission denied
03-20 09:57:30.968 10056 10064 E SchedPolicy: open of dev/cpuctl/bg_non_interactive/limit_bg/tasks failed: Permission denied
03-20 09:57:31.474 10066 10077 E SchedPolicy: open of dev/cpuctl/limit_fg/tasks failed: Permission denied
03-20 09:57:31.474 10066 10077 E SchedPolicy: open of dev/cpuctl/bg_non_interactive/limit_bg/tasks failed: Permission denied
03-20 09:57:31.477  1352  1368 I chatty  : uid=1000(system) ActivityManager expire 5 lines
03-20 09:57:31.523  1352  1352 I chatty  : uid=1000 system_server expire 10 lines
03-20 09:57:31.535  5443  5443 V ActivityThread: ActivityThread,callActivityOnCreate
03-20 09:57:31.571  5443  5443 D ActivityThread: add activity client record, r= ActivityRecord{4c9c1ad token=android.os.BinderProxy@f6a5d5b {com.android.settings/com.android.settings.HuaweiPrivacyPolicyActivity}} token= android.os.BinderProxy@f6a5d5b
03-20 09:57:31.967 10079 10088 E SchedPolicy: open of dev/cpuctl/limit_fg/tasks failed: Permission denied
03-20 09:57:31.967 10079 10088 E SchedPolicy: open of dev/cpuctl/bg_non_interactive/limit_bg/tasks failed: Permission denied
03-20 09:57:31.991  1352  1364 I chatty  : uid=1000(system) Binder:1352_2 expire 6 lines
03-20 09:57:32.015  1352  1943 I chatty  : uid=1000(system) Binder:1352_6 expire 12 lines
03-20 09:57:32.015  4880  4967 I HwNetworkPolicyManager: getHwUidPolicy uid = 10051 policy = 0
03-20 09:57:32.017  2012  2246 I HwNetworkPolicyManager: getHwUidPolicy uid = 10051 policy = 0
03-20 09:57:32.027  1352  1942 I chatty  : uid=1000(system) Binder:1352_5 expire 9 lines
03-20 09:57:32.060  1352  1641 I chatty  : uid=1000(system) Binder:1352_4 expire 7 lines
03-20 09:57:32.060  1692  1708 I CommandQueue: updateBarBgColor
03-20 09:57:32.060  1692  1708 D CommandQueue: CommandQueue, setBarBackgroundColor
03-20 09:57:32.103  1352  1375 I chatty  : uid=1000(system) android.display expire 8 lines
03-20 09:57:32.103  1692  1708 I CommandQueue: updateBarBgColor
03-20 09:57:32.104  1692  1708 D CommandQueue: CommandQueue, setBarBackgroundColor
03-20 09:57:32.104  1692  1975 I CommandQueue: updateBarBgColor
03-20 09:57:32.104  1692  1975 D CommandQueue: CommandQueue, setBarBackgroundColor
03-20 09:57:32.115  1352  2566 I chatty  : uid=1000(system) Binder:1352_F expire 10 lines
03-20 09:57:32.118  1352  2529 I chatty  : uid=1000(system) Binder:1352_8 expire 5 lines
03-20 09:57:32.368  1352  1363 I chatty  : uid=1000(system) Binder:1352_1 expire 13 lines
03-20 09:57:32.629 10096 10107 E SchedPolicy: open of dev/cpuctl/limit_fg/tasks failed: Permission denied
03-20 09:57:32.629 10096 10107 E SchedPolicy: open of dev/cpuctl/bg_non_interactive/limit_bg/tasks failed: Permission denied
03-20 09:57:32.631  1352  2567 I chatty  : uid=1000(system) Binder:1352_10 expire 16 lines
03-20 09:57:32.662  1352  1471 I chatty  : uid=1000(system) UEventObserver expire 4 lines
03-20 09:57:34.004  1352  1603 I chatty  : uid=1000(system) LazyTaskWriterT expire 7 lines
03-20 09:57:34.429  1352  2530 I chatty  : uid=1000(system) Binder:1352_9 expire 10 lines
03-20 09:57:34.440  5443  5443 D ActivityThread: Remove activity client record, r= ActivityRecord{e2a5e58 token=android.os.BinderProxy@3e5ce6a {com.android.settings/com.android.settings.Settings$DeviceInfoSettingsActivity}} token= android.os.BinderProxy@3e5ce6a
03-20 09:57:34.444  5443  5443 D ActivityThread: Remove activity client record, r= ActivityRecord{54ef593 token=android.os.BinderProxy@a06a1b3 {com.android.settings/com.android.settings.SubSettings}} token= android.os.BinderProxy@a06a1b3
03-20 09:57:34.447  5443  5443 D ActivityThread: Remove activity client record, r= ActivityRecord{4c9c1ad token=android.os.BinderProxy@f6a5d5b {com.android.settings/com.android.settings.HuaweiPrivacyPolicyActivity}} token= android.os.BinderProxy@f6a5d5b
03-20 09:57:34.459  4880  4967 I HwNetworkPolicyManager: getHwUidPolicy uid = 1000 policy = 0
03-20 09:57:34.465  1352  2559 I chatty  : uid=1000(system) Binder:1352_C expire 11 lines
03-20 09:57:34.466  2012  2246 I HwNetworkPolicyManager: getHwUidPolicy uid = 1000 policy = 0
03-20 09:57:34.485  1352  2557 I chatty  : uid=1000(system) Binder:1352_B expire 7 lines
03-20 09:57:34.485  1692  1975 I CommandQueue: updateBarBgColor
03-20 09:57:34.485  1692  1975 D CommandQueue: CommandQueue, setBarBackgroundColor
03-20 09:57:34.561  1352  2563 I chatty  : uid=1000(system) Binder:1352_D expire 8 lines
03-20 09:57:34.563  1352  2568 I chatty  : uid=1000(system) Binder:1352_11 expire 11 lines
03-20 09:57:38.317  5443  5443 V ActivityThread: ActivityThread,callActivityOnCreate
03-20 09:57:38.354  5443  5443 D ActivityThread: add activity client record, r= ActivityRecord{decdc8f token=android.os.BinderProxy@64df2cb {com.android.settings/com.android.settings.Settings$AdvancedSettingsActivity}} token= android.os.BinderProxy@64df2cb
03-20 09:57:38.369  5443  5443 E ActivityThread: Failed to find provider info for com.huawei.wildkids
03-20 09:57:38.413  1352  1953 I chatty  : uid=1000(system) Binder:1352_7 expire 11 lines
03-20 09:57:40.639  5443  5443 V ActivityThread: ActivityThread,callActivityOnCreate
03-20 09:57:40.669  5443  5443 D ActivityThread: add activity client record, r= ActivityRecord{bccdc5b token=android.os.BinderProxy@6471298 {com.android.settings/com.android.settings.Settings$SecuritySettingsActivity}} token= android.os.BinderProxy@6471298
03-20 09:57:40.682  1352  1633 I chatty  : uid=1000(system) Binder:1352_3 expire 4 lines
03-20 09:57:40.693   417   427 D VoldCmdListener: sdlock poll
03-20 09:57:40.693   417   427 I         : poll
03-20 09:57:40.693   417   427 E         : failed to get lockable path
03-20 09:57:40.694  1352  2551 I chatty  : uid=1000(system) Binder:1352_A expire 7 lines
03-20 09:57:45.568  1352  1492 I chatty  : uid=1000(system) NetdConnector expire 2 lines
03-20 09:57:51.153  5443  5443 V ActivityThread: ActivityThread,callActivityOnCreate
03-20 09:57:51.218  1352  2564 I chatty  : uid=1000(system) Binder:1352_E expire 1 line
03-20 09:57:51.228  5443  5443 D ActivityThread: add activity client record, r= ActivityRecord{a8b5b5b token=android.os.BinderProxy@d9e2b38 {com.android.settings/com.android.settings.SubSettings}} token= android.os.BinderProxy@d9e2b38
03-20 09:57:51.228 10187 10187 D ActivityThread: ActivityThread,attachApplication
03-20 09:57:51.250  1352  2686 I chatty  : uid=1000(system) Binder:1352_12 expire 11 lines
03-20 09:57:51.372 10202 10202 E SchedPolicy: open of dev/cpuctl/limit_fg/tasks failed: Permission denied
03-20 09:57:51.372 10202 10202 E SchedPolicy: open of dev/cpuctl/bg_non_interactive/limit_bg/tasks failed: Permission denied
03-20 09:57:51.378 10202 10202 D ActivityThread: ActivityThread,attachApplication
03-20 09:57:51.379  1352  2559 I chatty  : uid=1000(system) Binder:1352_C expire 4 lines
03-20 09:57:51.634  1352  2567 I chatty  : uid=1000(system) Binder:1352_10 expire 4 lines
03-20 09:57:59.460  1352  2566 I chatty  : uid=1000(system) Binder:1352_F expire 8 lines
03-20 09:58:01.943  1352  7533 I chatty  : uid=1000(system) Binder:1352_13 expire 9 lines
03-20 09:58:01.978   417   427 D VoldCmdListener: sdlock poll
03-20 09:58:01.978   417   427 I         : poll
03-20 09:58:01.978   417   427 E         : failed to get lockable path
03-20 09:58:02.316  5443  5443 D ActivityThread: Remove activity client record, r= ActivityRecord{a8b5b5b token=android.os.BinderProxy@d9e2b38 {com.android.settings/com.android.settings.SubSettings}} token= android.os.BinderProxy@d9e2b38
03-20 09:58:02.469 10282 10282 D ActivityThread: ActivityThread,attachApplication
03-20 09:58:02.474  1352  1479 I chatty  : uid=1000(system) sManagerService expire 1 line
03-20 09:58:02.524 10282 10282 I         : RegisterNatives OK!
03-20 09:58:02.826  1352  1352 I chatty  : uid=1000 system_server expire 2 lines
03-20 09:58:05.233  5443  5443 V ActivityThread: ActivityThread,callActivityOnCreate
03-20 09:58:05.258  5443  5443 D ActivityThread: add activity client record, r= ActivityRecord{8a8e583 token=android.os.BinderProxy@d1f84a0 {com.android.settings/com.android.settings.Settings$TrustAgentSettingsActivity}} token= android.os.BinderProxy@d1f84a0
03-20 09:58:05.329  1352  1363 I chatty  : uid=1000(system) Binder:1352_1 expire 8 lines
03-20 09:58:05.663  1352  1943 I chatty  : uid=1000(system) Binder:1352_6 expire 2 lines
03-20 09:58:06.558  1352  2686 I chatty  : uid=1000(system) Binder:1352_12 expire 2 lines
03-20 09:58:06.567   417   427 D VoldCmdListener: sdlock poll
03-20 09:58:06.567   417   427 I         : poll
03-20 09:58:06.567   417   427 E         : failed to get lockable path
03-20 09:58:06.884  5443  5443 D ActivityThread: Remove activity client record, r= ActivityRecord{8a8e583 token=android.os.BinderProxy@d1f84a0 {com.android.settings/com.android.settings.Settings$TrustAgentSettingsActivity}} token= android.os.BinderProxy@d1f84a0
03-20 09:58:08.793  5443  5443 V ActivityThread: ActivityThread,callActivityOnCreate
03-20 09:58:08.839  5443  5443 D ActivityThread: add activity client record, r= ActivityRecord{e415516 token=android.os.BinderProxy@4ddc51d {com.android.settings/com.android.settings.Settings$UsageAccessSettingsActivity}} token= android.os.BinderProxy@4ddc51d
03-20 09:58:09.245  1352  2568 I chatty  : uid=1000(system) Binder:1352_11 expire 2 lines
03-20 09:58:09.789  1352  1953 I chatty  : uid=1000(system) Binder:1352_7 expire 10 lines
03-20 09:58:12.644   417   427 D VoldCmdListener: sdlock poll
03-20 09:58:12.644   417   427 I         : poll
03-20 09:58:12.644   417   427 E         : failed to get lockable path
03-20 09:58:12.972  5443  5443 D ActivityThread: Remove activity client record, r= ActivityRecord{e415516 token=android.os.BinderProxy@4ddc51d {com.android.settings/com.android.settings.Settings$UsageAccessSettingsActivity}} token= android.os.BinderProxy@4ddc51d
03-20 09:58:13.585  5443  5443 E ActivityThread: Failed to find provider info for com.huawei.wildkids
03-20 09:58:13.918  5443  5443 D ActivityThread: Remove activity client record, r= ActivityRecord{bccdc5b token=android.os.BinderProxy@6471298 {com.android.settings/com.android.settings.Settings$SecuritySettingsActivity}} token= android.os.BinderProxy@6471298
03-20 09:58:19.908  1352  2686 I chatty  : uid=1000(system) Binder:1352_12 expire 9 lines
03-20 09:58:19.944  1352  2559 I chatty  : uid=1000(system) Binder:1352_C expire 10 lines
03-20 09:58:20.252  5443  5443 D ActivityThread: Remove activity client record, r= ActivityRecord{decdc8f token=android.os.BinderProxy@64df2cb {com.android.settings/com.android.settings.Settings$AdvancedSettingsActivity}} token= android.os.BinderProxy@64df2cb
03-20 09:58:20.322  1352  1375 I chatty  : uid=1000(system) android.display expire 5 lines
03-20 09:58:22.075  1352  2557 I chatty  : uid=1000(system) Binder:1352_B expire 10 lines
03-20 09:58:22.101  5443  5443 V ActivityThread: ActivityThread,callActivityOnCreate
03-20 09:58:22.116  1352  2564 I chatty  : uid=1000(system) Binder:1352_E expire 1 line
03-20 09:58:22.120   417   428 D VoldCryptCmdListener: cryptfs isConvertibleToFBE
03-20 09:58:22.121  1352  1488 I chatty  : uid=1000(system) CryptdConnector expire 2 lines
03-20 09:58:22.136  5443  5443 D ActivityThread: add activity client record, r= ActivityRecord{5dd384d token=android.os.BinderProxy@20afb84 {com.android.settings/com.android.settings.Settings$DevelopmentSettingsActivity}} token= android.os.BinderProxy@20afb84
03-20 09:58:22.196  1352  2530 I chatty  : uid=1000(system) Binder:1352_9 expire 13 lines
03-20 09:58:23.789  1352  1603 I chatty  : uid=1000(system) LazyTaskWriterT expire 4 lines
03-20 09:58:32.984  1352  1471 I chatty  : uid=1000(system) UEventObserver expire 12 lines
03-20 09:58:32.989  1352  1352 I chatty  : uid=1000 system_server expire 11 lines
03-20 09:58:39.249  1352  2568 I chatty  : uid=1000(system) Binder:1352_11 expire 6 lines
03-20 09:58:45.009  1352  1633 I chatty  : uid=1000(system) Binder:1352_3 expire 11 lines
03-20 09:58:45.635  1352  1482 I chatty  : uid=1000(system) InputDispatcher expire 4 lines
03-20 09:58:45.651  1352  2563 I chatty  : uid=1000(system) Binder:1352_D expire 14 lines
03-20 09:58:45.676  1352  7533 I chatty  : uid=1000(system) Binder:1352_13 expire 10 lines
03-20 09:58:45.677  4880  4967 I HwNetworkPolicyManager: getHwUidPolicy uid = 10051 policy = 0
03-20 09:58:45.684  2012  2246 I HwNetworkPolicyManager: getHwUidPolicy uid = 10051 policy = 0
03-20 09:58:45.689  1352  2529 I chatty  : uid=1000(system) Binder:1352_8 expire 2 lines
03-20 09:58:45.689  1692  1975 I CommandQueue: updateBarBgColor
03-20 09:58:45.690  1692  1975 D CommandQueue: CommandQueue, setBarBackgroundColor
03-20 09:58:45.776  1352  1942 I chatty  : uid=1000(system) Binder:1352_5 expire 14 lines
03-20 09:58:45.893 10473 10473 E SchedPolicy: open of dev/cpuctl/limit_fg/tasks failed: Permission denied
03-20 09:58:45.893 10473 10473 E SchedPolicy: open of dev/cpuctl/bg_non_interactive/limit_bg/tasks failed: Permission denied
03-20 09:58:45.902 10473 10473 D ActivityThread: ActivityThread,attachApplication
03-20 09:58:45.907  1352  1479 I chatty  : uid=1000(system) sManagerService expire 1 line
03-20 09:58:46.135  1352  2567 I chatty  : uid=1000(system) Binder:1352_10 expire 4 lines
03-20 09:58:46.137  1352  1365 I chatty  : uid=1000(system) android.bg expire 2 lines
03-20 09:58:50.513 10534 10542 E SchedPolicy: open of dev/cpuctl/limit_fg/tasks failed: Permission denied
03-20 09:58:50.513 10534 10542 E SchedPolicy: open of dev/cpuctl/bg_non_interactive/limit_bg/tasks failed: Permission denied
03-20 09:58:51.253 10556 10557 E SchedPolicy: open of dev/cpuctl/limit_fg/tasks failed: Permission denied
03-20 09:58:51.253 10556 10557 E SchedPolicy: open of dev/cpuctl/bg_non_interactive/limit_bg/tasks failed: Permission denied
03-20 09:58:51.885 10563 10573 E SchedPolicy: open of dev/cpuctl/limit_fg/tasks failed: Permission denied
03-20 09:58:51.885 10563 10573 E SchedPolicy: open of dev/cpuctl/bg_non_interactive/limit_bg/tasks failed: Permission denied
03-20 09:58:51.979 10578 10578 E SchedPolicy: open of dev/cpuctl/limit_fg/tasks failed: Permission denied
03-20 09:58:51.979 10578 10578 E SchedPolicy: open of dev/cpuctl/bg_non_interactive/limit_bg/tasks failed: Permission denied
03-20 09:58:52.057  1352  1387 I chatty  : uid=1000(system) PackageManager expire 2 lines
03-20 09:58:52.057  1352  1366 I chatty  : uid=1000(system) ActivityManager expire 11 lines
03-20 09:58:52.685 10588 10596 E SchedPolicy: open of dev/cpuctl/limit_fg/tasks failed: Permission denied
03-20 09:58:52.685 10588 10596 E SchedPolicy: open of dev/cpuctl/bg_non_interactive/limit_bg/tasks failed: Permission denied
03-20 09:58:53.248 10598 10613 E SchedPolicy: open of dev/cpuctl/limit_fg/tasks failed: Permission denied
03-20 09:58:53.248 10598 10613 E SchedPolicy: open of dev/cpuctl/bg_non_interactive/limit_bg/tasks failed: Permission denied
03-20 09:58:53.810 10615 10623 E SchedPolicy: open of dev/cpuctl/limit_fg/tasks failed: Permission denied
03-20 09:58:53.810 10615 10623 E SchedPolicy: open of dev/cpuctl/bg_non_interactive/limit_bg/tasks failed: Permission denied
03-20 09:58:54.345 10628 10636 E SchedPolicy: open of dev/cpuctl/limit_fg/tasks failed: Permission denied
03-20 09:58:54.345 10628 10636 E SchedPolicy: open of dev/cpuctl/bg_non_interactive/limit_bg/tasks failed: Permission denied
03-20 09:58:55.397 10645 10656 E SchedPolicy: open of dev/cpuctl/limit_fg/tasks failed: Permission denied
03-20 09:58:55.397 10645 10656 E SchedPolicy: open of dev/cpuctl/bg_non_interactive/limit_bg/tasks failed: Permission denied
03-20 09:58:56.253 10662 10673 E SchedPolicy: open of dev/cpuctl/limit_fg/tasks failed: Permission denied
03-20 09:58:56.253 10662 10673 E SchedPolicy: open of dev/cpuctl/bg_non_interactive/limit_bg/tasks failed: Permission denied
03-20 09:58:58.225 10689 10704 E SchedPolicy: open of dev/cpuctl/limit_fg/tasks failed: Permission denied
03-20 09:58:58.226 10689 10704 E SchedPolicy: open of dev/cpuctl/bg_non_interactive/limit_bg/tasks failed: Permission denied
03-20 09:58:59.009 10712 10720 E SchedPolicy: open of dev/cpuctl/limit_fg/tasks failed: Permission denied
03-20 09:58:59.009 10712 10720 E SchedPolicy: open of dev/cpuctl/bg_non_interactive/limit_bg/tasks failed: Permission denied
03-20 09:58:59.289 10726 10726 E SchedPolicy: open of dev/cpuctl/limit_fg/tasks failed: Permission denied
03-20 09:58:59.289 10726 10726 E SchedPolicy: open of dev/cpuctl/bg_non_interactive/limit_bg/tasks failed: Permission denied
03-20 09:58:59.306 10726 10726 D ActivityThread: ActivityThread,attachApplication
03-20 09:58:59.307  1352  1641 I chatty  : uid=1000(system) Binder:1352_4 expire 1 line
03-20 09:58:59.323  1352  1363 I chatty  : uid=1000(system) Binder:1352_1 expire 6 lines
03-20 09:58:59.323  4880  4967 I HwNetworkPolicyManager: getHwUidPolicy uid = 10403 policy = 0
03-20 09:58:59.329  2012  2246 I HwNetworkPolicyManager: getHwUidPolicy uid = 10403 policy = 0
03-20 09:58:59.471  1352  1943 I chatty  : uid=1000(system) Binder:1352_6 expire 12 lines
03-20 09:58:59.604  1352  1364 I chatty  : uid=1000(system) Binder:1352_2 expire 2 lines
03-20 09:58:59.678 10786 10786 E SchedPolicy: open of dev/cpuctl/limit_fg/tasks failed: Permission denied
03-20 09:58:59.678 10786 10786 E SchedPolicy: open of dev/cpuctl/bg_non_interactive/limit_bg/tasks failed: Permission denied
03-20 09:58:59.685 10786 10786 D ActivityThread: ActivityThread,attachApplication
03-20 09:58:59.686  1352  1942 I chatty  : uid=1000(system) Binder:1352_5 expire 1 line
03-20 09:58:59.687  1352  2566 I chatty  : uid=1000(system) Binder:1352_F expire 6 lines
03-20 09:58:59.797 10726 10726 V ActivityThread: ActivityThread,callActivityOnCreate
03-20 09:58:59.940 10726 10726 D ActivityThread: add activity client record, r= ActivityRecord{369566f token=android.os.BinderProxy@5cbfacb {cn.dcpai.auction/cn.dcpai.auction.SplashActivity}} token= android.os.BinderProxy@5cbfacb
03-20 09:59:00.012  1692  1707 I CommandQueue: updateBarBgColor
03-20 09:59:00.012  1692  1707 D CommandQueue: CommandQueue, setBarBackgroundColor
03-20 09:59:00.036  1352  2559 I chatty  : uid=1000(system) Binder:1352_C expire 4 lines
03-20 09:59:00.086 10786 10849 E ActivityThread: Failed to find provider info for com.ludashi.benchmark.DownloadProvider
03-20 09:59:00.213 10883 10883 E SchedPolicy: open of dev/cpuctl/limit_fg/tasks failed: Permission denied
03-20 09:59:00.213 10883 10883 E SchedPolicy: open of dev/cpuctl/bg_non_interactive/limit_bg/tasks failed: Permission denied
03-20 09:59:00.225 10883 10883 D ActivityThread: ActivityThread,attachApplication
03-20 09:59:00.305  1352  2557 I chatty  : uid=1000(system) Binder:1352_B expire 4 lines
03-20 09:59:03.223  1352  2530 I chatty  : uid=1000(system) Binder:1352_9 expire 11 lines
03-20 09:59:03.248 10726 10726 V ActivityThread: ActivityThread,callActivityOnCreate
03-20 09:59:03.285  1352 10949 I chatty  : uid=1000 system_server expire 4 lines
03-20 09:59:03.431 10726 10726 D ActivityThread: add activity client record, r= ActivityRecord{c67daf0 token=android.os.BinderProxy@5b07f58 {cn.dcpai.auction/cn.dcpai.auction.MainActivity}} token= android.os.BinderProxy@5b07f58
03-20 09:59:04.658 10726 10726 D ActivityThread: Remove activity client record, r= ActivityRecord{369566f token=android.os.BinderProxy@5cbfacb {cn.dcpai.auction/cn.dcpai.auction.SplashActivity}} token= android.os.BinderProxy@5cbfacb
03-20 09:59:04.904 10726 10726 V ActivityThread: ActivityThread,callActivityOnCreate
03-20 09:59:05.000 10726 10726 D ActivityThread: add activity client record, r= ActivityRecord{aa116aa token=android.os.BinderProxy@be81571 {cn.dcpai.auction/cn.dcpai.auction.activity.AuctionGroupDetailNewActivity}} token= android.os.BinderProxy@be81571
03-20 09:59:06.693 10726 10726 V ActivityThread: ActivityThread,callActivityOnCreate
03-20 09:59:06.728 10726 10726 D ActivityThread: add activity client record, r= ActivityRecord{4ce80b7 token=android.os.BinderProxy@8ee072c {cn.dcpai.auction/cn.dcpai.auction.activity.OthersStoreActivity}} token= android.os.BinderProxy@8ee072c
03-20 09:59:07.259  1352  7533 I chatty  : uid=1000(system) Binder:1352_13 expire 1 line
03-20 09:59:33.316  1352  1352 I chatty  : uid=1000 system_server expire 18 lines
03-20 09:59:59.660  1352  1492 I chatty  : uid=1000(system) NetdConnector expire 5 lines
03-20 09:59:59.669  1352  1373 I chatty  : uid=1000(system) android.fg expire 2 lines
03-20 10:00:00.010  1352  1478 I chatty  : uid=1000(system) AlarmManager expire 3 lines
03-20 10:01:09.779  1352  1492 I chatty  : uid=1000(system) NetdConnector expire 7 lines
03-20 10:01:10.040  1352  1942 I chatty  : uid=1000(system) Binder:1352_5 expire 12 lines
03-20 10:01:10.059 11501 11501 E SchedPolicy: open of dev/cpuctl/limit_fg/tasks failed: Permission denied
03-20 10:01:10.059 11501 11501 E SchedPolicy: open of dev/cpuctl/bg_non_interactive/limit_bg/tasks failed: Permission denied
03-20 10:01:10.080 11501 11501 D ActivityThread: ActivityThread,attachApplication
03-20 10:01:10.081  1352  2566 I chatty  : uid=1000(system) Binder:1352_F expire 9 lines
03-20 10:01:10.086  1352  1479 I chatty  : uid=1000(system) sManagerService expire 1 line
03-20 10:01:33.944  1352  1471 I chatty  : uid=1000(system) UEventObserver expire 10 lines
03-20 10:01:33.969  1352  1352 I chatty  : uid=1000 system_server expire 15 lines
03-20 10:02:00.132  1352  2551 I chatty  : uid=1000(system) Binder:1352_A expire 8 lines
03-20 10:02:39.708  1352  1373 I chatty  : uid=1000(system) android.fg expire 2 lines
03-20 10:03:35.051  1352  1365 I chatty  : uid=1000(system) android.bg expire 2 lines
03-20 10:03:57.427  1352  1482 I chatty  : uid=1000(system) InputDispatcher expire 8 lines
03-20 10:03:57.446  1352  2567 I chatty  : uid=1000(system) Binder:1352_10 expire 12 lines
03-20 10:03:57.476  1352  2529 I chatty  : uid=1000(system) Binder:1352_8 expire 9 lines
03-20 10:03:57.477  4880  4967 I HwNetworkPolicyManager: getHwUidPolicy uid = 10051 policy = 0
03-20 10:03:57.500  1352  2568 I chatty  : uid=1000(system) Binder:1352_11 expire 11 lines
03-20 10:03:57.501  1692  1975 I CommandQueue: updateBarBgColor
03-20 10:03:57.501  1692  1975 D CommandQueue: CommandQueue, setBarBackgroundColor
03-20 10:03:57.524  2012  2246 I HwNetworkPolicyManager: getHwUidPolicy uid = 10051 policy = 0
03-20 10:03:57.582  1352  2563 I chatty  : uid=1000(system) Binder:1352_D expire 7 lines
03-20 10:03:57.837  1352  1375 I chatty  : uid=1000(system) android.display expire 3 lines
03-20 10:03:59.366  5443  5443 D ActivityThread: Remove activity client record, r= ActivityRecord{5dd384d token=android.os.BinderProxy@20afb84 {com.android.settings/com.android.settings.Settings$DevelopmentSettingsActivity}} token= android.os.BinderProxy@20afb84
03-20 10:03:59.376  4880  4967 I HwNetworkPolicyManager: getHwUidPolicy uid = 1000 policy = 0
03-20 10:03:59.376  1352  2686 I chatty  : uid=1000(system) Binder:1352_12 expire 2 lines
03-20 10:03:59.377  2012  2246 I HwNetworkPolicyManager: getHwUidPolicy uid = 1000 policy = 0
03-20 10:03:59.400  1352  1943 I chatty  : uid=1000(system) Binder:1352_6 expire 9 lines
03-20 10:03:59.401  1692  1708 I CommandQueue: updateBarBgColor
03-20 10:03:59.401  1692  1708 D CommandQueue: CommandQueue, setBarBackgroundColor
03-20 10:03:59.477  1352  1364 I chatty  : uid=1000(system) Binder:1352_2 expire 8 lines
03-20 10:04:00.002  1352  1352 I chatty  : uid=1000 system_server expire 11 lines
03-20 10:04:00.113  1352  1953 I chatty  : uid=1000(system) Binder:1352_7 expire 5 lines
