03-20 10:19:13.147  1352  2566 I chatty  : uid=1000(system) Binder:1352_F expire 1 line
03-20 10:19:14.114 17980 17991 E SchedPolicy: open of dev/cpuctl/limit_fg/tasks failed: Permission denied
03-20 10:19:14.114 17980 17991 E SchedPolicy: open of dev/cpuctl/bg_non_interactive/limit_bg/tasks failed: Permission denied
03-20 10:19:14.686 17993 18004 E SchedPolicy: open of dev/cpuctl/limit_fg/tasks failed: Permission denied
03-20 10:19:14.686 17993 18004 E SchedPolicy: open of dev/cpuctl/bg_non_interactive/limit_bg/tasks failed: Permission denied
03-20 10:19:14.693  1352  1368 I chatty  : uid=1000(system) ActivityManager expire 2 lines
03-20 10:19:14.757  2012  2246 I HwNetworkPolicyManager: getHwUidPolicy uid = 10051 policy = 0
03-20 10:19:14.759  1352  1352 I chatty  : uid=1000 system_server expire 10 lines
03-20 10:19:14.767  1352  7533 I chatty  : uid=1000(system) Binder:1352_13 expire 5 lines
03-20 10:19:14.768  4880  4967 I HwNetworkPolicyManager: getHwUidPolicy uid = 10051 policy = 0
03-20 10:19:14.776  1352  2530 I chatty  : uid=1000(system) Binder:1352_9 expire 4 lines
03-20 10:19:14.777  1692  1975 I CommandQueue: updateBarBgColor
03-20 10:19:14.777  1692  1975 D CommandQueue: CommandQueue, setBarBackgroundColor
03-20 10:19:14.791  1352  1633 I chatty  : uid=1000(system) Binder:1352_3 expire 11 lines
03-20 10:19:15.234 18013 18021 E SchedPolicy: open of dev/cpuctl/limit_fg/tasks failed: Permission denied
03-20 10:19:15.234 18013 18021 E SchedPolicy: open of dev/cpuctl/bg_non_interactive/limit_bg/tasks failed: Permission denied
03-20 10:19:15.245  1352  1482 I chatty  : uid=1000(system) InputDispatcher expire 3 lines
03-20 10:19:15.282  1352  1641 I chatty  : uid=1000(system) Binder:1352_4 expire 11 lines
03-20 10:19:15.922 18026 18037 E SchedPolicy: open of dev/cpuctl/limit_fg/tasks failed: Permission denied
03-20 10:19:15.922 18026 18037 E SchedPolicy: open of dev/cpuctl/bg_non_interactive/limit_bg/tasks failed: Permission denied
03-20 10:19:15.926  1352  1363 I chatty  : uid=1000(system) Binder:1352_1 expire 14 lines
03-20 10:19:17.744  1352  1603 I chatty  : uid=1000(system) LazyTaskWriterT expire 3 lines
03-20 10:19:40.528  1352  1471 I chatty  : uid=1000(system) UEventObserver expire 10 lines
03-20 10:20:05.639 18229 18240 E SchedPolicy: open of dev/cpuctl/limit_fg/tasks failed: Permission denied
03-20 10:20:05.639 18229 18240 E SchedPolicy: open of dev/cpuctl/bg_non_interactive/limit_bg/tasks failed: Permission denied
03-20 10:20:06.379 18254 18255 E SchedPolicy: open of dev/cpuctl/limit_fg/tasks failed: Permission denied
03-20 10:20:06.379 18254 18255 E SchedPolicy: open of dev/cpuctl/bg_non_interactive/limit_bg/tasks failed: Permission denied
03-20 10:20:06.999 18261 18270 E SchedPolicy: open of dev/cpuctl/limit_fg/tasks failed: Permission denied
03-20 10:20:06.999 18261 18270 E SchedPolicy: open of dev/cpuctl/bg_non_interactive/limit_bg/tasks failed: Permission denied
03-20 10:20:07.083 18274 18274 E SchedPolicy: open of dev/cpuctl/limit_fg/tasks failed: Permission denied
03-20 10:20:07.083 18274 18274 E SchedPolicy: open of dev/cpuctl/bg_non_interactive/limit_bg/tasks failed: Permission denied
03-20 10:20:07.191  1352  1387 I chatty  : uid=1000(system) PackageManager expire 2 lines
03-20 10:20:07.191  1352  1366 I chatty  : uid=1000(system) ActivityManager expire 11 lines
03-20 10:20:07.833 18286 18294 E SchedPolicy: open of dev/cpuctl/limit_fg/tasks failed: Permission denied
03-20 10:20:07.833 18286 18294 E SchedPolicy: open of dev/cpuctl/bg_non_interactive/limit_bg/tasks failed: Permission denied
03-20 10:20:08.441 18296 18308 E SchedPolicy: open of dev/cpuctl/limit_fg/tasks failed: Permission denied
03-20 10:20:08.441 18296 18308 E SchedPolicy: open of dev/cpuctl/bg_non_interactive/limit_bg/tasks failed: Permission denied
03-20 10:20:08.910 18310 18318 E SchedPolicy: open of dev/cpuctl/limit_fg/tasks failed: Permission denied
03-20 10:20:08.910 18310 18318 E SchedPolicy: open of dev/cpuctl/bg_non_interactive/limit_bg/tasks failed: Permission denied
03-20 10:20:09.466 18320 18334 E SchedPolicy: open of dev/cpuctl/limit_fg/tasks failed: Permission denied
03-20 10:20:09.466 18320 18334 E SchedPolicy: open of dev/cpuctl/bg_non_interactive/limit_bg/tasks failed: Permission denied
03-20 10:20:10.512 18343 18354 E SchedPolicy: open of dev/cpuctl/limit_fg/tasks failed: Permission denied
03-20 10:20:10.512 18343 18354 E SchedPolicy: open of dev/cpuctl/bg_non_interactive/limit_bg/tasks failed: Permission denied
03-20 10:20:11.428 18362 18372 E SchedPolicy: open of dev/cpuctl/limit_fg/tasks failed: Permission denied
03-20 10:20:11.428 18362 18372 E SchedPolicy: open of dev/cpuctl/bg_non_interactive/limit_bg/tasks failed: Permission denied
03-20 10:20:13.529 18392 18400 E SchedPolicy: open of dev/cpuctl/limit_fg/tasks failed: Permission denied
03-20 10:20:13.529 18392 18400 E SchedPolicy: open of dev/cpuctl/bg_non_interactive/limit_bg/tasks failed: Permission denied
03-20 10:20:13.538  1352  2559 I chatty  : uid=1000(system) Binder:1352_C expire 12 lines
03-20 10:20:14.293 18411 18422 E SchedPolicy: open of dev/cpuctl/limit_fg/tasks failed: Permission denied
03-20 10:20:14.293 18411 18422 E SchedPolicy: open of dev/cpuctl/bg_non_interactive/limit_bg/tasks failed: Permission denied
03-20 10:20:14.311  1352  1352 I chatty  : uid=1000 system_server expire 10 lines
03-20 10:20:14.556  1352  1953 I chatty  : uid=1000(system) Binder:1352_7 expire 11 lines
03-20 10:20:14.577  1352  2564 I chatty  : uid=1000(system) Binder:1352_E expire 12 lines
03-20 10:20:14.579 18425 18425 E SchedPolicy: open of dev/cpuctl/limit_fg/tasks failed: Permission denied
03-20 10:20:14.579 18425 18425 E SchedPolicy: open of dev/cpuctl/bg_non_interactive/limit_bg/tasks failed: Permission denied
03-20 10:20:14.589 18425 18425 D ActivityThread: ActivityThread,attachApplication
03-20 10:20:14.609  1352  2563 I chatty  : uid=1000(system) Binder:1352_D expire 2 lines
03-20 10:20:14.609  4880  4967 I HwNetworkPolicyManager: getHwUidPolicy uid = 10403 policy = 0
03-20 10:20:14.613  1352  2686 I chatty  : uid=1000(system) Binder:1352_12 expire 2 lines
03-20 10:20:14.614  2012  2246 I HwNetworkPolicyManager: getHwUidPolicy uid = 10403 policy = 0
03-20 10:20:14.651  1352  1363 I chatty  : uid=1000(system) Binder:1352_1 expire 13 lines
03-20 10:20:14.797 18488 18488 E SchedPolicy: open of dev/cpuctl/limit_fg/tasks failed: Permission denied
03-20 10:20:14.797 18488 18488 E SchedPolicy: open of dev/cpuctl/bg_non_interactive/limit_bg/tasks failed: Permission denied
03-20 10:20:14.805 18488 18488 D ActivityThread: ActivityThread,attachApplication
03-20 10:20:14.846 18425 18425 V ActivityThread: ActivityThread,callActivityOnCreate
03-20 10:20:14.856  1352  2568 I chatty  : uid=1000(system) Binder:1352_11 expire 8 lines
03-20 10:20:14.886  1352  2551 I chatty  : uid=1000(system) Binder:1352_A expire 8 lines
03-20 10:20:14.916  1352  2567 I chatty  : uid=1000(system) Binder:1352_10 expire 1 line
03-20 10:20:14.975 18425 18425 D ActivityThread: add activity client record, r= ActivityRecord{e35d423 token=android.os.BinderProxy@197f724 {cn.dcpai.auction/cn.dcpai.auction.SplashActivity}} token= android.os.BinderProxy@197f724
03-20 10:20:15.029  1692  1870 I CommandQueue: updateBarBgColor
03-20 10:20:15.029  1692  1870 D CommandQueue: CommandQueue, setBarBackgroundColor
03-20 10:20:15.047  1352  2557 I chatty  : uid=1000(system) Binder:1352_B expire 7 lines
03-20 10:20:15.068  1352  2529 I chatty  : uid=1000(system) Binder:1352_8 expire 10 lines
03-20 10:20:15.081  1352  2566 I chatty  : uid=1000(system) Binder:1352_F expire 10 lines
03-20 10:20:15.086 18488 18554 E ActivityThread: Failed to find provider info for com.ludashi.benchmark.DownloadProvider
03-20 10:20:15.140 18578 18578 E SchedPolicy: open of dev/cpuctl/limit_fg/tasks failed: Permission denied
03-20 10:20:15.140 18578 18578 E SchedPolicy: open of dev/cpuctl/bg_non_interactive/limit_bg/tasks failed: Permission denied
03-20 10:20:15.154 18578 18578 D ActivityThread: ActivityThread,attachApplication
03-20 10:20:15.231  1352  1364 I chatty  : uid=1000(system) Binder:1352_2 expire 8 lines
03-20 10:20:15.348  1352  1375 I chatty  : uid=1000(system) android.display expire 3 lines
03-20 10:20:18.168  1352  1943 I chatty  : uid=1000(system) Binder:1352_6 expire 16 lines
03-20 10:20:18.193 18425 18425 V ActivityThread: ActivityThread,callActivityOnCreate
03-20 10:20:18.228  1352 18636 I chatty  : uid=1000 system_server expire 4 lines
03-20 10:20:18.351 18425 18425 D ActivityThread: add activity client record, r= ActivityRecord{a99a84 token=android.os.BinderProxy@5c1486c {cn.dcpai.auction/cn.dcpai.auction.MainActivity}} token= android.os.BinderProxy@5c1486c
03-20 10:20:19.576 18425 18425 D ActivityThread: Remove activity client record, r= ActivityRecord{e35d423 token=android.os.BinderProxy@197f724 {cn.dcpai.auction/cn.dcpai.auction.SplashActivity}} token= android.os.BinderProxy@197f724
03-20 10:20:19.804 18425 18425 V ActivityThread: ActivityThread,callActivityOnCreate
03-20 10:20:19.898 18425 18425 D ActivityThread: add activity client record, r= ActivityRecord{c4194d9 token=android.os.BinderProxy@316a42c {cn.dcpai.auction/cn.dcpai.auction.activity.AuctionGroupDetailNewActivity}} token= android.os.BinderProxy@316a42c
03-20 10:20:20.305  1352  1942 I chatty  : uid=1000(system) Binder:1352_5 expire 1 line
03-20 10:20:21.462 18425 18425 V ActivityThread: ActivityThread,callActivityOnCreate
03-20 10:20:21.496 18425 18425 D ActivityThread: add activity client record, r= ActivityRecord{8c4d478 token=android.os.BinderProxy@2534f39 {cn.dcpai.auction/cn.dcpai.auction.activity.OthersStoreActivity}} token= android.os.BinderProxy@2534f39
03-20 10:21:09.219  1352  1478 I chatty  : uid=1000(system) AlarmManager expire 1 line
03-20 10:21:09.307  1352 18872 I chatty  : uid=1000 system_server expire 3 lines
03-20 10:21:19.767  1352  1492 I chatty  : uid=1000(system) NetdConnector expire 2 lines
03-20 10:21:19.777  1352  1373 I chatty  : uid=1000(system) android.fg expire 2 lines
03-20 10:21:54.648  1352  1892 I chatty  : uid=1000(system) MultiTaskManage expire 2 lines
03-20 10:21:54.651  1692  1692 V ActivityThread: ActivityThread,callActivityOnCreate
03-20 10:21:54.776  1692  1692 D ActivityThread: add activity client record, r= ActivityRecord{50574ec token=android.os.BinderProxy@7f73892 {com.android.systemui/com.android.systemui.recents.RecentsActivity}} token= android.os.BinderProxy@7f73892
03-20 10:21:54.783  1692  1870 I CommandQueue: updateBarBgColor
03-20 10:21:54.784  1692  1870 D CommandQueue: CommandQueue, setBarBackgroundColor
03-20 10:21:56.003  4880  4967 I HwNetworkPolicyManager: getHwUidPolicy uid = 10051 policy = 0
03-20 10:21:56.007  1352  2559 I chatty  : uid=1000(system) Binder:1352_C expire 3 lines
03-20 10:21:56.007  2012  2246 I HwNetworkPolicyManager: getHwUidPolicy uid = 10051 policy = 0
03-20 10:21:56.022  1692  1707 I CommandQueue: updateBarBgColor
03-20 10:21:56.022  1692  1707 D CommandQueue: CommandQueue, setBarBackgroundColor
03-20 10:21:56.061  1352  7533 I chatty  : uid=1000(system) Binder:1352_13 expire 12 lines
03-20 10:21:56.094 18425 18425 D ActivityThread: Remove activity client record, r= ActivityRecord{a99a84 token=android.os.BinderProxy@5c1486c {cn.dcpai.auction/cn.dcpai.auction.MainActivity}} token= android.os.BinderProxy@5c1486c
03-20 10:21:56.095  1352  1942 I chatty  : uid=1000(system) Binder:1352_5 expire 6 lines
03-20 10:21:56.099 18425 18425 D ActivityThread: Remove activity client record, r= ActivityRecord{c4194d9 token=android.os.BinderProxy@316a42c {cn.dcpai.auction/cn.dcpai.auction.activity.AuctionGroupDetailNewActivity}} token= android.os.BinderProxy@316a42c
03-20 10:21:56.107 18425 18425 D ActivityThread: Remove activity client record, r= ActivityRecord{8c4d478 token=android.os.BinderProxy@2534f39 {cn.dcpai.auction/cn.dcpai.auction.activity.OthersStoreActivity}} token= android.os.BinderProxy@2534f39
03-20 10:21:56.111  1352  1633 I chatty  : uid=1000(system) Binder:1352_3 expire 3 lines
03-20 10:21:56.121  1352  2529 I chatty  : uid=1000(system) Binder:1352_8 expire 16 lines
03-20 10:21:56.136  5443  5443 D ActivityThread: Remove activity client record, r= ActivityRecord{cfca9bc token=android.os.BinderProxy@83e7fe2 {com.android.settings/com.android.settings.HWSettings}} token= android.os.BinderProxy@83e7fe2
03-20 10:21:56.144  1352  1368 I chatty  : uid=1000(system) ActivityManager expire 1 line
03-20 10:21:56.152  1352  2551 I chatty  : uid=1000(system) Binder:1352_A expire 19 lines
03-20 10:21:56.155  1352  2530 I chatty  : uid=1000(system) Binder:1352_9 expire 9 lines
03-20 10:21:56.167  1352  2568 I chatty  : uid=1000(system) Binder:1352_11 expire 8 lines
03-20 10:21:56.169  5443  5443 D ActivityThread: Remove activity client record, r= ActivityRecord{2ad99b3 token=android.os.BinderProxy@56b880d {com.android.settings/com.android.settings.Settings$DevelopmentSettingsActivity}} token= android.os.BinderProxy@56b880d
03-20 10:21:56.172  1352  2566 I chatty  : uid=1000(system) Binder:1352_F expire 10 lines
03-20 10:21:56.177  1352  1603 I chatty  : uid=1000(system) LazyTaskWriterT expire 3 lines
03-20 10:21:56.197  1352  1641 I chatty  : uid=1000(system) Binder:1352_4 expire 5 lines
03-20 10:21:56.234  1352  1953 I chatty  : uid=1000(system) Binder:1352_7 expire 15 lines
03-20 10:21:56.240  1352  2563 I chatty  : uid=1000(system) Binder:1352_D expire 10 lines
03-20 10:21:56.265  1352  1352 I chatty  : uid=1000 system_server expire 11 lines
03-20 10:21:56.288  1352  1943 I chatty  : uid=1000(system) Binder:1352_6 expire 6 lines
03-20 10:21:56.289 19071 19071 E SchedPolicy: open of dev/cpuctl/limit_fg/tasks failed: Permission denied
03-20 10:21:56.289 19071 19071 E SchedPolicy: open of dev/cpuctl/bg_non_interactive/limit_bg/tasks failed: Permission denied
03-20 10:21:56.296 19071 19071 D ActivityThread: ActivityThread,attachApplication
03-20 10:21:56.306  1352  1479 I chatty  : uid=1000(system) sManagerService expire 3 lines
03-20 10:21:56.315  1352  1364 I chatty  : uid=1000(system) Binder:1352_2 expire 3 lines
03-20 10:21:56.316  1352  1520 I chatty  : uid=1000(system) ConnectivitySer expire 13 lines
03-20 10:21:56.408 14174 14174 D ActivityThread: Remove activity client record, r= ActivityRecord{5b89b78 token=android.os.BinderProxy@da7a536 {com.huawei.camera/com.huawei.camera}} token= android.os.BinderProxy@da7a536
03-20 10:21:56.584  1352  1363 I chatty  : uid=1000(system) Binder:1352_1 expire 16 lines
03-20 10:21:56.649  1352  1366 I chatty  : uid=1000(system) ActivityManager expire 13 lines
03-20 10:22:00.044  1352  1375 I chatty  : uid=1000(system) android.display expire 6 lines
03-20 10:22:11.298  1352  1471 I chatty  : uid=1000(system) UEventObserver expire 2 lines
03-20 10:22:11.570 19171 19171 E SchedPolicy: open of dev/cpuctl/limit_fg/tasks failed: Permission denied
03-20 10:22:11.570 19171 19171 E SchedPolicy: open of dev/cpuctl/bg_non_interactive/limit_bg/tasks failed: Permission denied
03-20 10:22:11.590 19171 19171 D ActivityThread: ActivityThread,attachApplication
03-20 10:22:11.590  1352  2564 I chatty  : uid=1000(system) Binder:1352_E expire 7 lines
03-20 10:22:11.690  1352  1520 I chatty  : uid=1000(system) ConnectivitySer expire 3 lines
03-20 10:22:14.346  1352  1492 I chatty  : uid=1000(system) NetdConnector expire 2 lines
03-20 10:22:14.350  1352  1373 I chatty  : uid=1000(system) android.fg expire 2 lines
03-20 10:22:14.394 19219 19219 E SchedPolicy: open of dev/cpuctl/limit_fg/tasks failed: Permission denied
03-20 10:22:14.394 19219 19219 E SchedPolicy: open of dev/cpuctl/bg_non_interactive/limit_bg/tasks failed: Permission denied
03-20 10:22:14.411 19219 19219 D ActivityThread: ActivityThread,attachApplication
03-20 10:22:29.479 19294 19308 E SchedPolicy: open of dev/cpuctl/limit_fg/tasks failed: Permission denied
03-20 10:22:29.479 19294 19308 E SchedPolicy: open of dev/cpuctl/bg_non_interactive/limit_bg/tasks failed: Permission denied
03-20 10:22:30.555 19317 19328 E SchedPolicy: open of dev/cpuctl/limit_fg/tasks failed: Permission denied
03-20 10:22:30.556 19317 19328 E SchedPolicy: open of dev/cpuctl/bg_non_interactive/limit_bg/tasks failed: Permission denied
03-20 10:22:30.564  1352  2566 I chatty  : uid=1000(system) Binder:1352_F expire 6 lines
03-20 10:22:30.581  1352  2557 I chatty  : uid=1000(system) Binder:1352_B expire 1 line
03-20 10:22:30.583 19331 19331 E SchedPolicy: open of dev/cpuctl/limit_fg/tasks failed: Permission denied
03-20 10:22:30.583 19331 19331 E SchedPolicy: open of dev/cpuctl/bg_non_interactive/limit_bg/tasks failed: Permission denied
03-20 10:22:30.601 19331 19331 D ActivityThread: ActivityThread,attachApplication
03-20 10:22:30.629  4880  4967 I HwNetworkPolicyManager: getHwUidPolicy uid = 10011 policy = 0
03-20 10:22:30.637  2012  2246 I HwNetworkPolicyManager: getHwUidPolicy uid = 10011 policy = 0
03-20 10:22:30.661 19331 19331 V ActivityThread: ActivityThread,callActivityOnCreate
03-20 10:22:30.665  1352  7533 I chatty  : uid=1000(system) Binder:1352_13 expire 3 lines
03-20 10:22:30.706 19331 19331 D ActivityThread: add activity client record, r= ActivityRecord{3e1231e token=android.os.BinderProxy@41f696 {io.appium.settings/io.appium.settings.Settings}} token= android.os.BinderProxy@41f696
03-20 10:22:30.727  1692  1870 I CommandQueue: updateBarBgColor
03-20 10:22:30.727  1692  1870 D CommandQueue: CommandQueue, setBarBackgroundColor
03-20 10:22:30.977 19370 19371 E SchedPolicy: open of dev/cpuctl/limit_fg/tasks failed: Permission denied
03-20 10:22:30.977 19370 19371 E SchedPolicy: open of dev/cpuctl/bg_non_interactive/limit_bg/tasks failed: Permission denied
03-20 10:22:31.596 19377 19388 E SchedPolicy: open of dev/cpuctl/limit_fg/tasks failed: Permission denied
03-20 10:22:31.596 19377 19388 E SchedPolicy: open of dev/cpuctl/bg_non_interactive/limit_bg/tasks failed: Permission denied
03-20 10:22:31.684 19392 19392 E SchedPolicy: open of dev/cpuctl/limit_fg/tasks failed: Permission denied
03-20 10:22:31.684 19392 19392 E SchedPolicy: open of dev/cpuctl/bg_non_interactive/limit_bg/tasks failed: Permission denied
03-20 10:22:31.755  2012  2246 I HwNetworkPolicyManager: getHwUidPolicy uid = 10051 policy = 0
03-20 10:22:31.755  1352  2686 I chatty  : uid=1000(system) Binder:1352_12 expire 1 line
03-20 10:22:31.756  4880  4967 I HwNetworkPolicyManager: getHwUidPolicy uid = 10051 policy = 0
03-20 10:22:31.773  1692  1975 I CommandQueue: updateBarBgColor
03-20 10:22:31.773  1692  1975 D CommandQueue: CommandQueue, setBarBackgroundColor
03-20 10:22:31.782  1352  1387 I chatty  : uid=1000(system) PackageManager expire 2 lines
03-20 10:22:31.857  1352  2551 I chatty  : uid=1000(system) Binder:1352_A expire 6 lines
03-20 10:22:32.060 19331 19331 D ActivityThread: Remove activity client record, r= ActivityRecord{3e1231e token=android.os.BinderProxy@41f696 {io.appium.settings/io.appium.settings.Settings}} token= android.os.BinderProxy@41f696
03-20 10:22:32.308 19409 19417 E SchedPolicy: open of dev/cpuctl/limit_fg/tasks failed: Permission denied
03-20 10:22:32.308 19409 19417 E SchedPolicy: open of dev/cpuctl/bg_non_interactive/limit_bg/tasks failed: Permission denied
03-20 10:22:32.791 19423 19431 E SchedPolicy: open of dev/cpuctl/limit_fg/tasks failed: Permission denied
03-20 10:22:32.791 19423 19431 E SchedPolicy: open of dev/cpuctl/bg_non_interactive/limit_bg/tasks failed: Permission denied
03-20 10:22:33.340 19433 19441 E SchedPolicy: open of dev/cpuctl/limit_fg/tasks failed: Permission denied
03-20 10:22:33.340 19433 19441 E SchedPolicy: open of dev/cpuctl/bg_non_interactive/limit_bg/tasks failed: Permission denied
03-20 10:22:33.831 19446 19454 E SchedPolicy: open of dev/cpuctl/limit_fg/tasks failed: Permission denied
03-20 10:22:33.831 19446 19454 E SchedPolicy: open of dev/cpuctl/bg_non_interactive/limit_bg/tasks failed: Permission denied
03-20 10:22:34.902 19466 19477 E SchedPolicy: open of dev/cpuctl/limit_fg/tasks failed: Permission denied
03-20 10:22:34.902 19466 19477 E SchedPolicy: open of dev/cpuctl/bg_non_interactive/limit_bg/tasks failed: Permission denied
03-20 10:22:35.693 19483 19494 E SchedPolicy: open of dev/cpuctl/limit_fg/tasks failed: Permission denied
03-20 10:22:35.693 19483 19494 E SchedPolicy: open of dev/cpuctl/bg_non_interactive/limit_bg/tasks failed: Permission denied
03-20 10:22:37.803 19515 19528 E SchedPolicy: open of dev/cpuctl/limit_fg/tasks failed: Permission denied
03-20 10:22:37.803 19515 19528 E SchedPolicy: open of dev/cpuctl/bg_non_interactive/limit_bg/tasks failed: Permission denied
03-20 10:22:38.314 19530 19540 E SchedPolicy: open of dev/cpuctl/limit_fg/tasks failed: Permission denied
03-20 10:22:38.314 19530 19540 E SchedPolicy: open of dev/cpuctl/bg_non_interactive/limit_bg/tasks failed: Permission denied
03-20 10:22:38.350  1352  1352 I chatty  : uid=1000 system_server expire 5 lines
03-20 10:22:38.897 19544 19558 E SchedPolicy: open of dev/cpuctl/limit_fg/tasks failed: Permission denied
03-20 10:22:38.897 19544 19558 E SchedPolicy: open of dev/cpuctl/bg_non_interactive/limit_bg/tasks failed: Permission denied
03-20 10:22:38.912  1352  1482 I chatty  : uid=1000(system) InputDispatcher expire 3 lines
03-20 10:22:38.932 19546 19567 E SchedPolicy: open of dev/cpuctl/limit_fg/tasks failed: Permission denied
03-20 10:22:38.932 19546 19567 E SchedPolicy: open of dev/cpuctl/bg_non_interactive/limit_bg/tasks failed: Permission denied
03-20 10:22:38.936  1352  2567 I chatty  : uid=1000(system) Binder:1352_10 expire 2 lines
03-20 10:22:39.424 19572 19588 E SchedPolicy: open of dev/cpuctl/limit_fg/tasks failed: Permission denied
03-20 10:22:39.424 19572 19588 E SchedPolicy: open of dev/cpuctl/bg_non_interactive/limit_bg/tasks failed: Permission denied
03-20 10:22:39.622 19577 19599 E SchedPolicy: open of dev/cpuctl/limit_fg/tasks failed: Permission denied
03-20 10:22:39.622 19577 19599 E SchedPolicy: open of dev/cpuctl/bg_non_interactive/limit_bg/tasks failed: Permission denied
03-20 10:22:39.628  1352  1364 I chatty  : uid=1000(system) Binder:1352_2 expire 14 lines
03-20 10:22:39.636  1352  1352 I chatty  : uid=1000 system_server expire 12 lines
03-20 10:22:39.902  1352  7533 I chatty  : uid=1000(system) Binder:1352_13 expire 3 lines
03-20 10:22:39.904 19602 19602 E SchedPolicy: open of dev/cpuctl/limit_fg/tasks failed: Permission denied
03-20 10:22:39.904 19602 19602 E SchedPolicy: open of dev/cpuctl/bg_non_interactive/limit_bg/tasks failed: Permission denied
03-20 10:22:39.913 19602 19602 D ActivityThread: ActivityThread,attachApplication
03-20 10:22:39.914  1352  1633 I chatty  : uid=1000(system) Binder:1352_3 expire 22 lines
03-20 10:22:39.932  1352  2686 I chatty  : uid=1000(system) Binder:1352_12 expire 10 lines
03-20 10:22:39.932  4880  4967 I HwNetworkPolicyManager: getHwUidPolicy uid = 10403 policy = 0
03-20 10:22:39.934  1352  1641 I chatty  : uid=1000(system) Binder:1352_4 expire 36 lines
03-20 10:22:39.934  2012  2246 I HwNetworkPolicyManager: getHwUidPolicy uid = 10403 policy = 0
03-20 10:22:39.972  1352  2530 I chatty  : uid=1000(system) Binder:1352_9 expire 6 lines
03-20 10:22:39.979  1352  2551 I chatty  : uid=1000(system) Binder:1352_A expire 7 lines
03-20 10:22:40.062  1352  1942 I chatty  : uid=1000(system) Binder:1352_5 expire 2 lines
03-20 10:22:40.119  1352  1943 I chatty  : uid=1000(system) Binder:1352_6 expire 12 lines
03-20 10:22:40.120 19663 19663 E SchedPolicy: open of dev/cpuctl/limit_fg/tasks failed: Permission denied
03-20 10:22:40.120 19663 19663 E SchedPolicy: open of dev/cpuctl/bg_non_interactive/limit_bg/tasks failed: Permission denied
03-20 10:22:40.128 19663 19663 D ActivityThread: ActivityThread,attachApplication
03-20 10:22:40.129  1352  2568 I chatty  : uid=1000(system) Binder:1352_11 expire 19 lines
03-20 10:22:40.172 19602 19602 V ActivityThread: ActivityThread,callActivityOnCreate
03-20 10:22:40.289 19602 19602 D ActivityThread: add activity client record, r= ActivityRecord{e35d423 token=android.os.BinderProxy@197f724 {cn.dcpai.auction/cn.dcpai.auction.SplashActivity}} token= android.os.BinderProxy@197f724
03-20 10:22:40.324  1692  1870 I CommandQueue: updateBarBgColor
03-20 10:22:40.324  1692  1870 D CommandQueue: CommandQueue, setBarBackgroundColor
03-20 10:22:40.395  1352  2563 I chatty  : uid=1000(system) Binder:1352_D expire 4 lines
03-20 10:22:40.398  1352  2557 I chatty  : uid=1000(system) Binder:1352_B expire 10 lines
03-20 10:22:40.417 19663 19731 E ActivityThread: Failed to find provider info for com.ludashi.benchmark.DownloadProvider
03-20 10:22:40.424  1352  2529 I chatty  : uid=1000(system) Binder:1352_8 expire 4 lines
03-20 10:22:40.429 19663 19731 E ActivityThread: Failed to find provider info for com.ss.android.article.news.DownloadProvider
03-20 10:22:40.443  1352  1953 I chatty  : uid=1000(system) Binder:1352_7 expire 15 lines
03-20 10:22:40.443 19753 19753 E SchedPolicy: open of dev/cpuctl/limit_fg/tasks failed: Permission denied
03-20 10:22:40.443 19753 19753 E SchedPolicy: open of dev/cpuctl/bg_non_interactive/limit_bg/tasks failed: Permission denied
03-20 10:22:40.451 19753 19753 D ActivityThread: ActivityThread,attachApplication
03-20 10:22:40.528  1352  2566 I chatty  : uid=1000(system) Binder:1352_F expire 8 lines
03-20 10:22:40.601  1352  1375 I chatty  : uid=1000(system) android.display expire 5 lines
03-20 10:22:41.458  1352  1471 I chatty  : uid=1000(system) UEventObserver expire 4 lines
03-20 10:22:42.901  1352  1603 I chatty  : uid=1000(system) LazyTaskWriterT expire 5 lines
03-20 10:22:43.500 19602 19602 V ActivityThread: ActivityThread,callActivityOnCreate
03-20 10:22:43.531  1352 19811 I chatty  : uid=1000 system_server expire 4 lines
03-20 10:22:43.652 19602 19602 D ActivityThread: add activity client record, r= ActivityRecord{a99a84 token=android.os.BinderProxy@5c1486c {cn.dcpai.auction/cn.dcpai.auction.MainActivity}} token= android.os.BinderProxy@5c1486c
03-20 10:22:44.821 19602 19602 D ActivityThread: Remove activity client record, r= ActivityRecord{e35d423 token=android.os.BinderProxy@197f724 {cn.dcpai.auction/cn.dcpai.auction.SplashActivity}} token= android.os.BinderProxy@197f724
03-20 10:22:45.096 19602 19602 V ActivityThread: ActivityThread,callActivityOnCreate
03-20 10:22:45.188 19602 19602 D ActivityThread: add activity client record, r= ActivityRecord{c4194d9 token=android.os.BinderProxy@316a42c {cn.dcpai.auction/cn.dcpai.auction.activity.AuctionGroupDetailNewActivity}} token= android.os.BinderProxy@316a42c
03-20 10:22:46.763 19602 19602 V ActivityThread: ActivityThread,callActivityOnCreate
03-20 10:22:46.793 19602 19602 D ActivityThread: add activity client record, r= ActivityRecord{be1a1db token=android.os.BinderProxy@2534f39 {cn.dcpai.auction/cn.dcpai.auction.activity.OthersStoreActivity}} token= android.os.BinderProxy@2534f39
03-20 10:22:47.881 19602 19602 D ActivityThread: Remove activity client record, r= ActivityRecord{be1a1db token=android.os.BinderProxy@2534f39 {cn.dcpai.auction/cn.dcpai.auction.activity.OthersStoreActivity}} token= android.os.BinderProxy@2534f39
03-20 10:22:48.903  1352  2559 I chatty  : uid=1000(system) Binder:1352_C expire 4 lines
03-20 10:22:49.269 19602 19602 D ActivityThread: Remove activity client record, r= ActivityRecord{c4194d9 token=android.os.BinderProxy@316a42c {cn.dcpai.auction/cn.dcpai.auction.activity.AuctionGroupDetailNewActivity}} token= android.os.BinderProxy@316a42c
03-20 10:22:59.279  1352  1478 I chatty  : uid=1000(system) AlarmManager expire 1 line
03-20 10:23:09.626 19944 19955 E SchedPolicy: open of dev/cpuctl/limit_fg/tasks failed: Permission denied
03-20 10:23:09.626 19944 19955 E SchedPolicy: open of dev/cpuctl/bg_non_interactive/limit_bg/tasks failed: Permission denied
03-20 10:23:10.185 19957 19965 E SchedPolicy: open of dev/cpuctl/limit_fg/tasks failed: Permission denied
03-20 10:23:10.185 19957 19965 E SchedPolicy: open of dev/cpuctl/bg_non_interactive/limit_bg/tasks failed: Permission denied
03-20 10:23:10.192  1352  1368 I chatty  : uid=1000(system) ActivityManager expire 2 lines
03-20 10:23:10.242  1352  1892 I chatty  : uid=1000(system) MultiTaskManage expire 2 lines
03-20 10:23:10.247  2012  2246 I HwNetworkPolicyManager: getHwUidPolicy uid = 10051 policy = 0
03-20 10:23:10.248  4880  4967 I HwNetworkPolicyManager: getHwUidPolicy uid = 10051 policy = 0
03-20 10:23:10.258  1352  1363 I chatty  : uid=1000(system) Binder:1352_1 expire 1 line
03-20 10:23:10.258  1692  1975 I CommandQueue: updateBarBgColor
03-20 10:23:10.259  1692  1975 D CommandQueue: CommandQueue, setBarBackgroundColor
03-20 10:23:10.278  1352  2568 I chatty  : uid=1000(system) Binder:1352_11 expire 2 lines
03-20 10:23:10.718 19974 19982 E SchedPolicy: open of dev/cpuctl/limit_fg/tasks failed: Permission denied
03-20 10:23:10.718 19974 19982 E SchedPolicy: open of dev/cpuctl/bg_non_interactive/limit_bg/tasks failed: Permission denied
03-20 10:23:10.731  1352  1482 I chatty  : uid=1000(system) InputDispatcher expire 3 lines
03-20 10:23:10.758  1352  2564 I chatty  : uid=1000(system) Binder:1352_E expire 5 lines
03-20 10:23:11.370 19987 20000 E SchedPolicy: open of dev/cpuctl/limit_fg/tasks failed: Permission denied
03-20 10:23:11.370 19987 20000 E SchedPolicy: open of dev/cpuctl/bg_non_interactive/limit_bg/tasks failed: Permission denied
03-20 10:23:32.680  1352  2557 I chatty  : uid=1000(system) Binder:1352_B expire 11 lines
03-20 10:23:32.708 20089 20089 E SchedPolicy: open of dev/cpuctl/limit_fg/tasks failed: Permission denied
03-20 10:23:32.708 20089 20089 E SchedPolicy: open of dev/cpuctl/bg_non_interactive/limit_bg/tasks failed: Permission denied
03-20 10:23:32.715 20089 20089 D ActivityThread: ActivityThread,attachApplication
03-20 10:23:32.727  1352  2686 I chatty  : uid=1000(system) Binder:1352_12 expire 2 lines
03-20 10:23:32.736  1352  1953 I chatty  : uid=1000(system) Binder:1352_7 expire 2 lines
03-20 10:23:32.736  4880  4967 I HwNetworkPolicyManager: getHwUidPolicy uid = 10403 policy = 0
03-20 10:23:32.740  2012  2246 I HwNetworkPolicyManager: getHwUidPolicy uid = 10403 policy = 0
03-20 10:23:32.940 20150 20150 E SchedPolicy: open of dev/cpuctl/limit_fg/tasks failed: Permission denied
03-20 10:23:32.940 20150 20150 E SchedPolicy: open of dev/cpuctl/bg_non_interactive/limit_bg/tasks failed: Permission denied
03-20 10:23:32.947 20150 20150 D ActivityThread: ActivityThread,attachApplication
03-20 10:23:32.988  1352  1943 I chatty  : uid=1000(system) Binder:1352_6 expire 4 lines
03-20 10:23:33.002 20089 20089 V ActivityThread: ActivityThread,callActivityOnCreate
03-20 10:23:33.119 20089 20089 D ActivityThread: add activity client record, r= ActivityRecord{e35d423 token=android.os.BinderProxy@2dbba8e {cn.dcpai.auction/cn.dcpai.auction.SplashActivity}} token= android.os.BinderProxy@2dbba8e
03-20 10:23:33.164  1692  1975 I CommandQueue: updateBarBgColor
03-20 10:23:33.165  1692  1975 D CommandQueue: CommandQueue, setBarBackgroundColor
03-20 10:23:33.253  1352  1633 I chatty  : uid=1000(system) Binder:1352_3 expire 12 lines
03-20 10:23:33.255 20150 20217 E ActivityThread: Failed to find provider info for com.ludashi.benchmark.DownloadProvider
03-20 10:23:33.278 20150 20217 E ActivityThread: Failed to find provider info for com.ss.android.article.news.DownloadProvider
03-20 10:23:36.303  1352  2567 I chatty  : uid=1000(system) Binder:1352_10 expire 10 lines
03-20 10:23:36.351 20089 20089 V ActivityThread: ActivityThread,callActivityOnCreate
03-20 10:23:36.387  1352  2530 I chatty  : uid=1000(system) Binder:1352_9 expire 5 lines
03-20 10:23:36.387  1352 20272 I chatty  : uid=1000 system_server expire 4 lines
03-20 10:23:36.448  1352  2559 I chatty  : uid=1000(system) Binder:1352_C expire 12 lines
03-20 10:23:36.449  1352  1363 I chatty  : uid=1000(system) Binder:1352_1 expire 9 lines
03-20 10:23:36.505 20089 20089 D ActivityThread: add activity client record, r= ActivityRecord{144c8d8 token=android.os.BinderProxy@9bed8be {cn.dcpai.auction/cn.dcpai.auction.MainActivity}} token= android.os.BinderProxy@9bed8be
03-20 10:23:37.677 20089 20089 D ActivityThread: Remove activity client record, r= ActivityRecord{e35d423 token=android.os.BinderProxy@2dbba8e {cn.dcpai.auction/cn.dcpai.auction.SplashActivity}} token= android.os.BinderProxy@2dbba8e
03-20 10:23:37.679  1352  2686 I chatty  : uid=1000(system) Binder:1352_12 expire 5 lines
03-20 10:23:39.850  1352  1603 I chatty  : uid=1000(system) LazyTaskWriterT expire 3 lines
03-20 10:23:40.471  1352  2566 I chatty  : uid=1000(system) Binder:1352_F expire 8 lines
03-20 10:23:40.493 20089 20089 V ActivityThread: ActivityThread,callActivityOnCreate
03-20 10:23:40.586 20089 20089 D ActivityThread: add activity client record, r= ActivityRecord{a85688b token=android.os.BinderProxy@7c9a9bf {cn.dcpai.auction/cn.dcpai.auction.activity.AuctionGroupDetailNewActivity}} token= android.os.BinderProxy@7c9a9bf
03-20 10:23:40.593  1352  7533 I chatty  : uid=1000(system) Binder:1352_13 expire 13 lines
03-20 10:23:41.785  1352  1471 I chatty  : uid=1000(system) UEventObserver expire 6 lines
03-20 10:23:41.788  1352  1352 I chatty  : uid=1000 system_server expire 8 lines
03-20 10:23:43.905  1352  2563 I chatty  : uid=1000(system) Binder:1352_D expire 12 lines
03-20 10:23:43.928 20089 20089 V ActivityThread: ActivityThread,callActivityOnCreate
03-20 10:23:43.960 20089 20089 D ActivityThread: add activity client record, r= ActivityRecord{f24e6fc token=android.os.BinderProxy@b3bd722 {cn.dcpai.auction/cn.dcpai.auction.activity.OthersStoreActivity}} token= android.os.BinderProxy@b3bd722
03-20 10:23:44.027  1352  1943 I chatty  : uid=1000(system) Binder:1352_6 expire 10 lines
03-20 10:23:44.029  1352  2564 I chatty  : uid=1000(system) Binder:1352_E expire 11 lines
03-20 10:23:44.461  1352  1375 I chatty  : uid=1000(system) android.display expire 2 lines
03-20 10:23:57.474  1352  1365 I chatty  : uid=1000(system) android.bg expire 1 line
03-20 10:23:59.426  1352  1492 I chatty  : uid=1000(system) NetdConnector expire 6 lines
03-20 10:23:59.429  1352  1373 I chatty  : uid=1000(system) android.fg expire 24 lines
03-20 10:24:45.406  1352  2551 I chatty  : uid=1000(system) Binder:1352_A expire 1 line
03-20 10:24:45.409  1352  1942 I chatty  : uid=1000(system) Binder:1352_5 expire 4 lines
03-20 10:24:45.413  1352  2568 I chatty  : uid=1000(system) Binder:1352_11 expire 7 lines
03-20 10:24:48.445 20578 20586 E SchedPolicy: open of dev/cpuctl/limit_fg/tasks failed: Permission denied
03-20 10:24:48.445 20578 20586 E SchedPolicy: open of dev/cpuctl/bg_non_interactive/limit_bg/tasks failed: Permission denied
03-20 10:24:49.198 20600 20601 E SchedPolicy: open of dev/cpuctl/limit_fg/tasks failed: Permission denied
03-20 10:24:49.198 20600 20601 E SchedPolicy: open of dev/cpuctl/bg_non_interactive/limit_bg/tasks failed: Permission denied
03-20 10:24:49.909 20607 20621 E SchedPolicy: open of dev/cpuctl/limit_fg/tasks failed: Permission denied
03-20 10:24:49.909 20607 20621 E SchedPolicy: open of dev/cpuctl/bg_non_interactive/limit_bg/tasks failed: Permission denied
03-20 10:24:49.995 20625 20625 E SchedPolicy: open of dev/cpuctl/limit_fg/tasks failed: Permission denied
03-20 10:24:49.995 20625 20625 E SchedPolicy: open of dev/cpuctl/bg_non_interactive/limit_bg/tasks failed: Permission denied
03-20 10:24:50.090  1352  1387 I chatty  : uid=1000(system) PackageManager expire 2 lines
03-20 10:24:50.090  1352  1366 I chatty  : uid=1000(system) ActivityManager expire 11 lines
03-20 10:24:50.720 20634 20642 E SchedPolicy: open of dev/cpuctl/limit_fg/tasks failed: Permission denied
03-20 10:24:50.720 20634 20642 E SchedPolicy: open of dev/cpuctl/bg_non_interactive/limit_bg/tasks failed: Permission denied
03-20 10:24:51.305 20647 20655 E SchedPolicy: open of dev/cpuctl/limit_fg/tasks failed: Permission denied
03-20 10:24:51.305 20647 20655 E SchedPolicy: open of dev/cpuctl/bg_non_interactive/limit_bg/tasks failed: Permission denied
03-20 10:24:51.880 20657 20668 E SchedPolicy: open of dev/cpuctl/limit_fg/tasks failed: Permission denied
03-20 10:24:51.880 20657 20668 E SchedPolicy: open of dev/cpuctl/bg_non_interactive/limit_bg/tasks failed: Permission denied
03-20 10:24:52.394 20670 20678 E SchedPolicy: open of dev/cpuctl/limit_fg/tasks failed: Permission denied
03-20 10:24:52.394 20670 20678 E SchedPolicy: open of dev/cpuctl/bg_non_interactive/limit_bg/tasks failed: Permission denied
03-20 10:24:53.457 20693 20701 E SchedPolicy: open of dev/cpuctl/limit_fg/tasks failed: Permission denied
03-20 10:24:53.457 20693 20701 E SchedPolicy: open of dev/cpuctl/bg_non_interactive/limit_bg/tasks failed: Permission denied
03-20 10:24:54.347 20707 20718 E SchedPolicy: open of dev/cpuctl/limit_fg/tasks failed: Permission denied
03-20 10:24:54.347 20707 20718 E SchedPolicy: open of dev/cpuctl/bg_non_interactive/limit_bg/tasks failed: Permission denied
03-20 10:24:56.283 20737 20748 E SchedPolicy: open of dev/cpuctl/limit_fg/tasks failed: Permission denied
03-20 10:24:56.283 20737 20748 E SchedPolicy: open of dev/cpuctl/bg_non_interactive/limit_bg/tasks failed: Permission denied
03-20 10:24:56.292  1352  1953 I chatty  : uid=1000(system) Binder:1352_7 expire 7 lines
03-20 10:24:57.031 20756 20764 E SchedPolicy: open of dev/cpuctl/limit_fg/tasks failed: Permission denied
03-20 10:24:57.031 20756 20764 E SchedPolicy: open of dev/cpuctl/bg_non_interactive/limit_bg/tasks failed: Permission denied
03-20 10:24:57.035  1352  1368 I chatty  : uid=1000(system) ActivityManager expire 1 line
03-20 10:24:57.065 20766 20766 E SchedPolicy: open of dev/cpuctl/limit_fg/tasks failed: Permission denied
03-20 10:24:57.065 20766 20766 E SchedPolicy: open of dev/cpuctl/bg_non_interactive/limit_bg/tasks failed: Permission denied
03-20 10:24:57.066  1352  7533 I chatty  : uid=1000(system) Binder:1352_13 expire 18 lines
03-20 10:24:57.082 20766 20766 D ActivityThread: ActivityThread,attachApplication
03-20 10:24:57.098  1352  2529 I chatty  : uid=1000(system) Binder:1352_8 expire 2 lines
03-20 10:24:57.100  1352  1479 I chatty  : uid=1000(system) sManagerService expire 1 line
03-20 10:24:57.111  4880  4967 I HwNetworkPolicyManager: getHwUidPolicy uid = 1000 policy = 0
03-20 10:24:57.121  1352  2557 I chatty  : uid=1000(system) Binder:1352_B expire 11 lines
03-20 10:24:57.121  2012  2246 I HwNetworkPolicyManager: getHwUidPolicy uid = 1000 policy = 0
03-20 10:24:57.125  5443  5443 W ContextImpl: Calling a method in the system process without a qualified user: android.app.ContextImpl.sendBroadcast:979 android.content.ContextWrapper.sendBroadcast:421 com.android.settings.deviceinfo.UsbConnModeChooserFragment.updatePreferences:249 com.android.settings.deviceinfo.UsbConnModeChooserFragment.onResume:218 android.app.Fragment.performResume:2414 
03-20 10:24:57.128  1352  2559 I chatty  : uid=1000(system) Binder:1352_C expire 10 lines
03-20 10:24:57.128  1692  1870 I CommandQueue: updateBarBgColor
03-20 10:24:57.129  1692  1870 D CommandQueue: CommandQueue, setBarBackgroundColor
03-20 10:24:57.146 20787 20787 E SchedPolicy: open of dev/cpuctl/limit_fg/tasks failed: Permission denied
03-20 10:24:57.146 20787 20787 E SchedPolicy: open of dev/cpuctl/bg_non_interactive/limit_bg/tasks failed: Permission denied
03-20 10:24:57.156 20787 20787 D ActivityThread: ActivityThread,attachApplication
03-20 10:24:57.381  4880  4967 I HwNetworkPolicyManager: getHwUidPolicy uid = 10403 policy = 0
03-20 10:24:57.382  2012  2246 I HwNetworkPolicyManager: getHwUidPolicy uid = 10403 policy = 0
03-20 10:24:57.422 20848 20848 E SchedPolicy: open of dev/cpuctl/limit_fg/tasks failed: Permission denied
03-20 10:24:57.422 20848 20848 E SchedPolicy: open of dev/cpuctl/bg_non_interactive/limit_bg/tasks failed: Permission denied
03-20 10:24:57.434 20848 20848 D ActivityThread: ActivityThread,attachApplication
03-20 10:24:57.480  1352  1364 I chatty  : uid=1000(system) Binder:1352_2 expire 3 lines
03-20 10:24:57.499 20766 20766 V ActivityThread: ActivityThread,callActivityOnCreate
03-20 10:24:57.506  1352  2563 I chatty  : uid=1000(system) Binder:1352_D expire 3 lines
03-20 10:24:57.612 20766 20766 D ActivityThread: add activity client record, r= ActivityRecord{509cf7c token=android.os.BinderProxy@245d2a8 {cn.dcpai.auction/cn.dcpai.auction.SplashActivity}} token= android.os.BinderProxy@245d2a8
03-20 10:24:57.648  1692  1707 I CommandQueue: updateBarBgColor
03-20 10:24:57.648  1692  1707 D CommandQueue: CommandQueue, setBarBackgroundColor
03-20 10:24:57.741 20848 20919 E ActivityThread: Failed to find provider info for com.ludashi.benchmark.DownloadProvider
03-20 10:24:57.753  1352  1641 I chatty  : uid=1000(system) Binder:1352_4 expire 2 lines
03-20 10:24:57.765 20848 20919 E ActivityThread: Failed to find provider info for com.ss.android.article.news.DownloadProvider
03-20 10:25:00.820 20766 20766 V ActivityThread: ActivityThread,callActivityOnCreate
03-20 10:25:00.853  1352 20980 I chatty  : uid=1000 system_server expire 4 lines
03-20 10:25:00.919  1352  1633 I chatty  : uid=1000(system) Binder:1352_3 expire 12 lines
03-20 10:25:00.973 20766 20766 D ActivityThread: add activity client record, r= ActivityRecord{28d8869 token=android.os.BinderProxy@90338b1 {cn.dcpai.auction/cn.dcpai.auction.MainActivity}} token= android.os.BinderProxy@90338b1
03-20 10:25:02.129 20766 20766 D ActivityThread: Remove activity client record, r= ActivityRecord{509cf7c token=android.os.BinderProxy@245d2a8 {cn.dcpai.auction/cn.dcpai.auction.SplashActivity}} token= android.os.BinderProxy@245d2a8
03-20 10:25:02.131  1352  2566 I chatty  : uid=1000(system) Binder:1352_F expire 7 lines
03-20 10:25:02.324  1352  2563 I chatty  : uid=1000(system) Binder:1352_D expire 10 lines
03-20 10:25:02.338  1352  1953 I chatty  : uid=1000(system) Binder:1352_7 expire 1 line
03-20 10:25:02.346  1352  2551 I chatty  : uid=1000(system) Binder:1352_A expire 10 lines
03-20 10:25:02.507  1352  2564 I chatty  : uid=1000(system) Binder:1352_E expire 7 lines
03-20 10:25:02.529 20766 20766 V ActivityThread: ActivityThread,callActivityOnCreate
03-20 10:25:02.620 20766 20766 D ActivityThread: add activity client record, r= ActivityRecord{4cb9320 token=android.os.BinderProxy@8e6cfdf {cn.dcpai.auction/cn.dcpai.auction.activity.AuctionGroupDetailNewActivity}} token= android.os.BinderProxy@8e6cfdf
03-20 10:25:03.045  1352  1363 I chatty  : uid=1000(system) Binder:1352_1 expire 2 lines
03-20 10:25:03.260  1352  1603 I chatty  : uid=1000(system) LazyTaskWriterT expire 2 lines
03-20 10:25:04.206 20766 20766 V ActivityThread: ActivityThread,callActivityOnCreate
03-20 10:25:04.236 20766 20766 D ActivityThread: add activity client record, r= ActivityRecord{55838bf token=android.os.BinderProxy@3db2c3d {cn.dcpai.auction/cn.dcpai.auction.activity.OthersStoreActivity}} token= android.os.BinderProxy@3db2c3d
03-20 10:25:04.307  1352  2567 I chatty  : uid=1000(system) Binder:1352_10 expire 6 lines
03-20 10:25:04.450  1352  2529 I chatty  : uid=1000(system) Binder:1352_8 expire 2 lines
03-20 10:25:04.735  1352  1375 I chatty  : uid=1000(system) android.display expire 1 line
03-20 10:25:04.755  1352  2568 I chatty  : uid=1000(system) Binder:1352_11 expire 6 lines
03-20 10:25:12.262  1352  1471 I chatty  : uid=1000(system) UEventObserver expire 18 lines
03-20 10:25:12.274  1352  1352 I chatty  : uid=1000 system_server expire 20 lines
03-20 10:25:20.918  1352  1492 I chatty  : uid=1000(system) NetdConnector expire 24 lines
03-20 10:25:20.927  1352  1373 I chatty  : uid=1000(system) android.fg expire 83 lines
03-20 10:26:09.286  1352  1478 I chatty  : uid=1000(system) AlarmManager expire 4 lines
03-20 10:26:09.352  1352 21277 I chatty  : uid=1000 system_server expire 3 lines
03-20 10:29:04.694  1352  1371 I chatty  : uid=1000(system) batterystats-sy expire 4 lines
03-20 10:29:04.760  1352  2557 I chatty  : uid=1000(system) Binder:1352_B expire 1 line
03-20 10:29:04.824  1692  1692 W PowerUI : unknown intent: Intent { act=android.intent.action.ACTION_POWER_DISCONNECTED flg=0x4000010 }
03-20 10:29:04.876 21960 21960 E SchedPolicy: open of dev/cpuctl/limit_fg/tasks failed: Permission denied
03-20 10:29:04.876 21960 21960 E SchedPolicy: open of dev/cpuctl/bg_non_interactive/limit_bg/tasks failed: Permission denied
03-20 10:29:04.894 21960 21960 D ActivityThread: ActivityThread,attachApplication
03-20 10:29:04.895  1352  2686 I chatty  : uid=1000(system) Binder:1352_12 expire 1 line
03-20 10:29:04.900  1352  1479 I chatty  : uid=1000(system) sManagerService expire 4 lines
03-20 10:29:05.074 21980 21980 E SchedPolicy: open of dev/cpuctl/limit_fg/tasks failed: Permission denied
03-20 10:29:05.074 21980 21980 E SchedPolicy: open of dev/cpuctl/bg_non_interactive/limit_bg/tasks failed: Permission denied
03-20 10:29:05.092 21980 21980 D ActivityThread: ActivityThread,attachApplication
03-20 10:29:05.148 21996 21996 D ActivityThread: ActivityThread,attachApplication
03-20 10:29:05.248 21996 21996 W ContextImpl: Calling a method in the system process without a qualified user: android.app.ContextImpl.startService:1531 android.content.ContextWrapper.startService:613 com.huawei.systemmanager.SystemManagerApplication.startMainService:268 com.huawei.systemmanager.SystemManagerApplication.startServices:131 com.huawei.systemmanager.SystemManagerApplication.onCreate:114 
03-20 10:29:05.250 21996 21996 W ContextImpl: Calling a method in the system process without a qualified user: android.app.ContextImpl.startService:1531 android.content.ContextWrapper.startService:613 com.huawei.systemmanager.SystemManagerApplication.startPermissionService:204 com.huawei.systemmanager.SystemManagerApplication.startServices:132 com.huawei.systemmanager.SystemManagerApplication.onCreate:114 
03-20 10:29:05.255 21996 21996 W ContextImpl: Calling a method in the system process without a qualified user: android.app.ContextImpl.startService:1531 android.content.ContextWrapper.startService:613 com.huawei.systemmanager.SystemManagerApplication.startBgStaticsService:225 com.huawei.systemmanager.SystemManagerApplication.startServices:137 com.huawei.systemmanager.SystemManagerApplication.onCreate:114 
03-20 10:29:05.271  1352  2530 I chatty  : uid=1000(system) Binder:1352_9 expire 3 lines
03-20 10:29:05.277 21996 21996 W ContextImpl: Calling a method in the system process without a qualified user: android.app.ContextImpl.startService:1531 android.content.ContextWrapper.startService:613 com.huawei.systemmanager.SystemManagerApplication.startDeviceStorageMonitorService:232 com.huawei.systemmanager.SystemManagerApplication.startServices:139 com.huawei.systemmanager.SystemManagerApplication.onCreate:114 
03-20 10:29:05.287 21996 21996 W ContextImpl: Calling a method in the system process without a qualified user: android.app.ContextImpl.startService:1531 android.content.ContextWrapper.startService:613 com.huawei.systemmanager.SystemManagerApplication.startSpaceCleanService:247 com.huawei.systemmanager.SystemManagerApplication.startServices:143 com.huawei.systemmanager.SystemManagerApplication.onCreate:114 
03-20 10:29:05.290 21996 21996 W ContextImpl: Calling a method in the system process without a qualified user: android.app.ContextImpl.startService:1531 android.content.ContextWrapper.startService:613 com.huawei.systemmanager.SystemManagerApplication.startStarupService:252 com.huawei.systemmanager.SystemManagerApplication.startServices:144 com.huawei.systemmanager.SystemManagerApplication.onCreate:114 
03-20 10:29:05.293 21996 21996 W ContextImpl: Calling a method in the system process without a qualified user: android.app.ContextImpl.startService:1531 android.content.ContextWrapper.startService:613 com.huawei.systemmanager.SystemManagerApplication.startAccountMonitorService:153 com.huawei.systemmanager.SystemManagerApplication.startServices:145 com.huawei.systemmanager.SystemManagerApplication.onCreate:114 
03-20 10:29:05.296 21996 21996 W ContextImpl: Calling a method in the system process without a qualified user: android.app.ContextImpl.startService:1531 android.content.ContextWrapper.startService:613 com.huawei.systemmanager.SystemManagerApplication.startAntivirusService:257 com.huawei.systemmanager.SystemManagerApplication.startServices:146 com.huawei.systemmanager.SystemManagerApplication.onCreate:114 
03-20 10:29:05.300 21996 21996 W ContextImpl: Calling a method in the system process without a qualified user: android.app.ContextImpl.startService:1531 android.content.ContextWrapper.startService:613 com.huawei.systemmanager.SystemManagerApplication.startCoreService:167 com.huawei.systemmanager.SystemManagerApplication.startServices:148 com.huawei.systemmanager.SystemManagerApplication.onCreate:114 
03-20 10:29:05.385  1352  1942 I chatty  : uid=1000(system) Binder:1352_5 expire 1 line
03-20 10:29:05.390 21996 21996 W ContextImpl: Calling a method in the system process without a qualified user: android.app.ContextImpl.startService:1531 android.content.ContextWrapper.startService:613 tmsdk.common.TMSDKContext.start:-1 tmsdk.common.TMSDKContext.init:-1 com.huawei.systemmanager.sdk.tmsdk.TMSdkEngine.init:44 
03-20 10:29:05.425 21996 21996 W ContextImpl: Calling a method in the system process without a qualified user: android.app.ContextImpl.bindService:1595 android.content.ContextWrapper.bindService:636 com.huawei.systemmanager.hsmstat.HsmStatProxy.bindService:263 com.huawei.systemmanager.hsmstat.HsmStatProxy.-wrap0:-1 com.huawei.systemmanager.hsmstat.HsmStatProxy$1.handleMessage:65 
03-20 10:29:05.499  1352  1364 I chatty  : uid=1000(system) Binder:1352_2 expire 2 lines
03-20 10:29:05.539 22042 22042 E SchedPolicy: open of dev/cpuctl/limit_fg/tasks failed: Permission denied
03-20 10:29:05.539 22042 22042 E SchedPolicy: open of dev/cpuctl/bg_non_interactive/limit_bg/tasks failed: Permission denied
03-20 10:29:05.553 22042 22042 D ActivityThread: ActivityThread,attachApplication
03-20 10:29:05.688  1352  1373 I chatty  : uid=1000(system) android.fg expire 9 lines
