int logctl_get(): open '/dev/hwlog_switch' fail -1, 13. Permission denied

Note: log switch off, only log_main and log_events will have logs!
--------- beginning of system
03-20 09:43:27.368     0   384 E SchedPolicy: open of dev/cpuctl/bg_non_interactive/limit_bg/tasks failed: Permission denied
03-20 09:43:27.737   417   417 I vold    : Vold 3.0 (the awakening) firing up
03-20 09:43:27.737   417   417 V vold    : Detected support for: exfat ext4 f2fs vfat
03-20 09:43:27.742   417   417 D         : [debug] FIPS_selftest: FIPS_check_incore_fingerprint success
03-20 09:43:27.742   417   417 D         : [debug] FIPS_selftest: FIPS_selftest_sha1 success
03-20 09:43:27.742   417   417 D         : [debug] FIPS_selftest: FIPS_selftest_hmac success
03-20 09:43:27.742   417   417 D         : [debug] FIPS_selftest: FIPS_selftest_aes success
03-20 09:43:27.742   417   417 D         : [debug] FIPS_selftest: FIPS_selftest_aes_ccm success
03-20 09:43:27.742   417   417 D         : [debug] FIPS_selftest: FIPS_selftest_aes_gcm success
03-20 09:43:27.742   417   417 D         : [debug] FIPS_selftest: FIPS_selftest_aes_xts success
03-20 09:43:27.742   417   417 D         : [debug] FIPS_selftest: FIPS_selftest_x931 success
03-20 09:43:27.742   417   417 W vold    : VolumeBase::setState(): Volume emulated State changing Unmounted->Unmounted
03-20 09:43:27.993   417   426 V vold    : handleBlockEvent(): action = 1, major = 253, minor = 0, devname = dm-0, devtype = disk
03-20 09:43:27.993   417   426 V vold    : handleBlockEvent(): action = 1, major = 253, minor = 1, devname = dm-1, devtype = disk
03-20 09:43:27.993   417   426 V vold    : handleBlockEvent(): action = 1, major = 253, minor = 2, devname = dm-2, devtype = disk
03-20 09:43:27.993   417   426 V vold    : handleBlockEvent(): action = 1, major = 253, minor = 3, devname = dm-3, devtype = disk
03-20 09:43:27.993   417   426 V vold    : handleBlockEvent(): action = 1, major = 253, minor = 4, devname = dm-4, devtype = disk
03-20 09:43:27.993   417   426 V vold    : handleBlockEvent(): action = 1, major = 1, minor = 0, devname = ram0, devtype = disk
03-20 09:43:27.994   417   426 V vold    : handleBlockEvent(): action = 1, major = 1, minor = 1, devname = ram1, devtype = disk
03-20 09:43:27.994   417   426 V vold    : handleBlockEvent(): action = 1, major = 1, minor = 2, devname = ram2, devtype = disk
03-20 09:43:27.994   417   426 V vold    : handleBlockEvent(): action = 1, major = 1, minor = 3, devname = ram3, devtype = disk
03-20 09:43:27.994   417   426 V vold    : handleBlockEvent(): action = 1, major = 7, minor = 0, devname = loop0, devtype = disk
03-20 09:43:27.994   417   426 V vold    : handleBlockEvent(): action = 1, major = 7, minor = 1, devname = loop1, devtype = disk
03-20 09:43:27.994   417   426 V vold    : handleBlockEvent(): action = 1, major = 7, minor = 2, devname = loop2, devtype = disk
03-20 09:43:27.994   417   426 V vold    : handleBlockEvent(): action = 1, major = 7, minor = 3, devname = loop3, devtype = disk
03-20 09:43:27.994   417   426 V vold    : handleBlockEvent(): action = 1, major = 7, minor = 4, devname = loop4, devtype = disk
03-20 09:43:27.994   417   426 V vold    : handleBlockEvent(): action = 1, major = 7, minor = 5, devname = loop5, devtype = disk
03-20 09:43:27.994   417   426 V vold    : handleBlockEvent(): action = 1, major = 7, minor = 6, devname = loop6, devtype = disk
03-20 09:43:27.994   417   426 V vold    : handleBlockEvent(): action = 1, major = 7, minor = 7, devname = loop7, devtype = disk
03-20 09:43:27.995   417   426 V vold    : handleBlockEvent(): action = 1, major = 254, minor = 0, devname = zram0, devtype = disk
03-20 09:43:27.995   417   426 V vold    : handleBlockEvent(): action = 1, major = 179, minor = 144, devname = mmcblk0rpmb, devtype = disk
03-20 09:43:27.995   417   426 V vold    : handleBlockEvent(): action = 1, major = 179, minor = 48, devname = mmcblk0boot0, devtype = disk
03-20 09:43:27.995   417   426 V vold    : handleBlockEvent(): action = 1, major = 179, minor = 96, devname = mmcblk0boot1, devtype = disk
03-20 09:43:27.995   417   426 V vold    : handleBlockEvent(): action = 1, major = 179, minor = 0, devname = mmcblk0, devtype = disk
03-20 09:43:27.995   417   426 V vold    : handleBlockEvent(): action = 1, major = 179, minor = 1, devname = mmcblk0p1, devtype = partition
03-20 09:43:27.995   417   426 V vold    : handleBlockEvent(): action = 1, major = 179, minor = 2, devname = mmcblk0p2, devtype = partition
03-20 09:43:27.995   417   426 V vold    : handleBlockEvent(): action = 1, major = 179, minor = 3, devname = mmcblk0p3, devtype = partition
03-20 09:43:27.995   417   426 V vold    : handleBlockEvent(): action = 1, major = 179, minor = 4, devname = mmcblk0p4, devtype = partition
03-20 09:43:27.995   417   426 V vold    : handleBlockEvent(): action = 1, major = 179, minor = 5, devname = mmcblk0p5, devtype = partition
03-20 09:43:27.995   417   426 V vold    : handleBlockEvent(): action = 1, major = 179, minor = 6, devname = mmcblk0p6, devtype = partition
03-20 09:43:27.995   417   426 V vold    : handleBlockEvent(): action = 1, major = 179, minor = 7, devname = mmcblk0p7, devtype = partition
03-20 09:43:27.995   417   426 V vold    : handleBlockEvent(): action = 1, major = 179, minor = 8, devname = mmcblk0p8, devtype = partition
03-20 09:43:27.995   417   426 V vold    : handleBlockEvent(): action = 1, major = 179, minor = 9, devname = mmcblk0p9, devtype = partition
03-20 09:43:27.995   417   426 V vold    : handleBlockEvent(): action = 1, major = 179, minor = 144, devname = mmcblk0rpmb, devtype = disk
03-20 09:43:27.995   417   426 V vold    : handleBlockEvent(): action = 1, major = 179, minor = 48, devname = mmcblk0boot0, devtype = disk
03-20 09:43:27.996   417   426 V vold    : handleBlockEvent(): action = 1, major = 179, minor = 96, devname = mmcblk0boot1, devtype = disk
03-20 09:43:27.996   417   426 V vold    : handleBlockEvent(): action = 1, major = 179, minor = 10, devname = mmcblk0p10, devtype = partition
03-20 09:43:27.996   417   426 V vold    : handleBlockEvent(): action = 1, major = 179, minor = 11, devname = mmcblk0p11, devtype = partition
03-20 09:43:27.996   417   426 V vold    : handleBlockEvent(): action = 1, major = 179, minor = 12, devname = mmcblk0p12, devtype = partition
03-20 09:43:27.996   417   426 V vold    : handleBlockEvent(): action = 1, major = 179, minor = 13, devname = mmcblk0p13, devtype = partition
03-20 09:43:27.996   417   426 V vold    : handleBlockEvent(): action = 1, major = 179, minor = 14, devname = mmcblk0p14, devtype = partition
03-20 09:43:27.996   417   426 V vold    : handleBlockEvent(): action = 1, major = 179, minor = 15, devname = mmcblk0p15, devtype = partition
03-20 09:43:27.996   417   426 V vold    : handleBlockEvent(): action = 1, major = 179, minor = 16, devname = mmcblk0p16, devtype = partition
03-20 09:43:27.996   417   426 V vold    : handleBlockEvent(): action = 1, major = 179, minor = 17, devname = mmcblk0p17, devtype = partition
03-20 09:43:27.996   417   426 V vold    : handleBlockEvent(): action = 1, major = 179, minor = 18, devname = mmcblk0p18, devtype = partition
03-20 09:43:27.996   417   426 V vold    : handleBlockEvent(): action = 1, major = 179, minor = 19, devname = mmcblk0p19, devtype = partition
03-20 09:43:27.996   417   426 V vold    : handleBlockEvent(): action = 1, major = 179, minor = 20, devname = mmcblk0p20, devtype = partition
03-20 09:43:27.996   417   426 V vold    : handleBlockEvent(): action = 1, major = 179, minor = 21, devname = mmcblk0p21, devtype = partition
03-20 09:43:27.996   417   426 V vold    : handleBlockEvent(): action = 1, major = 179, minor = 22, devname = mmcblk0p22, devtype = partition
03-20 09:43:27.996   417   426 V vold    : handleBlockEvent(): action = 1, major = 179, minor = 23, devname = mmcblk0p23, devtype = partition
03-20 09:43:27.996   417   426 V vold    : handleBlockEvent(): action = 1, major = 179, minor = 24, devname = mmcblk0p24, devtype = partition
03-20 09:43:27.996   417   426 V vold    : handleBlockEvent(): action = 1, major = 179, minor = 25, devname = mmcblk0p25, devtype = partition
03-20 09:43:27.996   417   426 V vold    : handleBlockEvent(): action = 1, major = 179, minor = 26, devname = mmcblk0p26, devtype = partition
03-20 09:43:27.996   417   426 V vold    : handleBlockEvent(): action = 1, major = 179, minor = 27, devname = mmcblk0p27, devtype = partition
03-20 09:43:27.996   417   426 V vold    : handleBlockEvent(): action = 1, major = 179, minor = 28, devname = mmcblk0p28, devtype = partition
03-20 09:43:27.997   417   426 V vold    : handleBlockEvent(): action = 1, major = 179, minor = 29, devname = mmcblk0p29, devtype = partition
03-20 09:43:27.997   417   426 V vold    : handleBlockEvent(): action = 1, major = 179, minor = 30, devname = mmcblk0p30, devtype = partition
03-20 09:43:27.997   417   426 V vold    : handleBlockEvent(): action = 1, major = 179, minor = 31, devname = mmcblk0p31, devtype = partition
03-20 09:43:27.997   417   426 V vold    : handleBlockEvent(): action = 1, major = 179, minor = 32, devname = mmcblk0p32, devtype = partition
03-20 09:43:27.997   417   426 V vold    : handleBlockEvent(): action = 1, major = 179, minor = 33, devname = mmcblk0p33, devtype = partition
03-20 09:43:27.997   417   426 V vold    : handleBlockEvent(): action = 1, major = 179, minor = 34, devname = mmcblk0p34, devtype = partition
03-20 09:43:27.997   417   426 V vold    : handleBlockEvent(): action = 1, major = 179, minor = 35, devname = mmcblk0p35, devtype = partition
03-20 09:43:27.997   417   426 V vold    : handleBlockEvent(): action = 1, major = 179, minor = 36, devname = mmcblk0p36, devtype = partition
03-20 09:43:27.997   417   426 V vold    : handleBlockEvent(): action = 1, major = 179, minor = 37, devname = mmcblk0p37, devtype = partition
03-20 09:43:27.997   417   426 V vold    : handleBlockEvent(): action = 1, major = 179, minor = 38, devname = mmcblk0p38, devtype = partition
03-20 09:43:27.997   417   426 V vold    : handleBlockEvent(): action = 1, major = 179, minor = 39, devname = mmcblk0p39, devtype = partition
03-20 09:43:27.997   417   426 V vold    : handleBlockEvent(): action = 1, major = 179, minor = 40, devname = mmcblk0p40, devtype = partition
03-20 09:43:27.997   417   426 V vold    : handleBlockEvent(): action = 1, major = 179, minor = 41, devname = mmcblk0p41, devtype = partition
03-20 09:43:27.997   417   426 V vold    : handleBlockEvent(): action = 1, major = 179, minor = 42, devname = mmcblk0p42, devtype = partition
03-20 09:43:27.997   417   426 V vold    : handleBlockEvent(): action = 1, major = 179, minor = 43, devname = mmcblk0p43, devtype = partition
03-20 09:43:27.997   417   426 V vold    : handleBlockEvent(): action = 1, major = 179, minor = 44, devname = mmcblk0p44, devtype = partition
03-20 09:43:27.997   417   426 V vold    : handleBlockEvent(): action = 1, major = 179, minor = 45, devname = mmcblk0p45, devtype = partition
03-20 09:43:27.997   417   426 V vold    : handleBlockEvent(): action = 1, major = 179, minor = 46, devname = mmcblk0p46, devtype = partition
03-20 09:43:27.997   417   426 V vold    : handleBlockEvent(): action = 1, major = 179, minor = 47, devname = mmcblk0p47, devtype = partition
03-20 09:43:27.997   417   426 V vold    : handleBlockEvent(): action = 1, major = 259, minor = 0, devname = mmcblk0p48, devtype = partition
03-20 09:43:27.997   417   426 V vold    : handleBlockEvent(): action = 1, major = 259, minor = 1, devname = mmcblk0p49, devtype = partition
03-20 09:43:28.001   417   428 D vold    : e4crypt_init_user0
03-20 09:43:28.001   417   428 D vold    : e4crypt_prepare_user_storage for volume null, user 0, serial 0, flags 1
03-20 09:43:28.001   417   428 D vold    : Preparing: /data/system/users/0
03-20 09:43:28.002   417   428 D vold    : Preparing: /data/misc/profiles/cur/0
03-20 09:43:28.002   417   428 D vold    : Preparing: /data/misc/profiles/cur/0/foreign-dex
03-20 09:43:28.002   417   428 D vold    : Preparing: /data/system_de/0
03-20 09:43:28.002   417   428 D vold    : Preparing: /data/misc_de/0
03-20 09:43:28.002   417   428 D vold    : Preparing: /data/user_de/0
03-20 09:43:28.002   417   428 D vold    : e4crypt_unlock_user_key 0 serial=0 token_present=0
03-20 09:43:28.002   417   428 E vold    : Failed to chmod /data/system_ce/0: No such file or directory
03-20 09:43:28.002   417   428 E vold    : Failed to chmod /data/misc_ce/0: No such file or directory
03-20 09:43:28.002   417   428 E vold    : Failed to chmod /data/media/0: No such file or directory
03-20 09:43:28.084   417   428 D VoldCryptCmdListener: cryptfs mountdefaultencrypted
03-20 09:43:28.285   417   426 V vold    : handleBlockEvent(): action = 1, major = 253, minor = 5, devname = dm-5, devtype = disk
03-20 09:43:28.289   417   426 V vold    : handleBlockEvent(): action = 3, major = 253, minor = 5, devname = dm-5, devtype = disk
03-20 09:43:28.289   417   426 D vold    : Disk at 253:5 changed
03-20 09:43:28.289   417   426 E NetlinkEvent: NetlinkEvent::FindParam(): Parameter 'DM_VERITY_ERR_BLOCK_NR' not found
03-20 09:43:28.289   417   426 E NetlinkEvent: NetlinkEvent::FindParam(): Parameter 'SD_STATUS' not found
03-20 09:43:28.289   417   426 W Vold    : Kernel block uevent missing 'SD_STATUS'
03-20 09:43:28.346   490   510 E SchedPolicy: open of dev/cpuctl/limit_fg/tasks failed: Permission denied
03-20 09:43:28.346   490   510 E SchedPolicy: open of dev/cpuctl/bg_non_interactive/limit_bg/tasks failed: Permission denied
03-20 09:43:28.744   417   449 W vold    : emulated unmount requires state mounted
03-20 09:43:29.455   417   428 D vold    : e4crypt_init_user0
03-20 09:43:29.455   417   428 D vold    : e4crypt_prepare_user_storage for volume null, user 0, serial 0, flags 1
03-20 09:43:29.455   417   428 D vold    : Preparing: /data/system/users/0
03-20 09:43:29.456   417   428 D vold    : Preparing: /data/misc/profiles/cur/0
03-20 09:43:29.457   417   428 D vold    : Preparing: /data/misc/profiles/cur/0/foreign-dex
03-20 09:43:29.457   417   428 D vold    : Preparing: /data/system_de/0
03-20 09:43:29.457   417   428 D vold    : Preparing: /data/misc_de/0
03-20 09:43:29.458   417   428 D vold    : Preparing: /data/user_de/0
03-20 09:43:29.458   417   428 D vold    : e4crypt_unlock_user_key 0 serial=0 token_present=0
03-20 09:43:29.856   617   662 E SchedPolicy: open of dev/cpuctl/limit_fg/tasks failed: Permission denied
03-20 09:43:29.856   617   662 E SchedPolicy: open of dev/cpuctl/bg_non_interactive/limit_bg/tasks failed: Permission denied
03-20 09:43:30.002   623   623 E SchedPolicy: open of dev/cpuctl/limit_fg/tasks failed: Permission denied
03-20 09:43:30.002   623   623 E SchedPolicy: open of dev/cpuctl/bg_non_interactive/limit_bg/tasks failed: Permission denied
03-20 09:43:30.022   622   622 E SchedPolicy: open of dev/cpuctl/limit_fg/tasks failed: Permission denied
03-20 09:43:30.022   622   622 E SchedPolicy: open of dev/cpuctl/bg_non_interactive/limit_bg/tasks failed: Permission denied
03-20 09:43:30.056   624   624 E SchedPolicy: open of dev/cpuctl/limit_fg/tasks failed: Permission denied
03-20 09:43:30.056   624   624 E SchedPolicy: open of dev/cpuctl/bg_non_interactive/limit_bg/tasks failed: Permission denied
03-20 09:43:30.058   618   674 E SchedPolicy: open of dev/cpuctl/limit_fg/tasks failed: Permission denied
03-20 09:43:30.058   618   674 E SchedPolicy: open of dev/cpuctl/bg_non_interactive/limit_bg/tasks failed: Permission denied
03-20 09:43:30.063   625   625 E SchedPolicy: open of dev/cpuctl/limit_fg/tasks failed: Permission denied
03-20 09:43:30.063   625   625 E SchedPolicy: open of dev/cpuctl/bg_non_interactive/limit_bg/tasks failed: Permission denied
03-20 09:43:30.109   672   678 E SchedPolicy: open of dev/cpuctl/limit_fg/tasks failed: Permission denied
03-20 09:43:30.109   672   678 E SchedPolicy: open of dev/cpuctl/bg_non_interactive/limit_bg/tasks failed: Permission denied
03-20 09:43:30.112   619   681 E SchedPolicy: open of dev/cpuctl/limit_fg/tasks failed: Permission denied
03-20 09:43:30.112   619   681 E SchedPolicy: open of dev/cpuctl/bg_non_interactive/limit_bg/tasks failed: Permission denied
03-20 09:43:30.160   626   626 E SchedPolicy: open of dev/cpuctl/limit_fg/tasks failed: No such file or directory
03-20 09:43:30.160   626   626 E SchedPolicy: open of dev/cpuctl/bg_non_interactive/limit_bg/tasks failed: No such file or directory
03-20 09:43:30.172   620   620 E SchedPolicy: open of dev/cpuctl/limit_fg/tasks failed: Permission denied
03-20 09:43:30.172   620   620 E SchedPolicy: open of dev/cpuctl/bg_non_interactive/limit_bg/tasks failed: Permission denied
03-20 09:43:30.253   639   639 E SchedPolicy: open of dev/cpuctl/limit_fg/tasks failed: No such file or directory
03-20 09:43:30.253   639   639 E SchedPolicy: open of dev/cpuctl/bg_non_interactive/limit_bg/tasks failed: No such file or directory
03-20 09:43:33.881  1352  1352 I chatty  : uid=1000 system_server expire 53 lines
03-20 09:43:34.370  1352  1375 I chatty  : uid=1000(system) android.display expire 2 lines
03-20 09:43:34.486   417   426 E NetlinkEvent: NetlinkEvent::FindParam(): Parameter 'MMC_LOCK' not found
03-20 09:43:34.849  1352  1391 I chatty  : uid=1000 system_server expire 4 lines
03-20 09:43:34.856  1352  1392 I chatty  : uid=1000 system_server expire 1 line
03-20 09:43:34.856  1352  1396 I chatty  : uid=1000 system_server expire 1 line
03-20 09:43:34.857  1352  1393 I chatty  : uid=1000 system_server expire 1 line
03-20 09:43:34.863  1352  1394 I chatty  : uid=1000 system_server expire 1 line
03-20 09:43:34.881  1352  1395 I chatty  : uid=1000 system_server expire 3 lines
03-20 09:43:34.928  1352  1399 I chatty  : uid=1000 system_server expire 14 lines
03-20 09:43:34.962  1352  1400 I chatty  : uid=1000 system_server expire 2 lines
03-20 09:43:35.024  1352  1401 I chatty  : uid=1000 system_server expire 2 lines
03-20 09:43:35.082  1352  1397 I chatty  : uid=1000 system_server expire 9 lines
03-20 09:43:35.088  1352  1402 I chatty  : uid=1000 system_server expire 1 line
03-20 09:43:35.089  1352  1405 I chatty  : uid=1000 system_server expire 55 lines
03-20 09:43:35.108  1352  1404 I chatty  : uid=1000 system_server expire 9 lines
03-20 09:43:35.139  1352  1398 I chatty  : uid=1000 system_server expire 4 lines
03-20 09:43:35.693  1352  1410 I chatty  : uid=1000 system_server expire 6 lines
03-20 09:43:35.697  1352  1409 I chatty  : uid=1000 system_server expire 12 lines
03-20 09:43:35.706  1352  1415 I chatty  : uid=1000 system_server expire 8 lines
03-20 09:43:35.725  1352  1417 I chatty  : uid=1000 system_server expire 2 lines
03-20 09:43:35.766  1352  1416 I chatty  : uid=1000 system_server expire 6 lines
03-20 09:43:35.772  1352  1411 I chatty  : uid=1000 system_server expire 8 lines
03-20 09:43:35.772  1352  1413 I chatty  : uid=1000 system_server expire 2 lines
03-20 09:43:35.795  1352  1412 I chatty  : uid=1000 system_server expire 1 line
03-20 09:43:35.857  1352  1414 I chatty  : uid=1000 system_server expire 11 lines
03-20 09:43:35.936  1352  1410 I chatty  : uid=1000 system_server expire 1 line
03-20 09:43:36.061  1352  1423 I chatty  : uid=1000 system_server expire 3 lines
03-20 09:43:36.080  1352  1419 I chatty  : uid=1000 system_server expire 6 lines
03-20 09:43:36.082  1352  1426 I chatty  : uid=1000 system_server expire 18 lines
03-20 09:43:36.109  1352  1418 I chatty  : uid=1000 system_server expire 2 lines
03-20 09:43:36.109  1352  1420 I chatty  : uid=1000 system_server expire 1 line
03-20 09:43:36.113  1352  1422 I chatty  : uid=1000 system_server expire 1 line
03-20 09:43:36.114  1352  1425 I chatty  : uid=1000 system_server expire 1 line
03-20 09:43:36.126  1352  1421 I chatty  : uid=1000 system_server expire 1 line
03-20 09:43:36.153  1352  1424 I chatty  : uid=1000 system_server expire 1 line
03-20 09:43:36.187  1352  1429 I chatty  : uid=1000 system_server expire 1 line
03-20 09:43:36.187  1352  1428 I chatty  : uid=1000 system_server expire 1 line
03-20 09:43:36.187  1352  1427 I chatty  : uid=1000 system_server expire 1 line
03-20 09:43:36.199  1352  1433 I chatty  : uid=1000 system_server expire 2 lines
03-20 09:43:36.201  1352  1431 I chatty  : uid=1000 system_server expire 2 lines
03-20 09:43:36.207  1352  1434 I chatty  : uid=1000 system_server expire 1 line
03-20 09:43:36.223  1352  1430 I chatty  : uid=1000 system_server expire 5 lines
03-20 09:43:36.288  1352  1440 I chatty  : uid=1000 system_server expire 9 lines
03-20 09:43:36.292  1352  1436 I chatty  : uid=1000 system_server expire 6 lines
03-20 09:43:36.301  1352  1443 I chatty  : uid=1000 system_server expire 7 lines
03-20 09:43:36.319  1352  1441 I chatty  : uid=1000 system_server expire 3 lines
03-20 09:43:36.321  1352  1438 I chatty  : uid=1000 system_server expire 3 lines
03-20 09:43:36.331  1352  1442 I chatty  : uid=1000 system_server expire 10 lines
03-20 09:43:36.360  1352  1437 I chatty  : uid=1000 system_server expire 6 lines
03-20 09:43:36.425  1352  1439 I chatty  : uid=1000 system_server expire 2 lines
03-20 09:43:36.528  1352  1435 I chatty  : uid=1000 system_server expire 2 lines
03-20 09:43:36.633  1352  1451 I chatty  : uid=1000 system_server expire 1 line
03-20 09:43:36.634  1352  1446 I chatty  : uid=1000 system_server expire 1 line
03-20 09:43:36.636  1352  1450 I chatty  : uid=1000 system_server expire 1 line
03-20 09:43:36.651  1352  1447 I chatty  : uid=1000 system_server expire 1 line
03-20 09:43:36.654  1352  1449 I chatty  : uid=1000 system_server expire 9 lines
03-20 09:43:36.658  1352  1452 I chatty  : uid=1000 system_server expire 3 lines
03-20 09:43:36.660  1352  1444 I chatty  : uid=1000 system_server expire 1 line
03-20 09:43:36.669  1352  1448 I chatty  : uid=1000 system_server expire 2 lines
03-20 09:43:36.671  1352  1445 I chatty  : uid=1000 system_server expire 2 lines
03-20 09:43:36.701  1352  1453 I chatty  : uid=1000 system_server expire 3 lines
03-20 09:43:36.805  1352  1457 I chatty  : uid=1000 system_server expire 3 lines
03-20 09:43:36.845  1352  1459 I chatty  : uid=1000 system_server expire 3 lines
03-20 09:43:36.889  1352  1463 I chatty  : uid=1000 system_server expire 6 lines
03-20 09:43:36.896  1352  1460 I chatty  : uid=1000 system_server expire 23 lines
03-20 09:43:36.910  1352  1458 I chatty  : uid=1000 system_server expire 11 lines
03-20 09:43:36.932  1352  1461 I chatty  : uid=1000 system_server expire 4 lines
03-20 09:43:36.988  1352  1462 I chatty  : uid=1000 system_server expire 5 lines
03-20 09:43:37.015  1352  1464 I chatty  : uid=1000 system_server expire 48 lines
03-20 09:43:37.110  1352  1465 I chatty  : uid=1000 system_server expire 4 lines
03-20 09:43:37.117  1352  1464 I chatty  : uid=1000 system_server expire 27 lines
03-20 09:43:37.121  1352  1459 I chatty  : uid=1000 system_server expire 7 lines
03-20 09:43:37.139  1352  1463 I chatty  : uid=1000 system_server expire 48 lines
03-20 09:43:37.188  1352  1461 I chatty  : uid=1000 system_server expire 10 lines
03-20 09:43:37.322  1352  1458 I chatty  : uid=1000 system_server expire 3 lines
03-20 09:43:37.388  1352  1462 I chatty  : uid=1000 system_server expire 7 lines
03-20 09:43:38.416  1352  1457 I chatty  : uid=1000 system_server expire 1 line
03-20 09:43:38.419  1352  1352 I chatty  : uid=1000 system_server expire 1123 lines
03-20 09:43:38.836  1352  1371 I chatty  : uid=1000(system) batterystats-sy expire 2 lines
03-20 09:43:38.840  1352  1364 I chatty  : uid=1000(system) Binder:1352_2 expire 1 line
03-20 09:43:38.847  1352  1472 I chatty  : uid=1000 system_server expire 2 lines
03-20 09:43:39.006  1352  1375 I chatty  : uid=1000(system) android.display expire 3 lines
03-20 09:43:39.025  1352  1367 I chatty  : uid=1000(system) android.ui expire 2 lines
03-20 09:43:39.156  1352  1487 I chatty  : uid=1000(system) VoldConnector expire 3 lines
03-20 09:43:39.156  1352  1488 I chatty  : uid=1000(system) CryptdConnector expire 5 lines
03-20 09:43:39.157  1352  1486 I chatty  : uid=1000(system) MountService expire 17 lines
03-20 09:43:39.174  1352  1482 I chatty  : uid=1000(system) InputDispatcher expire 1 line
03-20 09:43:39.175   417   427 D VoldCmdListener: asec list
03-20 09:43:39.180  1352  1486 I chatty  : uid=1000(system) MountService expire 496 lines
03-20 09:43:39.206  1352  1352 I chatty  : uid=1000 system_server expire 8 lines
03-20 09:43:39.222  1352  1365 I chatty  : uid=1000(system) android.bg expire 4 lines
03-20 09:43:39.303   417   427 D VoldCmdListener: asec list
03-20 09:43:39.304  1352  1487 I chatty  : uid=1000(system) VoldConnector expire 2 lines
03-20 09:43:39.333  1352  1352 I chatty  : uid=1000 system_server expire 205 lines
03-20 09:43:39.343  1352  1492 I chatty  : uid=1000(system) NetdConnector expire 30 lines
03-20 09:43:39.464  1352  1496 I chatty  : uid=1000(system) WifiP2pService expire 6 lines
03-20 09:43:39.895  1352  1534 I chatty  : uid=1000(system) nt.EventHandler expire 2 lines
03-20 09:43:40.050  1352  1472 I chatty  : uid=1000 system_server expire 8 lines
03-20 09:43:40.222  1352  1579 I chatty  : uid=1000(system) StatisticsCHRMs expire 2 lines
03-20 09:43:40.247  1352  1520 I chatty  : uid=1000(system) ConnectivitySer expire 2 lines
03-20 09:43:40.256  1352  1492 I chatty  : uid=1000(system) NetdConnector expire 50 lines
03-20 09:43:40.258  1352  1352 I chatty  : uid=1000 system_server expire 122 lines
03-20 09:43:40.275  1352  1367 I chatty  : uid=1000(system) android.ui expire 2 lines
03-20 09:43:40.278  1352  1593 I chatty  : uid=1000 system_server expire 3 lines
03-20 09:43:40.326  1352  1379 I chatty  : uid=1000(system) PowerManagerSer expire 12 lines
03-20 09:43:40.580  1352  1602 I chatty  : uid=1000 system_server expire 1 line
03-20 09:43:40.620  1608  1608 E SchedPolicy: open of dev/cpuctl/limit_fg/tasks failed: Permission denied
03-20 09:43:40.620  1608  1608 E SchedPolicy: open of dev/cpuctl/bg_non_interactive/limit_bg/tasks failed: Permission denied
03-20 09:43:40.623  1352  1486 I chatty  : uid=1000(system) MountService expire 5 lines
03-20 09:43:40.625   417   428 D vold    : e4crypt_unlock_user_key 0 serial=0 token_present=0
03-20 09:43:40.626  1352  1488 I chatty  : uid=1000(system) CryptdConnector expire 4 lines
03-20 09:43:40.627   417   428 D vold    : e4crypt_unlock_user_key 10 serial=10 token_present=0
03-20 09:43:40.631   417   427 D VoldCmdListener: volume reset
03-20 09:43:40.631  1352  1376 I chatty  : uid=1000(system) HwActivityManag expire 9 lines
03-20 09:43:40.631   417   427 W vold    : VolumeBase::setState(): Volume emulated State changing Unmounted->Removed
03-20 09:43:40.631   417   427 W vold    : VolumeBase::setState(): Volume emulated State changing Removed->Unmounted
03-20 09:43:40.631  1352  1487 I chatty  : uid=1000(system) VoldConnector expire 24 lines
03-20 09:43:40.632  1608  1608 D ActivityThread: ActivityThread,attachApplication
03-20 09:43:40.633  1352  1373 I chatty  : uid=1000(system) android.fg expire 9 lines
03-20 09:43:40.635   417   427 D VoldCmdListener: volume user_added 0 0
03-20 09:43:40.636  1352  1364 I chatty  : uid=1000(system) Binder:1352_2 expire 6 lines
03-20 09:43:40.636   417   427 D VoldCmdListener: volume user_added 10 10
03-20 09:43:40.639   417   427 D VoldCmdListener: volume mount emulated 3 -1
03-20 09:43:40.639   417   427 W vold    : VolumeBase::setState(): Volume emulated State changing Unmounted->Checking
03-20 09:43:40.639   417   427 W vold    : EmulatedVolume::doMount(): mFuseDefault is /mnt/runtime/default/emulated
03-20 09:43:40.639   417   427 W vold    : EmulatedVolume::doMount(): mFuseRead is /mnt/runtime/read/emulated
03-20 09:43:40.639   417   427 W vold    : EmulatedVolume::doMount(): mFuseWrite is /mnt/runtime/write/emulated
03-20 09:43:40.639   417   427 W vold    : EmulatedVolume::doMount(): mRawPath is /data/media
03-20 09:43:40.642   417   427 D vold    : MountSdcardfs(source=/data/media,target=/mnt/runtime/default/emulated,derive=legacy)=0
03-20 09:43:40.643   417   427 D vold    : MountSdcardfs(source=/data/media,target=/mnt/runtime/read/emulated,derive=everybody)=0
03-20 09:43:40.643   417   427 D vold    : MountSdcardfs(source=/data/media,target=/mnt/runtime/write/emulated,derive=everybody)=0
03-20 09:43:40.643   417   427 D vold    : EmulatedVolume::doMount(), Successfully to mount internal SD card
03-20 09:43:40.643   417   427 W vold    : VolumeBase::setState(): Volume emulated State changing Checking->Mounted
03-20 09:43:40.828  1654  1654 E SchedPolicy: open of dev/cpuctl/limit_fg/tasks failed: Permission denied
03-20 09:43:40.828  1654  1654 E SchedPolicy: open of dev/cpuctl/bg_non_interactive/limit_bg/tasks failed: Permission denied
03-20 09:43:40.833  1659  1659 E SchedPolicy: open of dev/cpuctl/limit_fg/tasks failed: Permission denied
03-20 09:43:40.833  1659  1659 E SchedPolicy: open of dev/cpuctl/bg_non_interactive/limit_bg/tasks failed: Permission denied
03-20 09:43:40.839  1608  1664 E ActivityThread: Failed to find provider info for user_dictionary
03-20 09:43:40.848  1692  1692 E SchedPolicy: open of dev/cpuctl/limit_fg/tasks failed: Permission denied
03-20 09:43:40.848  1692  1692 E SchedPolicy: open of dev/cpuctl/bg_non_interactive/limit_bg/tasks failed: Permission denied
03-20 09:43:40.849  1677  1677 D ActivityThread: ActivityThread,attachApplication
03-20 09:43:40.850  1352  1363 I chatty  : uid=1000(system) Binder:1352_1 expire 3 lines
03-20 09:43:40.859  1692  1692 D ActivityThread: ActivityThread,attachApplication
03-20 09:43:41.045  1692  1692 E ActivityThread: Failed to find provider info for com.huawei.vdrive.mirrorlinktogo
03-20 09:43:41.047  1692  1751 E ActivityThread: Failed to find provider info for com.huawei.vdrive.mirrorlinktogo
03-20 09:43:41.091  1352  1641 I chatty  : uid=1000(system) Binder:1352_4 expire 3 lines
03-20 09:43:41.127  1352  1633 I chatty  : uid=1000(system) Binder:1352_3 expire 1 line
03-20 09:43:41.133  1352  1366 I chatty  : uid=1000(system) ActivityManager expire 1 line
03-20 09:43:41.135  1793  1793 E SchedPolicy: open of dev/cpuctl/limit_fg/tasks failed: Permission denied
03-20 09:43:41.135  1793  1793 E SchedPolicy: open of dev/cpuctl/bg_non_interactive/limit_bg/tasks failed: Permission denied
03-20 09:43:41.142  1793  1793 D ActivityThread: ActivityThread,attachApplication
03-20 09:43:41.201  1352  1492 I chatty  : uid=1000(system) NetdConnector expire 76 lines
03-20 09:43:41.248  1352  1352 I chatty  : uid=1000 system_server expire 95 lines
03-20 09:43:41.293  1352  1641 I chatty  : uid=1000(system) Binder:1352_4 expire 3 lines
03-20 09:43:41.301  1352  1364 I chatty  : uid=1000(system) Binder:1352_2 expire 11 lines
03-20 09:43:41.477  1352  1493 I chatty  : uid=1000(system) NetworkStats expire 2 lines
03-20 09:43:41.489  1352  1883 I chatty  : uid=1000(system) LocationThread expire 11 lines
03-20 09:43:41.544  1897  1897 D ActivityThread: ActivityThread,attachApplication
03-20 09:43:41.550  1917  1917 E SchedPolicy: open of dev/cpuctl/limit_fg/tasks failed: Permission denied
03-20 09:43:41.550  1917  1917 E SchedPolicy: open of dev/cpuctl/bg_non_interactive/limit_bg/tasks failed: Permission denied
03-20 09:43:41.552  1908  1908 D ActivityThread: ActivityThread,attachApplication
03-20 09:43:41.557  1917  1917 D ActivityThread: ActivityThread,attachApplication
03-20 09:43:41.557  1935  1935 E SchedPolicy: open of dev/cpuctl/limit_fg/tasks failed: Permission denied
03-20 09:43:41.557  1935  1935 E SchedPolicy: open of dev/cpuctl/bg_non_interactive/limit_bg/tasks failed: Permission denied
03-20 09:43:41.563  1935  1935 D ActivityThread: ActivityThread,attachApplication
03-20 09:43:41.608  1352  1363 I chatty  : uid=1000(system) Binder:1352_1 expire 7 lines
03-20 09:43:41.610  1352  1942 I chatty  : uid=1000(system) Binder:1352_5 expire 17 lines
03-20 09:43:41.617  1954  1954 D ActivityThread: ActivityThread,attachApplication
03-20 09:43:41.628  1352  1953 I chatty  : uid=1000(system) Binder:1352_7 expire 5 lines
03-20 09:43:41.641  1352  1367 I chatty  : uid=1000(system) android.ui expire 1 line
03-20 09:43:41.664  1352  1529 I chatty  : uid=1000(system) onProviders.ECP expire 4 lines
03-20 09:43:41.720  1352  1373 I chatty  : uid=1000(system) android.fg expire 6 lines
03-20 09:43:41.764  1352  1943 I chatty  : uid=1000(system) Binder:1352_6 expire 3 lines
03-20 09:43:41.767   417   428 D VoldCryptCmdListener: cryptfs getpw
03-20 09:43:41.768  1352  1488 I chatty  : uid=1000(system) CryptdConnector expire 4 lines
03-20 09:43:41.769   417   428 D VoldCryptCmdListener: cryptfs clearpw
03-20 09:43:41.789  1897  1897 W ContextImpl: Calling a method in the system process without a qualified user: android.app.ContextImpl.bindService:1595 android.content.ContextWrapper.bindService:636 com.huawei.android.chr.hisi.HisiModemInfoCollector.<init>:190 com.huawei.android.chr.ModemInfoCollectorFactory.make:24 com.huawei.android.chr.HwChrApplication.onCreate:60 
03-20 09:43:41.793  1908  1908 W ContextImpl: Calling a method in the system process without a qualified user: android.app.ContextImpl.startService:1531 android.content.ContextWrapper.startService:613 com.huawei.powergenie.core.PGApp.onCreate:46 android.app.Instrumentation.callApplicationOnCreate:1028 android.app.ActivityThread.handleBindApplication:5658 
03-20 09:43:41.803  1897  1897 W ContextImpl: Calling a method in the system process without a qualified user: android.app.ContextImpl.bindService:1595 android.content.ContextWrapper.bindService:636 com.huawei.android.chr.statistics.TelStatusManager.<init>:58 com.huawei.android.chr.statistics.TelStatusManager.make:44 com.huawei.android.chr.HwChrApplication.onCreate:61 
03-20 09:43:41.809  1897  1897 W ContextImpl: Calling a method in the system process without a qualified user: android.app.ContextImpl.bindService:1595 android.content.ContextWrapper.bindService:636 com.huawei.android.chr.logcollectservice.ChrLogManager.<init>:41 com.huawei.android.chr.logcollectservice.ChrLogManager.make:27 com.huawei.android.chr.HwChrApplication.onCreate:63 
03-20 09:43:41.816  1897  1897 W ContextImpl: Calling a method in the system process without a qualified user: android.app.ContextImpl.bindService:1595 com.huawei.mdlog.MdlogManager.<init>:35 com.huawei.android.chr.ProtocolLogManager.init:102 com.huawei.android.chr.HwChrApplication.onCreate:64 android.app.Instrumentation.callApplicationOnCreate:1028 
03-20 09:43:41.820  1897  1897 W ContextImpl: Calling a method in the system process without a qualified user: android.app.ContextImpl.startService:1531 android.content.ContextWrapper.startService:613 com.huawei.lcagent.client.LogCollectManager.bindToService:316 com.huawei.lcagent.client.LogCollectManager.<init>:36 com.huawei.android.chr.ProtocolLogManager.init:107 
03-20 09:43:41.821  1897  1897 W ContextImpl: Calling a method in the system process without a qualified user: android.app.ContextImpl.bindService:1595 android.content.ContextWrapper.bindService:636 com.huawei.lcagent.client.LogCollectManager.bindToService:322 com.huawei.lcagent.client.LogCollectManager.<init>:36 com.huawei.android.chr.ProtocolLogManager.init:107 
03-20 09:43:41.842  1897  1897 W ContextImpl: Calling a method in the system process without a qualified user: android.app.ContextImpl.bindService:1595 com.huawei.android.chr.network.ChrNetwork.<init>:153 com.huawei.android.chr.HwChrApplication.creatChrNetwork:136 com.huawei.android.chr.HwChrApplication.initModules:102 com.huawei.android.chr.HwChrApplication.onCreate:65 
03-20 09:43:41.845  1954  1954 V ActivityThread: ActivityThread,callActivityOnCreate
03-20 09:43:41.847  1352  1996 I chatty  : uid=1000(system) uteStateMachine expire 1 line
03-20 09:43:41.849  1897  1897 W ContextImpl: Calling a method in the system process without a qualified user: android.app.ContextImpl.bindService:1595 com.huawei.android.chr.network.ChrNetwork.<init>:153 com.huawei.android.chr.HwChrApplication.creatChrNetwork:136 com.huawei.android.chr.HwChrApplication.initModules:102 com.huawei.android.chr.HwChrApplication.onCreate:65 
03-20 09:43:41.853  1897  1897 W ContextImpl: Calling a method in the system process without a qualified user: android.app.ContextImpl.bindService:1595 com.huawei.android.chr.network.ChrNetwork.<init>:153 com.huawei.android.chr.HwChrApplication.creatChrNetwork:136 com.huawei.android.chr.HwChrApplication.initModules:102 com.huawei.android.chr.HwChrApplication.onCreate:65 
03-20 09:43:41.854  1954  1954 D ActivityThread: add activity client record, r= ActivityRecord{28b5921 token=android.os.BinderProxy@7fcee70 {com.android.settings/com.android.settings.FallbackHome}} token= android.os.BinderProxy@7fcee70
03-20 09:43:41.860  1352  1998 I chatty  : uid=1000(system) CallAudioModeSt expire 1 line
03-20 09:43:41.878  1352  2005 I chatty  : uid=1000(system) AsyncQueryWorke expire 2 lines
03-20 09:43:41.882  1897  1897 W ContextImpl: Calling a method in the system process without a qualified user: android.app.ContextImpl.startService:1531 android.content.ContextWrapper.startService:613 com.huawei.lcagent.client.LogCollectManager.bindToService:316 com.huawei.lcagent.client.LogCollectManager.<init>:42 com.huawei.android.chr.hifi.ChrHifi.<init>:62 
03-20 09:43:41.883  1897  1897 W ContextImpl: Calling a method in the system process without a qualified user: android.app.ContextImpl.bindService:1595 android.content.ContextWrapper.bindService:636 com.huawei.lcagent.client.LogCollectManager.bindToService:322 com.huawei.lcagent.client.LogCollectManager.<init>:42 com.huawei.android.chr.hifi.ChrHifi.<init>:62 
03-20 09:43:41.885  1352  2008 I chatty  : uid=1000 system_server expire 1 line
03-20 09:43:41.901  1908  1991 W ContextImpl: Calling a method in the system process without a qualified user: android.app.ContextImpl.bindService:1595 android.content.ContextWrapper.bindService:636 com.huawei.android.location.activityrecognition.HwActivityRecognition.bindService:167 com.huawei.android.location.activityrecognition.HwActivityRecognition.connectService:202 com.huawei.powergenie.core.contextaware.MotionDetection.connectionHwArService:117 
03-20 09:43:41.924  2012  2012 D ActivityThread: ActivityThread,attachApplication
03-20 09:43:41.963  1352  1365 I chatty  : uid=1000(system) android.bg expire 1 line
03-20 09:43:41.974  2042  2042 D ActivityThread: ActivityThread,attachApplication
03-20 09:43:42.016  1352  1375 I chatty  : uid=1000(system) android.display expire 29 lines
03-20 09:43:42.022  2042  2042 W ContextImpl: Calling a method in the system process without a qualified user: android.app.ContextImpl.startService:1531 android.content.ContextWrapper.startService:613 com.huawei.bd.BDApplication.startBDService:15 com.huawei.bd.BDApplication.onCreate:10 android.app.Instrumentation.callApplicationOnCreate:1028 
03-20 09:43:42.042  2063  2063 D ActivityThread: ActivityThread,attachApplication
03-20 09:43:42.054  2079  2079 E SchedPolicy: open of dev/cpuctl/limit_fg/tasks failed: Permission denied
03-20 09:43:42.054  2079  2079 E SchedPolicy: open of dev/cpuctl/bg_non_interactive/limit_bg/tasks failed: Permission denied
03-20 09:43:42.076  2079  2079 D ActivityThread: ActivityThread,attachApplication
03-20 09:43:42.208  1352  1633 I chatty  : uid=1000(system) Binder:1352_3 expire 8 lines
03-20 09:43:42.244  2063  2063 W ContextImpl: Calling a method in the system process without a qualified user: android.app.ContextImpl.startService:1531 android.content.ContextWrapper.startService:613 com.huawei.systemmanager.SystemManagerApplication.startMainService:268 com.huawei.systemmanager.SystemManagerApplication.startServices:131 com.huawei.systemmanager.SystemManagerApplication.onCreate:114 
03-20 09:43:42.268  2063  2063 W ContextImpl: Calling a method in the system process without a qualified user: android.app.ContextImpl.startService:1531 android.content.ContextWrapper.startService:613 com.huawei.systemmanager.SystemManagerApplication.startPermissionService:204 com.huawei.systemmanager.SystemManagerApplication.startServices:132 com.huawei.systemmanager.SystemManagerApplication.onCreate:114 
03-20 09:43:42.278  2063  2063 W ContextImpl: Calling a method in the system process without a qualified user: android.app.ContextImpl.startService:1531 android.content.ContextWrapper.startService:613 com.huawei.systemmanager.SystemManagerApplication.startBgStaticsService:225 com.huawei.systemmanager.SystemManagerApplication.startServices:137 com.huawei.systemmanager.SystemManagerApplication.onCreate:114 
03-20 09:43:42.285  1352  1943 I chatty  : uid=1000(system) Binder:1352_6 expire 15 lines
03-20 09:43:42.303  1352  1496 I chatty  : uid=1000(system) WifiP2pService expire 14 lines
03-20 09:43:42.311  1352  1352 I chatty  : uid=1000 system_server expire 33 lines
03-20 09:43:42.313  1352  1492 I chatty  : uid=1000(system) NetdConnector expire 10 lines
03-20 09:43:42.330  1897  1897 W ContextImpl: Calling a method in the system process without a qualified user: android.app.ContextImpl.startService:1531 android.content.ContextWrapper.startService:613 com.huawei.lcagent.client.LogCollectManager.bindToService:316 com.huawei.lcagent.client.LogCollectManager.<init>:42 com.huawei.mdlog.MdlogService.onCreate:260 
03-20 09:43:42.331  1897  1897 W ContextImpl: Calling a method in the system process without a qualified user: android.app.ContextImpl.bindService:1595 android.content.ContextWrapper.bindService:636 com.huawei.lcagent.client.LogCollectManager.bindToService:322 com.huawei.lcagent.client.LogCollectManager.<init>:42 com.huawei.mdlog.MdlogService.onCreate:260 
03-20 09:43:42.339  1352  1371 I chatty  : uid=1000(system) batterystats-sy expire 2 lines
03-20 09:43:42.345  1352  1364 I chatty  : uid=1000(system) Binder:1352_2 expire 20 lines
03-20 09:43:42.378  2063  2063 W ContextImpl: Calling a method in the system process without a qualified user: android.app.ContextImpl.startService:1531 android.content.ContextWrapper.startService:613 com.huawei.systemmanager.SystemManagerApplication.startDeviceStorageMonitorService:232 com.huawei.systemmanager.SystemManagerApplication.startServices:139 com.huawei.systemmanager.SystemManagerApplication.onCreate:114 
03-20 09:43:42.380  1352  1942 I chatty  : uid=1000(system) Binder:1352_5 expire 10 lines
03-20 09:43:42.383  2012  2012 W ContextImpl: Calling a method in the system process without a qualified user: android.app.ContextImpl.startService:1531 android.content.ContextWrapper.startService:613 com.huawei.systemmanager.SystemManagerApplication.startMainService:268 com.huawei.systemmanager.SystemManagerApplication.startServices:131 com.huawei.systemmanager.SystemManagerApplication.onCreate:114 
03-20 09:43:42.385  2012  2012 W ContextImpl: Calling a method in the system process without a qualified user: android.app.ContextImpl.startService:1531 android.content.ContextWrapper.startService:613 com.huawei.systemmanager.SystemManagerApplication.startPermissionService:204 com.huawei.systemmanager.SystemManagerApplication.startServices:132 com.huawei.systemmanager.SystemManagerApplication.onCreate:114 
03-20 09:43:42.385  2063  2063 W ContextImpl: Calling a method in the system process without a qualified user: android.app.ContextImpl.startService:1531 android.content.ContextWrapper.startService:613 com.huawei.systemmanager.SystemManagerApplication.startSpaceCleanService:247 com.huawei.systemmanager.SystemManagerApplication.startServices:143 com.huawei.systemmanager.SystemManagerApplication.onCreate:114 
03-20 09:43:42.389  2063  2063 W ContextImpl: Calling a method in the system process without a qualified user: android.app.ContextImpl.startService:1531 android.content.ContextWrapper.startService:613 com.huawei.systemmanager.SystemManagerApplication.startStarupService:252 com.huawei.systemmanager.SystemManagerApplication.startServices:144 com.huawei.systemmanager.SystemManagerApplication.onCreate:114 
03-20 09:43:42.389  2012  2012 W ContextImpl: Calling a method in the system process without a qualified user: android.app.ContextImpl.startService:1531 android.content.ContextWrapper.startService:613 com.huawei.systemmanager.SystemManagerApplication.startBgStaticsService:225 com.huawei.systemmanager.SystemManagerApplication.startServices:137 com.huawei.systemmanager.SystemManagerApplication.onCreate:114 
03-20 09:43:42.391  2063  2063 W ContextImpl: Calling a method in the system process without a qualified user: android.app.ContextImpl.startService:1531 android.content.ContextWrapper.startService:613 com.huawei.systemmanager.SystemManagerApplication.startAccountMonitorService:153 com.huawei.systemmanager.SystemManagerApplication.startServices:145 com.huawei.systemmanager.SystemManagerApplication.onCreate:114 
03-20 09:43:42.393  2012  2012 W ContextImpl: Calling a method in the system process without a qualified user: android.app.ContextImpl.startService:1531 android.content.ContextWrapper.startService:613 com.huawei.systemmanager.SystemManagerApplication.startDeviceStorageMonitorService:232 com.huawei.systemmanager.SystemManagerApplication.startServices:139 com.huawei.systemmanager.SystemManagerApplication.onCreate:114 
03-20 09:43:42.393  2012  2012 W ContextImpl: Calling a method in the system process without a qualified user: android.app.ContextImpl.startService:1531 android.content.ContextWrapper.startService:613 com.huawei.systemmanager.SystemManagerApplication.startSpaceCleanService:247 com.huawei.systemmanager.SystemManagerApplication.startServices:143 com.huawei.systemmanager.SystemManagerApplication.onCreate:114 
03-20 09:43:42.393  2063  2063 W ContextImpl: Calling a method in the system process without a qualified user: android.app.ContextImpl.startService:1531 android.content.ContextWrapper.startService:613 com.huawei.systemmanager.SystemManagerApplication.startAntivirusService:257 com.huawei.systemmanager.SystemManagerApplication.startServices:146 com.huawei.systemmanager.SystemManagerApplication.onCreate:114 
03-20 09:43:42.394  2012  2012 W ContextImpl: Calling a method in the system process without a qualified user: android.app.ContextImpl.startService:1531 android.content.ContextWrapper.startService:613 com.huawei.systemmanager.SystemManagerApplication.startStarupService:252 com.huawei.systemmanager.SystemManagerApplication.startServices:144 com.huawei.systemmanager.SystemManagerApplication.onCreate:114 
03-20 09:43:42.395  2012  2012 W ContextImpl: Calling a method in the system process without a qualified user: android.app.ContextImpl.startService:1531 android.content.ContextWrapper.startService:613 com.huawei.systemmanager.SystemManagerApplication.startAccountMonitorService:153 com.huawei.systemmanager.SystemManagerApplication.startServices:145 com.huawei.systemmanager.SystemManagerApplication.onCreate:114 
03-20 09:43:42.396  2012  2012 W ContextImpl: Calling a method in the system process without a qualified user: android.app.ContextImpl.startService:1531 android.content.ContextWrapper.startService:613 com.huawei.systemmanager.SystemManagerApplication.startAntivirusService:257 com.huawei.systemmanager.SystemManagerApplication.startServices:146 com.huawei.systemmanager.SystemManagerApplication.onCreate:114 
03-20 09:43:42.405  2012  2012 W ContextImpl: Calling a method in the system process without a qualified user: android.app.ContextImpl.startService:1531 android.content.ContextWrapper.startService:613 com.huawei.systemmanager.SystemManagerApplication.startCoreService:167 com.huawei.systemmanager.SystemManagerApplication.startServices:148 com.huawei.systemmanager.SystemManagerApplication.onCreate:114 
03-20 09:43:42.406  2063  2063 W ContextImpl: Calling a method in the system process without a qualified user: android.app.ContextImpl.startService:1531 android.content.ContextWrapper.startService:613 com.huawei.systemmanager.SystemManagerApplication.startCoreService:167 com.huawei.systemmanager.SystemManagerApplication.startServices:148 com.huawei.systemmanager.SystemManagerApplication.onCreate:114 
03-20 09:43:42.415  1352  1366 I chatty  : uid=1000(system) ActivityManager expire 2 lines
03-20 09:43:42.515  1352  1363 I chatty  : uid=1000(system) Binder:1352_1 expire 24 lines
03-20 09:43:42.519  1692  1751 E ActivityThread: Failed to find provider info for media
03-20 09:43:42.526  1692  1751 E ActivityThread: Failed to find provider info for media
03-20 09:43:42.527  1352  1953 I chatty  : uid=1000(system) Binder:1352_7 expire 14 lines
03-20 09:43:42.545  2012  2199 W ContextImpl: Calling a method in the system process without a qualified user: android.app.ContextImpl.sendBroadcast:1000 android.content.ContextWrapper.sendBroadcast:426 com.huawei.harassmentinterception.strategy.IntellEngineController.openSmsEngine:25 com.huawei.harassmentinterception.strategy.StrategyManager.updateStrategy:181 com.huawei.harassmentinterception.strategy.StrategyManager.updateStrategyFromDb:134 
03-20 09:43:42.577  2208  2208 E SchedPolicy: open of dev/cpuctl/limit_fg/tasks failed: Permission denied
03-20 09:43:42.577  2208  2208 E SchedPolicy: open of dev/cpuctl/bg_non_interactive/limit_bg/tasks failed: Permission denied
03-20 09:43:42.580  2012  2012 W ContextImpl: Calling a method in the system process without a qualified user: android.app.ContextImpl.bindService:1595 android.content.ContextWrapper.bindService:636 com.huawei.systemmanager.hsmstat.HsmStatProxy.bindService:263 com.huawei.systemmanager.hsmstat.HsmStatProxy.-wrap0:-1 com.huawei.systemmanager.hsmstat.HsmStatProxy$1.handleMessage:65 
03-20 09:43:42.588  2208  2208 D ActivityThread: ActivityThread,attachApplication
03-20 09:43:42.630  2063  2063 W ContextImpl: Calling a method in the system process without a qualified user: android.app.ContextImpl.startService:1531 android.content.ContextWrapper.startService:613 tmsdk.common.TMSDKContext.start:-1 tmsdk.common.TMSDKContext.init:-1 com.huawei.systemmanager.sdk.tmsdk.TMSdkEngine.init:44 
