03-21 13:32:59.322  1356  1366 I chatty  : uid=1000(system) Binder:1356_1 expire 1 line
03-21 13:32:59.325  1356  1979 I chatty  : uid=1000(system) Binder:1356_7 expire 1 line
03-21 13:32:59.346  1356  1474 I chatty  : uid=1000(system) UEventObserver expire 22 lines
03-21 13:32:59.969  1356  1963 I chatty  : uid=1000(system) Binder:1356_5 expire 1 line
03-21 13:32:59.974  1356  2657 I chatty  : uid=1000(system) Binder:1356_10 expire 1 line
03-21 13:33:00.106  1356  1636 I chatty  : uid=1000(system) Binder:1356_4 expire 1 line
03-21 13:33:09.302  1356  2656 I chatty  : uid=1000(system) Binder:1356_F expire 1 line
03-21 13:33:17.470  1356  1356 I chatty  : uid=1000 system_server expire 19 lines
03-21 13:33:22.353  1356  1493 I chatty  : uid=1000(system) NetdConnector expire 34 lines
03-21 13:33:35.226 22871 24261 E SchedPolicy: open of dev/cpuctl/limit_fg/tasks failed: Permission denied
03-21 13:33:35.226 22871 24261 E SchedPolicy: open of dev/cpuctl/bg_non_interactive/limit_bg/tasks failed: Permission denied
03-21 13:33:38.435  1356  1376 I chatty  : uid=1000(system) android.fg expire 126 lines
03-21 13:35:02.191  1356  1481 I chatty  : uid=1000(system) AlarmManager expire 2 lines
03-21 13:38:23.314  1356  1486 I chatty  : uid=1000(system) InputReader expire 6 lines
03-21 13:38:23.329  1356  1496 I chatty  : uid=1000(system) WifiP2pService expire 5 lines
03-21 13:38:23.357  1356  1378 I chatty  : uid=1000(system) android.display expire 2 lines
03-21 13:38:23.373  1356  2710 I chatty  : uid=1000(system) Binder:1356_17 expire 1 line
03-21 13:38:23.527  1356  1382 I chatty  : uid=1000(system) PowerManagerSer expire 1 line
03-21 13:38:23.586  1356  1370 I chatty  : uid=1000(system) android.ui expire 4 lines
03-21 13:38:31.034  1356  1376 I chatty  : uid=1000(system) android.fg expire 98 lines
03-21 13:38:31.108  1356  1474 I chatty  : uid=1000(system) UEventObserver expire 22 lines
03-21 13:38:35.694 24263 25656 E SchedPolicy: open of dev/cpuctl/limit_fg/tasks failed: Permission denied
03-21 13:38:35.694 24263 25656 E SchedPolicy: open of dev/cpuctl/bg_non_interactive/limit_bg/tasks failed: Permission denied
03-21 13:38:37.718  1356  1382 I chatty  : uid=1000(system) PowerManagerSer expire 10 lines
03-21 13:38:37.942  1356  1378 I chatty  : uid=1000(system) android.display expire 4 lines
03-21 13:38:38.216  1356  1356 I chatty  : uid=1000 system_server expire 31 lines
03-21 13:38:38.216  1356  1496 I chatty  : uid=1000(system) WifiP2pService expire 15 lines
03-21 13:38:46.042  1356  1493 I chatty  : uid=1000(system) NetdConnector expire 22 lines
03-21 13:39:56.014  1356  1486 I chatty  : uid=1000(system) InputReader expire 6 lines
03-21 13:39:56.042  1356  2696 I chatty  : uid=1000(system) Binder:1356_12 expire 3 lines
03-21 13:39:57.782  1356  2717 I chatty  : uid=1000(system) Binder:1356_18 expire 1 line
03-21 13:39:57.790  1356  1602 I chatty  : uid=1000(system) Binder:1356_3 expire 1 line
03-21 13:39:57.797  1356  1636 I chatty  : uid=1000(system) Binder:1356_4 expire 1 line
03-21 13:40:24.411  1356  1481 I chatty  : uid=1000(system) AlarmManager expire 3 lines
03-21 13:43:36.175 25658 27091 E SchedPolicy: open of dev/cpuctl/limit_fg/tasks failed: Permission denied
03-21 13:43:36.175 25658 27091 E SchedPolicy: open of dev/cpuctl/bg_non_interactive/limit_bg/tasks failed: Permission denied
03-21 13:43:45.152  1356  1493 I chatty  : uid=1000(system) NetdConnector expire 8 lines
03-21 13:43:45.155  1356  1376 I chatty  : uid=1000(system) android.fg expire 22 lines
03-21 13:44:02.868  1356  1474 I chatty  : uid=1000(system) UEventObserver expire 2 lines
03-21 13:44:02.877  1356  1356 I chatty  : uid=1000 system_server expire 17 lines
03-21 13:44:06.753  1356  1964 I chatty  : uid=1000(system) Binder:1356_6 expire 5 lines
03-21 13:44:06.758  1356  2698 I chatty  : uid=1000(system) Binder:1356_14 expire 12 lines
03-21 13:44:06.779  1356  1963 I chatty  : uid=1000(system) Binder:1356_5 expire 4 lines
03-21 13:44:06.789  1356  2699 I chatty  : uid=1000(system) Binder:1356_15 expire 4 lines
03-21 13:44:06.793 22025 27244 E ActivityThread: Failed to find provider info for com.ludashi.benchmark.DownloadProvider
03-21 13:44:06.797  1356  1636 I chatty  : uid=1000(system) Binder:1356_4 expire 2 lines
03-21 13:44:06.804  1356  1366 I chatty  : uid=1000(system) Binder:1356_1 expire 6 lines
03-21 13:44:06.808 22025 27244 E ActivityThread: Failed to find provider info for com.ss.android.article.news.DownloadProvider
03-21 13:44:06.877  1356  2569 I chatty  : uid=1000(system) Binder:1356_B expire 10 lines
03-21 13:44:06.878  1356  1897 I chatty  : uid=1000(system) LocationThread expire 5 lines
03-21 13:44:06.878  1356 27249 I chatty  : uid=1000 system_server expire 4 lines
03-21 13:44:07.015  1356  2213 I chatty  : uid=1000(system) IPC Thread expire 22 lines
03-21 13:44:07.070  1356 27251 I chatty  : uid=1000 system_server expire 1 line
03-21 13:44:24.112  1356  1493 I chatty  : uid=1000(system) NetdConnector expire 10 lines
03-21 13:44:24.115  1356  1376 I chatty  : uid=1000(system) android.fg expire 35 lines
03-21 13:44:33.028  1356  1474 I chatty  : uid=1000(system) UEventObserver expire 5 lines
03-21 13:45:15.283  1356  1368 I chatty  : uid=1000(system) android.bg expire 6 lines
03-21 13:45:15.445  1356  1512 I chatty  : uid=1000(system) ConnectivitySer expire 4 lines
03-21 13:45:16.019  1356  1486 I chatty  : uid=1000(system) InputReader expire 6 lines
03-21 13:45:16.031  1356  1378 I chatty  : uid=1000(system) android.display expire 4 lines
03-21 13:45:16.039  1356  1496 I chatty  : uid=1000(system) WifiP2pService expire 10 lines
03-21 13:45:16.051  1356  2717 I chatty  : uid=1000(system) Binder:1356_18 expire 8 lines
03-21 13:45:16.255  1356  1370 I chatty  : uid=1000(system) android.ui expire 2 lines
03-21 13:45:16.509  1689  1702 I CommandQueue: updateBarBgColor
03-21 13:45:16.509  1689  1702 D CommandQueue: CommandQueue, setBarBackgroundColor
03-21 13:45:16.613  1356  1356 I chatty  : uid=1000 system_server expire 5 lines
03-21 13:45:17.985  1356  1376 I chatty  : uid=1000(system) android.fg expire 13 lines
03-21 13:45:18.664 27600 27600 E SchedPolicy: open of dev/cpuctl/limit_fg/tasks failed: Permission denied
03-21 13:45:18.664 27600 27600 E SchedPolicy: open of dev/cpuctl/bg_non_interactive/limit_bg/tasks failed: Permission denied
03-21 13:45:18.683 27600 27600 D ActivityThread: ActivityThread,attachApplication
03-21 13:45:18.684  1356  1979 I chatty  : uid=1000(system) Binder:1356_7 expire 1 line
03-21 13:45:18.690  1356  1482 I chatty  : uid=1000(system) sManagerService expire 1 line
03-21 13:45:18.912  1356  2648 I chatty  : uid=1000(system) Binder:1356_C expire 2 lines
03-21 13:45:20.876  1356  1989 I chatty  : uid=1000(system) Binder:1356_8 expire 3 lines
03-21 13:45:20.882  1356  2189 I chatty  : uid=1000(system) Binder:1356_9 expire 1 line
03-21 13:45:21.017  1689  1689 V KeyguardDisplayManager: hide
03-21 13:45:21.022  1356  2657 I chatty  : uid=1000(system) Binder:1356_10 expire 7 lines
03-21 13:45:21.028  1356  1369 I chatty  : uid=1000(system) ActivityManager expire 1 line
03-21 13:45:21.032  1356  1493 I chatty  : uid=1000(system) NetdConnector expire 4 lines
03-21 13:45:21.035  1356  1602 I chatty  : uid=1000(system) Binder:1356_3 expire 5 lines
03-21 13:45:21.210  1356  1476 I chatty  : uid=1000(system) fingerprintServ expire 6 lines
03-21 13:45:21.381  1689  2001 I CommandQueue: updateBarBgColor
03-21 13:45:21.381  1689  2001 D CommandQueue: CommandQueue, setBarBackgroundColor
03-21 13:45:21.398  1356  2659 I chatty  : uid=1000(system) Binder:1356_11 expire 6 lines
03-21 13:45:21.429  1356  2651 I chatty  : uid=1000(system) Binder:1356_E expire 5 lines
03-21 13:45:21.487  1356  2710 I chatty  : uid=1000(system) Binder:1356_17 expire 1 line
03-21 13:45:21.531  1356  1367 I chatty  : uid=1000(system) Binder:1356_2 expire 2 lines
03-21 13:45:21.585  1356  2696 I chatty  : uid=1000(system) Binder:1356_12 expire 1 line
03-21 13:45:21.936 21966 21966 D ActivityThread: Remove activity client record, r= ActivityRecord{72a0b98 token=android.os.BinderProxy@e1e20 {cn.dcpai.auction/cn.dcpai.auction.activity.MyStoreActivity}} token= android.os.BinderProxy@e1e20
03-21 13:45:22.934  1356  2650 I chatty  : uid=1000(system) Binder:1356_D expire 5 lines
03-21 13:45:22.974 21966 21966 V ActivityThread: ActivityThread,callActivityOnCreate
03-21 13:45:23.096  1356  2656 I chatty  : uid=1000(system) Binder:1356_F expire 1 line
03-21 13:45:23.097 21966 21966 D ActivityThread: add activity client record, r= ActivityRecord{e64cd8a token=android.os.BinderProxy@c7d20e9 {cn.dcpai.auction/cn.dcpai.auction.activity.LoginMainActivity}} token= android.os.BinderProxy@c7d20e9
03-21 13:45:24.365 21966 21966 V ActivityThread: ActivityThread,callActivityOnCreate
03-21 13:45:24.414 21966 21966 D ActivityThread: add activity client record, r= ActivityRecord{36879e token=android.os.BinderProxy@ed57760 {cn.dcpai.auction/cn.dcpai.auction.activity.MobileLoginActivity}} token= android.os.BinderProxy@ed57760
03-21 13:45:24.463  1356  2697 I chatty  : uid=1000(system) Binder:1356_13 expire 4 lines
03-21 13:45:24.565  1356  1481 I chatty  : uid=1000(system) AlarmManager expire 1 line
03-21 13:45:25.048  1356  1606 I chatty  : uid=1000(system) LazyTaskWriterT expire 1 line
03-21 13:45:33.355  1356  1474 I UsbDeviceManager: water_intrused state= 0
03-21 13:45:33.362  1356  1356 D WifiService: onReceive, action:android.intent.action.BATTERY_CHANGED
03-21 13:45:33.362  1356  1356 D WifiService: ACTION_BATTERY_CHANGED pluggedType: 2
03-21 13:45:38.312  1356  1493 D NetdConnector: RCV <- {pattern.matcher(rawEventLog) fail}
03-21 13:45:38.316  1356  1493 D NetdConnector: RCV <- {pattern.matcher(eventLog) fail}
03-21 13:45:38.319  1356  1376 D NetdConnector: RCV unsolicited event from native daemon, event = 600
03-21 13:45:38.324  1356  1376 D NetworkManagement: notifyInterfaceLinkStateChanged 10
03-21 13:45:46.084 27800 27811 E SchedPolicy: open of dev/cpuctl/limit_fg/tasks failed: Permission denied
03-21 13:45:46.084 27800 27811 E SchedPolicy: open of dev/cpuctl/bg_non_interactive/limit_bg/tasks failed: Permission denied
03-21 13:45:47.450 27820 27831 E SchedPolicy: open of dev/cpuctl/limit_fg/tasks failed: Permission denied
03-21 13:45:47.450 27820 27831 E SchedPolicy: open of dev/cpuctl/bg_non_interactive/limit_bg/tasks failed: Permission denied
03-21 13:45:47.463  1356  1366 I ActivityManager: START u0 {act=android.intent.action.MAIN cat=[android.intent.category.LAUNCHER] flg=0x10200000 cmp=io.appium.settings/.Settings} from uid 2000 on display 0
03-21 13:45:47.465  1356  1366 I ActivityManager: ActivityRecord info: ActivityInfo{1905f46 io.appium.settings.Settings}, euid: 0
03-21 13:45:47.470  1356  1366 V HwWindowManagerService: moveTaskToTop mTaskChanged:true
03-21 13:45:47.471  1356  1366 V HwWindowManagerService: moveTaskToTop mTaskChanged:true
03-21 13:45:47.472  1356  1366 V HwWindowManagerService: setFocusedApp update app ops, mTaskChanged set to:false
03-21 13:45:47.483  1356  2698 I ActivityManager: Start proc 27833:io.appium.settings/u0a11 for activity io.appium.settings/.Settings
03-21 13:45:47.483  1356  2698 I WindowManager: Taking screenshot from Surface with crop:[Rect(0, 72 - 1080, 1812)], width:[648], height:[1044], minLayer:[21025], maxLayer:[21025], inRotation:[false], rot:[0]
03-21 13:45:47.484 27833 27833 E SchedPolicy: open of dev/cpuctl/limit_fg/tasks failed: Permission denied
03-21 13:45:47.484 27833 27833 E SchedPolicy: open of dev/cpuctl/bg_non_interactive/limit_bg/tasks failed: Permission denied
03-21 13:45:47.501 27833 27833 D ActivityThread: ActivityThread,attachApplication
03-21 13:45:47.505  1356  2648 D ActivityManager: ActivityManagerService,attachApplication,callingPid = 27833
03-21 13:45:47.506  1356  2648 I WindowManager: rotationForOrientationLw(orient=-1, last=0); user=0 USER_ROTATION_LOCKED
03-21 13:45:47.506  1356  2648 I WindowManager: Application requested orientation -1, got rotation 0 which has compatible metrics
03-21 13:45:47.528  1356  1602 I HwNetworkPolicy: onTransact, code = 203
03-21 13:45:47.528  4806  4882 I HwNetworkPolicyManager: getHwUidPolicy uid = 10011 policy = 0
03-21 13:45:47.536  1356  2710 I HwNetworkPolicy: onTransact, code = 203
03-21 13:45:47.536  1911  2168 I HwNetworkPolicyManager: getHwUidPolicy uid = 10011 policy = 0
03-21 13:45:47.560 27833 27833 V ActivityThread: ActivityThread,callActivityOnCreate
03-21 13:45:47.580  1356  2698 D HwNetworkManagementService: code == CODE_GET_AD_KEY_LIST
03-21 13:45:47.580  1356  2698 D HwNetworkManagementService: appName = io.appium.settings  is not in the mAdViewMap! reply none
03-21 13:45:47.580  1356  2698 D HwNetworkManagementService: appName = io.appium.settings  is not in the mAdIdMap! reply none
03-21 13:45:47.634 27833 27833 D ActivityThread: add activity client record, r= ActivityRecord{dbd3d36 token=android.os.BinderProxy@7e1cfae {io.appium.settings/io.appium.settings.Settings}} token= android.os.BinderProxy@7e1cfae
03-21 13:45:47.650  1356  2710 V HwPhoneWindowManager: updateSystemUiColorLw window=Window{6447c2c u0 io.appium.settings/io.appium.settings.Settings},EmuiStyle=0,StatusBarColor=0xff000000,NavigationBarColor=0xff000000, mLastIsEmuiLightStyle=-1
03-21 13:45:47.651  1689  5602 I CommandQueue: updateBarBgColor
03-21 13:45:47.651  1689  5602 D CommandQueue: CommandQueue, setBarBackgroundColor
03-21 13:45:47.935  1356  1378 I WindowManager: Destroying surface Surface(name=Starting io.appium.settings) called by com.android.server.wm.WindowStateAnimator.destroySurface:2056 com.android.server.wm.WindowStateAnimator.destroySurfaceLocked:908 com.android.server.wm.WindowState.destroyOrSaveSurface:2201 com.android.server.wm.AppWindowToken.destroySurfaces:366 com.android.server.wm.WindowStateAnimator.finishExit:587 com.android.server.wm.WindowStateAnimator.stepAnimationLocked:513 com.android.server.wm.WindowAnimator.updateWindowsLocked:311 com.android.server.wm.WindowAnimator.animateLocked:738 
03-21 13:45:47.938 27869 27870 E SchedPolicy: open of dev/cpuctl/limit_fg/tasks failed: Permission denied
03-21 13:45:47.938 27869 27870 E SchedPolicy: open of dev/cpuctl/bg_non_interactive/limit_bg/tasks failed: Permission denied
03-21 13:45:48.256  1356  1367 I WindowManager: Destroying surface Surface(name=cn.dcpai.auction/cn.dcpai.auction.activity.MobileLoginActivity) called by com.android.server.wm.WindowStateAnimator.destroySurface:2056 com.android.server.wm.WindowStateAnimator.destroySurfaceLocked:908 com.android.server.wm.WindowState.destroyOrSaveSurface:2201 com.android.server.wm.AppWindowToken.destroySurfaces:366 com.android.server.wm.AppWindowToken.notifyAppStopped:392 com.android.server.wm.WindowManagerService.notifyAppStopped:4874 com.android.server.am.ActivityStack.activityStoppedLocked:1395 com.android.server.am.ActivityManagerService.activityStopped:7663 
03-21 13:45:48.541 27879 27888 E SchedPolicy: open of dev/cpuctl/limit_fg/tasks failed: Permission denied
03-21 13:45:48.541 27879 27888 E SchedPolicy: open of dev/cpuctl/bg_non_interactive/limit_bg/tasks failed: Permission denied
03-21 13:45:48.637  1356  2650 V HwWindowManagerService: moveTaskToTop mTaskChanged:true
03-21 13:45:48.638  1356  2650 V HwWindowManagerService: setFocusedApp update app ops, mTaskChanged set to:false
03-21 13:45:48.649  1356  2659 I WindowManager: rotationForOrientationLw(orient=1, last=0); user=0 USER_ROTATION_LOCKED
03-21 13:45:48.649  1356  2659 I WindowManager: Application requested orientation 1, got rotation 0 which has compatible metrics
03-21 13:45:48.655  1356  1989 I WindowManager: Taking screenshot from Surface with crop:[Rect(0, 72 - 1080, 1812)], width:[648], height:[1044], minLayer:[21000], maxLayer:[21030], inRotation:[false], rot:[0]
03-21 13:45:48.657 27892 27892 E SchedPolicy: open of dev/cpuctl/limit_fg/tasks failed: Permission denied
03-21 13:45:48.657 27892 27892 E SchedPolicy: open of dev/cpuctl/bg_non_interactive/limit_bg/tasks failed: Permission denied
03-21 13:45:48.684  1356  2189 I HwNetworkPolicy: onTransact, code = 203
03-21 13:45:48.684  1911  2168 I HwNetworkPolicyManager: getHwUidPolicy uid = 10403 policy = 0
03-21 13:45:48.688  1356  2569 I HwNetworkPolicy: onTransact, code = 203
03-21 13:45:48.688  4806  4882 I HwNetworkPolicyManager: getHwUidPolicy uid = 10403 policy = 0
03-21 13:45:48.695  1356  2189 V HwPhoneWindowManager: updateSystemUiColorLw window=Window{76c93aa u0 cn.dcpai.auction/cn.dcpai.auction.activity.MobileLoginActivity},EmuiStyle=0,StatusBarColor=0x0,NavigationBarColor=0xff000000, mLastIsEmuiLightStyle=-1
03-21 13:45:48.696  1689  1702 I CommandQueue: updateBarBgColor
03-21 13:45:48.696  1689  1702 D CommandQueue: CommandQueue, setBarBackgroundColor
03-21 13:45:48.759  1356  1389 W PackageManager: Attempt to re-install io.appium.android.ime without first uninstalling.
03-21 13:45:48.759  1356  1369 I ActivityManager: Force stopping io.appium.android.ime appid=10012 user=-1: installPackageLI
03-21 13:45:48.759  1356  1369 I ActivityManager: Killing 21780:io.appium.android.ime/u0a12 (adj 200): stop io.appium.android.imeinstallPackageLI
03-21 13:45:48.759  1356  1369 D ActivityManager: cleanUpApplicationRecord -- 21780
03-21 13:45:48.759  1356  1369 W ActivityManager: Scheduling restart of crashed service io.appium.android.ime/.UnicodeIME in 1000ms
03-21 13:45:48.761  1356  1369 I ActivityManager:   Force stopping service ServiceRecord{c610744 u0 euid: 0 io.appium.android.ime/.UnicodeIME}
03-21 13:45:48.762  1356  1369 D HwBroadcastQueue: cleanupDisabledPackageReceiversLocked for userId -1
03-21 13:45:48.762  1356  1369 D HwBroadcastQueue: cleanupDisabledPackageReceiversLocked for userId -1
03-21 13:45:48.762  1356  1369 D HwBroadcastQueue: cleanupDisabledPackageReceiversLocked for userId -1
03-21 13:45:48.762  1356  1369 D HwBroadcastQueue: cleanupDisabledPackageReceiversLocked for userId -1
03-21 13:45:48.762  1356  1369 D HwBroadcastQueue: cleanupDisabledPackageReceiversLocked for userId -1
03-21 13:45:48.762  1356  1369 D HwBroadcastQueue: cleanupDisabledPackageReceiversLocked for userId -1
03-21 13:45:48.777  1356  1389 I HwFrameworkMonitor: Monitor for 907400000
03-21 13:45:48.784  1356  1989 D ActivityManager: Skipping, withExcluded: false, tr.intent:Intent { act=android.intent.action.MAIN cat=[android.intent.category.LAUNCHER] flg=0x10a00000 cmp=io.appium.settings/.Settings }
03-21 13:45:48.784  1356  1989 D ActivityManager: Skipping, home stack task: TaskRecord{4308323 #581 A=com.huawei.android.launcher U=0 StackId=0 sz=1}
03-21 13:45:48.784  1356  1989 D ActivityManager: Skipping, withExcluded: false, tr.intent:Intent { act=android.deviceinfo.chooser.action.LAUNCH flg=0x10800000 pkg=com.android.settings cmp=com.android.settings/.deviceinfo.UsbConnModeChooserActivity }
03-21 13:45:48.784  1356  1989 D ActivityManager: Skipping, withExcluded: false, tr.intent:Intent { act=android.intent.action.MAIN cat=[android.intent.category.HOME] flg=0x10800300 cmp=com.android.settings/.FallbackHome }
03-21 13:45:48.785  1356  2189 D ActivityManager: Skipping, withExcluded: false, tr.intent:Intent { act=android.intent.action.MAIN cat=[android.intent.category.LAUNCHER] flg=0x10a00000 cmp=io.appium.settings/.Settings }
03-21 13:45:48.785  1356  2189 D ActivityManager: Skipping, home stack task: TaskRecord{4308323 #581 A=com.huawei.android.launcher U=0 StackId=0 sz=1}
03-21 13:45:48.785  1356  2189 D ActivityManager: Skipping, withExcluded: false, tr.intent:Intent { act=android.deviceinfo.chooser.action.LAUNCH flg=0x10800000 pkg=com.android.settings cmp=com.android.settings/.deviceinfo.UsbConnModeChooserActivity }
03-21 13:45:48.786  1356  2189 D ActivityManager: Skipping, withExcluded: false, tr.intent:Intent { act=android.intent.action.MAIN cat=[android.intent.category.HOME] flg=0x10800300 cmp=com.android.settings/.FallbackHome }
03-21 13:45:49.312 27904 27916 E SchedPolicy: open of dev/cpuctl/limit_fg/tasks failed: Permission denied
03-21 13:45:49.312 27904 27916 E SchedPolicy: open of dev/cpuctl/bg_non_interactive/limit_bg/tasks failed: Permission denied
03-21 13:45:49.503 27833 27833 D ActivityThread: Remove activity client record, r= ActivityRecord{dbd3d36 token=android.os.BinderProxy@7e1cfae {io.appium.settings/io.appium.settings.Settings}} token= android.os.BinderProxy@7e1cfae
03-21 13:45:49.505  1356  1979 I WindowManager: Destroying surface Surface(name=io.appium.settings/io.appium.settings.Settings) called by com.android.server.wm.WindowStateAnimator.destroySurface:2056 com.android.server.wm.WindowStateAnimator.destroySurfaceLocked:908 com.android.server.wm.WindowState.removeLocked:1534 com.android.server.wm.WindowManagerService.removeWindowInnerLocked:2772 com.android.server.wm.WindowManagerService.removeWindowInnerLocked:2735 com.android.server.wm.WindowManagerService.removeWindowLocked:2724 com.android.server.wm.WindowManagerService.removeWindowLocked:2593 com.android.server.wm.WindowManagerService.removeWindow:2588 
03-21 13:45:49.872 27918 27929 E SchedPolicy: open of dev/cpuctl/limit_fg/tasks failed: Permission denied
03-21 13:45:49.872 27918 27929 E SchedPolicy: open of dev/cpuctl/bg_non_interactive/limit_bg/tasks failed: Permission denied
03-21 13:45:50.414 27931 27943 E SchedPolicy: open of dev/cpuctl/limit_fg/tasks failed: Permission denied
03-21 13:45:50.414 27931 27943 E SchedPolicy: open of dev/cpuctl/bg_non_interactive/limit_bg/tasks failed: Permission denied
03-21 13:45:50.901 27945 27953 E SchedPolicy: open of dev/cpuctl/limit_fg/tasks failed: Permission denied
03-21 13:45:50.901 27945 27953 E SchedPolicy: open of dev/cpuctl/bg_non_interactive/limit_bg/tasks failed: Permission denied
03-21 13:45:51.786  1356  1606 E TaskPersister: File error accessing recents directory (directory doesn't exist?).
03-21 13:45:51.957 27965 27973 E SchedPolicy: open of dev/cpuctl/limit_fg/tasks failed: Permission denied
03-21 13:45:51.957 27965 27973 E SchedPolicy: open of dev/cpuctl/bg_non_interactive/limit_bg/tasks failed: Permission denied
03-21 13:45:52.844 27982 27990 E SchedPolicy: open of dev/cpuctl/limit_fg/tasks failed: Permission denied
03-21 13:45:52.845 27982 27990 E SchedPolicy: open of dev/cpuctl/bg_non_interactive/limit_bg/tasks failed: Permission denied
03-21 13:45:54.538  1356  2701 W WindowManager: Attempted to remove non-existing token: android.os.Binder@ad5546e
03-21 13:45:54.582  1356  2701 I [SPMN]  : insert SECURE -- name = accessibility_enabled, package = android, user = 0, value = 0
03-21 13:45:55.079 28023 28036 E SchedPolicy: open of dev/cpuctl/limit_fg/tasks failed: Permission denied
03-21 13:45:55.079 28023 28036 E SchedPolicy: open of dev/cpuctl/bg_non_interactive/limit_bg/tasks failed: Permission denied
03-21 13:45:55.552 28038 28052 E SchedPolicy: open of dev/cpuctl/limit_fg/tasks failed: Permission denied
03-21 13:45:55.552 28038 28052 E SchedPolicy: open of dev/cpuctl/bg_non_interactive/limit_bg/tasks failed: Permission denied
03-21 13:45:55.556  1356  2696 I ActivityManager: Force stopping cn.dcpai.auction appid=10403 user=0: from pid 28038by app
03-21 13:45:55.556  1356  2696 I ActivityManager: Killing 21966:cn.dcpai.auction/u0a403 (adj 0): stop cn.dcpai.auctionfrom pid 28038by app
03-21 13:45:55.557  1356  2696 D ActivityManager: cleanUpApplicationRecord -- 21966
03-21 13:45:55.557  1356  1371 I libprocessgroup: Killing pid 27093 in uid 10403 as part of process group 21966
03-21 13:45:55.558  1356  2696 W ActivityManager: Force removing ActivityRecord{d0488dd u0 cn.dcpai.auction/.activity.MobileLoginActivity t617}: app died, no saved state
03-21 13:45:55.563  1356  1371 I libprocessgroup: Killing pid 27093 in uid 10403 as part of process group 21966
03-21 13:45:55.568  1356  1371 I libprocessgroup: Killing pid 27093 in uid 10403 as part of process group 21966
03-21 13:45:55.573  1356  2696 I WindowManager: Destroying surface Surface(name=cn.dcpai.auction/cn.dcpai.auction.activity.MobileLoginActivity) called by com.android.server.wm.WindowStateAnimator.destroySurface:2056 com.android.server.wm.WindowStateAnimator.destroySurfaceLocked:908 com.android.server.wm.WindowState.removeLocked:1534 com.android.server.wm.WindowManagerService.removeWindowInnerLocked:2772 com.android.server.wm.WindowManagerService.removeWindowInnerLocked:2735 com.android.server.wm.WindowManagerService.removeWindowLocked:2724 com.android.server.wm.WindowManagerService.removeWindowLocked:2593 com.android.server.wm.AppWindowToken.removeAllWindows:534 
03-21 13:45:55.591 28056 28056 E SchedPolicy: open of dev/cpuctl/limit_fg/tasks failed: Permission denied
03-21 13:45:55.591 28056 28056 E SchedPolicy: open of dev/cpuctl/bg_non_interactive/limit_bg/tasks failed: Permission denied
03-21 13:45:55.592  1356  2696 I ActivityManager: Start proc 28056:cn.dcpai.auction/u0a403 for activity cn.dcpai.auction/.activity.LoginMainActivity
03-21 13:45:55.592  1356  2696 I ActivityManager: Killing 22025:cn.dcpai.auction:pushcore/u0a403 (adj 100): stop cn.dcpai.auctionfrom pid 28038by app
03-21 13:45:55.593  1356  2696 D ActivityManager: cleanUpApplicationRecord -- 22025
03-21 13:45:55.593  1356  2696 W ActivityManager: Scheduling restart of crashed service cn.dcpai.auction/cn.jpush.android.service.PushService in 1000ms
03-21 13:45:55.597  1356  2696 I ActivityManager:   Force finishing activity ActivityRecord{a2a9d78 u0 cn.dcpai.auction/.MainActivity t617}
03-21 13:45:55.599  1356  2696 I ActivityManager:   Force finishing activity ActivityRecord{5193d92 u0 cn.dcpai.auction/.activity.LoginMainActivity t617}
03-21 13:45:55.608 28056 28056 D ActivityThread: ActivityThread,attachApplication
03-21 13:45:55.612  1356  2696 I ActivityManager:   Force stopping service ServiceRecord{e1b294 u0 euid: 0 cn.dcpai.auction/cn.jpush.android.service.PushService}
03-21 13:45:55.613  1356  2696 D HwBroadcastQueue: cleanupDisabledPackageReceiversLocked for userId 0
03-21 13:45:55.613  1356  2696 D HwBroadcastQueue: cleanupDisabledPackageReceiversLocked for userId 0
03-21 13:45:55.613  1356  2696 D HwBroadcastQueue: cleanupDisabledPackageReceiversLocked for userId 0
03-21 13:45:55.613  1356  2696 D HwBroadcastQueue: cleanupDisabledPackageReceiversLocked for userId 0
03-21 13:45:55.613  1356  2696 D HwBroadcastQueue: cleanupDisabledPackageReceiversLocked for userId 0
03-21 13:45:55.613  1356  2696 D HwBroadcastQueue: cleanupDisabledPackageReceiversLocked for userId 0
03-21 13:45:55.617  1356  2696 I WindowManager: rotationForOrientationLw(orient=-1, last=0); user=0 USER_ROTATION_LOCKED
03-21 13:45:55.617  1356  2696 I WindowManager: Application requested orientation -1, got rotation 0 which has compatible metrics
03-21 13:45:55.624  1356  2696 I ActivityManager: Force stopping cn.dcpai.auction appid=10403 user=10: from pid 28038by app
03-21 13:45:55.625  1356  2696 D HwBroadcastQueue: cleanupDisabledPackageReceiversLocked for userId 10
03-21 13:45:55.625  1356  2696 D HwBroadcastQueue: cleanupDisabledPackageReceiversLocked for userId 10
03-21 13:45:55.625  1356  2696 D HwBroadcastQueue: cleanupDisabledPackageReceiversLocked for userId 10
03-21 13:45:55.625  1356  2696 D HwBroadcastQueue: cleanupDisabledPackageReceiversLocked for userId 10
03-21 13:45:55.625  1356  2696 D HwBroadcastQueue: cleanupDisabledPackageReceiversLocked for userId 10
03-21 13:45:55.625  1356  2696 D HwBroadcastQueue: cleanupDisabledPackageReceiversLocked for userId 10
03-21 13:45:55.626  1356  2710 D ActivityManager: ActivityManagerService,attachApplication,callingPid = 28056
03-21 13:45:55.629  1356  1482 E ProcessInfoCollector: getProcessInfo: failed to find this proc 
03-21 13:45:55.639  1356  2656 I HwNetworkPolicy: onTransact, code = 203
03-21 13:45:55.639  1911  2168 I HwNetworkPolicyManager: getHwUidPolicy uid = 1000 policy = 0
03-21 13:45:55.640  1356  1356 I HwCoreAppHelperService: LocalReceiver receives:android.intent.action.PACKAGE_RESTARTED,pkg:cn.dcpai.auction,uid:10403
03-21 13:45:55.641  1356  1356 I HwCoreAppHelperService: LocalReceiver receives:android.intent.action.PACKAGE_RESTARTED,pkg:cn.dcpai.auction,uid:1010403
03-21 13:45:55.644  1356  2699 I HwNetworkPolicy: onTransact, code = 203
03-21 13:45:55.644  4806  4882 I HwNetworkPolicyManager: getHwUidPolicy uid = 1000 policy = 0
03-21 13:45:55.682  1356  1979 V HwPhoneWindowManager: updateSystemUiColorLw window=Window{a70125e u0 com.android.settings/com.android.settings.HWSettings},EmuiStyle=1,StatusBarColor=0xfffcfcfc,NavigationBarColor=0xfffcfcfc, mLastIsEmuiLightStyle=1
03-21 13:45:55.682  1689  1845 I CommandQueue: updateBarBgColor
03-21 13:45:55.682  1689  1845 D CommandQueue: CommandQueue, setBarBackgroundColor
03-21 13:45:55.698  1356  2710 I WindowManager: WIN DEATH: Window{5fb8151 u0 cn.dcpai.auction/cn.dcpai.auction.activity.LoginMainActivity}
03-21 13:45:55.702  1356  1963 I WindowManager: WIN DEATH: Window{c051045 u0 cn.dcpai.auction/cn.dcpai.auction.MainActivity}
03-21 13:45:55.726  1356  2656 W ActivityManager: getRunningAppProcesses: caller 10403 does not hold REAL_GET_TASKS; limiting output
03-21 13:45:55.739 28077 28077 E SchedPolicy: open of dev/cpuctl/limit_fg/tasks failed: Permission denied
03-21 13:45:55.739 28077 28077 E SchedPolicy: open of dev/cpuctl/bg_non_interactive/limit_bg/tasks failed: Permission denied
03-21 13:45:55.739  1356  2699 I ActivityManager: Start proc 28077:io.appium.android.ime/u0a12 for service io.appium.android.ime/.UnicodeIME
03-21 13:45:55.740  1356  2699 V InputMethodManagerService: Adding window token: android.os.Binder@3698752
03-21 13:45:55.761  1356  1602 W ActivityManager: getRunningAppProcesses: caller 10403 does not hold REAL_GET_TASKS; limiting output
03-21 13:45:55.874 28077 28077 D ActivityThread: ActivityThread,attachApplication
03-21 13:45:55.875  1356  2699 D ActivityManager: ActivityManagerService,attachApplication,callingPid = 28077
03-21 13:45:55.909  1356  2717 I ActivityManager: Start proc 28116:cn.dcpai.auction:pushcore/u0a403 for service cn.dcpai.auction/cn.jpush.android.service.PushService
03-21 13:45:55.914 28116 28116 E SchedPolicy: open of dev/cpuctl/limit_fg/tasks failed: Permission denied
03-21 13:45:55.914 28116 28116 E SchedPolicy: open of dev/cpuctl/bg_non_interactive/limit_bg/tasks failed: Permission denied
03-21 13:45:55.924 28116 28116 D ActivityThread: ActivityThread,attachApplication
03-21 13:45:55.925  1356  2569 D ActivityManager: ActivityManagerService,attachApplication,callingPid = 28116
03-21 13:45:55.929  1356  2659 D HwNetworkManagementService: code == CODE_GET_AD_KEY_LIST
03-21 13:45:55.929  1356  2659 D HwNetworkManagementService: appName = io.appium.android.ime  is not in the mAdViewMap! reply none
03-21 13:45:55.929  1356  2659 D HwNetworkManagementService: appName = io.appium.android.ime  is not in the mAdIdMap! reply none
03-21 13:45:55.930  1356  1482 E ProcessInfoCollector: getProcessInfo: failed to find this proc 
03-21 13:45:56.010  1356  1964 W ActivityManager: getRunningAppProcesses: caller 10403 does not hold REAL_GET_TASKS; limiting output
03-21 13:45:56.027  1356  2697 W ActivityManager: getRunningAppProcesses: caller 10403 does not hold REAL_GET_TASKS; limiting output
03-21 13:45:56.071  1356  1369 V HwWindowManagerService: moveTaskToTop mTaskChanged:true
03-21 13:45:56.074  1356  1369 V HwWindowManagerService: setFocusedApp update app ops, mTaskChanged set to:false
03-21 13:45:56.099  1356  2569 I WindowManager: rotationForOrientationLw(orient=1, last=0); user=0 USER_ROTATION_LOCKED
03-21 13:45:56.099  1356  2569 I WindowManager: Application requested orientation 1, got rotation 0 which has compatible metrics
03-21 13:45:56.104  1356  2698 I WindowManager: Taking screenshot from Surface with crop:[Rect(0, 72 - 1080, 1812)], width:[648], height:[1044], minLayer:[21005], maxLayer:[21005], inRotation:[false], rot:[0]
03-21 13:45:56.138  1356  2650 I HwNetworkPolicy: onTransact, code = 203
03-21 13:45:56.138  1356  2189 I HwNetworkPolicy: onTransact, code = 203
03-21 13:45:56.139  1911  2168 I HwNetworkPolicyManager: getHwUidPolicy uid = 10051 policy = 0
03-21 13:45:56.139  4806  4882 I HwNetworkPolicyManager: getHwUidPolicy uid = 10051 policy = 0
03-21 13:45:56.181  1356  2656 V HwPhoneWindowManager: updateSystemUiColorLw window=Window{b777d72 u0 com.huawei.android.launcher/com.huawei.android.launcher.unihome.UniHomeLauncher},EmuiStyle=-1,StatusBarColor=0xfffcfcfc,NavigationBarColor=0x0, mLastIsEmuiLightStyle=-1
03-21 13:45:56.191 28100 28164 E SchedPolicy: open of dev/cpuctl/limit_fg/tasks failed: Permission denied
03-21 13:45:56.192 28100 28164 E SchedPolicy: open of dev/cpuctl/bg_non_interactive/limit_bg/tasks failed: Permission denied
03-21 13:45:56.194  1689  1702 I CommandQueue: updateBarBgColor
03-21 13:45:56.194  1689  1702 D CommandQueue: CommandQueue, setBarBackgroundColor
03-21 13:45:56.202  1356  1485 I ActivityManager: START u0 {act=android.intent.action.MAIN cat=[android.intent.category.HOME] flg=0x10200200 cmp=com.huawei.android.launcher/.unihome.UniHomeLauncher (has extras)} from uid 1000 on display 0
03-21 13:45:56.202  1356  1485 I ActivityManager: ActivityRecord info: ActivityInfo{69d8213 com.huawei.android.launcher.unihome.UniHomeLauncher}, euid: 0
03-21 13:45:56.207  1356  1485 V HwWindowManagerService: moveTaskToTop mTaskChanged:true
03-21 13:45:56.216  1356  2656 I HwNetworkPolicy: onTransact, code = 14
03-21 13:45:56.245  1356  1979 D ActivityManager: Skipping, home stack task: TaskRecord{4308323 #581 A=com.huawei.android.launcher U=0 StackId=0 sz=1}
03-21 13:45:56.245  1356  1979 D ActivityManager: Skipping, withExcluded: false, tr.intent:Intent { act=android.intent.action.MAIN cat=[android.intent.category.LAUNCHER] flg=0x10a00000 cmp=io.appium.settings/.Settings }
03-21 13:45:56.245  1356  1979 D ActivityManager: Skipping, withExcluded: false, tr.intent:Intent { act=android.deviceinfo.chooser.action.LAUNCH flg=0x10800000 pkg=com.android.settings cmp=com.android.settings/.deviceinfo.UsbConnModeChooserActivity }
03-21 13:45:56.245  1356  1979 D ActivityManager: Skipping, withExcluded: false, tr.intent:Intent { act=android.intent.action.MAIN cat=[android.intent.category.HOME] flg=0x10800300 cmp=com.android.settings/.FallbackHome }
03-21 13:45:56.250  1356  2569 D ActivityManager: Skipping, home stack task: TaskRecord{4308323 #581 A=com.huawei.android.launcher U=0 StackId=0 sz=1}
03-21 13:45:56.250  1356  2569 D ActivityManager: Skipping, withExcluded: false, tr.intent:Intent { act=android.intent.action.MAIN cat=[android.intent.category.LAUNCHER] flg=0x10a00000 cmp=io.appium.settings/.Settings }
03-21 13:45:56.250  1356  2569 D ActivityManager: Skipping, withExcluded: false, tr.intent:Intent { act=android.deviceinfo.chooser.action.LAUNCH flg=0x10800000 pkg=com.android.settings cmp=com.android.settings/.deviceinfo.UsbConnModeChooserActivity }
03-21 13:45:56.250  1356  2569 D ActivityManager: Skipping, withExcluded: false, tr.intent:Intent { act=android.intent.action.MAIN cat=[android.intent.category.HOME] flg=0x10800300 cmp=com.android.settings/.FallbackHome }
03-21 13:45:56.324  1356  1602 W ActivityManager: Unable to start service Intent { cmp=com.huawei.android.totemweather/com.amap.api.location.APSService (has extras) } U=0: not found
03-21 13:45:56.352  1356  2189 W ActivityManager: getRunningAppProcesses: caller 10025 does not hold REAL_GET_TASKS; limiting output
03-21 13:45:56.473  1356  1989 W ActivityManager: getRunningAppProcesses: caller 10025 does not hold REAL_GET_TASKS; limiting output
03-21 13:45:56.488  1356  1367 W ActivityManager: Unbind failed: could not find connection for android.os.BinderProxy@fdc165a
03-21 13:45:56.548  1356  2569 W ActivityManager: getRunningAppProcesses: caller 10403 does not hold REAL_GET_TASKS; limiting output
03-21 13:45:56.580  1356  1366 W ActivityManager: getRunningAppProcesses: caller 10025 does not hold REAL_GET_TASKS; limiting output
03-21 13:45:56.645 28075 28207 E SchedPolicy: open of dev/cpuctl/limit_fg/tasks failed: Permission denied
03-21 13:45:56.645 28075 28207 E SchedPolicy: open of dev/cpuctl/bg_non_interactive/limit_bg/tasks failed: Permission denied
03-21 13:45:56.645  1356  1963 I WindowManager: Destroying surface Surface(name=com.android.settings/com.android.settings.HWSettings) called by com.android.server.wm.WindowStateAnimator.destroySurface:2056 com.android.server.wm.WindowStateAnimator.destroySurfaceLocked:908 com.android.server.wm.WindowState.destroyOrSaveSurface:2201 com.android.server.wm.WindowManagerService.tryStartExitingAnimation:3332 com.android.server.wm.WindowManagerService.relayoutWindow:3212 com.android.server.wm.Session.relayout:224 android.view.IWindowSession$Stub.onTransact:286 com.android.server.wm.Session.onTransact:145 
03-21 13:45:56.667  1356  2651 I [SPMN]  : insert SECURE -- name = accessibility_enabled, package = android, user = 0, value = 1
03-21 13:45:56.669  1356  1356 I [SPMN]  : insert SECURE -- name = accessibility_enabled, package = android, user = 0, value = 1
03-21 13:45:56.710 28177 28225 E SchedPolicy: open of dev/cpuctl/limit_fg/tasks failed: Permission denied
03-21 13:45:56.710 28177 28225 E SchedPolicy: open of dev/cpuctl/bg_non_interactive/limit_bg/tasks failed: Permission denied
03-21 13:45:56.737  1356  2650 I ActivityManager: Force stopping io.appium.unlock appid=10021 user=0: from pid 28177by app
03-21 13:45:56.741  1356  2650 D HwBroadcastQueue: cleanupDisabledPackageReceiversLocked for userId 0
03-21 13:45:56.741  1356  2650 D HwBroadcastQueue: cleanupDisabledPackageReceiversLocked for userId 0
03-21 13:45:56.741  1356  2650 D HwBroadcastQueue: cleanupDisabledPackageReceiversLocked for userId 0
03-21 13:45:56.741  1356  2650 D HwBroadcastQueue: cleanupDisabledPackageReceiversLocked for userId 0
03-21 13:45:56.741  1356  2650 D HwBroadcastQueue: cleanupDisabledPackageReceiversLocked for userId 0
03-21 13:45:56.741  1356  2650 D HwBroadcastQueue: cleanupDisabledPackageReceiversLocked for userId 0
03-21 13:45:56.743  1356  2650 I ActivityManager: Force stopping io.appium.unlock appid=10021 user=10: from pid 28177by app
03-21 13:45:56.746  1356  2650 D HwBroadcastQueue: cleanupDisabledPackageReceiversLocked for userId 10
03-21 13:45:56.746  1356  2650 D HwBroadcastQueue: cleanupDisabledPackageReceiversLocked for userId 10
03-21 13:45:56.746  1356  2650 D HwBroadcastQueue: cleanupDisabledPackageReceiversLocked for userId 10
03-21 13:45:56.746  1356  2650 D HwBroadcastQueue: cleanupDisabledPackageReceiversLocked for userId 10
03-21 13:45:56.746  1356  2650 D HwBroadcastQueue: cleanupDisabledPackageReceiversLocked for userId 10
03-21 13:45:56.746  1356  2650 D HwBroadcastQueue: cleanupDisabledPackageReceiversLocked for userId 10
03-21 13:45:56.763  1356  1356 I HwCoreAppHelperService: LocalReceiver receives:android.intent.action.PACKAGE_RESTARTED,pkg:io.appium.unlock,uid:10021
03-21 13:45:56.764  1356  1356 I HwCoreAppHelperService: LocalReceiver receives:android.intent.action.PACKAGE_RESTARTED,pkg:io.appium.unlock,uid:1010021
03-21 13:45:56.784  1356  2698 W ActivityManager_service: prevent by hsm Will not start service Intent { flg=0x20 cmp=com.netease.newsreader.activity/cn.jpush.android.service.DaemonService (has extras) } U=0: force null
03-21 13:45:56.784  1356  2698 W ActivityManager: Unable to start service Intent { flg=0x20 cmp=com.netease.newsreader.activity/cn.jpush.android.service.DaemonService (has extras) } U=0: not found
03-21 13:45:56.800  1356  2717 W ActivityManager_service: prevent by hsm Will not start service Intent { flg=0x20 cmp=com.netease.newsreader.activity/cn.jpush.android.service.DaemonService (has extras) } U=0: force null
03-21 13:45:56.800  1356  2717 W ActivityManager: Unable to start service Intent { flg=0x20 cmp=com.netease.newsreader.activity/cn.jpush.android.service.DaemonService (has extras) } U=0: not found
03-21 13:45:56.811  1356  2701 W ActivityManager_service: prevent by hsm Will not start service Intent { flg=0x20 cmp=com.ludashi.benchmark/cn.jpush.android.service.DaemonService (has extras) } U=0: force null
03-21 13:45:56.811  1356  2701 W ActivityManager: Unable to start service Intent { flg=0x20 cmp=com.ludashi.benchmark/cn.jpush.android.service.DaemonService (has extras) } U=0: not found
03-21 13:45:56.814  1356  1989 W ActivityManager_service: prevent by hsm Will not start service Intent { flg=0x20 cmp=com.ludashi.benchmark/cn.jpush.android.service.DaemonService (has extras) } U=0: force null
03-21 13:45:56.814  1356  1989 W ActivityManager: Unable to start service Intent { flg=0x20 cmp=com.ludashi.benchmark/cn.jpush.android.service.DaemonService (has extras) } U=0: not found
03-21 13:45:56.820 28116 28213 E ActivityThread: Failed to find provider info for com.ludashi.benchmark.DownloadProvider
03-21 13:45:56.824  1356  2659 W ActivityManager_service: prevent by hsm Will not start service Intent { flg=0x20 cmp=com.ss.android.article.news/com.ss.android.push.jpush.alive.JiPushDaemonService (has extras) } U=0: force null
03-21 13:45:56.825  1356  2659 W ActivityManager: Unable to start service Intent { flg=0x20 cmp=com.ss.android.article.news/com.ss.android.push.jpush.alive.JiPushDaemonService (has extras) } U=0: not found
03-21 13:45:56.836  1356  2189 W ActivityManager_service: prevent by hsm Will not start service Intent { flg=0x20 cmp=com.ss.android.article.news/com.ss.android.push.jpush.alive.JiPushDaemonService (has extras) } U=0: force null
03-21 13:45:56.837  1356  2189 W ActivityManager: Unable to start service Intent { flg=0x20 cmp=com.ss.android.article.news/com.ss.android.push.jpush.alive.JiPushDaemonService (has extras) } U=0: not found
03-21 13:45:56.850 28116 28213 E ActivityThread: Failed to find provider info for com.ss.android.article.news.DownloadProvider
03-21 13:45:57.254  1356  2648 D CountryDetector: isValidCountryIso: CN
03-21 13:45:57.646 28238 28257 E SchedPolicy: open of dev/cpuctl/limit_fg/tasks failed: Permission denied
03-21 13:45:57.646 28238 28257 E SchedPolicy: open of dev/cpuctl/bg_non_interactive/limit_bg/tasks failed: Permission denied
03-21 13:45:57.649  1356  1964 I ActivityManager: Force stopping cn.dcpai.auction appid=10403 user=0: from pid 28238by app
03-21 13:45:57.649  1356  1964 I ActivityManager: Killing 28056:cn.dcpai.auction/u0a403 (adj 700): stop cn.dcpai.auctionfrom pid 28238by app
03-21 13:45:57.649  1356  1964 D ActivityManager: cleanUpApplicationRecord -- 28056
03-21 13:45:57.650  1356  1964 I ActivityManager: Killing 28116:cn.dcpai.auction:pushcore/u0a403 (adj 500): stop cn.dcpai.auctionfrom pid 28238by app
03-21 13:45:57.651  1356  1964 D ActivityManager: cleanUpApplicationRecord -- 28116
03-21 13:45:57.651  1356  1964 W ActivityManager: Scheduling restart of crashed service cn.dcpai.auction/cn.jpush.android.service.PushService in 1000ms
03-21 13:45:57.656  1356  1964 D HwBroadcastQueue: cleanupDisabledPackageReceiversLocked for userId 0
03-21 13:45:57.656  1356  1964 D HwBroadcastQueue: cleanupDisabledPackageReceiversLocked for userId 0
03-21 13:45:57.656  1356  1964 D HwBroadcastQueue: cleanupDisabledPackageReceiversLocked for userId 0
03-21 13:45:57.656  1356  1964 D HwBroadcastQueue: cleanupDisabledPackageReceiversLocked for userId 0
03-21 13:45:57.656  1356  1964 D HwBroadcastQueue: cleanupDisabledPackageReceiversLocked for userId 0
03-21 13:45:57.656  1356  1964 D HwBroadcastQueue: cleanupDisabledPackageReceiversLocked for userId 0
03-21 13:45:57.670  1356  1356 I HwCoreAppHelperService: LocalReceiver receives:android.intent.action.PACKAGE_RESTARTED,pkg:cn.dcpai.auction,uid:10403
03-21 13:45:57.914  1356  2656 I ActivityManager: START u0 {flg=0x10000000 cmp=cn.dcpai.auction/.SplashActivity} from uid 2000 on display 0
03-21 13:45:57.916  1356  2656 I ActivityManager: ActivityRecord info: ActivityInfo{6ff427b cn.dcpai.auction.SplashActivity}, euid: 0
03-21 13:45:57.918  1356  2656 V HwWindowManagerService: moveTaskToTop mTaskChanged:true
03-21 13:45:57.919  1356  2656 V HwWindowManagerService: moveTaskToTop mTaskChanged:true
03-21 13:45:57.920  1356  2656 V HwWindowManagerService: setFocusedApp update app ops, mTaskChanged set to:false
03-21 13:45:57.933  1356  1367 I ActivityManager: Start proc 28260:cn.dcpai.auction/u0a403 for activity cn.dcpai.auction/.SplashActivity
03-21 13:45:57.935 28260 28260 E SchedPolicy: open of dev/cpuctl/limit_fg/tasks failed: Permission denied
03-21 13:45:57.935 28260 28260 E SchedPolicy: open of dev/cpuctl/bg_non_interactive/limit_bg/tasks failed: Permission denied
03-21 13:45:57.944 28260 28260 D ActivityThread: ActivityThread,attachApplication
03-21 13:45:57.944  1356  1636 D ActivityManager: ActivityManagerService,attachApplication,callingPid = 28260
03-21 13:45:57.963  1356  2698 I HwNetworkPolicy: onTransact, code = 203
03-21 13:45:57.964  1356  1979 I HwNetworkPolicy: onTransact, code = 203
03-21 13:45:57.964  4806  4882 I HwNetworkPolicyManager: getHwUidPolicy uid = 10403 policy = 0
03-21 13:45:57.965  1911  2168 I HwNetworkPolicyManager: getHwUidPolicy uid = 10403 policy = 0
03-21 13:45:58.009  1356  1636 W ActivityManager: getRunningAppProcesses: caller 10403 does not hold REAL_GET_TASKS; limiting output
03-21 13:45:58.017  1356  2698 W ActivityManager: getRunningAppProcesses: caller 10403 does not hold REAL_GET_TASKS; limiting output
03-21 13:45:58.057  1356  2189 I ActivityManager: Start proc 28300:cn.dcpai.auction:pushcore/u0a403 for service cn.dcpai.auction/cn.jpush.android.service.PushService
03-21 13:45:58.059 28300 28300 E SchedPolicy: open of dev/cpuctl/limit_fg/tasks failed: Permission denied
03-21 13:45:58.059 28300 28300 E SchedPolicy: open of dev/cpuctl/bg_non_interactive/limit_bg/tasks failed: Permission denied
03-21 13:45:58.066 28300 28300 D ActivityThread: ActivityThread,attachApplication
03-21 13:45:58.066  1356  2696 D ActivityManager: ActivityManagerService,attachApplication,callingPid = 28300
03-21 13:45:58.107  1356  2717 W ActivityManager: getRunningAppProcesses: caller 10403 does not hold REAL_GET_TASKS; limiting output
03-21 13:45:58.112 28260 28260 V ActivityThread: ActivityThread,callActivityOnCreate
03-21 13:45:58.113  1356  1989 W ActivityManager: getRunningAppProcesses: caller 10403 does not hold REAL_GET_TASKS; limiting output
03-21 13:45:58.120  1356  2659 D HwNetworkManagementService: code == CODE_GET_AD_KEY_LIST
03-21 13:45:58.120  1356  2659 D HwNetworkManagementService: appName = cn.dcpai.auction  is not in the mAdViewMap! reply none
03-21 13:45:58.120  1356  2659 D HwNetworkManagementService: appName = cn.dcpai.auction  is not in the mAdIdMap! reply none
03-21 13:45:58.185  1356  2657 W ActivityManager: getRunningAppProcesses: caller 10403 does not hold REAL_GET_TASKS; limiting output
03-21 13:45:58.239 28260 28260 D ActivityThread: add activity client record, r= ActivityRecord{b038e96 token=android.os.BinderProxy@a19599 {cn.dcpai.auction/cn.dcpai.auction.SplashActivity}} token= android.os.BinderProxy@a19599
03-21 13:45:58.282  1356  2710 V HwPhoneWindowManager: updateSystemUiColorLw window=Window{8bba341 u0 cn.dcpai.auction/cn.dcpai.auction.SplashActivity},EmuiStyle=0,StatusBarColor=0x0,NavigationBarColor=0xff000000, mLastIsEmuiLightStyle=-1
03-21 13:45:58.283  1689  5602 I CommandQueue: updateBarBgColor
03-21 13:45:58.283  1689  5602 D CommandQueue: CommandQueue, setBarBackgroundColor
03-21 13:45:58.321  1356  2657 W ActivityManager_service: prevent by hsm Will not start service Intent { flg=0x20 cmp=com.netease.newsreader.activity/cn.jpush.android.service.DaemonService (has extras) } U=0: force null
03-21 13:45:58.321  1356  2657 W ActivityManager: Unable to start service Intent { flg=0x20 cmp=com.netease.newsreader.activity/cn.jpush.android.service.DaemonService (has extras) } U=0: not found
03-21 13:45:58.328  1356  2710 W ActivityManager_service: prevent by hsm Will not start service Intent { flg=0x20 cmp=com.netease.newsreader.activity/cn.jpush.android.service.DaemonService (has extras) } U=0: force null
03-21 13:45:58.328  1356  2710 W ActivityManager: Unable to start service Intent { flg=0x20 cmp=com.netease.newsreader.activity/cn.jpush.android.service.DaemonService (has extras) } U=0: not found
03-21 13:45:58.330  1356  2717 W ActivityManager_service: prevent by hsm Will not start service Intent { flg=0x20 cmp=com.ludashi.benchmark/cn.jpush.android.service.DaemonService (has extras) } U=0: force null
03-21 13:45:58.330  1356  2717 W ActivityManager: Unable to start service Intent { flg=0x20 cmp=com.ludashi.benchmark/cn.jpush.android.service.DaemonService (has extras) } U=0: not found
03-21 13:45:58.334  1356  1989 W ActivityManager_service: prevent by hsm Will not start service Intent { flg=0x20 cmp=com.ludashi.benchmark/cn.jpush.android.service.DaemonService (has extras) } U=0: force null
03-21 13:45:58.334  1356  1989 W ActivityManager: Unable to start service Intent { flg=0x20 cmp=com.ludashi.benchmark/cn.jpush.android.service.DaemonService (has extras) } U=0: not found
03-21 13:45:58.339 28300 28361 E ActivityThread: Failed to find provider info for com.ludashi.benchmark.DownloadProvider
03-21 13:45:58.344  1356  2697 W ActivityManager_service: prevent by hsm Will not start service Intent { flg=0x20 cmp=com.ss.android.article.news/com.ss.android.push.jpush.alive.JiPushDaemonService (has extras) } U=0: force null
03-21 13:45:58.344  1356  2697 W ActivityManager: Unable to start service Intent { flg=0x20 cmp=com.ss.android.article.news/com.ss.android.push.jpush.alive.JiPushDaemonService (has extras) } U=0: not found
03-21 13:45:58.347  1356  2659 W ActivityManager_service: prevent by hsm Will not start service Intent { flg=0x20 cmp=com.ss.android.article.news/com.ss.android.push.jpush.alive.JiPushDaemonService (has extras) } U=0: force null
03-21 13:45:58.347  1356  2659 W ActivityManager: Unable to start service Intent { flg=0x20 cmp=com.ss.android.article.news/com.ss.android.push.jpush.alive.JiPushDaemonService (has extras) } U=0: not found
