03-21 13:46:19.254  4498  4498 I Step_LSC: 80000309|onStandStepChanged 0
03-21 13:46:19.263  1958  3001 D HwStepCounter: ReportProxy client : 1
03-21 13:46:19.263  1958  3001 I StepCounterRemoteProxy: Report client count 1
03-21 13:46:19.264  4498  4510 I Step_LSC: 80000309|onExtend:1553147179000 0 0 5
03-21 13:46:19.852  1356  1356 I chatty  : uid=1000 system_server expire 82 lines
03-21 13:46:21.069  1356  2701 I chatty  : uid=1000(system) Binder:1356_16 expire 20 lines
03-21 13:46:21.074 28544 28544 D KeyEvent: obtain, mHwFlags=0
03-21 13:46:21.076  1356  2697 I chatty  : uid=1000(system) Binder:1356_13 expire 10 lines
03-21 13:46:21.083 28544 28544 D KeyEvent: obtain, mHwFlags=0
03-21 13:46:21.087  1356  2710 I chatty  : uid=1000(system) Binder:1356_17 expire 17 lines
03-21 13:46:21.093 28544 28544 D KeyEvent: obtain, mHwFlags=0
03-21 13:46:21.097   438  1767 I gralloc : alloc_device_free:586: Free handle(0x7ec8e0fb00)
03-21 13:46:21.097   438  1767 I gralloc : alloc_device_free:586: Free handle(0x7ec8e0ff00)
03-21 13:46:21.124 28544 28544 D KeyEvent: obtain, mHwFlags=0
03-21 13:46:21.128  1356  1964 I chatty  : uid=1000(system) Binder:1356_6 expire 10 lines
03-21 13:46:21.131 28544 28544 D KeyEvent: obtain, mHwFlags=0
03-21 13:46:21.144  1356  1963 I chatty  : uid=1000(system) Binder:1356_5 expire 22 lines
03-21 13:46:21.148 28544 28544 D KeyEvent: obtain, mHwFlags=0
03-21 13:46:21.154 28544 28544 D KeyEvent: obtain, mHwFlags=0
03-21 13:46:21.167  1356  2657 I chatty  : uid=1000(system) Binder:1356_10 expire 12 lines
03-21 13:46:21.170 28544 28544 D KeyEvent: obtain, mHwFlags=0
03-21 13:46:21.176 28544 28544 D KeyEvent: obtain, mHwFlags=0
03-21 13:46:21.189  1356  1366 I chatty  : uid=1000(system) Binder:1356_1 expire 14 lines
03-21 13:46:21.190 28544 28544 D KeyEvent: obtain, mHwFlags=0
03-21 13:46:21.192  1356  2650 I chatty  : uid=1000(system) Binder:1356_D expire 11 lines
03-21 13:46:21.194 28544 28544 D KeyEvent: obtain, mHwFlags=0
03-21 13:46:21.206  1356  1979 I chatty  : uid=1000(system) Binder:1356_7 expire 11 lines
03-21 13:46:21.208 28544 28544 D KeyEvent: obtain, mHwFlags=0
03-21 13:46:21.214 28544 28544 D KeyEvent: obtain, mHwFlags=0
03-21 13:46:21.226  1356  2696 I chatty  : uid=1000(system) Binder:1356_12 expire 11 lines
03-21 13:46:21.227 28544 28544 D KeyEvent: obtain, mHwFlags=0
03-21 13:46:21.234  1958  1958 D HwStepCounter: onDeviceDataChanged
03-21 13:46:21.234  4498  4498 I Step_LSC: 80000309|onStandStepChanged 0
03-21 13:46:21.235  1958  1958 W HwStepCounter: version : 1
03-21 13:46:21.235  1958  1958 I HwStepCounter: dealReportData length 19
03-21 13:46:21.235  1958  1958 W HwStepCounter: abi 31 total 0 total floor 0 totalCar 1024 total dis 2048
03-21 13:46:21.235  1958  1958 W HwStepCounter: stepPace 4096 stepLength 8192 speed 16384 touchdown_ratio 32768 reserved1 0 reserved2 0
03-21 13:46:21.235  1958  1958 E HwStepCounter: dealReportData tm: 2019-03-21 13:46:21 steps_value[0] : 0 state_value[0]:0 level_value[0]:0
03-21 13:46:21.235  1958  1958 I HwStepCounter: ###### finish ####
03-21 13:46:21.236  1958  1958 I HwStepCounter: isBeginOfToday: 21 -> 21
03-21 13:46:21.236  1958  1958 I HwStepCounter: isBeginOfToday: false
03-21 13:46:21.236  1958  1958 I HwStepCounter: dealReportData: diff = 0
03-21 13:46:21.250  1958  3001 D HwStepCounter: ReportProxy client : 1
03-21 13:46:21.250  1958  3001 I StepCounterRemoteProxy: Report client count 1
03-21 13:46:21.251  4498  4509 I Step_LSC: 80000309|onExtend:1553147181000 0 0 0
03-21 13:46:21.279  1356  1378 I WindowManager: Destroying surface Surface(name=PopupWindow:5d212fa) called by com.android.server.wm.WindowStateAnimator.destroySurface:2056 com.android.server.wm.WindowStateAnimator.destroySurfaceLocked:908 com.android.server.wm.WindowState.destroyOrSaveSurface:2201 com.android.server.wm.AppWindowToken.destroySurfaces:366 com.android.server.wm.WindowStateAnimator.finishExit:587 com.android.server.wm.WindowStateAnimator.stepAnimationLocked:513 com.android.server.wm.WindowAnimator.updateWindowsLocked:311 com.android.server.wm.WindowAnimator.animateLocked:738 
03-21 13:46:21.295   438   438 I gralloc : alloc_device_free:586: Free handle(0x7ec8e41600)
03-21 13:46:22.185   438  1767 I gralloc : alloc_device_alloc:564: Alloc handle(0x7ec8e0ff00): interfmt=1, stride=512, size=925696, usage=0xb00
03-21 13:46:22.186   438  1767 I gralloc : alloc_device_alloc:564: Alloc handle(0x7ec8e0fb00): interfmt=1, stride=512, size=925696, usage=0xb00
03-21 13:46:22.186   438  1767 I gralloc : alloc_device_alloc:564: Alloc handle(0x7ec8e4ad00): interfmt=1, stride=512, size=925696, usage=0xb00
03-21 13:46:22.202  1356  2648 I chatty  : uid=1000(system) Binder:1356_C expire 30 lines
03-21 13:46:22.203  1945  2047 D AppTypeRecognise: input end-> front pkg: cn.dcpai.auction duraion:6702 touchs:0
03-21 13:46:22.213 28077 28077 I AppiumUnicodeIME: onFinishInput
03-21 13:46:22.213 28077 28077 I AppiumUnicodeIME: onStartInput
03-21 13:46:22.219  2397  3246 D PTM.ThermalAlarmInfo: TempThreshold: 35, Shell: 27
03-21 13:46:22.244   438   452 I gralloc : alloc_device_free:586: Free handle(0x7ec8e4a900)
03-21 13:46:22.457  1356  1378 I WindowManager: Destroying surface Surface(name=InputMethod) called by com.android.server.wm.WindowStateAnimator.destroySurface:2056 com.android.server.wm.WindowStateAnimator.destroySurfaceLocked:908 com.android.server.wm.WindowState.destroyOrSaveSurface:2201 com.android.server.wm.WindowSurfacePlacer.performSurfacePlacementInner:514 com.android.server.wm.WindowSurfacePlacer.performSurfacePlacementLoop:288 com.android.server.wm.WindowSurfacePlacer.performSurfacePlacement:230 com.android.server.wm.WindowManagerService$H.handleMessage:8673 android.os.Handler.dispatchMessage:105 
03-21 13:46:22.460   438   451 I gralloc : alloc_device_free:586: Free handle(0x7ec8e0ff00)
03-21 13:46:22.460   438   451 I gralloc : alloc_device_free:586: Free handle(0x7ec8e0fb00)
03-21 13:46:22.473   438   438 I gralloc : alloc_device_free:586: Free handle(0x7ec8e65800)
03-21 13:46:22.483  1356  2697 W ActivityManager: getRunningAppProcesses: caller 10403 does not hold REAL_GET_TASKS; limiting output
03-21 13:46:22.513 28260 28600 I chatty  : uid=10403(cn.dcpai.auction) expire 207 lines
03-21 13:46:22.560  1356  2717 I chatty  : uid=1000(system) Binder:1356_18 expire 7 lines
03-21 13:46:22.613  1356  2656 W ActivityManager: getRunningAppProcesses: caller 10403 does not hold REAL_GET_TASKS; limiting output
03-21 13:46:22.671  1356  1366 V HwWindowManagerService: moveTaskToTop mTaskChanged:true
03-21 13:46:22.671  1356  1366 V HwWindowManagerService: setFocusedApp update app ops, mTaskChanged set to:false
03-21 13:46:22.676  1356  2699 D HwInputMethodManagerService: windowGainedFocus  isPasswordType(attribute) = true
03-21 13:46:22.678 28077 28077 I AppiumUnicodeIME: onFinishInput
03-21 13:46:22.678 28077 28077 I AppiumUnicodeIME: onStartInput
03-21 13:46:22.689  1356  2657 V WindowManager: Skipping AppWindowToken{33a3c2a token=Token{e05f115 ActivityRecord{74b0acc u0 cn.dcpai.auction/.activity.MobileLoginActivity t619}}} -- going to hide
03-21 13:46:22.723  1356  1378 I WindowManager: Destroying surface Surface(name=cn.dcpai.auction/cn.dcpai.auction.activity.MobileLoginActivity) called by com.android.server.wm.WindowStateAnimator.destroySurface:2056 com.android.server.wm.WindowStateAnimator.destroySurfaceLocked:908 com.android.server.wm.WindowState.destroyOrSaveSurface:2201 com.android.server.wm.AppWindowToken.destroySurfaces:366 com.android.server.wm.WindowStateAnimator.finishExit:587 com.android.server.wm.WindowStateAnimator.stepAnimationLocked:513 com.android.server.wm.WindowAnimator.updateWindowsLocked:311 com.android.server.wm.WindowAnimator.animateLocked:738 
03-21 13:46:22.726   626 28614 D DnsProxyListener: GetAddrInfoHandler addr: rs.easemob.com {100, 917604, 10403} 59.110.89.59
03-21 13:46:22.739   438   438 I gralloc : alloc_device_free:586: Free handle(0x7ec8e4ad00)
03-21 13:46:22.755  1356  1964 V HwWindowManagerService: moveTaskToTop mTaskChanged:true
03-21 13:46:22.755  1356  1964 V HwWindowManagerService: setFocusedApp update app ops, mTaskChanged set to:false
03-21 13:46:22.758  1356  2189 V WindowManager: Skipping AppWindowToken{33a3c2a token=Token{e05f115 ActivityRecord{74b0acc u0 cn.dcpai.auction/.activity.MobileLoginActivity t619}}} -- going to hide
03-21 13:46:22.763  1356  2648 V WindowManager: Skipping AppWindowToken{33a3c2a token=Token{e05f115 ActivityRecord{74b0acc u0 cn.dcpai.auction/.activity.MobileLoginActivity t619}}} -- going to hide
03-21 13:46:22.768  1356  2698 V WindowManager: Skipping AppWindowToken{33a3c2a token=Token{e05f115 ActivityRecord{74b0acc u0 cn.dcpai.auction/.activity.MobileLoginActivity t619}}} -- going to hide
03-21 13:46:22.776  1356  1989 V WindowManager: Skipping AppWindowToken{33a3c2a token=Token{e05f115 ActivityRecord{74b0acc u0 cn.dcpai.auction/.activity.MobileLoginActivity t619}}} -- going to hide
03-21 13:46:22.791 28260 28363 I chatty  : uid=10403(cn.dcpai.auction) expire 3 lines
03-21 13:46:22.792   438  1262 I gralloc : alloc_device_alloc:564: Alloc handle(0x7ec8e41300): interfmt=1, stride=320, size=122880, usage=0xb00
03-21 13:46:22.792   438  1262 I gralloc : alloc_device_alloc:564: Alloc handle(0x7ec8e41b00): interfmt=1, stride=320, size=122880, usage=0xb00
03-21 13:46:22.792   438  1262 I gralloc : alloc_device_alloc:564: Alloc handle(0x7ec8e4a100): interfmt=1, stride=320, size=122880, usage=0xb00
03-21 13:46:22.800   626 28615 D DnsProxyListener: GetAddrInfoHandler addr: testapp.dcpai.cn {100, 917604, 10403} 139.196.57.60
03-21 13:46:22.803   626 28617 D DnsProxyListener: GetAddrInfoHandler addr: testimg.dcpai.cn {100, 917604, 10403} 118.112.27.189
03-21 13:46:22.840  1356  2189 V WindowManager: Skipping AppWindowToken{33a3c2a token=Token{e05f115 ActivityRecord{74b0acc u0 cn.dcpai.auction/.activity.MobileLoginActivity t619}}} -- going to hide
03-21 13:46:22.842   438   451 E ion     : set flags ioctrl failed!
03-21 13:46:22.845   438   451 I gralloc : alloc_device_alloc:564: Alloc handle(0x7ec8e0fb00): interfmt=200000001, stride=1088, size=8486912, usage=0xb00
03-21 13:46:22.845   438   451 E ion     : set flags ioctrl failed!
03-21 13:46:22.847   438   451 I gralloc : alloc_device_alloc:564: Alloc handle(0x7ec8e0ff00): interfmt=200000001, stride=1088, size=8486912, usage=0xb00
03-21 13:46:22.847   438   451 E ion     : set flags ioctrl failed!
03-21 13:46:22.850   438   451 I gralloc : alloc_device_alloc:564: Alloc handle(0x7ec8e41a00): interfmt=200000001, stride=1088, size=8486912, usage=0xb00
03-21 13:46:22.853   626 28619 D DnsProxyListener: GetAddrInfoHandler addr: a1.easemob.com {100, 917604, 10403} 39.97.9.53
03-21 13:46:22.866 28077 28077 I AppiumUnicodeIME: onFinishInput
03-21 13:46:22.866 28077 28077 I AppiumUnicodeIME: onStartInput
03-21 13:46:22.878   438  1262 I gralloc : alloc_device_free:586: Free handle(0x7ec3ae3900)
03-21 13:46:22.957 28260 28624 I chatty  : uid=10403(cn.dcpai.auction) expire 40 lines
03-21 13:46:23.147 28260 28260 D ActivityThread: Remove activity client record, r= ActivityRecord{bd9b5b token=android.os.BinderProxy@2f55b9b {cn.dcpai.auction/cn.dcpai.auction.activity.LoginMainActivity}} token= android.os.BinderProxy@2f55b9b
03-21 13:46:23.154 28260 28260 D ActivityThread: Remove activity client record, r= ActivityRecord{b5b0683 token=android.os.BinderProxy@d14f340 {cn.dcpai.auction/cn.dcpai.auction.activity.MobileLoginActivity}} token= android.os.BinderProxy@d14f340
03-21 13:46:23.220  1356  1378 I WindowManager: Destroying surface Surface(name=cn.dcpai.auction/cn.dcpai.auction.activity.MobileLoginActivity) called by com.android.server.wm.WindowStateAnimator.destroySurface:2056 com.android.server.wm.WindowStateAnimator.destroySurfaceLocked:908 com.android.server.wm.WindowState.destroyOrSaveSurface:2201 com.android.server.wm.AppWindowToken.destroySurfaces:366 com.android.server.wm.WindowStateAnimator.finishExit:587 com.android.server.wm.AppWindowAnimator.stepAnimationLocked:434 com.android.server.wm.WindowAnimator.updateAppWindowsLocked:201 com.android.server.wm.WindowAnimator.animateLocked:712 
03-21 13:46:23.237   438   438 I gralloc : alloc_device_free:586: Free handle(0x7ec8e65600)
03-21 13:46:23.238   438   438 I gralloc : alloc_device_free:586: Free handle(0x7ec3b6a900)
03-21 13:46:23.348 28260 28602 I chatty  : uid=10403(cn.dcpai.auction) expire 3 lines
03-21 13:46:23.592  1356  1964 W ActivityManager: getRunningAppProcesses: caller 10403 does not hold REAL_GET_TASKS; limiting output
03-21 13:46:23.599 28260 28630 I chatty  : uid=10403(cn.dcpai.auction) expire 1 line
03-21 13:46:23.610 28632 28632 I chatty  : uid=10403(cn.dcpai.auction) expire 1 line
03-21 13:46:23.612  1356  1602 W ActivityManager: getRunningAppProcesses: caller 10403 does not hold REAL_GET_TASKS; limiting output
03-21 13:46:23.816  1356  1576 I chatty  : uid=1000(system) HuaweiWifiWatch expire 45 lines
03-21 13:46:23.817  1356  1574 I chatty  : uid=1000(system) Thread-10 expire 12 lines
03-21 13:46:23.973  1973  2246 W PhoneInterfaceManager: shouldBlockLocation running ...
03-21 13:46:23.981  1356  2569 I chatty  : uid=1000(system) Binder:1356_B expire 27 lines
03-21 13:46:23.981  1973  2246 I PhoneInterfaceManager: shouldBlockLocation  ret:false
03-21 13:46:24.001  1356  2710 W ActivityManager: getRunningAppProcesses: caller 10403 does not hold REAL_GET_TASKS; limiting output
03-21 13:46:24.639  1945  3051 I DownloadState: @@@@@@@@@@@@ uid :10403 download :true
03-21 13:46:24.639  1945  3051 I PGServer: report state:5 event type:1 pid:0 uid:10403 pkg:null to pid: 1356
03-21 13:46:26.243   438  1767 I chatty  : uid=1000(system) Binder:438_4 expire 2 lines
03-21 13:46:26.410  1356  1378 I WindowManager: Destroying surface Surface(name=Toast) called by com.android.server.wm.WindowStateAnimator.destroySurface:2056 com.android.server.wm.WindowStateAnimator.destroySurfaceLocked:908 com.android.server.wm.WindowState.destroyOrSaveSurface:2201 com.android.server.wm.WindowSurfacePlacer.performSurfacePlacementInner:514 com.android.server.wm.WindowSurfacePlacer.performSurfacePlacementLoop:288 com.android.server.wm.WindowSurfacePlacer.performSurfacePlacement:230 com.android.server.wm.WindowManagerService$H.handleMessage:8673 android.os.Handler.dispatchMessage:105 
03-21 13:46:26.422   438   438 I chatty  : uid=1000(system) /system/bin/surfaceflinger expire 6 lines
03-21 13:46:26.683  1356  1606 E TaskPersister: File error accessing recents directory (directory doesn't exist?).
03-21 13:46:29.641  1945  3051 I DownloadState: @@@@@@@@@@@@ uid :10403 download :false
03-21 13:46:29.641  1945  3051 I PGServer: report state:5 event type:2 pid:0 uid:10403 pkg:null to pid: 1356
03-21 13:46:30.458  4498  4535 I LogUtil_LogConfig: getLogFile(): logFilePath = /data/data/com.huawei.health/files/com.huawei.health/com.huawei.health_DaemonService/
03-21 13:46:30.458  4498  4535 D LogUtil_LogConfig: acquireMaxLogFileLengthContainsOffset describe: null result:5242880
03-21 13:46:31.467  1973  2105 D HwCust  : Create obj success use class android.telephony.HwCustSignalStrengthImpl
03-21 13:46:31.468  1973  1973 D HwCust  : Create obj success use class android.telephony.HwCustSignalStrengthImpl
03-21 13:46:31.471  2777  2791 D HwCust  : Create obj success use class android.telephony.HwCustSignalStrengthImpl
03-21 13:46:31.472  2397  2415 D HwCust  : Create obj success use class android.telephony.HwCustSignalStrengthImpl
03-21 13:46:31.472  3394  3406 D HwCust  : Create obj success use class android.telephony.HwCustSignalStrengthImpl
03-21 13:46:31.472  4101  4218 D HwCust  : Create obj success use class android.telephony.HwCustSignalStrengthImpl
03-21 13:46:31.472  4101  4112 D HwCust  : Create obj success use class android.telephony.HwCustSignalStrengthImpl
03-21 13:46:31.473  4333  4341 D HwCust  : Create obj success use class android.telephony.HwCustSignalStrengthImpl
03-21 13:46:31.473  4875  4887 D HwCust  : Create obj success use class android.telephony.HwCustSignalStrengthImpl
03-21 13:46:31.473  4875  4888 D HwCust  : Create obj success use class android.telephony.HwCustSignalStrengthImpl
03-21 13:46:31.473  5247  5724 D HwCust  : Create obj success use class android.telephony.HwCustSignalStrengthImpl
03-21 13:46:31.474  5247  5480 D HwCust  : Create obj success use class android.telephony.HwCustSignalStrengthImpl
03-21 13:46:31.474 16419 16432 D HwCust  : Create obj success use class android.telephony.HwCustSignalStrengthImpl
03-21 13:46:31.474  1932  1943 D HwCust  : Create obj success use class android.telephony.HwCustSignalStrengthImpl
03-21 13:46:31.474  1932  3043 D HwCust  : Create obj success use class android.telephony.HwCustSignalStrengthImpl
03-21 13:46:31.475  2777  3566 D HwCust  : Create obj success use class android.telephony.HwCustSignalStrengthImpl
03-21 13:46:33.670  1356  1474 D HwBatteryService: onUEvent fcpStatus = 0,scpStatus =0,ovpStatus=0
03-21 13:46:33.671  1356  1474 I UsbDeviceManager: water_intrused state= 0
03-21 13:46:33.675  1356  1356 D WifiService: onReceive, action:android.intent.action.BATTERY_CHANGED
03-21 13:46:33.675  1356  1356 D WifiService: ACTION_BATTERY_CHANGED pluggedType: 2
03-21 13:46:33.679  1689  1689 D KeyguardUpdateMonitor: received broadcast android.intent.action.BATTERY_CHANGED
03-21 13:46:33.679  1689  1689 W KeyguardUpdateMonitor: ACTION_BATTERY_CHANGED AMP: 0; Volt: 0
03-21 13:46:33.693  6540 27067 E CloudAlbum[8.0.1.304]: [ReceiverManager] not log on ignore
03-21 13:46:33.707  1689  1689 V KeyguardUpdateMonitor: RefreshBatteryInfo isBatteryLow: 100
03-21 13:46:33.707  1689  1689 W KeyguardUpdateMonitor: ChargingSpeed  Wattage: -1 ST: 5000000 --> 7500000
03-21 13:46:33.707  1689  1689 I KgBattery: BatteryInfo updated:  5lPC-1
03-21 13:46:33.707  1689  1689 W AppHandler: sendMessage with obj100
03-21 13:46:33.707  1689  1689 D KeyguardUpdateMonitor: handleBatteryUpdate
03-21 13:46:33.710  1689  1689 W HwLockScreenPanel: refreshBatteryInfo: null
03-21 13:46:33.710  1689  1689 W HwLockScreenPanel: Handle message: 100
03-21 13:46:33.784 28260 28260 I chatty  : uid=10403(cn.dcpai.auction) expire 68 lines
03-21 13:46:34.345  1356  1499 I chatty  : uid=1000(system) WifiStateMachin expire 24 lines
03-21 13:46:36.374  3852  5891 I CastDatabase: Saving the database
03-21 13:46:36.394  3852  5891 I SQLiteCastStore: [CastNetworkInfo] saved: 0, skipped: 0, [CastDeviceInfo]: saved 0, skipped 0, Paired Guest Mode DeviceInfo] saved: 0, skipped: 0.
03-21 13:46:37.473  1932  2367 D HwCust  : Create obj success use class android.telephony.HwCustSignalStrengthImpl
03-21 13:46:37.473  2777  2790 D HwCust  : Create obj success use class android.telephony.HwCustSignalStrengthImpl
03-21 13:46:37.474  1932  2367 D HwCust  : Create obj success use class android.telephony.HwCustSignalStrengthImpl
03-21 13:46:37.474  2777  2790 D HwCust  : Create obj success use class android.telephony.HwCustSignalStrengthImpl
03-21 13:46:37.474  3394  3407 D HwCust  : Create obj success use class android.telephony.HwCustSignalStrengthImpl
03-21 13:46:37.475  2397 21783 D HwCust  : Create obj success use class android.telephony.HwCustSignalStrengthImpl
03-21 13:46:37.475  4101  4218 D HwCust  : Create obj success use class android.telephony.HwCustSignalStrengthImpl
03-21 13:46:37.475  4333  4555 D HwCust  : Create obj success use class android.telephony.HwCustSignalStrengthImpl
03-21 13:46:37.476  4875  4887 D HwCust  : Create obj success use class android.telephony.HwCustSignalStrengthImpl
03-21 13:46:37.476  5247  5258 D HwCust  : Create obj success use class android.telephony.HwCustSignalStrengthImpl
03-21 13:46:37.476  5247  5480 D HwCust  : Create obj success use class android.telephony.HwCustSignalStrengthImpl
03-21 13:46:37.476 16419 16433 D HwCust  : Create obj success use class android.telephony.HwCustSignalStrengthImpl
03-21 13:46:37.477  4101  4112 D HwCust  : Create obj success use class android.telephony.HwCustSignalStrengthImpl
03-21 13:46:37.478  4875  6346 D HwCust  : Create obj success use class android.telephony.HwCustSignalStrengthImpl
03-21 13:46:37.591  1356  1565 I chatty  : uid=1000(system) WiFiArpStateMac expire 42 lines
03-21 13:46:39.786  1356  1486 I chatty  : uid=1000(system) InputReader expire 20 lines
03-21 13:46:39.837  1356  1576 I chatty  : uid=1000(system) HuaweiWifiWatch expire 33 lines
03-21 13:46:39.838  1356  1356 I chatty  : uid=1000 system_server expire 66 lines
03-21 13:46:39.838  1356  1574 I chatty  : uid=1000(system) Thread-10 expire 12 lines
03-21 13:46:41.117  1356  2650 I ActivityManager: START u0 {cmp=cn.dcpai.auction/.activity.PatCollectListActivity} from uid 10403 on display 0
03-21 13:46:41.119  1356  2650 I ActivityManager: ActivityRecord info: ActivityInfo{324a2b9 cn.dcpai.auction.activity.PatCollectListActivity}, euid: 0
03-21 13:46:41.120  1356  2650 V HwWindowManagerService: moveTaskToTop mTaskChanged:true
03-21 13:46:41.121  1945  2750 I PGServer: android calls fast hibernateApps
03-21 13:46:41.122  1945  2750 I AppFastHibernation: fast hibernate duration: 1500 reason: start activity
03-21 13:46:41.122  1356  2650 V HwWindowManagerService: moveTaskToTop mTaskChanged:true
03-21 13:46:41.123  1356  2650 V HwWindowManagerService: setFocusedApp update app ops, mTaskChanged set to:false
03-21 13:46:41.123   615   657 I Pged-IPgedBinderService: ****action is 1, pid num is 3***
03-21 13:46:41.123   615   657 I Pged-Freezer: freezePids
03-21 13:46:41.123   615   657 I Pged-Freezer: Freeze process: 5548
03-21 13:46:41.123   615   657 I Pged-Freezer: Freeze process: 27833
03-21 13:46:41.124  1945  2095 D PgedBinderAdapter: frz ok, pid: [5548, 27833]
03-21 13:46:41.129  1356  1485 I chatty  : uid=1000(system) InputDispatcher expire 3 lines
03-21 13:46:41.144 28260 28260 V ActivityThread: ActivityThread,callActivityOnCreate
03-21 13:46:41.170 28260 28260 D ActivityThread: add activity client record, r= ActivityRecord{293690e token=android.os.BinderProxy@628d1b2 {cn.dcpai.auction/cn.dcpai.auction.activity.PatCollectListActivity}} token= android.os.BinderProxy@628d1b2
03-21 13:46:41.172 28260 28600 I chatty  : uid=10403(cn.dcpai.auction) expire 2 lines
03-21 13:46:41.225 28260 28429 I chatty  : uid=10403(cn.dcpai.auction) expire 21 lines
03-21 13:46:41.238  1689  1689 D HwRecentsLockUtils: search
03-21 13:46:41.239  1689  1689 D HwRecentsLockUtils: search
03-21 13:46:41.240   438  1262 I chatty  : uid=1000(system) Binder:438_3 expire 7 lines
03-21 13:46:41.240  1356  1602 D ActivityManager: Skipping, home stack task: TaskRecord{4308323 #581 A=com.huawei.android.launcher U=0 StackId=0 sz=1}
03-21 13:46:41.240  1356  1602 D ActivityManager: Skipping, withExcluded: false, tr.intent:Intent { act=android.intent.action.MAIN cat=[android.intent.category.LAUNCHER] flg=0x10a00000 cmp=io.appium.settings/.Settings }
03-21 13:46:41.240  1356  1602 D ActivityManager: Skipping, withExcluded: false, tr.intent:Intent { act=android.deviceinfo.chooser.action.LAUNCH flg=0x10800000 pkg=com.android.settings cmp=com.android.settings/.deviceinfo.UsbConnModeChooserActivity }
03-21 13:46:41.240  1356  1602 D ActivityManager: Skipping, withExcluded: false, tr.intent:Intent { act=android.intent.action.MAIN cat=[android.intent.category.HOME] flg=0x10800300 cmp=com.android.settings/.FallbackHome }
03-21 13:46:41.243  1356  1963 D ActivityManager: Skipping, home stack task: TaskRecord{4308323 #581 A=com.huawei.android.launcher U=0 StackId=0 sz=1}
03-21 13:46:41.244  1356  1963 D ActivityManager: Skipping, withExcluded: false, tr.intent:Intent { act=android.intent.action.MAIN cat=[android.intent.category.LAUNCHER] flg=0x10a00000 cmp=io.appium.settings/.Settings }
03-21 13:46:41.244  1356  1963 D ActivityManager: Skipping, withExcluded: false, tr.intent:Intent { act=android.deviceinfo.chooser.action.LAUNCH flg=0x10800000 pkg=com.android.settings cmp=com.android.settings/.deviceinfo.UsbConnModeChooserActivity }
03-21 13:46:41.244  1356  1963 D ActivityManager: Skipping, withExcluded: false, tr.intent:Intent { act=android.intent.action.MAIN cat=[android.intent.category.HOME] flg=0x10800300 cmp=com.android.settings/.FallbackHome }
03-21 13:46:41.266  1356  2710 D SecInputMethodManagerService: unbind secime
03-21 13:46:41.266 28077 28077 I AppiumUnicodeIME: onFinishInput
03-21 13:46:41.266 28077 28077 I AppiumUnicodeIME: onStartInput
03-21 13:46:41.267   631   691 W JankService: virtual bool android::JankManualDumpLogAnalyser::processEntry(android::LogEntry *, int, bool), not beta version or commercial log off
03-21 13:46:41.273 28544 28544 I Process : Sending signal. PID: 28544 SIG: 9
03-21 13:46:41.314   626 28736 D DnsProxyListener: GetAddrInfoHandler addr: testimg.dcpai.cn {100, 917604, 10403} 118.112.27.189
03-21 13:46:41.314   626 28735 D DnsProxyListener: GetAddrInfoHandler addr: testimg.dcpai.cn {100, 917604, 10403} 118.112.27.189
03-21 13:46:41.337  1356  2189 I ActivityManager: Process com.huawei.secime (pid 28544) has died
03-21 13:46:41.337  1356  2189 D ActivityManager: cleanUpApplicationRecord -- 28544
03-21 13:46:41.606  1356  2696 I WindowManager: Destroying surface Surface(name=cn.dcpai.auction/cn.dcpai.auction.MainActivity) called by com.android.server.wm.WindowStateAnimator.destroySurface:2056 com.android.server.wm.WindowStateAnimator.destroySurfaceLocked:908 com.android.server.wm.WindowState.destroyOrSaveSurface:2201 com.android.server.wm.WindowManagerService.tryStartExitingAnimation:3332 com.android.server.wm.WindowManagerService.relayoutWindow:3212 com.android.server.wm.Session.relayout:224 android.view.IWindowSession$Stub.onTransact:286 com.android.server.wm.Session.onTransact:145 
03-21 13:46:41.711  1973  2105 D HwCust  : Create obj success use class android.telephony.HwCustSignalStrengthImpl
03-21 13:46:41.712  1973  1973 D HwCust  : Create obj success use class android.telephony.HwCustSignalStrengthImpl
03-21 13:46:42.627   615   615 I Pged-IPgedBinderService: ****action is 2, pid num is 3***
03-21 13:46:42.627   615   615 I Pged-Freezer: thawPids
03-21 13:46:42.629  1945  2095 D PgedBinderAdapter: unfrz ok, pid: [5548, 27833]
03-21 13:46:43.476  1932  2365 D HwCust  : Create obj success use class android.telephony.HwCustSignalStrengthImpl
03-21 13:46:43.476  1932  2365 D HwCust  : Create obj success use class android.telephony.HwCustSignalStrengthImpl
03-21 13:46:43.476  2397  3120 D HwCust  : Create obj success use class android.telephony.HwCustSignalStrengthImpl
03-21 13:46:43.477  4101  4113 D HwCust  : Create obj success use class android.telephony.HwCustSignalStrengthImpl
03-21 13:46:43.477  4101  4218 D HwCust  : Create obj success use class android.telephony.HwCustSignalStrengthImpl
03-21 13:46:43.477  5247  5258 D HwCust  : Create obj success use class android.telephony.HwCustSignalStrengthImpl
03-21 13:46:43.477  4333  4340 D HwCust  : Create obj success use class android.telephony.HwCustSignalStrengthImpl
03-21 13:46:43.477  5247  5258 D HwCust  : Create obj success use class android.telephony.HwCustSignalStrengthImpl
03-21 13:46:43.478 16419 16807 D HwCust  : Create obj success use class android.telephony.HwCustSignalStrengthImpl
03-21 13:46:43.478  2777  3566 D HwCust  : Create obj success use class android.telephony.HwCustSignalStrengthImpl
03-21 13:46:43.478  3394  3406 D HwCust  : Create obj success use class android.telephony.HwCustSignalStrengthImpl
03-21 13:46:43.479  4875  4888 D HwCust  : Create obj success use class android.telephony.HwCustSignalStrengthImpl
03-21 13:46:43.479  4875  4888 D HwCust  : Create obj success use class android.telephony.HwCustSignalStrengthImpl
03-21 13:46:43.481  2777  4288 D HwCust  : Create obj success use class android.telephony.HwCustSignalStrengthImpl
03-21 13:46:44.139  1356  1606 E TaskPersister: File error accessing recents directory (directory doesn't exist?).
03-21 13:46:44.645  1945  3051 I DownloadState: @@@@@@@@@@@@ uid :10403 download :true
03-21 13:46:44.645  1945  3051 I PGServer: report state:5 event type:1 pid:0 uid:10403 pkg:null to pid: 1356
03-21 13:46:45.827 28764 28764 I chatty  : uid=2000(shell) app_process expire 87 lines
03-21 13:46:45.917 28764 28773 E SchedPolicy: open of dev/cpuctl/limit_fg/tasks failed: Permission denied
03-21 13:46:45.917 28764 28773 E SchedPolicy: open of dev/cpuctl/bg_non_interactive/limit_bg/tasks failed: Permission denied
03-21 13:46:46.407 28775 28775 I chatty  : uid=2000(shell) app_process expire 87 lines
03-21 13:46:46.487 28775 28786 E SchedPolicy: open of dev/cpuctl/limit_fg/tasks failed: Permission denied
03-21 13:46:46.487 28775 28786 E SchedPolicy: open of dev/cpuctl/bg_non_interactive/limit_bg/tasks failed: Permission denied
03-21 13:46:46.491  1356  2659 I ActivityManager: Force stopping cn.dcpai.auction appid=10403 user=0: from pid 28775by app
03-21 13:46:46.491  1356  2659 I ActivityManager: Killing 28260:cn.dcpai.auction/u0a403 (adj 0): stop cn.dcpai.auctionfrom pid 28775by app
03-21 13:46:46.492  1356  2659 D ActivityManager: cleanUpApplicationRecord -- 28260
03-21 13:46:46.492  1356  2659 W ActivityManager: Scheduling restart of crashed service cn.dcpai.auction/com.hyphenate.chat.EMChatService in 1000ms
03-21 13:46:46.493  1356  2659 W ActivityManager: Scheduling restart of crashed service cn.dcpai.auction/com.hyphenate.chat.EMJobService in 11000ms
03-21 13:46:46.494  1356  2659 W ActivityManager: Force removing ActivityRecord{443d6fe u0 cn.dcpai.auction/.activity.PatCollectListActivity t619}: app died, no saved state
03-21 13:46:46.495  1356  1371 I libprocessgroup: Killing pid 28632 in uid 10403 as part of process group 28260
03-21 13:46:46.500  1356  2659 I WindowManager: Destroying surface Surface(name=cn.dcpai.auction/cn.dcpai.auction.activity.PatCollectListActivity) called by com.android.server.wm.WindowStateAnimator.destroySurface:2056 com.android.server.wm.WindowStateAnimator.destroySurfaceLocked:908 com.android.server.wm.WindowState.removeLocked:1534 com.android.server.wm.WindowManagerService.removeWindowInnerLocked:2772 com.android.server.wm.WindowManagerService.removeWindowInnerLocked:2735 com.android.server.wm.WindowManagerService.removeWindowLocked:2724 com.android.server.wm.WindowManagerService.removeWindowLocked:2593 com.android.server.wm.AppWindowToken.removeAllWindows:534 
03-21 13:46:46.501  1356  1371 I libprocessgroup: Killing pid 28632 in uid 10403 as part of process group 28260
03-21 13:46:46.508  1356  1371 I libprocessgroup: Killing pid 28632 in uid 10403 as part of process group 28260
03-21 13:46:46.521 28788 28788 I         : power log dlsym ok
03-21 13:46:46.522 28788 28788 E SchedPolicy: open of dev/cpuctl/limit_fg/tasks failed: Permission denied
03-21 13:46:46.522 28788 28788 E SchedPolicy: open of dev/cpuctl/bg_non_interactive/limit_bg/tasks failed: Permission denied
03-21 13:46:46.522  1356  2659 I ActivityManager: Start proc 28788:cn.dcpai.auction/u0a403 for activity cn.dcpai.auction/.MainActivity
03-21 13:46:46.523 28788 28788 I chatty  : uid=10403(cn.dcpai.auction) expire 1155 lines
03-21 13:46:46.523  1356  2659 I ActivityManager: Killing 28300:cn.dcpai.auction:pushcore/u0a403 (adj 100): stop cn.dcpai.auctionfrom pid 28775by app
03-21 13:46:46.524  1356  2659 D ActivityManager: cleanUpApplicationRecord -- 28300
03-21 13:46:46.524  1356  2659 W ActivityManager: Scheduling restart of crashed service cn.dcpai.auction/cn.jpush.android.service.PushService in 20969ms
03-21 13:46:46.527  1356  1636 I chatty  : uid=1000(system) Binder:1356_4 expire 24 lines
03-21 13:46:46.528  1356  2659 I ActivityManager:   Force finishing activity ActivityRecord{d52b31f u0 cn.dcpai.auction/.MainActivity t619}
03-21 13:46:46.537 28788 28788 D ActivityThread: ActivityThread,attachApplication
03-21 13:46:46.538  1356  2659 I ActivityManager:   Force stopping service ServiceRecord{f49cd33 u0 euid: 0 cn.dcpai.auction/com.hyphenate.chat.EMChatService}
03-21 13:46:46.538  1356  2659 I ActivityManager:   Force stopping service ServiceRecord{521415e u0 euid: 0 cn.dcpai.auction/cn.jpush.android.service.PushService}
03-21 13:46:46.539  1356  2659 I ActivityManager:   Force stopping service ServiceRecord{76418f0 u0 euid: 0 cn.dcpai.auction/com.hyphenate.chat.EMJobService}
03-21 13:46:46.539  1356  2659 D HwBroadcastQueue: cleanupDisabledPackageReceiversLocked for userId 0
03-21 13:46:46.539  1356  2659 D HwBroadcastQueue: cleanupDisabledPackageReceiversLocked for userId 0
03-21 13:46:46.539  1356  2659 D HwBroadcastQueue: cleanupDisabledPackageReceiversLocked for userId 0
03-21 13:46:46.539  1356  2659 D HwBroadcastQueue: cleanupDisabledPackageReceiversLocked for userId 0
03-21 13:46:46.539  1356  2659 D HwBroadcastQueue: cleanupDisabledPackageReceiversLocked for userId 0
03-21 13:46:46.539  1356  2659 D HwBroadcastQueue: cleanupDisabledPackageReceiversLocked for userId 0
03-21 13:46:46.540  1945  2047 D ScenarioService: new above launcher pkgs: [cn.dcpai.auction, com.android.settings]
03-21 13:46:46.542  1356  2659 I WindowManager: rotationForOrientationLw(orient=-1, last=0); user=0 USER_ROTATION_LOCKED
03-21 13:46:46.543  1356  2659 I WindowManager: Application requested orientation -1, got rotation 0 which has compatible metrics
03-21 13:46:46.549  1356  2659 I ActivityManager: Force stopping cn.dcpai.auction appid=10403 user=10: from pid 28775by app
03-21 13:46:46.551  1356  2659 D HwBroadcastQueue: cleanupDisabledPackageReceiversLocked for userId 10
03-21 13:46:46.551  1356  2659 D HwBroadcastQueue: cleanupDisabledPackageReceiversLocked for userId 10
03-21 13:46:46.551  1356  2659 D HwBroadcastQueue: cleanupDisabledPackageReceiversLocked for userId 10
03-21 13:46:46.551  1356  2659 D HwBroadcastQueue: cleanupDisabledPackageReceiversLocked for userId 10
03-21 13:46:46.551  1356  2659 D HwBroadcastQueue: cleanupDisabledPackageReceiversLocked for userId 10
03-21 13:46:46.551  1356  2659 D HwBroadcastQueue: cleanupDisabledPackageReceiversLocked for userId 10
03-21 13:46:46.552  1356  1989 D ActivityManager: ActivityManagerService,attachApplication,callingPid = 28788
03-21 13:46:46.556  1356  1482 E ProcessInfoCollector: getProcessInfo: failed to find this proc 
03-21 13:46:46.556  1356  1482 E ProcessInfoCollector: getProcessInfo: failed to find this proc 
03-21 13:46:46.557  1356  1989 I ActivityManager: Killing 6670:com.huawei.android.dsdscardmanager/1001 (adj 906): empty #25
03-21 13:46:46.559  1945  2272 D HwMultiWindowEx: isInMultiWindowMode ret: 0
03-21 13:46:46.559  1945  2272 I BacklightControl: can't adjust backlight when app launch from other scene.
03-21 13:46:46.559  1945  2272 I AppsGPSRestrict: cn.dcpai.auction is above launcher app, just return...
03-21 13:46:46.561   438   452 I chatty  : uid=1000(system) Binder:438_2 expire 7 lines
03-21 13:46:46.563   631   696 D bdatd   : [BiDispatcher.cpp] dispatchInfo# level: 6, tag: BDAT_TAG_SCENE_CHANGED, time: 03-21 13:46:46.557, data: name=com.android.settings
03-21 13:46:46.564  1973  1973 D CarrierSvcBindHelper: No carrier app for: 0
03-21 13:46:46.564  1973  1973 D CarrierSvcBindHelper: No carrier app for: 1
03-21 13:46:46.565  1973  1973 D CarrierSvcBindHelper: No carrier app for: 0
03-21 13:46:46.565  1973  1973 D CarrierSvcBindHelper: No carrier app for: 1
03-21 13:46:46.568  1356  1356 I HwCoreAppHelperService: LocalReceiver receives:android.intent.action.PACKAGE_RESTARTED,pkg:cn.dcpai.auction,uid:10403
03-21 13:46:46.569  1356  1356 I HwCoreAppHelperService: LocalReceiver receives:android.intent.action.PACKAGE_RESTARTED,pkg:cn.dcpai.auction,uid:1010403
03-21 13:46:46.570  1356  2656 I HwNetworkPolicy: onTransact, code = 203
03-21 13:46:46.570  1911  2168 I HwNetworkPolicyManager: getHwUidPolicy uid = 1000 policy = 0
03-21 13:46:46.572  1356  1366 D ActivityManager: cleanUpApplicationRecord -- 6670
03-21 13:46:46.573  2607  2607 D ApduServiceInfo: No com.nxp.nfc.extensions meta-data
03-21 13:46:46.576   438  2290 I chatty  : uid=1000(system) Binder:438_5 expire 1 line
03-21 13:46:46.577  5326 28804 D Index   : Deleting data for locale 'zh_CN' took 5 millis
03-21 13:46:46.578  5326  5326 D DashboardSummary: onConditionsChanged
03-21 13:46:46.587  1356  2651 I HwNetworkPolicy: onTransact, code = 203
03-21 13:46:46.587   631   696 D bdatd   : [BiDispatcher.cpp] dispatchInfo# level: 6, tag: BDAT_TAG_PROCESS_EXIT, time: 03-21 13:46:46.567, data: uid=1001 pid=6670 utime=20000 stime=40000 name=com.huawei.android.dsdscardmanager
03-21 13:46:46.587  4806  4882 I HwNetworkPolicyManager: getHwUidPolicy uid = 1000 policy = 0
03-21 13:46:46.587   631   696 D bdatd   : [BiDispatcher.cpp] dispatchInfo# level: 6, tag: BDAT_TAG_PROCESS_EXIT, time: 03-21 13:46:46.567, data: uid=10403 pid=28260 utime=24770000 stime=2300000 name=cn.dcpai.auction
03-21 13:46:46.587   631   696 D bdatd   : [BiDispatcher.cpp] dispatchInfo# level: 6, tag: BDAT_TAG_PROCESS_EXIT, time: 03-21 13:46:46.567, data: uid=2000 pid=28238 utime=380000 stime=30000 name=app_process
03-21 13:46:46.588  5326 28804 D Settings: isAirSharingExist()-->pInfo = PackageInfo{8fa2ea com.huawei.android.airsharing}
03-21 13:46:46.592  5326 28804 V SQLiteDatabase: triggerBuildingIndex(): invalid id, return.
03-21 13:46:46.593  5326 28804 V SQLiteDatabase: triggerBuildingIndex(): invalid id, return.
03-21 13:46:46.593  1356  2568 V HwPhoneWindowManager: updateSystemUiColorLw window=Window{a70125e u0 com.android.settings/com.android.settings.HWSettings},EmuiStyle=1,StatusBarColor=0xfffcfcfc,NavigationBarColor=0xfffcfcfc, mLastIsEmuiLightStyle=1
03-21 13:46:46.593  1356  1370 I chatty  : uid=1000(system) android.ui expire 3 lines
03-21 13:46:46.594  1689  1702 I CommandQueue: updateBarBgColor
03-21 13:46:46.594  1689  1702 D CommandQueue: CommandQueue, setBarBackgroundColor
03-21 13:46:46.595  5326 28804 V SQLiteDatabase: triggerBuildingIndex(): invalid id, return.
03-21 13:46:46.596  5326  6684 D mali_winsys: EGLint new_window_surface(egl_winsys_display*, void*, EGLSurface, EGLConfig, egl_winsys_surface**, egl_color_buffer_format*, EGLBoolean) returns 0x3000
03-21 13:46:46.597  5326 28804 V SQLiteDatabase: triggerBuildingIndex(): invalid id, return.
03-21 13:46:46.597  1689  1689 D TintManager: statusBarIconTint=#B3000000,navigationBarIconTint=#FFFCFCFC
03-21 13:46:46.598  5326 28804 V SQLiteDatabase: triggerBuildingIndex(): invalid id, return.
03-21 13:46:46.599  5326 28804 V SQLiteDatabase: triggerBuildingIndex(): invalid id, return.
03-21 13:46:46.603  5326 28804 V SQLiteDatabase: triggerBuildingIndex(): invalid id, return.
03-21 13:46:46.605  5326 28804 D Index   : Indexing locale 'zh_CN' took 28 millis
03-21 13:46:46.608  1689  1689 D TintTextView: #B3000000 com.android.systemui.time.HwStatusBarClock{756cc1d V.ED..... ......ID 0,0-0,0 #7f1401db app:id/clock}
03-21 13:46:46.609  1689  1689 D TintTextView: #B3000000 com.android.systemui.time.HwStatusBarClock{609ccf4 V.ED..... ......ID 783,0-930,72 #7f1401db app:id/clock}
03-21 13:46:46.609  1689  1689 D TintTextView: #B3000000 com.android.systemui.tint.TintTextView{2d9e5dc V.ED..... ......ID 0,1-86,43 #7f1401d0 app:id/battery_outside_percent}
03-21 13:46:46.609  1689  1689 D TintTextView: #B3000000 com.android.systemui.tint.TintTextView{e1fe2e1 V.ED..... ......I. 0,0-0,0 #7f14041f app:id/hotspot_num}
03-21 13:46:46.609  1689  1689 D TintTextView: #B3000000 com.android.systemui.tint.TintTextView{731deeb V.ED..... ......ID 0,0-0,0 #7f140421 app:id/speed}
03-21 13:46:46.609  1689  1689 D TintTextView: #B3000000 com.android.systemui.tint.TintTextView{f7c0e5c V.ED..... ......ID 0,11-108,60 #7f14004e app:id/msim_status_bar_operators_card_one_id}
03-21 13:46:46.609  1689  1689 D TintTextView: #B3000000 com.android.systemui.time.HwStatusBarClock{f85512e V.ED..... ........ 245,0-392,72 #7f1401db app:id/clock}
03-21 13:46:46.609  1689  1689 D TintTextView: #B3000000 com.android.systemui.tint.TintTextView{a31e86f V.ED..... ........ 0,1-86,43 #7f1401d0 app:id/battery_outside_percent}
03-21 13:46:46.609  1689  1689 D TintTextView: #B3000000 com.android.systemui.tint.TintTextView{ff25473 V.ED..... ......I. 0,0-0,0 #7f14041f app:id/hotspot_num}
03-21 13:46:46.610  1689  1689 D TintTextView: #B3000000 com.android.systemui.tint.TintTextView{461dad V.ED..... ......ID 0,0-0,0 #7f140421 app:id/speed}
03-21 13:46:46.610  1689  1689 D TintTextView: #B3000000 com.android.systemui.tint.TintTextView{7e271d7 V.ED..... ......ID 0,0-0,0 #7f140348 app:id/hw_notification_number}
03-21 13:46:46.610  1689  1689 D TintTextView: #B3000000 com.android.systemui.tint.TintTextView{21a3b71 V.ED..... ........ 0,0-108,49 #7f14004e app:id/msim_status_bar_operators_card_one_id}
03-21 13:46:46.610  1689  1689 I PhoneStatusBarPolicy: updateBluetooth:::setBluetoothBatteryEnable false.
03-21 13:46:46.610  1689  1689 I PhoneStatusBarPolicy: updateBluetooth::bluetoothEnabled:false, bluetoothConnected=false, bluetoothTransfering=false
03-21 13:46:46.612  1356  1963 I chatty  : uid=1000(system) Binder:1356_5 expire 13 lines
03-21 13:46:46.612  1356  2710 I WindowManager: WIN DEATH: Window{8e41f70 u0 cn.dcpai.auction/cn.dcpai.auction.MainActivity}
03-21 13:46:46.612  1356  1897 I chatty  : uid=1000(system) LocationThread expire 2 lines
03-21 13:46:46.624  5326  5326 D DashboardSummary: onConditionsChanged
03-21 13:46:46.628  1689  1689 D BarTransitions.HwNavigationBarView: MODE_TRANSPARENT -> MODE_OPAQUE animate=false
03-21 13:46:46.628  1689  1689 D BarTransitions.HwNavigationBarView: applyModeBackground oldMode=MODE_TRANSPARENT newMode=MODE_OPAQUE animate=false
03-21 13:46:46.629 28077 28077 I AppiumUnicodeIME: onFinishInput
03-21 13:46:46.629 28077 28077 I AppiumUnicodeIME: onStartInput
03-21 13:46:46.637  1356  2696 W ActivityManager: getRunningAppProcesses: caller 10403 does not hold REAL_GET_TASKS; limiting output
03-21 13:46:46.650 28788 28808 I chatty  : uid=10403(cn.dcpai.auction) expire 70 lines
03-21 13:46:46.661  5326 28820 I Settings: isNeedSkipFuction: setupNotDone = false, deviceProvisioned = true, userSetupComplete = true, FRPRestricted = false, needSkipFuction = false
03-21 13:46:46.664  5326 28820 D BiometricManager: fpm.isHardwareDetected() = true
03-21 13:46:46.664  1356  1367 W ActivityManager: getRunningAppProcesses: caller 10403 does not hold REAL_GET_TASKS; limiting output
03-21 13:46:46.675 28788 28819 I chatty  : uid=10403(cn.dcpai.auction) expire 1 line
03-21 13:46:46.676  5326  5326 I Settings: isNeedSkipFuction: setupNotDone = false, deviceProvisioned = true, userSetupComplete = true, FRPRestricted = false, needSkipFuction = false
03-21 13:46:46.677   626 28823 D DnsProxyListener: GetAddrInfoHandler addr: testapp.dcpai.cn {100, 917604, 10403} 139.196.57.60
03-21 13:46:46.678  5326 28820 V SQLiteDatabase: triggerBuildingIndex(): invalid id, return.
03-21 13:46:46.678  5326 28820 D Index   : Indexing locale 'zh_CN' took 3 millis
03-21 13:46:46.699  6540  6585 I hisync-findmyphone.AntiTheftInf: AntiTheftManagerEx getEnable = false from cache
03-21 13:46:46.703 28788 28833 I chatty  : uid=10403(cn.dcpai.auction) expire 103 lines
03-21 13:46:46.729  1356  1367 I chatty  : uid=1000(system) Binder:1356_2 expire 13 lines
03-21 13:46:46.761  1356  2717 W ActivityManager: getRunningAppProcesses: caller 10403 does not hold REAL_GET_TASKS; limiting output
03-21 13:46:46.769  1356  1979 W ActivityManager: getRunningAppProcesses: caller 10403 does not hold REAL_GET_TASKS; limiting output
03-21 13:46:46.833  1973  2105 D HwCust  : Create obj success use class android.telephony.HwCustSignalStrengthImpl
03-21 13:46:46.834  1973  1973 D HwCust  : Create obj success use class android.telephony.HwCustSignalStrengthImpl
03-21 13:46:46.839 28853 28853 I         : power log dlsym ok
03-21 13:46:46.840 28853 28853 E SchedPolicy: open of dev/cpuctl/limit_fg/tasks failed: Permission denied
03-21 13:46:46.840 28853 28853 E SchedPolicy: open of dev/cpuctl/bg_non_interactive/limit_bg/tasks failed: Permission denied
03-21 13:46:46.840  1356  2659 I ActivityManager: Start proc 28853:cn.dcpai.auction:pushcore/u0a403 for service cn.dcpai.auction/cn.jpush.android.service.PushService
03-21 13:46:46.841 28853 28853 I chatty  : uid=10403 cn.dcpai.auction:pushcore expire 7 lines
03-21 13:46:46.848 28853 28853 D ActivityThread: ActivityThread,attachApplication
03-21 13:46:46.849  1356  1979 D ActivityManager: ActivityManagerService,attachApplication,callingPid = 28853
03-21 13:46:46.854  1356  1482 E ProcessInfoCollector: getProcessInfo: failed to find this proc 
03-21 13:46:46.854  1356  1482 E ProcessInfoCollector: getProcessInfo: failed to find this proc 
03-21 13:46:46.861   438   451 I chatty  : uid=1000(system) Binder:438_1 expire 1 line
03-21 13:46:46.882   438   451 I gralloc : alloc_device_free:586: Free handle(0x7ec8e0ff00)
03-21 13:46:46.895 28788 28874 I chatty  : uid=10403(cn.dcpai.auction) expire 10 lines
03-21 13:46:46.919  1356  2648 W ActivityManager: getRunningAppProcesses: caller 10403 does not hold REAL_GET_TASKS; limiting output
03-21 13:46:46.947  1356  1964 W ActivityManager: getRunningAppProcesses: caller 10403 does not hold REAL_GET_TASKS; limiting output
03-21 13:46:46.951   615   653 I Pged-Kstate: clear process report time
03-21 13:46:46.952 28788 28875 I chatty  : uid=10403(cn.dcpai.auction) expire 36 lines
03-21 13:46:46.956  1356  1369 V HwWindowManagerService: moveTaskToTop mTaskChanged:true
03-21 13:46:46.957  1356  1369 V HwWindowManagerService: setFocusedApp update app ops, mTaskChanged set to:false
03-21 13:46:46.959  1356  1366 W ActivityManager: getRunningAppProcesses: caller 10403 does not hold REAL_GET_TASKS; limiting output
03-21 13:46:46.964 28788 28873 I chatty  : uid=10403(cn.dcpai.auction) expire 4 lines
03-21 13:46:46.964  1356  1369 I chatty  : uid=1000(system) ActivityManager expire 5 lines
03-21 13:46:46.968 28788 28799 I chatty  : uid=10403(cn.dcpai.auction) expire 1 line
03-21 13:46:46.973 28835 28835 I chatty  : uid=2000(shell) app_process expire 89 lines
03-21 13:46:46.978  1356  1963 I HwNetworkPolicy: onTransact, code = 203
03-21 13:46:46.980  1911  2168 I HwNetworkPolicyManager: getHwUidPolicy uid = 10051 policy = 0
03-21 13:46:46.981  1356  1602 I WindowManager: rotationForOrientationLw(orient=1, last=0); user=0 USER_ROTATION_LOCKED
03-21 13:46:46.981  1356  1602 I WindowManager: Application requested orientation 1, got rotation 0 which has compatible metrics
03-21 13:46:46.983  1356  2569 I HwNetworkPolicy: onTransact, code = 203
03-21 13:46:46.983 28788 28831 I chatty  : uid=10403(cn.dcpai.auction) expire 3 lines
03-21 13:46:46.983  1356  1602 I WindowManager: Taking screenshot from Surface with crop:[Rect(0, 72 - 1080, 1812)], width:[648], height:[1044], minLayer:[21005], maxLayer:[21005], inRotation:[false], rot:[0]
03-21 13:46:46.984  4806  4882 I HwNetworkPolicyManager: getHwUidPolicy uid = 10051 policy = 0
03-21 13:46:46.999   438  1262 I gralloc : alloc_device_alloc:564: Alloc handle(0x7ec8e0fb00): interfmt=1, stride=704, size=2940928, usage=0x333
03-21 13:46:47.000 28788 28889 I chatty  : uid=10403(cn.dcpai.auction) expire 1 line
03-21 13:46:47.000   438   452 I gralloc : alloc_device_free:586: Free handle(0x7ec8e0fb00)
03-21 13:46:47.001  1356  2717 W ActivityManager: getRunningAppProcesses: caller 10403 does not hold REAL_GET_TASKS; limiting output
03-21 13:46:47.006 28898 28898 I chatty  : uid=10403(cn.dcpai.auction) expire 88 lines
03-21 13:46:47.015   626 28899 D libc    : GetAddrInfoHandler addr: 61.139.2.69
03-21 13:46:47.019  1945  2272 D HwMultiWindowEx: isInMultiWindowMode ret: 0
03-21 13:46:47.022   631   696 D bdatd   : [BiDispatcher.cpp] dispatchInfo# level: 6, tag: BDAT_TAG_SCENE_CHANGED, time: 03-21 13:46:47.017, data: name=com.huawei.android.launcher
03-21 13:46:47.024  2734  2734 I HwLauncher: Launcher onStart()
03-21 13:46:47.024  2734  2734 I HwLauncher: Launcher  Launcher.onStart() cost 1 ms
03-21 13:46:47.025  2734  2889 E HwLauncher: SettingsEx , no such field.
03-21 13:46:47.025  2734  2734 I HwLauncher: Launcher onResume()
03-21 13:46:47.025  2734  2889 W HwLauncher: Clock getDataFormat the getSystemString failed.
03-21 13:46:47.025  2734  2734 I HwLauncher: Launcher doResumeWork()
03-21 13:46:47.027  2734  2734 I HwLauncher: Launcher  onResume mIsToUninstallApp = false
03-21 13:46:47.027  2734  2734 I HwLauncher: Launcher  Launcher hot start cost 3 ms
03-21 13:46:47.027   626 28899 D DnsProxyListener: GetAddrInfoHandler addr: a3-v2.easemob.com {100, 917604, 10403} 39.97.9.52
03-21 13:46:47.033  2734  2889 I HwLauncher: ClockDynamicUpdater clock update folder at ClockDynamicUpdater
03-21 13:46:47.033  2734  2889 I HwLauncher: DynamicUpdater updateBitmap end and send update message
03-21 13:46:47.053   631   696 E bdatd   : [UidStat.cpp] setUidCputime# Invalid delta time, uid: 10403
03-21 13:46:47.053   631   696 E bdatd   : [UidStat.cpp] setUidCputime# Invalid delta time, uid: 1001
03-21 13:46:47.053  1356  2710 V HwPhoneWindowManager: updateSystemUiColorLw window=Window{b777d72 u0 com.huawei.android.launcher/com.huawei.android.launcher.unihome.UniHomeLauncher},EmuiStyle=-1,StatusBarColor=0xfffcfcfc,NavigationBarColor=0x0, mLastIsEmuiLightStyle=-1
03-21 13:46:47.056  2734  2952 I OpenGLRenderer: Initialized EGL, version 1.4
03-21 13:46:47.056  2734  2952 D OpenGLRenderer: Swap behavior 1
03-21 13:46:47.056  1689  5602 I CommandQueue: updateBarBgColor
03-21 13:46:47.056  1689  5602 D CommandQueue: CommandQueue, setBarBackgroundColor
03-21 13:46:47.057  2734  2734 I HwLauncher: DynamicUpdater  mDynamicIconList size:1 Intent:Intent { cmp=com.android.deskclock/.AlarmsMainActivity }
03-21 13:46:47.057  2734  2734 I HwLauncher: DynamicUpdater call updateFolder
03-21 13:46:47.058  1689  1689 D TintManager: statusBarIconTint=#B3000000,navigationBarIconTint=#00000000
03-21 13:46:47.059  1689  1689 D TintTextView: #B3FFFFFF com.android.systemui.time.HwStatusBarClock{756cc1d V.ED..... ......ID 0,0-0,0 #7f1401db app:id/clock}
