int logctl_get(): open '/dev/hwlog_switch' fail -1, 13. Permission denied

Note: log switch off, only log_main and log_events will have logs!
--------- beginning of system
03-21 10:27:14.948  1356  2698 I chatty  : uid=1000(system) Binder:1356_14 expire 4 lines
03-21 10:27:16.327  1356  1979 I chatty  : uid=1000(system) Binder:1356_7 expire 6 lines
03-21 10:27:16.342  1356  1366 I chatty  : uid=1000(system) Binder:1356_1 expire 17 lines
03-21 10:27:16.699 22402 22402 D ActivityThread: Remove activity client record, r= ActivityRecord{e2159dc token=android.os.BinderProxy@c727e38 {cn.dcpai.auction/cn.dcpai.auction.activity.AuctionGroupDetailNewActivity}} token= android.os.BinderProxy@c727e38
03-21 10:29:08.443 23603 23615 E SchedPolicy: open of dev/cpuctl/limit_fg/tasks failed: Permission denied
03-21 10:29:08.443 23603 23615 E SchedPolicy: open of dev/cpuctl/bg_non_interactive/limit_bg/tasks failed: Permission denied
03-21 10:29:09.396 23638 23639 E SchedPolicy: open of dev/cpuctl/limit_fg/tasks failed: Permission denied
03-21 10:29:09.396 23638 23639 E SchedPolicy: open of dev/cpuctl/bg_non_interactive/limit_bg/tasks failed: Permission denied
03-21 10:29:10.007 23645 23653 E SchedPolicy: open of dev/cpuctl/limit_fg/tasks failed: Permission denied
03-21 10:29:10.007 23645 23653 E SchedPolicy: open of dev/cpuctl/bg_non_interactive/limit_bg/tasks failed: Permission denied
03-21 10:29:10.097 23657 23657 E SchedPolicy: open of dev/cpuctl/limit_fg/tasks failed: Permission denied
03-21 10:29:10.097 23657 23657 E SchedPolicy: open of dev/cpuctl/bg_non_interactive/limit_bg/tasks failed: Permission denied
03-21 10:29:10.204  1356  1389 I chatty  : uid=1000(system) PackageManager expire 2 lines
03-21 10:29:10.204  1356  1369 I chatty  : uid=1000(system) ActivityManager expire 11 lines
03-21 10:29:10.835 23669 23677 E SchedPolicy: open of dev/cpuctl/limit_fg/tasks failed: Permission denied
03-21 10:29:10.835 23669 23677 E SchedPolicy: open of dev/cpuctl/bg_non_interactive/limit_bg/tasks failed: Permission denied
03-21 10:29:11.239  1356  1376 I chatty  : uid=1000(system) android.fg expire 24 lines
03-21 10:29:11.384 23679 23690 E SchedPolicy: open of dev/cpuctl/limit_fg/tasks failed: Permission denied
03-21 10:29:11.384 23679 23690 E SchedPolicy: open of dev/cpuctl/bg_non_interactive/limit_bg/tasks failed: Permission denied
03-21 10:29:11.924 23692 23700 E SchedPolicy: open of dev/cpuctl/limit_fg/tasks failed: Permission denied
03-21 10:29:11.924 23692 23700 E SchedPolicy: open of dev/cpuctl/bg_non_interactive/limit_bg/tasks failed: Permission denied
03-21 10:29:12.080  1356  1493 I chatty  : uid=1000(system) NetdConnector expire 2 lines
03-21 10:29:12.515 23702 23713 E SchedPolicy: open of dev/cpuctl/limit_fg/tasks failed: Permission denied
03-21 10:29:12.515 23702 23713 E SchedPolicy: open of dev/cpuctl/bg_non_interactive/limit_bg/tasks failed: Permission denied
03-21 10:29:13.594 23725 23736 E SchedPolicy: open of dev/cpuctl/limit_fg/tasks failed: Permission denied
03-21 10:29:13.594 23725 23736 E SchedPolicy: open of dev/cpuctl/bg_non_interactive/limit_bg/tasks failed: Permission denied
03-21 10:29:14.450 23743 23754 E SchedPolicy: open of dev/cpuctl/limit_fg/tasks failed: Permission denied
03-21 10:29:14.450 23743 23754 E SchedPolicy: open of dev/cpuctl/bg_non_interactive/limit_bg/tasks failed: Permission denied
03-21 10:29:16.400 23770 23778 E SchedPolicy: open of dev/cpuctl/limit_fg/tasks failed: Permission denied
03-21 10:29:16.400 23770 23778 E SchedPolicy: open of dev/cpuctl/bg_non_interactive/limit_bg/tasks failed: Permission denied
03-21 10:29:16.413  1356  1356 I chatty  : uid=1000 system_server expire 2 lines
03-21 10:29:17.166 23789 23797 E SchedPolicy: open of dev/cpuctl/limit_fg/tasks failed: Permission denied
03-21 10:29:17.166 23789 23797 E SchedPolicy: open of dev/cpuctl/bg_non_interactive/limit_bg/tasks failed: Permission denied
03-21 10:29:17.206  1356  1929 I chatty  : uid=1000(system) MultiTaskManage expire 2 lines
03-21 10:29:17.209  1356  2710 I chatty  : uid=1000(system) Binder:1356_17 expire 1 line
03-21 10:29:17.209  1911  2168 I HwNetworkPolicyManager: getHwUidPolicy uid = 10051 policy = 0
03-21 10:29:17.223  1356  1989 I chatty  : uid=1000(system) Binder:1356_8 expire 2 lines
03-21 10:29:17.223  4806  4882 I HwNetworkPolicyManager: getHwUidPolicy uid = 10051 policy = 0
03-21 10:29:17.241  1689  1704 I CommandQueue: updateBarBgColor
03-21 10:29:17.241  1689  1704 D CommandQueue: CommandQueue, setBarBackgroundColor
03-21 10:29:17.275 23803 23803 E SchedPolicy: open of dev/cpuctl/limit_fg/tasks failed: Permission denied
03-21 10:29:17.275 23803 23803 E SchedPolicy: open of dev/cpuctl/bg_non_interactive/limit_bg/tasks failed: Permission denied
03-21 10:29:17.288 23803 23803 D ActivityThread: ActivityThread,attachApplication
03-21 10:29:17.289  1356  2657 I chatty  : uid=1000(system) Binder:1356_10 expire 3 lines
03-21 10:29:17.472  1356  2696 I chatty  : uid=1000(system) Binder:1356_12 expire 4 lines
03-21 10:29:17.476 23823 23823 E SchedPolicy: open of dev/cpuctl/limit_fg/tasks failed: Permission denied
03-21 10:29:17.476 23823 23823 E SchedPolicy: open of dev/cpuctl/bg_non_interactive/limit_bg/tasks failed: Permission denied
03-21 10:29:17.484 23823 23823 D ActivityThread: ActivityThread,attachApplication
03-21 10:29:17.503  1911  2168 I HwNetworkPolicyManager: getHwUidPolicy uid = 10403 policy = 0
03-21 10:29:17.504  1356  1367 I chatty  : uid=1000(system) Binder:1356_2 expire 2 lines
03-21 10:29:17.505  4806  4882 I HwNetworkPolicyManager: getHwUidPolicy uid = 10403 policy = 0
03-21 10:29:17.559  1356  2568 I chatty  : uid=1000(system) Binder:1356_A expire 2 lines
03-21 10:29:17.604  1356  2648 I chatty  : uid=1000(system) Binder:1356_C expire 2 lines
03-21 10:29:17.605 23865 23865 E SchedPolicy: open of dev/cpuctl/limit_fg/tasks failed: Permission denied
03-21 10:29:17.605 23865 23865 E SchedPolicy: open of dev/cpuctl/bg_non_interactive/limit_bg/tasks failed: Permission denied
03-21 10:29:17.612 23865 23865 D ActivityThread: ActivityThread,attachApplication
03-21 10:29:17.656 23823 23823 V ActivityThread: ActivityThread,callActivityOnCreate
03-21 10:29:17.721  1356  1963 I chatty  : uid=1000(system) Binder:1356_5 expire 1 line
03-21 10:29:17.770 23823 23823 D ActivityThread: add activity client record, r= ActivityRecord{b038e96 token=android.os.BinderProxy@a19599 {cn.dcpai.auction/cn.dcpai.auction.SplashActivity}} token= android.os.BinderProxy@a19599
03-21 10:29:17.809  1689  2001 I CommandQueue: updateBarBgColor
03-21 10:29:17.809  1689  2001 D CommandQueue: CommandQueue, setBarBackgroundColor
03-21 10:29:17.894  1356  2651 I chatty  : uid=1000(system) Binder:1356_E expire 2 lines
03-21 10:29:17.921 23865 23931 E ActivityThread: Failed to find provider info for com.ludashi.benchmark.DownloadProvider
03-21 10:29:17.937  1356  1636 I chatty  : uid=1000(system) Binder:1356_4 expire 10 lines
03-21 10:29:17.946 23865 23931 E ActivityThread: Failed to find provider info for com.ss.android.article.news.DownloadProvider
03-21 10:29:18.251  1356  2189 I chatty  : uid=1000(system) Binder:1356_9 expire 24 lines
03-21 10:29:18.971  1356  2699 I chatty  : uid=1000(system) Binder:1356_15 expire 7 lines
03-21 10:29:20.933  1356  1989 I chatty  : uid=1000(system) Binder:1356_8 expire 10 lines
03-21 10:29:20.964 23823 23823 V ActivityThread: ActivityThread,callActivityOnCreate
03-21 10:29:20.997  1356  1602 I chatty  : uid=1000(system) Binder:1356_3 expire 2 lines
03-21 10:29:20.998  1356 23998 I chatty  : uid=1000 system_server expire 4 lines
03-21 10:29:21.064  1356  2717 I chatty  : uid=1000(system) Binder:1356_18 expire 8 lines
03-21 10:29:21.117 23823 23823 D ActivityThread: add activity client record, r= ActivityRecord{1864688 token=android.os.BinderProxy@cb00969 {cn.dcpai.auction/cn.dcpai.auction.MainActivity}} token= android.os.BinderProxy@cb00969
03-21 10:29:21.720  1356  1606 I chatty  : uid=1000(system) LazyTaskWriterT expire 6 lines
03-21 10:29:22.334 23823 23823 D ActivityThread: Remove activity client record, r= ActivityRecord{b038e96 token=android.os.BinderProxy@a19599 {cn.dcpai.auction/cn.dcpai.auction.SplashActivity}} token= android.os.BinderProxy@a19599
03-21 10:29:22.336  1356  1963 I chatty  : uid=1000(system) Binder:1356_5 expire 5 lines
03-21 10:29:29.267  1356  1474 I chatty  : uid=1000(system) UEventObserver expire 10 lines
03-21 10:29:29.272  1356  1356 I chatty  : uid=1000 system_server expire 11 lines
03-21 10:29:42.356 24116 24127 E SchedPolicy: open of dev/cpuctl/limit_fg/tasks failed: Permission denied
03-21 10:29:42.356 24116 24127 E SchedPolicy: open of dev/cpuctl/bg_non_interactive/limit_bg/tasks failed: Permission denied
03-21 10:29:42.827 24129 24139 E SchedPolicy: open of dev/cpuctl/limit_fg/tasks failed: Permission denied
03-21 10:29:42.827 24129 24139 E SchedPolicy: open of dev/cpuctl/bg_non_interactive/limit_bg/tasks failed: Permission denied
03-21 10:29:42.878  1356  1929 I chatty  : uid=1000(system) MultiTaskManage expire 2 lines
03-21 10:29:42.878  1356  2648 I chatty  : uid=1000(system) Binder:1356_C expire 4 lines
03-21 10:29:42.878  1911  2168 I HwNetworkPolicyManager: getHwUidPolicy uid = 10051 policy = 0
03-21 10:29:42.883  1356  2659 I chatty  : uid=1000(system) Binder:1356_11 expire 7 lines
03-21 10:29:42.883  4806  4882 I HwNetworkPolicyManager: getHwUidPolicy uid = 10051 policy = 0
03-21 10:29:42.897  1356  2710 I chatty  : uid=1000(system) Binder:1356_17 expire 4 lines
03-21 10:29:42.897  1689  1845 I CommandQueue: updateBarBgColor
03-21 10:29:42.897  1689  1845 D CommandQueue: CommandQueue, setBarBackgroundColor
03-21 10:29:43.343 24147 24163 E SchedPolicy: open of dev/cpuctl/limit_fg/tasks failed: Permission denied
03-21 10:29:43.343 24147 24163 E SchedPolicy: open of dev/cpuctl/bg_non_interactive/limit_bg/tasks failed: Permission denied
03-21 10:29:43.356  1356  1485 I chatty  : uid=1000(system) InputDispatcher expire 3 lines
03-21 10:29:44.008 24170 24180 E SchedPolicy: open of dev/cpuctl/limit_fg/tasks failed: Permission denied
03-21 10:29:44.008 24170 24180 E SchedPolicy: open of dev/cpuctl/bg_non_interactive/limit_bg/tasks failed: Permission denied
03-21 10:29:44.010  1356  2698 I chatty  : uid=1000(system) Binder:1356_14 expire 15 lines
03-21 10:29:44.051 24172 24188 E SchedPolicy: open of dev/cpuctl/limit_fg/tasks failed: Permission denied
03-21 10:29:44.051 24172 24188 E SchedPolicy: open of dev/cpuctl/bg_non_interactive/limit_bg/tasks failed: Permission denied
03-21 10:29:44.815 24204 24205 E SchedPolicy: open of dev/cpuctl/limit_fg/tasks failed: Permission denied
03-21 10:29:44.815 24204 24205 E SchedPolicy: open of dev/cpuctl/bg_non_interactive/limit_bg/tasks failed: Permission denied
03-21 10:29:45.418 24211 24222 E SchedPolicy: open of dev/cpuctl/limit_fg/tasks failed: Permission denied
03-21 10:29:45.418 24211 24222 E SchedPolicy: open of dev/cpuctl/bg_non_interactive/limit_bg/tasks failed: Permission denied
03-21 10:29:45.509 24226 24226 E SchedPolicy: open of dev/cpuctl/limit_fg/tasks failed: Permission denied
03-21 10:29:45.509 24226 24226 E SchedPolicy: open of dev/cpuctl/bg_non_interactive/limit_bg/tasks failed: Permission denied
03-21 10:29:45.575  1356  1389 I chatty  : uid=1000(system) PackageManager expire 2 lines
03-21 10:29:45.575  1356  1369 I chatty  : uid=1000(system) ActivityManager expire 11 lines
03-21 10:29:46.234 24236 24247 E SchedPolicy: open of dev/cpuctl/limit_fg/tasks failed: Permission denied
03-21 10:29:46.234 24236 24247 E SchedPolicy: open of dev/cpuctl/bg_non_interactive/limit_bg/tasks failed: Permission denied
03-21 10:29:46.527  1356  1368 I chatty  : uid=1000(system) android.bg expire 1 line
03-21 10:29:46.699 24249 24257 E SchedPolicy: open of dev/cpuctl/limit_fg/tasks failed: Permission denied
03-21 10:29:46.699 24249 24257 E SchedPolicy: open of dev/cpuctl/bg_non_interactive/limit_bg/tasks failed: Permission denied
03-21 10:29:47.240 24259 24270 E SchedPolicy: open of dev/cpuctl/limit_fg/tasks failed: Permission denied
03-21 10:29:47.240 24259 24270 E SchedPolicy: open of dev/cpuctl/bg_non_interactive/limit_bg/tasks failed: Permission denied
03-21 10:29:47.776 24272 24283 E SchedPolicy: open of dev/cpuctl/limit_fg/tasks failed: Permission denied
03-21 10:29:47.776 24272 24283 E SchedPolicy: open of dev/cpuctl/bg_non_interactive/limit_bg/tasks failed: Permission denied
03-21 10:29:48.814 24295 24303 E SchedPolicy: open of dev/cpuctl/limit_fg/tasks failed: Permission denied
03-21 10:29:48.814 24295 24303 E SchedPolicy: open of dev/cpuctl/bg_non_interactive/limit_bg/tasks failed: Permission denied
03-21 10:29:49.662 24319 24330 E SchedPolicy: open of dev/cpuctl/limit_fg/tasks failed: Permission denied
03-21 10:29:49.662 24319 24330 E SchedPolicy: open of dev/cpuctl/bg_non_interactive/limit_bg/tasks failed: Permission denied
03-21 10:29:51.591 24346 24357 E SchedPolicy: open of dev/cpuctl/limit_fg/tasks failed: Permission denied
03-21 10:29:51.591 24346 24357 E SchedPolicy: open of dev/cpuctl/bg_non_interactive/limit_bg/tasks failed: Permission denied
03-21 10:29:52.360 24365 24373 E SchedPolicy: open of dev/cpuctl/limit_fg/tasks failed: Permission denied
03-21 10:29:52.360 24365 24373 E SchedPolicy: open of dev/cpuctl/bg_non_interactive/limit_bg/tasks failed: Permission denied
03-21 10:29:52.363  1356  1367 I chatty  : uid=1000(system) Binder:1356_2 expire 9 lines
03-21 10:29:52.638 24379 24379 E SchedPolicy: open of dev/cpuctl/limit_fg/tasks failed: Permission denied
03-21 10:29:52.638 24379 24379 E SchedPolicy: open of dev/cpuctl/bg_non_interactive/limit_bg/tasks failed: Permission denied
03-21 10:29:52.645 24379 24379 D ActivityThread: ActivityThread,attachApplication
03-21 10:29:52.663  1911  2168 I HwNetworkPolicyManager: getHwUidPolicy uid = 10403 policy = 0
03-21 10:29:52.664  1356  2697 I chatty  : uid=1000(system) Binder:1356_13 expire 6 lines
03-21 10:29:52.666  4806  4882 I HwNetworkPolicyManager: getHwUidPolicy uid = 10403 policy = 0
03-21 10:29:52.774  1356  2189 I chatty  : uid=1000(system) Binder:1356_9 expire 6 lines
03-21 10:29:52.775 24417 24417 E SchedPolicy: open of dev/cpuctl/limit_fg/tasks failed: Permission denied
03-21 10:29:52.775 24417 24417 E SchedPolicy: open of dev/cpuctl/bg_non_interactive/limit_bg/tasks failed: Permission denied
03-21 10:29:52.781 24417 24417 D ActivityThread: ActivityThread,attachApplication
03-21 10:29:52.782  1356  1964 I chatty  : uid=1000(system) Binder:1356_6 expire 3 lines
03-21 10:29:52.825 24379 24379 V ActivityThread: ActivityThread,callActivityOnCreate
03-21 10:29:52.833  1356  2696 I chatty  : uid=1000(system) Binder:1356_12 expire 3 lines
03-21 10:29:52.934 24379 24379 D ActivityThread: add activity client record, r= ActivityRecord{b038e96 token=android.os.BinderProxy@a19599 {cn.dcpai.auction/cn.dcpai.auction.SplashActivity}} token= android.os.BinderProxy@a19599
03-21 10:29:52.977  1689  1704 I CommandQueue: updateBarBgColor
03-21 10:29:52.977  1689  1704 D CommandQueue: CommandQueue, setBarBackgroundColor
03-21 10:29:53.079 24417 24498 E ActivityThread: Failed to find provider info for com.ludashi.benchmark.DownloadProvider
03-21 10:29:53.091 24505 24505 E SchedPolicy: open of dev/cpuctl/limit_fg/tasks failed: Permission denied
03-21 10:29:53.091 24505 24505 E SchedPolicy: open of dev/cpuctl/bg_non_interactive/limit_bg/tasks failed: Permission denied
03-21 10:29:53.102 24417 24498 E ActivityThread: Failed to find provider info for com.ss.android.article.news.DownloadProvider
03-21 10:29:53.111 24505 24505 D ActivityThread: ActivityThread,attachApplication
03-21 10:29:53.159  1356  2701 I chatty  : uid=1000(system) Binder:1356_16 expire 4 lines
03-21 10:29:53.250  1356  1378 I chatty  : uid=1000(system) android.display expire 1 line
03-21 10:29:56.158 24379 24379 V ActivityThread: ActivityThread,callActivityOnCreate
03-21 10:29:56.194  1356 24562 I chatty  : uid=1000 system_server expire 4 lines
03-21 10:29:56.258  1356  2656 I chatty  : uid=1000(system) Binder:1356_F expire 6 lines
03-21 10:29:56.310 24379 24379 D ActivityThread: add activity client record, r= ActivityRecord{65d840f token=android.os.BinderProxy@e36b416 {cn.dcpai.auction/cn.dcpai.auction.MainActivity}} token= android.os.BinderProxy@e36b416
03-21 10:29:57.523 24379 24379 D ActivityThread: Remove activity client record, r= ActivityRecord{b038e96 token=android.os.BinderProxy@a19599 {cn.dcpai.auction/cn.dcpai.auction.SplashActivity}} token= android.os.BinderProxy@a19599
03-21 10:30:06.371  1356  1366 I chatty  : uid=1000(system) Binder:1356_1 expire 5 lines
03-21 10:30:06.394 24379 24379 V ActivityThread: ActivityThread,callActivityOnCreate
03-21 10:30:06.475 24379 24379 D ActivityThread: add activity client record, r= ActivityRecord{60ec9b7 token=android.os.BinderProxy@a19533c {cn.dcpai.auction/cn.dcpai.auction.activity.LotDetailNewActivity}} token= android.os.BinderProxy@a19533c
03-21 10:30:06.498  1356  2651 I chatty  : uid=1000(system) Binder:1356_E expire 5 lines
03-21 10:30:06.499  1356  2698 I chatty  : uid=1000(system) Binder:1356_14 expire 4 lines
03-21 10:30:10.440  1356  2568 I chatty  : uid=1000(system) Binder:1356_A expire 1 line
03-21 10:30:29.272  1356  1356 I chatty  : uid=1000 system_server expire 9 lines
03-21 10:30:49.322  1356  1493 I chatty  : uid=1000(system) NetdConnector expire 6 lines
03-21 10:30:49.325  1356  1376 I chatty  : uid=1000(system) android.fg expire 24 lines
03-21 10:30:55.637 24886 24887 E SchedPolicy: open of dev/cpuctl/limit_fg/tasks failed: Permission denied
03-21 10:30:55.637 24886 24887 E SchedPolicy: open of dev/cpuctl/bg_non_interactive/limit_bg/tasks failed: Permission denied
03-21 10:30:56.595 24893 24900 E SchedPolicy: open of dev/cpuctl/limit_fg/tasks failed: Permission denied
03-21 10:30:56.595 24893 24900 E SchedPolicy: open of dev/cpuctl/bg_non_interactive/limit_bg/tasks failed: Permission denied
03-21 10:31:31.869  1356  1481 I chatty  : uid=1000(system) AlarmManager expire 4 lines
03-21 10:31:31.955  1356 25076 I chatty  : uid=1000 system_server expire 3 lines
03-21 10:31:37.479  1356  1376 I chatty  : uid=1000(system) android.fg expire 22 lines
03-21 10:31:38.722  1356  1493 I chatty  : uid=1000(system) NetdConnector expire 4 lines
03-21 10:31:40.148 25108 25121 E SchedPolicy: open of dev/cpuctl/limit_fg/tasks failed: Permission denied
03-21 10:31:40.149 25108 25121 E SchedPolicy: open of dev/cpuctl/bg_non_interactive/limit_bg/tasks failed: Permission denied
03-21 10:31:40.720 25123 25140 E SchedPolicy: open of dev/cpuctl/limit_fg/tasks failed: Permission denied
03-21 10:31:40.720 25123 25140 E SchedPolicy: open of dev/cpuctl/bg_non_interactive/limit_bg/tasks failed: Permission denied
03-21 10:31:40.723  1356  1636 I chatty  : uid=1000(system) Binder:1356_4 expire 30 lines
03-21 10:31:40.751 25142 25142 E SchedPolicy: open of dev/cpuctl/limit_fg/tasks failed: Permission denied
03-21 10:31:40.751 25142 25142 E SchedPolicy: open of dev/cpuctl/bg_non_interactive/limit_bg/tasks failed: Permission denied
03-21 10:31:40.767 25142 25142 D ActivityThread: ActivityThread,attachApplication
03-21 10:31:40.790  1356  2656 I chatty  : uid=1000(system) Binder:1356_F expire 9 lines
03-21 10:31:40.793  1356  1482 I chatty  : uid=1000(system) sManagerService expire 2 lines
03-21 10:31:40.801  1356  2648 I chatty  : uid=1000(system) Binder:1356_C expire 3 lines
03-21 10:31:40.803  1911  2168 I HwNetworkPolicyManager: getHwUidPolicy uid = 1000 policy = 0
03-21 10:31:40.804  1356  1356 I chatty  : uid=1000 system_server expire 10 lines
03-21 10:31:40.829  4806  4882 I HwNetworkPolicyManager: getHwUidPolicy uid = 1000 policy = 0
03-21 10:31:40.839  1356  2698 I chatty  : uid=1000(system) Binder:1356_14 expire 2 lines
03-21 10:31:40.839  1689  1704 I CommandQueue: updateBarBgColor
03-21 10:31:40.839  1689  1704 D CommandQueue: CommandQueue, setBarBackgroundColor
03-21 10:31:40.844  1356  2657 I chatty  : uid=1000(system) Binder:1356_10 expire 9 lines
03-21 10:31:40.882  1356  2651 I chatty  : uid=1000(system) Binder:1356_E expire 5 lines
03-21 10:31:41.226  1356  1369 I chatty  : uid=1000(system) ActivityManager expire 13 lines
03-21 10:31:41.242  1356  1979 I chatty  : uid=1000(system) Binder:1356_7 expire 3 lines
03-21 10:31:41.242  1911  2168 I HwNetworkPolicyManager: getHwUidPolicy uid = 10051 policy = 0
03-21 10:31:41.244  1356  1602 I chatty  : uid=1000(system) Binder:1356_3 expire 6 lines
03-21 10:31:41.244  4806  4882 I HwNetworkPolicyManager: getHwUidPolicy uid = 10051 policy = 0
03-21 10:31:41.299 25164 25178 E SchedPolicy: open of dev/cpuctl/limit_fg/tasks failed: Permission denied
03-21 10:31:41.299 25164 25178 E SchedPolicy: open of dev/cpuctl/bg_non_interactive/limit_bg/tasks failed: Permission denied
03-21 10:31:41.310  1689  1702 I CommandQueue: updateBarBgColor
03-21 10:31:41.310  1689  1702 D CommandQueue: CommandQueue, setBarBackgroundColor
03-21 10:31:41.319  1356  1485 I chatty  : uid=1000(system) InputDispatcher expire 3 lines
03-21 10:31:41.382  1356  2699 I chatty  : uid=1000(system) Binder:1356_15 expire 1 line
03-21 10:31:41.394  1356  2568 I chatty  : uid=1000(system) Binder:1356_A expire 11 lines
03-21 10:31:41.397  1356  2701 I chatty  : uid=1000(system) Binder:1356_16 expire 11 lines
03-21 10:31:41.953 25184 25192 E SchedPolicy: open of dev/cpuctl/limit_fg/tasks failed: Permission denied
03-21 10:31:41.953 25184 25192 E SchedPolicy: open of dev/cpuctl/bg_non_interactive/limit_bg/tasks failed: Permission denied
03-21 10:31:41.955  1356  2710 I chatty  : uid=1000(system) Binder:1356_17 expire 17 lines
03-21 10:31:42.561  1356  2650 I chatty  : uid=1000(system) Binder:1356_D expire 7 lines
03-21 10:31:42.562 25219 25219 E SchedPolicy: open of dev/cpuctl/limit_fg/tasks failed: Permission denied
03-21 10:31:42.562 25219 25219 E SchedPolicy: open of dev/cpuctl/bg_non_interactive/limit_bg/tasks failed: Permission denied
03-21 10:31:42.581 25219 25219 D ActivityThread: ActivityThread,attachApplication
03-21 10:31:43.110  1356  1367 I chatty  : uid=1000(system) Binder:1356_2 expire 6 lines
03-21 10:31:43.115  1356  1989 I chatty  : uid=1000(system) Binder:1356_8 expire 3 lines
03-21 10:31:43.129 25219 25273 E ActivityThread: Failed to find provider info for com.ludashi.benchmark.DownloadProvider
03-21 10:31:43.133  1356  2717 I chatty  : uid=1000(system) Binder:1356_18 expire 6 lines
03-21 10:31:43.136  1356  1963 I chatty  : uid=1000(system) Binder:1356_5 expire 14 lines
03-21 10:31:43.143 25219 25273 E ActivityThread: Failed to find provider info for com.ss.android.article.news.DownloadProvider
03-21 10:31:45.450  1356  1606 I chatty  : uid=1000(system) LazyTaskWriterT expire 4 lines
03-21 10:32:00.067  1356  1474 I chatty  : uid=1000(system) UEventObserver expire 6 lines
03-21 10:32:49.614 25603 25611 E SchedPolicy: open of dev/cpuctl/limit_fg/tasks failed: Permission denied
03-21 10:32:49.614 25603 25611 E SchedPolicy: open of dev/cpuctl/bg_non_interactive/limit_bg/tasks failed: Permission denied
03-21 10:32:50.308 25626 25627 E SchedPolicy: open of dev/cpuctl/limit_fg/tasks failed: Permission denied
03-21 10:32:50.308 25626 25627 E SchedPolicy: open of dev/cpuctl/bg_non_interactive/limit_bg/tasks failed: Permission denied
03-21 10:32:50.930 25633 25643 E SchedPolicy: open of dev/cpuctl/limit_fg/tasks failed: Permission denied
03-21 10:32:50.930 25633 25643 E SchedPolicy: open of dev/cpuctl/bg_non_interactive/limit_bg/tasks failed: Permission denied
03-21 10:32:51.016 25648 25648 E SchedPolicy: open of dev/cpuctl/limit_fg/tasks failed: Permission denied
03-21 10:32:51.016 25648 25648 E SchedPolicy: open of dev/cpuctl/bg_non_interactive/limit_bg/tasks failed: Permission denied
03-21 10:32:51.086  1356  1389 I chatty  : uid=1000(system) PackageManager expire 2 lines
03-21 10:32:51.665 25657 25674 E SchedPolicy: open of dev/cpuctl/limit_fg/tasks failed: Permission denied
03-21 10:32:51.665 25657 25674 E SchedPolicy: open of dev/cpuctl/bg_non_interactive/limit_bg/tasks failed: Permission denied
03-21 10:32:52.240 25676 25687 E SchedPolicy: open of dev/cpuctl/limit_fg/tasks failed: Permission denied
03-21 10:32:52.240 25676 25687 E SchedPolicy: open of dev/cpuctl/bg_non_interactive/limit_bg/tasks failed: Permission denied
03-21 10:32:52.739 25689 25697 E SchedPolicy: open of dev/cpuctl/limit_fg/tasks failed: Permission denied
03-21 10:32:52.739 25689 25697 E SchedPolicy: open of dev/cpuctl/bg_non_interactive/limit_bg/tasks failed: Permission denied
03-21 10:32:53.287 25699 25713 E SchedPolicy: open of dev/cpuctl/limit_fg/tasks failed: Permission denied
03-21 10:32:53.287 25699 25713 E SchedPolicy: open of dev/cpuctl/bg_non_interactive/limit_bg/tasks failed: Permission denied
03-21 10:32:54.349 25722 25733 E SchedPolicy: open of dev/cpuctl/limit_fg/tasks failed: Permission denied
03-21 10:32:54.349 25722 25733 E SchedPolicy: open of dev/cpuctl/bg_non_interactive/limit_bg/tasks failed: Permission denied
03-21 10:32:55.248 25740 25751 E SchedPolicy: open of dev/cpuctl/limit_fg/tasks failed: Permission denied
03-21 10:32:55.248 25740 25751 E SchedPolicy: open of dev/cpuctl/bg_non_interactive/limit_bg/tasks failed: Permission denied
03-21 10:32:57.165 25767 25775 E SchedPolicy: open of dev/cpuctl/limit_fg/tasks failed: Permission denied
03-21 10:32:57.165 25767 25775 E SchedPolicy: open of dev/cpuctl/bg_non_interactive/limit_bg/tasks failed: Permission denied
03-21 10:32:57.949 25786 25796 E SchedPolicy: open of dev/cpuctl/limit_fg/tasks failed: Permission denied
03-21 10:32:57.949 25786 25796 E SchedPolicy: open of dev/cpuctl/bg_non_interactive/limit_bg/tasks failed: Permission denied
03-21 10:32:57.975  1356  1356 I chatty  : uid=1000 system_server expire 4 lines
03-21 10:32:58.235 25803 25803 E SchedPolicy: open of dev/cpuctl/limit_fg/tasks failed: Permission denied
03-21 10:32:58.235 25803 25803 E SchedPolicy: open of dev/cpuctl/bg_non_interactive/limit_bg/tasks failed: Permission denied
03-21 10:32:58.243 25803 25803 D ActivityThread: ActivityThread,attachApplication
03-21 10:32:58.243  1356  1366 I chatty  : uid=1000(system) Binder:1356_1 expire 1 line
03-21 10:32:58.254  1356  2189 I chatty  : uid=1000(system) Binder:1356_9 expire 9 lines
03-21 10:32:58.254  1911  2168 I HwNetworkPolicyManager: getHwUidPolicy uid = 10403 policy = 0
03-21 10:32:58.258  1356  2569 I chatty  : uid=1000(system) Binder:1356_B expire 7 lines
03-21 10:32:58.259  4806  4882 I HwNetworkPolicyManager: getHwUidPolicy uid = 10403 policy = 0
03-21 10:32:58.355 25839 25839 E SchedPolicy: open of dev/cpuctl/limit_fg/tasks failed: Permission denied
03-21 10:32:58.355 25839 25839 E SchedPolicy: open of dev/cpuctl/bg_non_interactive/limit_bg/tasks failed: Permission denied
03-21 10:32:58.365 25839 25839 D ActivityThread: ActivityThread,attachApplication
03-21 10:32:58.402  1356  2710 I chatty  : uid=1000(system) Binder:1356_17 expire 2 lines
03-21 10:32:58.504 25803 25803 D ActivityThread: add activity client record, r= ActivityRecord{b038e96 token=android.os.BinderProxy@a19599 {cn.dcpai.auction/cn.dcpai.auction.SplashActivity}} token= android.os.BinderProxy@a19599
03-21 10:32:58.536  1689  1845 I CommandQueue: updateBarBgColor
03-21 10:32:58.536  1689  1845 D CommandQueue: CommandQueue, setBarBackgroundColor
03-21 10:32:58.627  1356  1636 I chatty  : uid=1000(system) Binder:1356_4 expire 5 lines
03-21 10:32:58.627 25922 25922 E SchedPolicy: open of dev/cpuctl/limit_fg/tasks failed: Permission denied
03-21 10:32:58.627 25922 25922 E SchedPolicy: open of dev/cpuctl/bg_non_interactive/limit_bg/tasks failed: Permission denied
03-21 10:32:58.635 25922 25922 D ActivityThread: ActivityThread,attachApplication
03-21 10:32:58.703 25839 25934 E ActivityThread: Failed to find provider info for com.ludashi.benchmark.DownloadProvider
03-21 10:32:58.715 25839 25934 E ActivityThread: Failed to find provider info for com.ss.android.article.news.DownloadProvider
03-21 10:32:58.832  1356  1378 I chatty  : uid=1000(system) android.display expire 1 line
03-21 10:33:01.686 25803 25803 V ActivityThread: ActivityThread,callActivityOnCreate
03-21 10:33:01.718  1356  1964 I chatty  : uid=1000(system) Binder:1356_6 expire 1 line
03-21 10:33:01.719  1356 25994 I chatty  : uid=1000 system_server expire 4 lines
03-21 10:33:01.843 25803 25803 D ActivityThread: add activity client record, r= ActivityRecord{86d856e token=android.os.BinderProxy@742e531 {cn.dcpai.auction/cn.dcpai.auction.MainActivity}} token= android.os.BinderProxy@742e531
03-21 10:33:03.059 25803 25803 D ActivityThread: Remove activity client record, r= ActivityRecord{b038e96 token=android.os.BinderProxy@a19599 {cn.dcpai.auction/cn.dcpai.auction.SplashActivity}} token= android.os.BinderProxy@a19599
03-21 10:33:12.399 25803 25803 V ActivityThread: ActivityThread,callActivityOnCreate
03-21 10:33:12.478 25803 25803 D ActivityThread: add activity client record, r= ActivityRecord{4bd524 token=android.os.BinderProxy@a19533c {cn.dcpai.auction/cn.dcpai.auction.activity.LotDetailNewActivity}} token= android.os.BinderProxy@a19533c
03-21 10:33:30.628  1356  1474 I chatty  : uid=1000(system) UEventObserver expire 6 lines
03-21 10:33:30.637  1356  1356 I chatty  : uid=1000 system_server expire 11 lines
03-21 10:33:34.971  1356  1481 I chatty  : uid=1000(system) AlarmManager expire 1 line
03-21 10:34:30.446 26449 26457 E SchedPolicy: open of dev/cpuctl/limit_fg/tasks failed: Permission denied
03-21 10:34:30.446 26449 26457 E SchedPolicy: open of dev/cpuctl/bg_non_interactive/limit_bg/tasks failed: Permission denied
03-21 10:34:31.108 26474 26475 E SchedPolicy: open of dev/cpuctl/limit_fg/tasks failed: Permission denied
03-21 10:34:31.108 26474 26475 E SchedPolicy: open of dev/cpuctl/bg_non_interactive/limit_bg/tasks failed: Permission denied
03-21 10:34:31.744  1356  1493 I chatty  : uid=1000(system) NetdConnector expire 6 lines
03-21 10:34:31.746  1356  1376 I chatty  : uid=1000(system) android.fg expire 24 lines
03-21 10:34:31.761 26481 26489 E SchedPolicy: open of dev/cpuctl/limit_fg/tasks failed: Permission denied
03-21 10:34:31.761 26481 26489 E SchedPolicy: open of dev/cpuctl/bg_non_interactive/limit_bg/tasks failed: Permission denied
03-21 10:34:31.853 26493 26493 E SchedPolicy: open of dev/cpuctl/limit_fg/tasks failed: Permission denied
03-21 10:34:31.853 26493 26493 E SchedPolicy: open of dev/cpuctl/bg_non_interactive/limit_bg/tasks failed: Permission denied
03-21 10:34:31.957  1356  1389 I chatty  : uid=1000(system) PackageManager expire 2 lines
03-21 10:34:31.957  1356  1369 I chatty  : uid=1000(system) ActivityManager expire 13 lines
03-21 10:34:32.601 26505 26513 E SchedPolicy: open of dev/cpuctl/limit_fg/tasks failed: Permission denied
03-21 10:34:32.601 26505 26513 E SchedPolicy: open of dev/cpuctl/bg_non_interactive/limit_bg/tasks failed: Permission denied
03-21 10:34:33.204 26517 26535 E SchedPolicy: open of dev/cpuctl/limit_fg/tasks failed: Permission denied
03-21 10:34:33.204 26517 26535 E SchedPolicy: open of dev/cpuctl/bg_non_interactive/limit_bg/tasks failed: Permission denied
03-21 10:34:33.794 26537 26545 E SchedPolicy: open of dev/cpuctl/limit_fg/tasks failed: Permission denied
03-21 10:34:33.794 26537 26545 E SchedPolicy: open of dev/cpuctl/bg_non_interactive/limit_bg/tasks failed: Permission denied
03-21 10:34:34.257 26547 26561 E SchedPolicy: open of dev/cpuctl/limit_fg/tasks failed: Permission denied
03-21 10:34:34.257 26547 26561 E SchedPolicy: open of dev/cpuctl/bg_non_interactive/limit_bg/tasks failed: Permission denied
03-21 10:34:35.255 26570 26582 E SchedPolicy: open of dev/cpuctl/limit_fg/tasks failed: Permission denied
03-21 10:34:35.255 26570 26582 E SchedPolicy: open of dev/cpuctl/bg_non_interactive/limit_bg/tasks failed: Permission denied
03-21 10:34:36.058 26588 26596 E SchedPolicy: open of dev/cpuctl/limit_fg/tasks failed: Permission denied
03-21 10:34:36.058 26588 26596 E SchedPolicy: open of dev/cpuctl/bg_non_interactive/limit_bg/tasks failed: Permission denied
03-21 10:34:37.513  1356  2696 I chatty  : uid=1000(system) Binder:1356_12 expire 6 lines
03-21 10:34:38.039 26619 26629 E SchedPolicy: open of dev/cpuctl/limit_fg/tasks failed: Permission denied
03-21 10:34:38.039 26619 26629 E SchedPolicy: open of dev/cpuctl/bg_non_interactive/limit_bg/tasks failed: Permission denied
03-21 10:34:38.497 26631 26644 E SchedPolicy: open of dev/cpuctl/limit_fg/tasks failed: Permission denied
03-21 10:34:38.497 26631 26644 E SchedPolicy: open of dev/cpuctl/bg_non_interactive/limit_bg/tasks failed: Permission denied
03-21 10:34:38.500  1356  1989 I chatty  : uid=1000(system) Binder:1356_8 expire 27 lines
03-21 10:34:38.525 26646 26646 E SchedPolicy: open of dev/cpuctl/limit_fg/tasks failed: Permission denied
03-21 10:34:38.525 26646 26646 E SchedPolicy: open of dev/cpuctl/bg_non_interactive/limit_bg/tasks failed: Permission denied
03-21 10:34:38.539 26646 26646 D ActivityThread: ActivityThread,attachApplication
03-21 10:34:38.559  1356  2569 I chatty  : uid=1000(system) Binder:1356_B expire 3 lines
03-21 10:34:38.562  1356  1482 I chatty  : uid=1000(system) sManagerService expire 2 lines
03-21 10:34:38.565  1356  2648 I chatty  : uid=1000(system) Binder:1356_C expire 1 line
03-21 10:34:38.565  1911  2168 I HwNetworkPolicyManager: getHwUidPolicy uid = 1000 policy = 0
03-21 10:34:38.576  1356  2717 I chatty  : uid=1000(system) Binder:1356_18 expire 14 lines
03-21 10:34:38.576  4806  4882 I HwNetworkPolicyManager: getHwUidPolicy uid = 1000 policy = 0
03-21 10:34:38.588  1689  2001 I CommandQueue: updateBarBgColor
03-21 10:34:38.588  1689  2001 D CommandQueue: CommandQueue, setBarBackgroundColor
03-21 10:34:38.601  1356  2698 I chatty  : uid=1000(system) Binder:1356_14 expire 7 lines
03-21 10:34:38.605  1356  2710 I chatty  : uid=1000(system) Binder:1356_17 expire 10 lines
03-21 10:34:38.615 26668 26668 E SchedPolicy: open of dev/cpuctl/limit_fg/tasks failed: Permission denied
03-21 10:34:38.615 26668 26668 E SchedPolicy: open of dev/cpuctl/bg_non_interactive/limit_bg/tasks failed: Permission denied
03-21 10:34:38.624 26668 26668 D ActivityThread: ActivityThread,attachApplication
03-21 10:34:38.624  1356  2651 I chatty  : uid=1000(system) Binder:1356_E expire 3 lines
03-21 10:34:38.669  1356  2701 I chatty  : uid=1000(system) Binder:1356_16 expire 5 lines
03-21 10:34:38.804 26710 26710 E SchedPolicy: open of dev/cpuctl/limit_fg/tasks failed: Permission denied
03-21 10:34:38.804 26710 26710 E SchedPolicy: open of dev/cpuctl/bg_non_interactive/limit_bg/tasks failed: Permission denied
03-21 10:34:38.805  1356  2699 I chatty  : uid=1000(system) Binder:1356_15 expire 4 lines
03-21 10:34:38.812 26710 26710 D ActivityThread: ActivityThread,attachApplication
03-21 10:34:38.812  1356  1602 I chatty  : uid=1000(system) Binder:1356_3 expire 7 lines
03-21 10:34:39.007  1356  1366 I chatty  : uid=1000(system) Binder:1356_1 expire 6 lines
03-21 10:34:39.008  1356  1963 I chatty  : uid=1000(system) Binder:1356_5 expire 1 line
03-21 10:34:39.008  1911  2168 I HwNetworkPolicyManager: getHwUidPolicy uid = 10051 policy = 0
03-21 10:34:39.008  4806  4882 I HwNetworkPolicyManager: getHwUidPolicy uid = 10051 policy = 0
03-21 10:34:39.074  1356  2656 I chatty  : uid=1000(system) Binder:1356_F expire 13 lines
03-21 10:34:39.113  1689  2001 I CommandQueue: updateBarBgColor
03-21 10:34:39.113  1689  2001 D CommandQueue: CommandQueue, setBarBackgroundColor
03-21 10:34:39.149 26703 26772 E SchedPolicy: open of dev/cpuctl/limit_fg/tasks failed: Permission denied
03-21 10:34:39.149 26703 26772 E SchedPolicy: open of dev/cpuctl/bg_non_interactive/limit_bg/tasks failed: Permission denied
03-21 10:34:39.174  1356  1485 I chatty  : uid=1000(system) InputDispatcher expire 3 lines
03-21 10:34:39.358  1356  2650 I chatty  : uid=1000(system) Binder:1356_D expire 2 lines
03-21 10:34:39.381  1356  1979 I chatty  : uid=1000(system) Binder:1356_7 expire 5 lines
03-21 10:34:39.393 26710 26784 E ActivityThread: Failed to find provider info for com.ludashi.benchmark.DownloadProvider
03-21 10:34:39.406 26710 26784 E ActivityThread: Failed to find provider info for com.ss.android.article.news.DownloadProvider
03-21 10:34:39.430  1356  1964 I chatty  : uid=1000(system) Binder:1356_6 expire 4 lines
03-21 10:34:39.454 26756 26794 E SchedPolicy: open of dev/cpuctl/limit_fg/tasks failed: Permission denied
03-21 10:34:39.454 26756 26794 E SchedPolicy: open of dev/cpuctl/bg_non_interactive/limit_bg/tasks failed: Permission denied
03-21 10:34:39.462  1356  1367 I chatty  : uid=1000(system) Binder:1356_2 expire 7 lines
03-21 10:34:39.468  1356  1356 I chatty  : uid=1000 system_server expire 4 lines
03-21 10:34:39.662 26786 26816 E SchedPolicy: open of dev/cpuctl/limit_fg/tasks failed: Permission denied
03-21 10:34:39.662 26786 26816 E SchedPolicy: open of dev/cpuctl/bg_non_interactive/limit_bg/tasks failed: Permission denied
03-21 10:34:39.668  1356  2189 I chatty  : uid=1000(system) Binder:1356_9 expire 14 lines
03-21 10:34:40.168 26821 26831 E SchedPolicy: open of dev/cpuctl/limit_fg/tasks failed: Permission denied
03-21 10:34:40.168 26821 26831 E SchedPolicy: open of dev/cpuctl/bg_non_interactive/limit_bg/tasks failed: Permission denied
03-21 10:34:40.435  1356  2659 I chatty  : uid=1000(system) Binder:1356_11 expire 5 lines
03-21 10:34:40.452 26838 26838 E SchedPolicy: open of dev/cpuctl/limit_fg/tasks failed: Permission denied
03-21 10:34:40.452 26838 26838 E SchedPolicy: open of dev/cpuctl/bg_non_interactive/limit_bg/tasks failed: Permission denied
03-21 10:34:40.459 26838 26838 D ActivityThread: ActivityThread,attachApplication
03-21 10:34:40.472  1356  1636 I chatty  : uid=1000(system) Binder:1356_4 expire 5 lines
03-21 10:34:40.484  1911  2168 I HwNetworkPolicyManager: getHwUidPolicy uid = 10403 policy = 0
03-21 10:34:40.486  4806  4882 I HwNetworkPolicyManager: getHwUidPolicy uid = 10403 policy = 0
03-21 10:34:40.545  1356  2697 I chatty  : uid=1000(system) Binder:1356_13 expire 4 lines
03-21 10:34:40.592 26873 26873 E SchedPolicy: open of dev/cpuctl/limit_fg/tasks failed: Permission denied
03-21 10:34:40.592 26873 26873 E SchedPolicy: open of dev/cpuctl/bg_non_interactive/limit_bg/tasks failed: Permission denied
03-21 10:34:40.598 26873 26873 D ActivityThread: ActivityThread,attachApplication
03-21 10:34:40.644  1356  2568 I chatty  : uid=1000(system) Binder:1356_A expire 3 lines
03-21 10:34:40.646 26838 26838 V ActivityThread: ActivityThread,callActivityOnCreate
03-21 10:34:40.758 26838 26838 D ActivityThread: add activity client record, r= ActivityRecord{b038e96 token=android.os.BinderProxy@db7805e {cn.dcpai.auction/cn.dcpai.auction.SplashActivity}} token= android.os.BinderProxy@db7805e
03-21 10:34:40.794  1689  1704 I CommandQueue: updateBarBgColor
03-21 10:34:40.794  1689  1704 D CommandQueue: CommandQueue, setBarBackgroundColor
03-21 10:34:40.850 26873 26932 E ActivityThread: Failed to find provider info for com.ludashi.benchmark.DownloadProvider
03-21 10:34:40.856  1356  2657 I chatty  : uid=1000(system) Binder:1356_10 expire 2 lines
03-21 10:34:40.873 26873 26932 E ActivityThread: Failed to find provider info for com.ss.android.article.news.DownloadProvider
03-21 10:34:41.084  1356  1378 I chatty  : uid=1000(system) android.display expire 1 line
03-21 10:34:43.673  1356  1606 I chatty  : uid=1000(system) LazyTaskWriterT expire 2 lines
03-21 10:34:43.945 26838 26838 V ActivityThread: ActivityThread,callActivityOnCreate
03-21 10:34:43.978  1356 27011 I chatty  : uid=1000 system_server expire 4 lines
03-21 10:34:44.096 26838 26838 D ActivityThread: add activity client record, r= ActivityRecord{c6cd446 token=android.os.BinderProxy@cb00969 {cn.dcpai.auction/cn.dcpai.auction.MainActivity}} token= android.os.BinderProxy@cb00969
03-21 10:34:45.310 26838 26838 D ActivityThread: Remove activity client record, r= ActivityRecord{b038e96 token=android.os.BinderProxy@db7805e {cn.dcpai.auction/cn.dcpai.auction.SplashActivity}} token= android.os.BinderProxy@db7805e
03-21 10:34:54.827 26838 26838 V ActivityThread: ActivityThread,callActivityOnCreate
03-21 10:34:54.899 26838 26838 D ActivityThread: add activity client record, r= ActivityRecord{1a2a4bc token=android.os.BinderProxy@3880a72 {cn.dcpai.auction/cn.dcpai.auction.activity.LotDetailNewActivity}} token= android.os.BinderProxy@3880a72
03-21 10:34:54.924  1356  2189 I chatty  : uid=1000(system) Binder:1356_9 expire 9 lines
03-21 10:34:54.926  1356  2651 I chatty  : uid=1000(system) Binder:1356_E expire 10 lines
03-21 10:34:55.316  1356  1602 I chatty  : uid=1000(system) Binder:1356_3 expire 8 lines
03-21 10:34:57.817  1356  1606 I chatty  : uid=1000(system) LazyTaskWriterT expire 10 lines
03-21 10:35:00.008  1356  1356 I chatty  : uid=1000 system_server expire 10 lines
03-21 10:35:00.186  1356  1989 I chatty  : uid=1000(system) Binder:1356_8 expire 12 lines
03-21 10:35:00.201  1356  2569 I chatty  : uid=1000(system) Binder:1356_B expire 1 line
03-21 10:35:00.561 26838 26838 D ActivityThread: Remove activity client record, r= ActivityRecord{1a2a4bc token=android.os.BinderProxy@3880a72 {cn.dcpai.auction/cn.dcpai.auction.activity.LotDetailNewActivity}} token= android.os.BinderProxy@3880a72
03-21 10:35:00.631  1356  1378 I chatty  : uid=1000(system) android.display expire 7 lines
03-21 10:35:01.107  1356  1474 I chatty  : uid=1000(system) UEventObserver expire 8 lines
03-21 10:35:01.346 26838 26838 V ActivityThread: ActivityThread,callActivityOnCreate
03-21 10:35:01.392 26838 26838 D ActivityThread: add activity client record, r= ActivityRecord{8181b87 token=android.os.BinderProxy@8e038b7 {cn.dcpai.auction/cn.dcpai.auction.activity.LotDetailNewActivity}} token= android.os.BinderProxy@8e038b7
03-21 10:35:01.444  1356  2717 I chatty  : uid=1000(system) Binder:1356_18 expire 4 lines
03-21 10:35:01.446  1356  1367 I chatty  : uid=1000(system) Binder:1356_2 expire 8 lines
03-21 10:35:01.794  1356  1979 I chatty  : uid=1000(system) Binder:1356_7 expire 6 lines
03-21 10:35:06.679  1356  2656 I chatty  : uid=1000(system) Binder:1356_F expire 3 lines
03-21 10:35:06.702  1356  1366 I chatty  : uid=1000(system) Binder:1356_1 expire 2 lines
03-21 10:35:06.762  1356  2657 I chatty  : uid=1000(system) Binder:1356_10 expire 3 lines
03-21 10:35:07.078 26838 26838 D ActivityThread: Remove activity client record, r= ActivityRecord{8181b87 token=android.os.BinderProxy@8e038b7 {cn.dcpai.auction/cn.dcpai.auction.activity.LotDetailNewActivity}} token= android.os.BinderProxy@8e038b7
03-21 10:35:07.842  1356  2696 I chatty  : uid=1000(system) Binder:1356_12 expire 10 lines
03-21 10:35:07.865 26838 26838 V ActivityThread: ActivityThread,callActivityOnCreate
03-21 10:35:07.906 26838 26838 D ActivityThread: add activity client record, r= ActivityRecord{6d5eeab token=android.os.BinderProxy@5e7f68d {cn.dcpai.auction/cn.dcpai.auction.activity.LotDetailNewActivity}} token= android.os.BinderProxy@5e7f68d
03-21 10:35:07.964  1356  2648 I chatty  : uid=1000(system) Binder:1356_C expire 5 lines
03-21 10:35:07.966  1356  2650 I chatty  : uid=1000(system) Binder:1356_D expire 7 lines
03-21 10:35:14.076  1356  1964 I chatty  : uid=1000(system) Binder:1356_6 expire 2 lines
03-21 10:35:14.439 26838 26838 D ActivityThread: Remove activity client record, r= ActivityRecord{6d5eeab token=android.os.BinderProxy@5e7f68d {cn.dcpai.auction/cn.dcpai.auction.activity.LotDetailNewActivity}} token= android.os.BinderProxy@5e7f68d
03-21 10:35:15.221  1356  2701 I chatty  : uid=1000(system) Binder:1356_16 expire 9 lines
03-21 10:35:15.246 26838 26838 V ActivityThread: ActivityThread,callActivityOnCreate
03-21 10:35:15.288 26838 26838 D ActivityThread: add activity client record, r= ActivityRecord{d4824dd token=android.os.BinderProxy@78c7d8d {cn.dcpai.auction/cn.dcpai.auction.activity.LotDetailNewActivity}} token= android.os.BinderProxy@78c7d8d
03-21 10:35:21.450  1356  2698 I chatty  : uid=1000(system) Binder:1356_14 expire 5 lines
03-21 10:35:21.472  1356  2697 I chatty  : uid=1000(system) Binder:1356_13 expire 28 lines
03-21 10:35:21.834 26838 26838 D ActivityThread: Remove activity client record, r= ActivityRecord{d4824dd token=android.os.BinderProxy@78c7d8d {cn.dcpai.auction/cn.dcpai.auction.activity.LotDetailNewActivity}} token= android.os.BinderProxy@78c7d8d
03-21 10:35:25.972  1356  2651 I chatty  : uid=1000(system) Binder:1356_E expire 21 lines
03-21 10:35:25.995 26838 26838 V ActivityThread: ActivityThread,callActivityOnCreate
03-21 10:35:26.037 26838 26838 D ActivityThread: add activity client record, r= ActivityRecord{a4177 token=android.os.BinderProxy@22e79f9 {cn.dcpai.auction/cn.dcpai.auction.activity.LotDetailNewActivity}} token= android.os.BinderProxy@22e79f9
03-21 10:35:32.660 26838 26838 D ActivityThread: Remove activity client record, r= ActivityRecord{a4177 token=android.os.BinderProxy@22e79f9 {cn.dcpai.auction/cn.dcpai.auction.activity.LotDetailNewActivity}} token= android.os.BinderProxy@22e79f9
03-21 10:35:33.432 26838 26838 V ActivityThread: ActivityThread,callActivityOnCreate
03-21 10:35:33.476 26838 26838 D ActivityThread: add activity client record, r= ActivityRecord{5493149 token=android.os.BinderProxy@3aee83e {cn.dcpai.auction/cn.dcpai.auction.activity.LotDetailNewActivity}} token= android.os.BinderProxy@3aee83e
03-21 10:35:33.531  1356  2710 I chatty  : uid=1000(system) Binder:1356_17 expire 6 lines
03-21 10:35:33.533  1356  2699 I chatty  : uid=1000(system) Binder:1356_15 expire 4 lines
03-21 10:35:33.876  1356  1963 I chatty  : uid=1000(system) Binder:1356_5 expire 1 line
03-21 10:35:39.690 26838 26838 D ActivityThread: Remove activity client record, r= ActivityRecord{5493149 token=android.os.BinderProxy@3aee83e {cn.dcpai.auction/cn.dcpai.auction.activity.LotDetailNewActivity}} token= android.os.BinderProxy@3aee83e
03-21 10:35:40.477 26838 26838 V ActivityThread: ActivityThread,callActivityOnCreate
03-21 10:35:40.523 26838 26838 D ActivityThread: add activity client record, r= ActivityRecord{a322849 token=android.os.BinderProxy@bdf9d31 {cn.dcpai.auction/cn.dcpai.auction.activity.LotDetailNewActivity}} token= android.os.BinderProxy@bdf9d31
03-21 10:35:46.411  1356  1989 I chatty  : uid=1000(system) Binder:1356_8 expire 5 lines
03-21 10:35:46.787 26838 26838 D ActivityThread: Remove activity client record, r= ActivityRecord{a322849 token=android.os.BinderProxy@bdf9d31 {cn.dcpai.auction/cn.dcpai.auction.activity.LotDetailNewActivity}} token= android.os.BinderProxy@bdf9d31
03-21 10:36:07.156 27471 27479 E SchedPolicy: open of dev/cpuctl/limit_fg/tasks failed: Permission denied
03-21 10:36:07.156 27471 27479 E SchedPolicy: open of dev/cpuctl/bg_non_interactive/limit_bg/tasks failed: Permission denied
03-21 10:36:07.634 27484 27492 E SchedPolicy: open of dev/cpuctl/limit_fg/tasks failed: Permission denied
03-21 10:36:07.634 27484 27492 E SchedPolicy: open of dev/cpuctl/bg_non_interactive/limit_bg/tasks failed: Permission denied
03-21 10:36:07.681  1911  2168 I HwNetworkPolicyManager: getHwUidPolicy uid = 10051 policy = 0
03-21 10:36:07.684  1356  1929 I chatty  : uid=1000(system) MultiTaskManage expire 2 lines
03-21 10:36:07.685  1356  1356 I chatty  : uid=1000 system_server expire 8 lines
03-21 10:36:07.686  4806  4882 I HwNetworkPolicyManager: getHwUidPolicy uid = 10051 policy = 0
03-21 10:36:07.695  1689  1702 I CommandQueue: updateBarBgColor
03-21 10:36:07.695  1689  1702 D CommandQueue: CommandQueue, setBarBackgroundColor
03-21 10:36:08.171 27497 27506 E SchedPolicy: open of dev/cpuctl/limit_fg/tasks failed: Permission denied
03-21 10:36:08.171 27497 27506 E SchedPolicy: open of dev/cpuctl/bg_non_interactive/limit_bg/tasks failed: Permission denied
03-21 10:36:08.184  1356  1485 I chatty  : uid=1000(system) InputDispatcher expire 3 lines
03-21 10:36:08.829 27514 27525 E SchedPolicy: open of dev/cpuctl/limit_fg/tasks failed: Permission denied
03-21 10:36:08.829 27514 27525 E SchedPolicy: open of dev/cpuctl/bg_non_interactive/limit_bg/tasks failed: Permission denied
03-21 10:36:22.646  1356  1493 I chatty  : uid=1000(system) NetdConnector expire 2 lines
03-21 10:36:22.656  1356  1376 I chatty  : uid=1000(system) android.fg expire 2 lines
03-21 10:36:31.948  1356  1481 I chatty  : uid=1000(system) AlarmManager expire 1 line
03-21 10:36:31.973  1356 27637 I chatty  : uid=1000 system_server expire 3 lines
03-21 10:36:32.919 27644 27652 E SchedPolicy: open of dev/cpuctl/limit_fg/tasks failed: Permission denied
03-21 10:36:32.919 27644 27652 E SchedPolicy: open of dev/cpuctl/bg_non_interactive/limit_bg/tasks failed: Permission denied
03-21 10:36:33.613 27668 27669 E SchedPolicy: open of dev/cpuctl/limit_fg/tasks failed: Permission denied
03-21 10:36:33.613 27668 27669 E SchedPolicy: open of dev/cpuctl/bg_non_interactive/limit_bg/tasks failed: Permission denied
03-21 10:36:34.244 27676 27689 E SchedPolicy: open of dev/cpuctl/limit_fg/tasks failed: Permission denied
03-21 10:36:34.244 27676 27689 E SchedPolicy: open of dev/cpuctl/bg_non_interactive/limit_bg/tasks failed: Permission denied
03-21 10:36:34.333 27699 27699 E SchedPolicy: open of dev/cpuctl/limit_fg/tasks failed: Permission denied
03-21 10:36:34.333 27699 27699 E SchedPolicy: open of dev/cpuctl/bg_non_interactive/limit_bg/tasks failed: Permission denied
03-21 10:36:34.456  1356  1389 I chatty  : uid=1000(system) PackageManager expire 2 lines
03-21 10:36:34.456  1356  1369 I chatty  : uid=1000(system) ActivityManager expire 11 lines
03-21 10:36:35.121 27709 27721 E SchedPolicy: open of dev/cpuctl/limit_fg/tasks failed: Permission denied
03-21 10:36:35.121 27709 27721 E SchedPolicy: open of dev/cpuctl/bg_non_interactive/limit_bg/tasks failed: Permission denied
03-21 10:36:35.622 27724 27732 E SchedPolicy: open of dev/cpuctl/limit_fg/tasks failed: Permission denied
03-21 10:36:35.622 27724 27732 E SchedPolicy: open of dev/cpuctl/bg_non_interactive/limit_bg/tasks failed: Permission denied
03-21 10:36:36.154 27734 27745 E SchedPolicy: open of dev/cpuctl/limit_fg/tasks failed: Permission denied
