03-21 10:47:08.265 31134 31134 D ActivityThread: add activity client record, r= ActivityRecord{d62b3c8 token=android.os.BinderProxy@8ba8502 {cn.dcpai.auction/cn.dcpai.auction.activity.LotDetailNewActivity}} token= android.os.BinderProxy@8ba8502
03-21 10:47:08.660  1356  2701 I chatty  : uid=1000(system) Binder:1356_16 expire 5 lines
03-21 10:47:14.123  1356  2696 I chatty  : uid=1000(system) Binder:1356_12 expire 1 line
03-21 10:47:14.441 31134 31134 D ActivityThread: Remove activity client record, r= ActivityRecord{d62b3c8 token=android.os.BinderProxy@8ba8502 {cn.dcpai.auction/cn.dcpai.auction.activity.LotDetailNewActivity}} token= android.os.BinderProxy@8ba8502
03-21 10:47:14.943 31134 31134 V ActivityThread: ActivityThread,callActivityOnCreate
03-21 10:47:14.997 31134 31134 D ActivityThread: add activity client record, r= ActivityRecord{839e735 token=android.os.BinderProxy@c0e276f {cn.dcpai.auction/cn.dcpai.auction.activity.LotDetailNewActivity}} token= android.os.BinderProxy@c0e276f
03-21 10:47:15.042  1356  2657 I chatty  : uid=1000(system) Binder:1356_10 expire 5 lines
03-21 10:47:20.119  1356  2698 I chatty  : uid=1000(system) Binder:1356_14 expire 7 lines
03-21 10:47:20.190  1356  2651 I chatty  : uid=1000(system) Binder:1356_E expire 5 lines
03-21 10:47:20.493 31134 31134 D ActivityThread: Remove activity client record, r= ActivityRecord{839e735 token=android.os.BinderProxy@c0e276f {cn.dcpai.auction/cn.dcpai.auction.activity.LotDetailNewActivity}} token= android.os.BinderProxy@c0e276f
03-21 10:47:21.295 31134 31134 V ActivityThread: ActivityThread,callActivityOnCreate
03-21 10:47:21.339 31134 31134 D ActivityThread: add activity client record, r= ActivityRecord{3a98840 token=android.os.BinderProxy@31c1bba {cn.dcpai.auction/cn.dcpai.auction.activity.LotDetailNewActivity}} token= android.os.BinderProxy@31c1bba
03-21 10:47:21.395  1356  2656 I chatty  : uid=1000(system) Binder:1356_F expire 6 lines
03-21 10:47:21.397  1356  1979 I chatty  : uid=1000(system) Binder:1356_7 expire 4 lines
03-21 10:47:26.944 31134 31134 D ActivityThread: Remove activity client record, r= ActivityRecord{3a98840 token=android.os.BinderProxy@31c1bba {cn.dcpai.auction/cn.dcpai.auction.activity.LotDetailNewActivity}} token= android.os.BinderProxy@31c1bba
03-21 10:47:31.062 31134 31134 V ActivityThread: ActivityThread,callActivityOnCreate
03-21 10:47:31.115 31134 31134 D ActivityThread: add activity client record, r= ActivityRecord{11d0a85 token=android.os.BinderProxy@a9d023f {cn.dcpai.auction/cn.dcpai.auction.activity.LotDetailNewActivity}} token= android.os.BinderProxy@a9d023f
03-21 10:47:31.506  1356  1367 I chatty  : uid=1000(system) Binder:1356_2 expire 3 lines
03-21 10:47:36.509 31134 31134 D ActivityThread: Remove activity client record, r= ActivityRecord{11d0a85 token=android.os.BinderProxy@a9d023f {cn.dcpai.auction/cn.dcpai.auction.activity.LotDetailNewActivity}} token= android.os.BinderProxy@a9d023f
03-21 10:47:37.286  1356  1989 I chatty  : uid=1000(system) Binder:1356_8 expire 14 lines
03-21 10:47:37.306 31134 31134 V ActivityThread: ActivityThread,callActivityOnCreate
03-21 10:47:37.350 31134 31134 D ActivityThread: add activity client record, r= ActivityRecord{7b39993 token=android.os.BinderProxy@665c35 {cn.dcpai.auction/cn.dcpai.auction.activity.LotDetailNewActivity}} token= android.os.BinderProxy@665c35
03-21 10:47:42.509  1356  2717 I chatty  : uid=1000(system) Binder:1356_18 expire 1 line
03-21 10:47:42.875 31134 31134 D ActivityThread: Remove activity client record, r= ActivityRecord{7b39993 token=android.os.BinderProxy@665c35 {cn.dcpai.auction/cn.dcpai.auction.activity.LotDetailNewActivity}} token= android.os.BinderProxy@665c35
03-21 10:47:43.697 31134 31134 V ActivityThread: ActivityThread,callActivityOnCreate
03-21 10:47:43.752 31134 31134 D ActivityThread: add activity client record, r= ActivityRecord{95f0fa9 token=android.os.BinderProxy@8f084c3 {cn.dcpai.auction/cn.dcpai.auction.activity.LotDetailNewActivity}} token= android.os.BinderProxy@8f084c3
03-21 10:47:44.156  1356  2659 I chatty  : uid=1000(system) Binder:1356_11 expire 1 line
03-21 10:47:50.068  1356  1602 I chatty  : uid=1000(system) Binder:1356_3 expire 5 lines
03-21 10:47:50.417 31134 31134 D ActivityThread: Remove activity client record, r= ActivityRecord{95f0fa9 token=android.os.BinderProxy@8f084c3 {cn.dcpai.auction/cn.dcpai.auction.activity.LotDetailNewActivity}} token= android.os.BinderProxy@8f084c3
03-21 10:47:51.803  1356  1493 I chatty  : uid=1000(system) NetdConnector expire 2 lines
03-21 10:47:51.807  1356  1376 I chatty  : uid=1000(system) android.fg expire 2 lines
03-21 10:47:53.439  1356  1606 I chatty  : uid=1000(system) LazyTaskWriterT expire 10 lines
03-21 10:47:54.470  1356  1367 I chatty  : uid=1000(system) Binder:1356_2 expire 11 lines
03-21 10:47:54.496 31134 31134 V ActivityThread: ActivityThread,callActivityOnCreate
03-21 10:47:54.540 31134 31134 D ActivityThread: add activity client record, r= ActivityRecord{c086b06 token=android.os.BinderProxy@52243d0 {cn.dcpai.auction/cn.dcpai.auction.activity.LotDetailNewActivity}} token= android.os.BinderProxy@52243d0
03-21 10:47:54.593  1356  1989 I chatty  : uid=1000(system) Binder:1356_8 expire 10 lines
03-21 10:47:54.594  1356  2568 I chatty  : uid=1000(system) Binder:1356_A expire 9 lines
03-21 10:47:54.932  1356  2717 I chatty  : uid=1000(system) Binder:1356_18 expire 6 lines
03-21 10:48:00.004  1356  1356 I chatty  : uid=1000 system_server expire 8 lines
03-21 10:48:00.639  1356  2656 I chatty  : uid=1000(system) Binder:1356_F expire 8 lines
03-21 10:48:00.656  1356  2710 I chatty  : uid=1000(system) Binder:1356_17 expire 5 lines
03-21 10:48:00.709  1356  2699 I chatty  : uid=1000(system) Binder:1356_15 expire 3 lines
03-21 10:48:01.011 31134 31134 D ActivityThread: Remove activity client record, r= ActivityRecord{c086b06 token=android.os.BinderProxy@52243d0 {cn.dcpai.auction/cn.dcpai.auction.activity.LotDetailNewActivity}} token= android.os.BinderProxy@52243d0
03-21 10:48:01.081  1356  1378 I chatty  : uid=1000(system) android.display expire 9 lines
03-21 10:48:01.787  1356  2648 I chatty  : uid=1000(system) Binder:1356_C expire 13 lines
03-21 10:48:01.811 31134 31134 V ActivityThread: ActivityThread,callActivityOnCreate
03-21 10:48:01.863 31134 31134 D ActivityThread: add activity client record, r= ActivityRecord{4f0053e token=android.os.BinderProxy@19366c9 {cn.dcpai.auction/cn.dcpai.auction.activity.LotDetailNewActivity}} token= android.os.BinderProxy@19366c9
03-21 10:48:01.910  1356  1366 I chatty  : uid=1000(system) Binder:1356_1 expire 14 lines
03-21 10:48:05.429  1356  1474 I chatty  : uid=1000(system) UEventObserver expire 6 lines
03-21 10:48:07.467  1356  1979 I chatty  : uid=1000(system) Binder:1356_7 expire 3 lines
03-21 10:48:07.534  1356  2697 I chatty  : uid=1000(system) Binder:1356_13 expire 6 lines
03-21 10:48:07.842 31134 31134 D ActivityThread: Remove activity client record, r= ActivityRecord{4f0053e token=android.os.BinderProxy@19366c9 {cn.dcpai.auction/cn.dcpai.auction.activity.LotDetailNewActivity}} token= android.os.BinderProxy@19366c9
03-21 10:48:20.069 31134 31134 V ActivityThread: ActivityThread,callActivityOnCreate
03-21 10:48:20.133 31134 31134 D ActivityThread: add activity client record, r= ActivityRecord{8c950dc token=android.os.BinderProxy@7cdb78c {cn.dcpai.auction/cn.dcpai.auction.activity.LotDetailNewActivity}} token= android.os.BinderProxy@7cdb78c
03-21 10:48:20.169  1356  1636 I chatty  : uid=1000(system) Binder:1356_4 expire 14 lines
03-21 10:48:20.534  1356  2696 I chatty  : uid=1000(system) Binder:1356_12 expire 6 lines
03-21 10:48:25.111  1356  2701 I chatty  : uid=1000(system) Binder:1356_16 expire 3 lines
03-21 10:48:25.130  1356  2189 I chatty  : uid=1000(system) Binder:1356_9 expire 6 lines
03-21 10:48:25.184  1356  2657 I chatty  : uid=1000(system) Binder:1356_10 expire 1 line
03-21 10:48:25.484 31134 31134 D ActivityThread: Remove activity client record, r= ActivityRecord{8c950dc token=android.os.BinderProxy@7cdb78c {cn.dcpai.auction/cn.dcpai.auction.activity.LotDetailNewActivity}} token= android.os.BinderProxy@7cdb78c
03-21 10:48:26.272 31134 31134 V ActivityThread: ActivityThread,callActivityOnCreate
03-21 10:48:26.313 31134 31134 D ActivityThread: add activity client record, r= ActivityRecord{590a729 token=android.os.BinderProxy@d7dbc9b {cn.dcpai.auction/cn.dcpai.auction.activity.LotDetailNewActivity}} token= android.os.BinderProxy@d7dbc9b
03-21 10:48:26.370  1356  2569 I chatty  : uid=1000(system) Binder:1356_B expire 9 lines
03-21 10:48:26.372  1356  1964 I chatty  : uid=1000(system) Binder:1356_6 expire 6 lines
03-21 10:48:31.289  1356  1374 I chatty  : uid=1000(system) batterystats-sy expire 3 lines
03-21 10:48:32.100  1356  2650 I chatty  : uid=1000(system) Binder:1356_D expire 7 lines
03-21 10:48:32.162  1356  2651 I chatty  : uid=1000(system) Binder:1356_E expire 1 line
03-21 10:48:32.463 31134 31134 D ActivityThread: Remove activity client record, r= ActivityRecord{590a729 token=android.os.BinderProxy@d7dbc9b {cn.dcpai.auction/cn.dcpai.auction.activity.LotDetailNewActivity}} token= android.os.BinderProxy@d7dbc9b
03-21 10:48:33.277 31134 31134 V ActivityThread: ActivityThread,callActivityOnCreate
03-21 10:48:33.328 31134 31134 D ActivityThread: add activity client record, r= ActivityRecord{90db33c token=android.os.BinderProxy@c923b9e {cn.dcpai.auction/cn.dcpai.auction.activity.LotDetailNewActivity}} token= android.os.BinderProxy@c923b9e
03-21 10:48:35.502  1356  1481 I chatty  : uid=1000(system) AlarmManager expire 1 line
03-21 10:48:39.242  1356  2698 I chatty  : uid=1000(system) Binder:1356_14 expire 7 lines
03-21 10:48:39.246  1356  1381 I chatty  : uid=1000(system) CpuTracker expire 2 lines
03-21 10:48:39.610 31134 31134 D ActivityThread: Remove activity client record, r= ActivityRecord{90db33c token=android.os.BinderProxy@c923b9e {cn.dcpai.auction/cn.dcpai.auction.activity.LotDetailNewActivity}} token= android.os.BinderProxy@c923b9e
03-21 10:48:40.430 31134 31134 V ActivityThread: ActivityThread,callActivityOnCreate
03-21 10:48:40.472 31134 31134 D ActivityThread: add activity client record, r= ActivityRecord{6a959d3 token=android.os.BinderProxy@c77ea75 {cn.dcpai.auction/cn.dcpai.auction.activity.LotDetailNewActivity}} token= android.os.BinderProxy@c77ea75
03-21 10:48:46.819  1356  1963 I chatty  : uid=1000(system) Binder:1356_5 expire 1 line
03-21 10:48:47.187 31134 31134 D ActivityThread: Remove activity client record, r= ActivityRecord{6a959d3 token=android.os.BinderProxy@c77ea75 {cn.dcpai.auction/cn.dcpai.auction.activity.LotDetailNewActivity}} token= android.os.BinderProxy@c77ea75
03-21 10:48:51.322 31134 31134 V ActivityThread: ActivityThread,callActivityOnCreate
03-21 10:48:51.376 31134 31134 D ActivityThread: add activity client record, r= ActivityRecord{7a0d7a0 token=android.os.BinderProxy@9ea0c29 {cn.dcpai.auction/cn.dcpai.auction.activity.LotDetailNewActivity}} token= android.os.BinderProxy@9ea0c29
03-21 10:48:51.421  1356  1366 I chatty  : uid=1000(system) Binder:1356_1 expire 12 lines
03-21 10:48:57.913 31134 31134 D ActivityThread: Remove activity client record, r= ActivityRecord{7a0d7a0 token=android.os.BinderProxy@9ea0c29 {cn.dcpai.auction/cn.dcpai.auction.activity.LotDetailNewActivity}} token= android.os.BinderProxy@9ea0c29
03-21 10:48:58.709 31134 31134 V ActivityThread: ActivityThread,callActivityOnCreate
03-21 10:48:58.751 31134 31134 D ActivityThread: add activity client record, r= ActivityRecord{349f659 token=android.os.BinderProxy@3dcae4b {cn.dcpai.auction/cn.dcpai.auction.activity.LotDetailNewActivity}} token= android.os.BinderProxy@3dcae4b
03-21 10:48:58.802  1356  2648 I chatty  : uid=1000(system) Binder:1356_C expire 5 lines
03-21 10:49:00.070  1356  1369 I chatty  : uid=1000(system) ActivityManager expire 1 line
03-21 10:49:01.454  1356  1606 I chatty  : uid=1000(system) LazyTaskWriterT expire 3 lines
03-21 10:49:04.295 31134 31134 D ActivityThread: Remove activity client record, r= ActivityRecord{349f659 token=android.os.BinderProxy@3dcae4b {cn.dcpai.auction/cn.dcpai.auction.activity.LotDetailNewActivity}} token= android.os.BinderProxy@3dcae4b
03-21 10:49:05.092 31134 31134 V ActivityThread: ActivityThread,callActivityOnCreate
03-21 10:49:05.144 31134 31134 D ActivityThread: add activity client record, r= ActivityRecord{f24e82c token=android.os.BinderProxy@ff11f0e {cn.dcpai.auction/cn.dcpai.auction.activity.LotDetailNewActivity}} token= android.os.BinderProxy@ff11f0e
03-21 10:49:10.787  1356  1636 I chatty  : uid=1000(system) Binder:1356_4 expire 2 lines
03-21 10:49:11.160 31134 31134 D ActivityThread: Remove activity client record, r= ActivityRecord{f24e82c token=android.os.BinderProxy@ff11f0e {cn.dcpai.auction/cn.dcpai.auction.activity.LotDetailNewActivity}} token= android.os.BinderProxy@ff11f0e
03-21 10:49:12.208  1356   757 I chatty  : uid=1000 system_server expire 20 lines
03-21 10:49:15.242  1356  1366 I chatty  : uid=1000(system) Binder:1356_1 expire 5 lines
03-21 10:49:15.265 31134 31134 V ActivityThread: ActivityThread,callActivityOnCreate
03-21 10:49:15.311 31134 31134 D ActivityThread: add activity client record, r= ActivityRecord{d55fbeb token=android.os.BinderProxy@bfa9cd {cn.dcpai.auction/cn.dcpai.auction.activity.LotDetailNewActivity}} token= android.os.BinderProxy@bfa9cd
03-21 10:49:15.365  1356  2659 I chatty  : uid=1000(system) Binder:1356_11 expire 8 lines
03-21 10:49:15.707  1356  2697 I chatty  : uid=1000(system) Binder:1356_13 expire 2 lines
03-21 10:49:16.144  1356  2651 I chatty  : uid=1000(system) Binder:1356_E expire 3 lines
03-21 10:49:16.193  1356  1367 I chatty  : uid=1000(system) Binder:1356_2 expire 24 lines
03-21 10:49:18.264  1356  1606 I chatty  : uid=1000(system) LazyTaskWriterT expire 4 lines
03-21 10:49:20.928  1356  2717 I chatty  : uid=1000(system) Binder:1356_18 expire 4 lines
03-21 10:49:20.948  1356  2657 I chatty  : uid=1000(system) Binder:1356_10 expire 2 lines
03-21 10:49:21.307 31134 31134 D ActivityThread: Remove activity client record, r= ActivityRecord{d55fbeb token=android.os.BinderProxy@bfa9cd {cn.dcpai.auction/cn.dcpai.auction.activity.LotDetailNewActivity}} token= android.os.BinderProxy@bfa9cd
03-21 10:49:21.376  1356  1378 I chatty  : uid=1000(system) android.display expire 2 lines
03-21 10:49:22.071  1356  2568 I chatty  : uid=1000(system) Binder:1356_A expire 10 lines
03-21 10:49:22.093 31134 31134 V ActivityThread: ActivityThread,callActivityOnCreate
03-21 10:49:22.143 31134 31134 D ActivityThread: add activity client record, r= ActivityRecord{6fea1c1 token=android.os.BinderProxy@ff930cd {cn.dcpai.auction/cn.dcpai.auction.activity.LotDetailNewActivity}} token= android.os.BinderProxy@ff930cd
03-21 10:49:22.193  1356  2569 I chatty  : uid=1000(system) Binder:1356_B expire 5 lines
03-21 10:49:25.018  1356  2701 I chatty  : uid=1000(system) Binder:1356_16 expire 16 lines
03-21 10:49:25.074  1356  1964 I chatty  : uid=1000(system) Binder:1356_6 expire 2 lines
03-21 10:49:25.113  1356  1963 I chatty  : uid=1000(system) Binder:1356_5 expire 3 lines
03-21 10:49:27.466  1356  1356 I chatty  : uid=1000 system_server expire 11 lines
03-21 10:49:27.468  1356  1493 I chatty  : uid=1000(system) NetdConnector expire 18 lines
03-21 10:49:27.470  1356  1494 I chatty  : uid=1000(system) NetworkStats expire 1 line
03-21 10:49:27.474  1356  1481 I chatty  : uid=1000(system) AlarmManager expire 6 lines
03-21 10:49:27.571  1356  2698 I chatty  : uid=1000(system) Binder:1356_14 expire 4 lines
03-21 10:49:27.588  1356  1366 I chatty  : uid=1000(system) Binder:1356_1 expire 6 lines
03-21 10:49:27.589  1356  1979 I chatty  : uid=1000(system) Binder:1356_7 expire 2 lines
03-21 10:49:27.590  1356  2650 I chatty  : uid=1000(system) Binder:1356_D expire 1 line
03-21 10:49:27.594  1356  1636 I chatty  : uid=1000(system) Binder:1356_4 expire 1 line
03-21 10:49:27.806 31134 31134 D ActivityThread: Remove activity client record, r= ActivityRecord{6fea1c1 token=android.os.BinderProxy@ff930cd {cn.dcpai.auction/cn.dcpai.auction.activity.LotDetailNewActivity}} token= android.os.BinderProxy@ff930cd
03-21 10:49:35.907  1356  1474 I chatty  : uid=1000(system) UEventObserver expire 22 lines
03-21 10:49:52.711  1356  1368 I chatty  : uid=1000(system) android.bg expire 1 line
03-21 10:49:56.835  1053  1061 E SchedPolicy: open of dev/cpuctl/limit_fg/tasks failed: Permission denied
03-21 10:49:56.835  1053  1061 E SchedPolicy: open of dev/cpuctl/bg_non_interactive/limit_bg/tasks failed: Permission denied
03-21 10:49:57.353  1063  1071 E SchedPolicy: open of dev/cpuctl/limit_fg/tasks failed: Permission denied
03-21 10:49:57.353  1063  1071 E SchedPolicy: open of dev/cpuctl/bg_non_interactive/limit_bg/tasks failed: Permission denied
03-21 10:49:57.403  1356  2189 I chatty  : uid=1000(system) Binder:1356_9 expire 1 line
03-21 10:49:57.404  1911  2168 I HwNetworkPolicyManager: getHwUidPolicy uid = 10051 policy = 0
03-21 10:49:57.404  1356  2656 I chatty  : uid=1000(system) Binder:1356_F expire 1 line
03-21 10:49:57.406  4806  4882 I HwNetworkPolicyManager: getHwUidPolicy uid = 10051 policy = 0
03-21 10:49:57.406  1356  1929 I chatty  : uid=1000(system) MultiTaskManage expire 2 lines
03-21 10:49:57.407  1356  1356 I chatty  : uid=1000 system_server expire 25 lines
03-21 10:49:57.432  1689  2001 I CommandQueue: updateBarBgColor
03-21 10:49:57.432  1689  2001 D CommandQueue: CommandQueue, setBarBackgroundColor
03-21 10:49:57.445  1356  1367 I chatty  : uid=1000(system) Binder:1356_2 expire 2 lines
03-21 10:49:57.507  1356  2696 I chatty  : uid=1000(system) Binder:1356_12 expire 2 lines
03-21 10:49:57.888  1095  1105 E SchedPolicy: open of dev/cpuctl/limit_fg/tasks failed: Permission denied
03-21 10:49:57.888  1095  1105 E SchedPolicy: open of dev/cpuctl/bg_non_interactive/limit_bg/tasks failed: Permission denied
03-21 10:49:57.901  1356  1485 I chatty  : uid=1000(system) InputDispatcher expire 3 lines
03-21 10:49:58.521  1112  1123 E SchedPolicy: open of dev/cpuctl/limit_fg/tasks failed: Permission denied
03-21 10:49:58.521  1112  1123 E SchedPolicy: open of dev/cpuctl/bg_non_interactive/limit_bg/tasks failed: Permission denied
03-21 10:50:28.630  1356  2699 I chatty  : uid=1000(system) Binder:1356_15 expire 1 line
03-21 10:50:31.865  1356  1376 I chatty  : uid=1000(system) android.fg expire 56 lines
03-21 10:54:27.513  1356  3052 I chatty  : uid=1000 system_server expire 3 lines
03-21 10:54:44.453  1356  1376 I chatty  : uid=1000(system) android.fg expire 16 lines
03-21 10:54:44.466  1356  1493 I chatty  : uid=1000(system) NetdConnector expire 6 lines
03-21 10:55:00.005  1356  1356 I chatty  : uid=1000 system_server expire 10 lines
03-21 10:55:08.003  1356  1474 I chatty  : uid=1000(system) UEventObserver expire 10 lines
03-21 10:57:30.600  1356  2657 I chatty  : uid=1000(system) Binder:1356_10 expire 5 lines
03-21 10:57:30.692  1356  2697 I chatty  : uid=1000(system) Binder:1356_13 expire 8 lines
03-21 10:57:35.006  4134  4148 E SchedPolicy: open of dev/cpuctl/limit_fg/tasks failed: Permission denied
03-21 10:57:35.006  4134  4148 E SchedPolicy: open of dev/cpuctl/bg_non_interactive/limit_bg/tasks failed: Permission denied
03-21 10:57:35.700  4160  4161 E SchedPolicy: open of dev/cpuctl/limit_fg/tasks failed: Permission denied
03-21 10:57:35.700  4160  4161 E SchedPolicy: open of dev/cpuctl/bg_non_interactive/limit_bg/tasks failed: Permission denied
03-21 10:57:36.323  4178  4186 E SchedPolicy: open of dev/cpuctl/limit_fg/tasks failed: Permission denied
03-21 10:57:36.323  4178  4186 E SchedPolicy: open of dev/cpuctl/bg_non_interactive/limit_bg/tasks failed: Permission denied
03-21 10:57:36.410  4194  4194 E SchedPolicy: open of dev/cpuctl/limit_fg/tasks failed: Permission denied
03-21 10:57:36.410  4194  4194 E SchedPolicy: open of dev/cpuctl/bg_non_interactive/limit_bg/tasks failed: Permission denied
03-21 10:57:36.503  1356  1389 I chatty  : uid=1000(system) PackageManager expire 4 lines
03-21 10:57:36.504  1356  1369 I chatty  : uid=1000(system) ActivityManager expire 11 lines
03-21 10:57:37.122  4209  4224 E SchedPolicy: open of dev/cpuctl/limit_fg/tasks failed: Permission denied
03-21 10:57:37.122  4209  4224 E SchedPolicy: open of dev/cpuctl/bg_non_interactive/limit_bg/tasks failed: Permission denied
03-21 10:57:37.699  4226  4234 E SchedPolicy: open of dev/cpuctl/limit_fg/tasks failed: Permission denied
03-21 10:57:37.699  4226  4234 E SchedPolicy: open of dev/cpuctl/bg_non_interactive/limit_bg/tasks failed: Permission denied
03-21 10:57:38.180  4236  4248 E SchedPolicy: open of dev/cpuctl/limit_fg/tasks failed: Permission denied
03-21 10:57:38.180  4236  4248 E SchedPolicy: open of dev/cpuctl/bg_non_interactive/limit_bg/tasks failed: Permission denied
03-21 10:57:38.733  4250  4258 E SchedPolicy: open of dev/cpuctl/limit_fg/tasks failed: Permission denied
03-21 10:57:38.733  4250  4258 E SchedPolicy: open of dev/cpuctl/bg_non_interactive/limit_bg/tasks failed: Permission denied
03-21 10:57:38.869  1356  1474 I chatty  : uid=1000(system) UEventObserver expire 8 lines
03-21 10:57:39.738  4278  4286 E SchedPolicy: open of dev/cpuctl/limit_fg/tasks failed: Permission denied
03-21 10:57:39.738  4278  4286 E SchedPolicy: open of dev/cpuctl/bg_non_interactive/limit_bg/tasks failed: Permission denied
03-21 10:57:40.601  4296  4304 E SchedPolicy: open of dev/cpuctl/limit_fg/tasks failed: Permission denied
03-21 10:57:40.601  4296  4304 E SchedPolicy: open of dev/cpuctl/bg_non_interactive/limit_bg/tasks failed: Permission denied
03-21 10:57:42.770  4345  4354 E SchedPolicy: open of dev/cpuctl/limit_fg/tasks failed: Permission denied
03-21 10:57:42.770  4345  4354 E SchedPolicy: open of dev/cpuctl/bg_non_interactive/limit_bg/tasks failed: Permission denied
03-21 10:57:42.777  1356  2717 I chatty  : uid=1000(system) Binder:1356_18 expire 5 lines
03-21 10:57:43.495  4362  4375 E SchedPolicy: open of dev/cpuctl/limit_fg/tasks failed: Permission denied
03-21 10:57:43.495  4362  4375 E SchedPolicy: open of dev/cpuctl/bg_non_interactive/limit_bg/tasks failed: Permission denied
03-21 10:57:43.499  1356  2656 I chatty  : uid=1000(system) Binder:1356_F expire 8 lines
03-21 10:57:43.757  1356  2698 I chatty  : uid=1000(system) Binder:1356_14 expire 13 lines
03-21 10:57:43.773  1356  1979 I chatty  : uid=1000(system) Binder:1356_7 expire 11 lines
03-21 10:57:43.774  4379  4379 E SchedPolicy: open of dev/cpuctl/limit_fg/tasks failed: Permission denied
03-21 10:57:43.774  4379  4379 E SchedPolicy: open of dev/cpuctl/bg_non_interactive/limit_bg/tasks failed: Permission denied
03-21 10:57:43.782  4379  4379 D ActivityThread: ActivityThread,attachApplication
03-21 10:57:43.792  1356  2699 I chatty  : uid=1000(system) Binder:1356_15 expire 2 lines
03-21 10:57:43.792  1911  2168 I HwNetworkPolicyManager: getHwUidPolicy uid = 10403 policy = 0
03-21 10:57:43.796  1356  2651 I chatty  : uid=1000(system) Binder:1356_E expire 2 lines
03-21 10:57:43.796  4806  4882 I HwNetworkPolicyManager: getHwUidPolicy uid = 10403 policy = 0
03-21 10:57:43.844  1356  2648 I chatty  : uid=1000(system) Binder:1356_C expire 2 lines
03-21 10:57:43.902  1356  2710 I chatty  : uid=1000(system) Binder:1356_17 expire 11 lines
03-21 10:57:43.903  4418  4418 E SchedPolicy: open of dev/cpuctl/limit_fg/tasks failed: Permission denied
03-21 10:57:43.903  4418  4418 E SchedPolicy: open of dev/cpuctl/bg_non_interactive/limit_bg/tasks failed: Permission denied
03-21 10:57:43.910  4418  4418 D ActivityThread: ActivityThread,attachApplication
03-21 10:57:43.911  1356  1366 I chatty  : uid=1000(system) Binder:1356_1 expire 6 lines
03-21 10:57:43.947  4379  4379 V ActivityThread: ActivityThread,callActivityOnCreate
03-21 10:57:43.952  1356  2659 I chatty  : uid=1000(system) Binder:1356_11 expire 3 lines
03-21 10:57:44.054  4379  4379 D ActivityThread: add activity client record, r= ActivityRecord{b038e96 token=android.os.BinderProxy@a19599 {cn.dcpai.auction/cn.dcpai.auction.SplashActivity}} token= android.os.BinderProxy@a19599
03-21 10:57:44.091  1689  1704 I CommandQueue: updateBarBgColor
03-21 10:57:44.091  1689  1704 D CommandQueue: CommandQueue, setBarBackgroundColor
03-21 10:57:44.166  1356  2568 I chatty  : uid=1000(system) Binder:1356_A expire 5 lines
03-21 10:57:44.178  1356  1636 I chatty  : uid=1000(system) Binder:1356_4 expire 5 lines
03-21 10:57:44.191  4534  4534 E SchedPolicy: open of dev/cpuctl/limit_fg/tasks failed: Permission denied
03-21 10:57:44.191  4534  4534 E SchedPolicy: open of dev/cpuctl/bg_non_interactive/limit_bg/tasks failed: Permission denied
03-21 10:57:44.192  1356  1963 I chatty  : uid=1000(system) Binder:1356_5 expire 2 lines
03-21 10:57:44.197  4418  4502 E ActivityThread: Failed to find provider info for com.ludashi.benchmark.DownloadProvider
03-21 10:57:44.202  4534  4534 D ActivityThread: ActivityThread,attachApplication
03-21 10:57:44.203  1356  2696 I chatty  : uid=1000(system) Binder:1356_12 expire 2 lines
03-21 10:57:44.213  1356  2650 I chatty  : uid=1000(system) Binder:1356_D expire 2 lines
03-21 10:57:44.223  4418  4502 E ActivityThread: Failed to find provider info for com.ss.android.article.news.DownloadProvider
03-21 10:57:44.392  1356  1378 I chatty  : uid=1000(system) android.display expire 1 line
03-21 10:57:45.273  1356  1989 I chatty  : uid=1000(system) Binder:1356_8 expire 4 lines
03-21 10:57:47.228  1356  1964 I chatty  : uid=1000(system) Binder:1356_6 expire 7 lines
03-21 10:57:47.253  4379  4379 V ActivityThread: ActivityThread,callActivityOnCreate
03-21 10:57:47.287  1356  1367 I chatty  : uid=1000(system) Binder:1356_2 expire 8 lines
03-21 10:57:47.288  1356  4610 I chatty  : uid=1000 system_server expire 4 lines
03-21 10:57:47.410  4379  4379 D ActivityThread: add activity client record, r= ActivityRecord{6a7fc9c token=android.os.BinderProxy@72d9197 {cn.dcpai.auction/cn.dcpai.auction.MainActivity}} token= android.os.BinderProxy@72d9197
03-21 10:57:47.801  1356  1606 I chatty  : uid=1000(system) LazyTaskWriterT expire 3 lines
03-21 10:57:48.618  4379  4379 D ActivityThread: Remove activity client record, r= ActivityRecord{b038e96 token=android.os.BinderProxy@a19599 {cn.dcpai.auction/cn.dcpai.auction.SplashActivity}} token= android.os.BinderProxy@a19599
03-21 10:57:57.300  1356  2189 I chatty  : uid=1000(system) Binder:1356_9 expire 11 lines
03-21 10:57:57.324  4379  4379 V ActivityThread: ActivityThread,callActivityOnCreate
03-21 10:57:57.395  4379  4379 D ActivityThread: add activity client record, r= ActivityRecord{60ec9b7 token=android.os.BinderProxy@8ce8c5 {cn.dcpai.auction/cn.dcpai.auction.activity.LotDetailNewActivity}} token= android.os.BinderProxy@8ce8c5
03-21 10:57:57.808  1356  2698 I chatty  : uid=1000(system) Binder:1356_14 expire 2 lines
03-21 10:58:00.002  1356  1356 I chatty  : uid=1000 system_server expire 10 lines
03-21 10:58:31.816  1356  1376 I chatty  : uid=1000(system) android.fg expire 2 lines
03-21 10:59:20.598  5182  5190 E SchedPolicy: open of dev/cpuctl/limit_fg/tasks failed: Permission denied
03-21 10:59:20.598  5182  5190 E SchedPolicy: open of dev/cpuctl/bg_non_interactive/limit_bg/tasks failed: Permission denied
03-21 10:59:21.539  5204  5205 E SchedPolicy: open of dev/cpuctl/limit_fg/tasks failed: Permission denied
03-21 10:59:21.539  5204  5205 E SchedPolicy: open of dev/cpuctl/bg_non_interactive/limit_bg/tasks failed: Permission denied
03-21 10:59:22.148  5211  5219 E SchedPolicy: open of dev/cpuctl/limit_fg/tasks failed: Permission denied
03-21 10:59:22.148  5211  5219 E SchedPolicy: open of dev/cpuctl/bg_non_interactive/limit_bg/tasks failed: Permission denied
03-21 10:59:22.237  5226  5226 E SchedPolicy: open of dev/cpuctl/limit_fg/tasks failed: Permission denied
03-21 10:59:22.237  5226  5226 E SchedPolicy: open of dev/cpuctl/bg_non_interactive/limit_bg/tasks failed: Permission denied
03-21 10:59:22.308  1356  1369 I chatty  : uid=1000(system) ActivityManager expire 13 lines
03-21 10:59:22.318  1356  1356 I chatty  : uid=1000 system_server expire 3 lines
03-21 10:59:22.883  5245  5264 E SchedPolicy: open of dev/cpuctl/limit_fg/tasks failed: Permission denied
03-21 10:59:22.883  5245  5264 E SchedPolicy: open of dev/cpuctl/bg_non_interactive/limit_bg/tasks failed: Permission denied
03-21 10:59:23.455  5276  5304 E SchedPolicy: open of dev/cpuctl/limit_fg/tasks failed: Permission denied
03-21 10:59:23.455  5276  5304 E SchedPolicy: open of dev/cpuctl/bg_non_interactive/limit_bg/tasks failed: Permission denied
03-21 10:59:24.001  5306  5327 E SchedPolicy: open of dev/cpuctl/limit_fg/tasks failed: Permission denied
03-21 10:59:24.001  5306  5327 E SchedPolicy: open of dev/cpuctl/bg_non_interactive/limit_bg/tasks failed: Permission denied
03-21 10:59:24.569  5329  5351 E SchedPolicy: open of dev/cpuctl/limit_fg/tasks failed: Permission denied
03-21 10:59:24.569  5329  5351 E SchedPolicy: open of dev/cpuctl/bg_non_interactive/limit_bg/tasks failed: Permission denied
03-21 10:59:25.555  5363  5386 E SchedPolicy: open of dev/cpuctl/limit_fg/tasks failed: Permission denied
03-21 10:59:25.555  5363  5386 E SchedPolicy: open of dev/cpuctl/bg_non_interactive/limit_bg/tasks failed: Permission denied
03-21 10:59:26.379  5392  5403 E SchedPolicy: open of dev/cpuctl/limit_fg/tasks failed: Permission denied
03-21 10:59:26.379  5392  5403 E SchedPolicy: open of dev/cpuctl/bg_non_interactive/limit_bg/tasks failed: Permission denied
03-21 10:59:28.385  5426  5437 E SchedPolicy: open of dev/cpuctl/limit_fg/tasks failed: Permission denied
03-21 10:59:28.385  5426  5437 E SchedPolicy: open of dev/cpuctl/bg_non_interactive/limit_bg/tasks failed: Permission denied
03-21 10:59:28.878  5442  5452 E SchedPolicy: open of dev/cpuctl/limit_fg/tasks failed: Permission denied
03-21 10:59:28.878  5442  5452 E SchedPolicy: open of dev/cpuctl/bg_non_interactive/limit_bg/tasks failed: Permission denied
03-21 10:59:28.920  5454  5454 E SchedPolicy: open of dev/cpuctl/limit_fg/tasks failed: Permission denied
03-21 10:59:28.920  5454  5454 E SchedPolicy: open of dev/cpuctl/bg_non_interactive/limit_bg/tasks failed: Permission denied
03-21 10:59:28.929  5454  5454 D ActivityThread: ActivityThread,attachApplication
03-21 10:59:28.939  1356  1979 I chatty  : uid=1000(system) Binder:1356_7 expire 16 lines
03-21 10:59:28.958  1356  1482 I chatty  : uid=1000(system) sManagerService expire 2 lines
03-21 10:59:28.971  4806  4882 I HwNetworkPolicyManager: getHwUidPolicy uid = 1000 policy = 0
03-21 10:59:28.976  1911  2168 I HwNetworkPolicyManager: getHwUidPolicy uid = 1000 policy = 0
03-21 10:59:28.990  1689  1702 I CommandQueue: updateBarBgColor
03-21 10:59:28.990  1689  1702 D CommandQueue: CommandQueue, setBarBackgroundColor
03-21 10:59:29.022  5473  5473 E SchedPolicy: open of dev/cpuctl/limit_fg/tasks failed: Permission denied
03-21 10:59:29.022  5473  5473 E SchedPolicy: open of dev/cpuctl/bg_non_interactive/limit_bg/tasks failed: Permission denied
03-21 10:59:29.036  5473  5473 D ActivityThread: ActivityThread,attachApplication
03-21 10:59:29.202  5519  5519 E SchedPolicy: open of dev/cpuctl/limit_fg/tasks failed: Permission denied
03-21 10:59:29.202  5519  5519 E SchedPolicy: open of dev/cpuctl/bg_non_interactive/limit_bg/tasks failed: Permission denied
03-21 10:59:29.211  5519  5519 D ActivityThread: ActivityThread,attachApplication
03-21 10:59:29.212  1356  2569 I chatty  : uid=1000(system) Binder:1356_B expire 1 line
03-21 10:59:29.389  1911  2168 I HwNetworkPolicyManager: getHwUidPolicy uid = 10051 policy = 0
03-21 10:59:29.390  4806  4882 I HwNetworkPolicyManager: getHwUidPolicy uid = 10051 policy = 0
03-21 10:59:29.471  1689  2001 I CommandQueue: updateBarBgColor
03-21 10:59:29.472  1689  2001 D CommandQueue: CommandQueue, setBarBackgroundColor
03-21 10:59:29.495  5512  5589 E SchedPolicy: open of dev/cpuctl/limit_fg/tasks failed: Permission denied
03-21 10:59:29.495  5512  5589 E SchedPolicy: open of dev/cpuctl/bg_non_interactive/limit_bg/tasks failed: Permission denied
03-21 10:59:29.564  1356  2701 I chatty  : uid=1000(system) Binder:1356_16 expire 1 line
03-21 10:59:29.568  1356  1485 I chatty  : uid=1000(system) InputDispatcher expire 3 lines
03-21 10:59:29.746  5544  5625 E SchedPolicy: open of dev/cpuctl/limit_fg/tasks failed: Permission denied
03-21 10:59:29.746  5544  5625 E SchedPolicy: open of dev/cpuctl/bg_non_interactive/limit_bg/tasks failed: Permission denied
03-21 10:59:29.751  1356  2696 I chatty  : uid=1000(system) Binder:1356_12 expire 12 lines
03-21 10:59:29.755  1356  2697 I chatty  : uid=1000(system) Binder:1356_13 expire 10 lines
03-21 10:59:29.756  1356  2710 I chatty  : uid=1000(system) Binder:1356_17 expire 3 lines
03-21 10:59:29.766  1356  1602 I chatty  : uid=1000(system) Binder:1356_3 expire 11 lines
03-21 10:59:29.766  1356  1356 I chatty  : uid=1000 system_server expire 13 lines
03-21 10:59:29.797  5519  5612 E ActivityThread: Failed to find provider info for com.ludashi.benchmark.DownloadProvider
03-21 10:59:29.817  1356  2568 I chatty  : uid=1000(system) Binder:1356_A expire 10 lines
03-21 10:59:29.827  1356  2717 I chatty  : uid=1000(system) Binder:1356_18 expire 21 lines
03-21 10:59:29.839  5519  5612 E ActivityThread: Failed to find provider info for com.ss.android.article.news.DownloadProvider
03-21 10:59:29.875  1356  1367 I chatty  : uid=1000(system) Binder:1356_2 expire 3 lines
03-21 10:59:30.071  5623  5652 E SchedPolicy: open of dev/cpuctl/limit_fg/tasks failed: Permission denied
03-21 10:59:30.071  5623  5652 E SchedPolicy: open of dev/cpuctl/bg_non_interactive/limit_bg/tasks failed: Permission denied
03-21 10:59:30.342  1356  1897 I chatty  : uid=1000(system) LocationThread expire 5 lines
03-21 10:59:30.342  1356  5670 I chatty  : uid=1000 system_server expire 4 lines
03-21 10:59:30.370  5643  5678 E SchedPolicy: open of dev/cpuctl/limit_fg/tasks failed: Permission denied
03-21 10:59:30.370  5643  5678 E SchedPolicy: open of dev/cpuctl/bg_non_interactive/limit_bg/tasks failed: Permission denied
03-21 10:59:30.373  1356  2650 I chatty  : uid=1000(system) Binder:1356_D expire 15 lines
03-21 10:59:30.478  1356  2213 I chatty  : uid=1000(system) IPC Thread expire 2 lines
03-21 10:59:30.531  1356  5685 I chatty  : uid=1000 system_server expire 1 line
03-21 10:59:30.650  1356  2189 I chatty  : uid=1000(system) Binder:1356_9 expire 2 lines
03-21 10:59:30.651  5696  5696 E SchedPolicy: open of dev/cpuctl/limit_fg/tasks failed: Permission denied
03-21 10:59:30.651  5696  5696 E SchedPolicy: open of dev/cpuctl/bg_non_interactive/limit_bg/tasks failed: Permission denied
03-21 10:59:30.661  5696  5696 D ActivityThread: ActivityThread,attachApplication
03-21 10:59:30.661  1356  1366 I chatty  : uid=1000(system) Binder:1356_1 expire 5 lines
03-21 10:59:30.680  1356  1979 I chatty  : uid=1000(system) Binder:1356_7 expire 11 lines
03-21 10:59:30.680  1911  2168 I HwNetworkPolicyManager: getHwUidPolicy uid = 10403 policy = 0
03-21 10:59:30.682  1356  1963 I chatty  : uid=1000(system) Binder:1356_5 expire 9 lines
03-21 10:59:30.682  4806  4882 I HwNetworkPolicyManager: getHwUidPolicy uid = 10403 policy = 0
03-21 10:59:30.721  1356  2648 I chatty  : uid=1000(system) Binder:1356_C expire 2 lines
03-21 10:59:30.783  5735  5735 E SchedPolicy: open of dev/cpuctl/limit_fg/tasks failed: Permission denied
03-21 10:59:30.783  5735  5735 E SchedPolicy: open of dev/cpuctl/bg_non_interactive/limit_bg/tasks failed: Permission denied
03-21 10:59:30.791  5735  5735 D ActivityThread: ActivityThread,attachApplication
03-21 10:59:30.828  5696  5696 V ActivityThread: ActivityThread,callActivityOnCreate
03-21 10:59:30.835  1356  2699 I chatty  : uid=1000(system) Binder:1356_15 expire 2 lines
03-21 10:59:30.842  1356  2651 I chatty  : uid=1000(system) Binder:1356_E expire 4 lines
03-21 10:59:30.935  5696  5696 D ActivityThread: add activity client record, r= ActivityRecord{b038e96 token=android.os.BinderProxy@a19599 {cn.dcpai.auction/cn.dcpai.auction.SplashActivity}} token= android.os.BinderProxy@a19599
03-21 10:59:30.976  1689  1704 I CommandQueue: updateBarBgColor
03-21 10:59:30.976  1689  1704 D CommandQueue: CommandQueue, setBarBackgroundColor
03-21 10:59:31.083  1356  2657 I chatty  : uid=1000(system) Binder:1356_10 expire 2 lines
03-21 10:59:31.098  5735  5830 E ActivityThread: Failed to find provider info for com.ludashi.benchmark.DownloadProvider
03-21 10:59:31.103  1356  1964 I chatty  : uid=1000(system) Binder:1356_6 expire 4 lines
03-21 10:59:31.110  5735  5830 E ActivityThread: Failed to find provider info for com.ss.android.article.news.DownloadProvider
03-21 10:59:31.283  1356  1378 I chatty  : uid=1000(system) android.display expire 1 line
03-21 10:59:34.118  5696  5696 V ActivityThread: ActivityThread,callActivityOnCreate
03-21 10:59:34.155  1356  5922 I chatty  : uid=1000 system_server expire 4 lines
03-21 10:59:34.272  5696  5696 D ActivityThread: add activity client record, r= ActivityRecord{4d9a821 token=android.os.BinderProxy@16fbff0 {cn.dcpai.auction/cn.dcpai.auction.MainActivity}} token= android.os.BinderProxy@16fbff0
03-21 10:59:34.620  1356  1606 I chatty  : uid=1000(system) LazyTaskWriterT expire 3 lines
03-21 10:59:35.498  5696  5696 D ActivityThread: Remove activity client record, r= ActivityRecord{b038e96 token=android.os.BinderProxy@a19599 {cn.dcpai.auction/cn.dcpai.auction.SplashActivity}} token= android.os.BinderProxy@a19599
03-21 10:59:39.507  1356  1474 I chatty  : uid=1000(system) UEventObserver expire 6 lines
03-21 10:59:45.008  5696  5696 V ActivityThread: ActivityThread,callActivityOnCreate
03-21 10:59:45.080  5696  5696 D ActivityThread: add activity client record, r= ActivityRecord{fc8b0cb token=android.os.BinderProxy@7894279 {cn.dcpai.auction/cn.dcpai.auction.activity.LotDetailNewActivity}} token= android.os.BinderProxy@7894279
03-21 10:59:45.105  1356  1979 I chatty  : uid=1000(system) Binder:1356_7 expire 9 lines
03-21 10:59:45.106  1356  1602 I chatty  : uid=1000(system) Binder:1356_3 expire 4 lines
03-21 11:00:00.014  1356  1481 I chatty  : uid=1000(system) AlarmManager expire 1 line
03-21 11:00:00.083  1356  1989 I chatty  : uid=1000(system) Binder:1356_8 expire 3 lines
03-21 11:00:23.974  1356  2701 I chatty  : uid=1000(system) Binder:1356_16 expire 1 line
03-21 11:00:23.983  1356  2656 I chatty  : uid=1000(system) Binder:1356_F expire 6 lines
03-21 11:00:33.731  6273  6289 E SchedPolicy: open of dev/cpuctl/limit_fg/tasks failed: Permission denied
03-21 11:00:33.731  6273  6289 E SchedPolicy: open of dev/cpuctl/bg_non_interactive/limit_bg/tasks failed: Permission denied
03-21 11:00:34.382  6303  6304 E SchedPolicy: open of dev/cpuctl/limit_fg/tasks failed: Permission denied
03-21 11:00:34.382  6303  6304 E SchedPolicy: open of dev/cpuctl/bg_non_interactive/limit_bg/tasks failed: Permission denied
03-21 11:00:34.991  6312  6322 E SchedPolicy: open of dev/cpuctl/limit_fg/tasks failed: Permission denied
03-21 11:00:34.991  6312  6322 E SchedPolicy: open of dev/cpuctl/bg_non_interactive/limit_bg/tasks failed: Permission denied
03-21 11:00:35.089  6329  6329 E SchedPolicy: open of dev/cpuctl/limit_fg/tasks failed: Permission denied
03-21 11:00:35.089  6329  6329 E SchedPolicy: open of dev/cpuctl/bg_non_interactive/limit_bg/tasks failed: Permission denied
03-21 11:00:35.155  1356  1389 I chatty  : uid=1000(system) PackageManager expire 2 lines
03-21 11:00:35.155  1356  1369 I chatty  : uid=1000(system) ActivityManager expire 13 lines
03-21 11:00:35.792  6340  6350 E SchedPolicy: open of dev/cpuctl/limit_fg/tasks failed: Permission denied
03-21 11:00:35.792  6340  6350 E SchedPolicy: open of dev/cpuctl/bg_non_interactive/limit_bg/tasks failed: Permission denied
03-21 11:00:36.365  6352  6361 E SchedPolicy: open of dev/cpuctl/limit_fg/tasks failed: Permission denied
03-21 11:00:36.365  6352  6361 E SchedPolicy: open of dev/cpuctl/bg_non_interactive/limit_bg/tasks failed: Permission denied
03-21 11:00:36.900  6366  6374 E SchedPolicy: open of dev/cpuctl/limit_fg/tasks failed: Permission denied
03-21 11:00:36.900  6366  6374 E SchedPolicy: open of dev/cpuctl/bg_non_interactive/limit_bg/tasks failed: Permission denied
03-21 11:00:37.498  6376  6387 E SchedPolicy: open of dev/cpuctl/limit_fg/tasks failed: Permission denied
03-21 11:00:37.498  6376  6387 E SchedPolicy: open of dev/cpuctl/bg_non_interactive/limit_bg/tasks failed: Permission denied
03-21 11:00:38.457  6398  6407 E SchedPolicy: open of dev/cpuctl/limit_fg/tasks failed: Permission denied
03-21 11:00:38.457  6398  6407 E SchedPolicy: open of dev/cpuctl/bg_non_interactive/limit_bg/tasks failed: Permission denied
03-21 11:00:39.323  6416  6424 E SchedPolicy: open of dev/cpuctl/limit_fg/tasks failed: Permission denied
03-21 11:00:39.323  6416  6424 E SchedPolicy: open of dev/cpuctl/bg_non_interactive/limit_bg/tasks failed: Permission denied
03-21 11:00:41.362  6455  6475 E SchedPolicy: open of dev/cpuctl/limit_fg/tasks failed: Permission denied
03-21 11:00:41.362  6455  6475 E SchedPolicy: open of dev/cpuctl/bg_non_interactive/limit_bg/tasks failed: Permission denied
03-21 11:00:41.923  6478  6501 E SchedPolicy: open of dev/cpuctl/limit_fg/tasks failed: Permission denied
03-21 11:00:41.923  6478  6501 E SchedPolicy: open of dev/cpuctl/bg_non_interactive/limit_bg/tasks failed: Permission denied
03-21 11:00:41.952  6503  6503 E SchedPolicy: open of dev/cpuctl/limit_fg/tasks failed: Permission denied
03-21 11:00:41.952  6503  6503 E SchedPolicy: open of dev/cpuctl/bg_non_interactive/limit_bg/tasks failed: Permission denied
03-21 11:00:41.953  1356  2568 I chatty  : uid=1000(system) Binder:1356_A expire 22 lines
03-21 11:00:41.968  6503  6503 D ActivityThread: ActivityThread,attachApplication
03-21 11:00:41.988  1356  1482 I chatty  : uid=1000(system) sManagerService expire 2 lines
03-21 11:00:41.994  1911  2168 I HwNetworkPolicyManager: getHwUidPolicy uid = 1000 policy = 0
03-21 11:00:41.999  1356  1356 I chatty  : uid=1000 system_server expire 2 lines
03-21 11:00:42.003  4806  4882 I HwNetworkPolicyManager: getHwUidPolicy uid = 1000 policy = 0
03-21 11:00:42.014  1689  5602 I CommandQueue: updateBarBgColor
03-21 11:00:42.014  1689  5602 D CommandQueue: CommandQueue, setBarBackgroundColor
03-21 11:00:42.023  1356  2569 I chatty  : uid=1000(system) Binder:1356_B expire 2 lines
03-21 11:00:42.054  1356  2717 I chatty  : uid=1000(system) Binder:1356_18 expire 2 lines
03-21 11:00:42.056  6555  6555 E SchedPolicy: open of dev/cpuctl/limit_fg/tasks failed: Permission denied
03-21 11:00:42.056  6555  6555 E SchedPolicy: open of dev/cpuctl/bg_non_interactive/limit_bg/tasks failed: Permission denied
03-21 11:00:42.072  6555  6555 D ActivityThread: ActivityThread,attachApplication
03-21 11:00:42.217  1356  2697 I chatty  : uid=1000(system) Binder:1356_13 expire 1 line
03-21 11:00:42.218  6619  6619 E SchedPolicy: open of dev/cpuctl/limit_fg/tasks failed: Permission denied
03-21 11:00:42.218  6619  6619 E SchedPolicy: open of dev/cpuctl/bg_non_interactive/limit_bg/tasks failed: Permission denied
03-21 11:00:42.224  6619  6619 D ActivityThread: ActivityThread,attachApplication
03-21 11:00:42.394  1911  2168 I HwNetworkPolicyManager: getHwUidPolicy uid = 10051 policy = 0
03-21 11:00:42.402  1356  2659 I chatty  : uid=1000(system) Binder:1356_11 expire 3 lines
03-21 11:00:42.405  1356  1636 I chatty  : uid=1000(system) Binder:1356_4 expire 3 lines
03-21 11:00:42.406  4806  4882 I HwNetworkPolicyManager: getHwUidPolicy uid = 10051 policy = 0
03-21 11:00:42.473  1689  1702 I CommandQueue: updateBarBgColor
03-21 11:00:42.473  1689  1702 D CommandQueue: CommandQueue, setBarBackgroundColor
03-21 11:00:42.562  1356  1964 I chatty  : uid=1000(system) Binder:1356_6 expire 6 lines
03-21 11:00:42.594  6613  6724 E SchedPolicy: open of dev/cpuctl/limit_fg/tasks failed: Permission denied
03-21 11:00:42.594  6613  6724 E SchedPolicy: open of dev/cpuctl/bg_non_interactive/limit_bg/tasks failed: Permission denied
03-21 11:00:42.616  1356  2651 I chatty  : uid=1000(system) Binder:1356_E expire 2 lines
03-21 11:00:42.617  1356  1485 I chatty  : uid=1000(system) InputDispatcher expire 3 lines
03-21 11:00:42.758  1356  2657 I chatty  : uid=1000(system) Binder:1356_10 expire 8 lines
03-21 11:00:42.759  1356  2701 I chatty  : uid=1000(system) Binder:1356_16 expire 13 lines
03-21 11:00:42.762  1356  2698 I chatty  : uid=1000(system) Binder:1356_14 expire 9 lines
03-21 11:00:42.766  1356  1979 I chatty  : uid=1000(system) Binder:1356_7 expire 4 lines
03-21 11:00:42.780  6619  6740 E ActivityThread: Failed to find provider info for com.ludashi.benchmark.DownloadProvider
03-21 11:00:42.783  1356  2656 I chatty  : uid=1000(system) Binder:1356_F expire 5 lines
03-21 11:00:42.789  1356  2697 I chatty  : uid=1000(system) Binder:1356_13 expire 12 lines
03-21 11:00:42.797  6619  6740 E ActivityThread: Failed to find provider info for com.ss.android.article.news.DownloadProvider
03-21 11:00:42.841  6664  6752 E SchedPolicy: open of dev/cpuctl/limit_fg/tasks failed: Permission denied
03-21 11:00:42.841  6664  6752 E SchedPolicy: open of dev/cpuctl/bg_non_interactive/limit_bg/tasks failed: Permission denied
03-21 11:00:42.858  1356  1366 I chatty  : uid=1000(system) Binder:1356_1 expire 21 lines
03-21 11:00:42.863  1356  1356 I chatty  : uid=1000 system_server expire 9 lines
03-21 11:00:43.000  1356  2699 I chatty  : uid=1000(system) Binder:1356_15 expire 5 lines
03-21 11:00:43.126  6743  6774 E SchedPolicy: open of dev/cpuctl/limit_fg/tasks failed: Permission denied
03-21 11:00:43.126  6743  6774 E SchedPolicy: open of dev/cpuctl/bg_non_interactive/limit_bg/tasks failed: Permission denied
03-21 11:00:43.492  6776  6801 E SchedPolicy: open of dev/cpuctl/limit_fg/tasks failed: Permission denied
03-21 11:00:43.492  6776  6801 E SchedPolicy: open of dev/cpuctl/bg_non_interactive/limit_bg/tasks failed: Permission denied
03-21 11:00:43.495  1356  2650 I chatty  : uid=1000(system) Binder:1356_D expire 21 lines
03-21 11:00:43.773  1356  2648 I chatty  : uid=1000(system) Binder:1356_C expire 2 lines
03-21 11:00:43.774  6809  6809 E SchedPolicy: open of dev/cpuctl/limit_fg/tasks failed: Permission denied
03-21 11:00:43.774  6809  6809 E SchedPolicy: open of dev/cpuctl/bg_non_interactive/limit_bg/tasks failed: Permission denied
03-21 11:00:43.784  6809  6809 D ActivityThread: ActivityThread,attachApplication
03-21 11:00:43.784  1356  2189 I chatty  : uid=1000(system) Binder:1356_9 expire 1 line
03-21 11:00:43.808  1911  2168 I HwNetworkPolicyManager: getHwUidPolicy uid = 10403 policy = 0
03-21 11:00:43.808  4806  4882 I HwNetworkPolicyManager: getHwUidPolicy uid = 10403 policy = 0
03-21 11:00:43.848  1356  2717 I chatty  : uid=1000(system) Binder:1356_18 expire 8 lines
03-21 11:00:43.860  1356  2569 I chatty  : uid=1000(system) Binder:1356_B expire 10 lines
03-21 11:00:43.908  6845  6845 E SchedPolicy: open of dev/cpuctl/limit_fg/tasks failed: Permission denied
03-21 11:00:43.908  6845  6845 E SchedPolicy: open of dev/cpuctl/bg_non_interactive/limit_bg/tasks failed: Permission denied
03-21 11:00:43.915  6845  6845 D ActivityThread: ActivityThread,attachApplication
03-21 11:00:43.958  1356  2568 I chatty  : uid=1000(system) Binder:1356_A expire 1 line
03-21 11:00:43.958  6809  6809 V ActivityThread: ActivityThread,callActivityOnCreate
03-21 11:00:44.076  6809  6809 D ActivityThread: add activity client record, r= ActivityRecord{b038e96 token=android.os.BinderProxy@a19599 {cn.dcpai.auction/cn.dcpai.auction.SplashActivity}} token= android.os.BinderProxy@a19599
03-21 11:00:44.112  1689  2001 I CommandQueue: updateBarBgColor
03-21 11:00:44.112  1689  2001 D CommandQueue: CommandQueue, setBarBackgroundColor
03-21 11:00:44.139  1356  1602 I chatty  : uid=1000(system) Binder:1356_3 expire 3 lines
03-21 11:00:44.174  6845  6908 E ActivityThread: Failed to find provider info for com.ludashi.benchmark.DownloadProvider
03-21 11:00:44.184  1356  2710 I chatty  : uid=1000(system) Binder:1356_17 expire 6 lines
03-21 11:00:44.194  6845  6908 E ActivityThread: Failed to find provider info for com.ss.android.article.news.DownloadProvider
03-21 11:00:44.399  1356  1378 I chatty  : uid=1000(system) android.display expire 3 lines
03-21 11:00:46.274  6809  6809 V ActivityThread: ActivityThread,callActivityOnCreate
03-21 11:00:46.307  1356  6969 I chatty  : uid=1000 system_server expire 4 lines
03-21 11:00:46.427  6809  6809 D ActivityThread: add activity client record, r= ActivityRecord{4d9a821 token=android.os.BinderProxy@16fbff0 {cn.dcpai.auction/cn.dcpai.auction.MainActivity}} token= android.os.BinderProxy@16fbff0
03-21 11:00:47.042  1356  1606 I chatty  : uid=1000(system) LazyTaskWriterT expire 7 lines
03-21 11:00:47.645  6809  6809 D ActivityThread: Remove activity client record, r= ActivityRecord{b038e96 token=android.os.BinderProxy@a19599 {cn.dcpai.auction/cn.dcpai.auction.SplashActivity}} token= android.os.BinderProxy@a19599
03-21 11:00:56.693  6809  6809 V ActivityThread: ActivityThread,callActivityOnCreate
03-21 11:00:56.767  6809  6809 D ActivityThread: add activity client record, r= ActivityRecord{912e88d token=android.os.BinderProxy@858114b {cn.dcpai.auction/cn.dcpai.auction.activity.LotDetailNewActivity}} token= android.os.BinderProxy@858114b
03-21 11:01:05.909  1356  2650 I chatty  : uid=1000(system) Binder:1356_D expire 9 lines
03-21 11:01:05.936  6809  6809 V ActivityThread: ActivityThread,callActivityOnCreate
03-21 11:01:05.990  6809  6809 D ActivityThread: add activity client record, r= ActivityRecord{c110ab4 token=android.os.BinderProxy@f3d03b6 {cn.dcpai.auction/cn.dcpai.auction.activity.LotDetailNewActivity}} token= android.os.BinderProxy@f3d03b6
03-21 11:01:06.033  1356  1366 I chatty  : uid=1000(system) Binder:1356_1 expire 4 lines
03-21 11:01:09.085  1356  1481 I chatty  : uid=1000(system) AlarmManager expire 4 lines
03-21 11:01:09.149  1356  7175 I chatty  : uid=1000 system_server expire 3 lines
