03-22 14:15:58.103  1354  2661 W ActivityManager_service: prevent by hsm Will not start service Intent { flg=0x20 cmp=com.ludashi.benchmark/cn.jpush.android.service.DaemonService (has extras) } U=0: force null
03-22 14:15:58.103  1354  2661 W ActivityManager: Unable to start service Intent { flg=0x20 cmp=com.ludashi.benchmark/cn.jpush.android.service.DaemonService (has extras) } U=0: not found
03-22 14:15:58.109  1354  2664 W ActivityManager_service: prevent by hsm Will not start service Intent { flg=0x20 cmp=com.ludashi.benchmark/cn.jpush.android.service.DaemonService (has extras) } U=0: force null
03-22 14:15:58.109  1354  2664 W ActivityManager: Unable to start service Intent { flg=0x20 cmp=com.ludashi.benchmark/cn.jpush.android.service.DaemonService (has extras) } U=0: not found
03-22 14:15:58.111 18386 18483 I chatty  : uid=10403(cn.dcpai.auction) expire 13 lines
03-22 14:15:58.112  1935  1935 W HwSystemManager: AbsRecordInfo:createRecordFromBundle type provider or service
03-22 14:15:58.117 18421 18481 E ActivityThread: Failed to find provider info for com.ludashi.benchmark.DownloadProvider
03-22 14:15:58.118  1708  1708 W HwKeyguardDragHelper: AnimationBlocked
03-22 14:15:58.123  1935  1935 W HwSystemManager: AbsRecordInfo:createRecordFromBundle type provider or service
03-22 14:15:58.124  1354  2656 I chatty  : uid=1000(system) Binder:1354_15 expire 20 lines
03-22 14:15:58.126  1354  2656 W ActivityManager_service: prevent by hsm Will not start service Intent { flg=0x20 cmp=com.ss.android.article.news/com.ss.android.push.jpush.alive.JiPushDaemonService (has extras) } U=0: force null
03-22 14:15:58.126  1354  2656 W ActivityManager: Unable to start service Intent { flg=0x20 cmp=com.ss.android.article.news/com.ss.android.push.jpush.alive.JiPushDaemonService (has extras) } U=0: not found
03-22 14:15:58.131  1935  1935 W HwSystemManager: AbsRecordInfo:createRecordFromBundle type provider or service
03-22 14:15:58.132  1935  1935 W HwSystemManager: AbsRecordInfo:createRecordFromBundle type provider or service
03-22 14:15:58.138  1354  2606 W ActivityManager_service: prevent by hsm Will not start service Intent { flg=0x20 cmp=com.ss.android.article.news/com.ss.android.push.jpush.alive.JiPushDaemonService (has extras) } U=0: force null
03-22 14:15:58.138  1354  2606 W ActivityManager: Unable to start service Intent { flg=0x20 cmp=com.ss.android.article.news/com.ss.android.push.jpush.alive.JiPushDaemonService (has extras) } U=0: not found
03-22 14:15:58.141  1935  1935 W HwSystemManager: AbsRecordInfo:createRecordFromBundle type provider or service
03-22 14:15:58.146 18421 18481 E ActivityThread: Failed to find provider info for com.ss.android.article.news.DownloadProvider
03-22 14:15:58.153  1935  1935 W HwSystemManager: AbsRecordInfo:createRecordFromBundle type provider or service
03-22 14:15:58.160 18212 18212 I AppiumUnicodeIME: onFinishInput
03-22 14:15:58.160 18212 18212 I AppiumUnicodeIME: onStartInput
03-22 14:15:58.224 18421 18510 I chatty  : uid=10403 cn.dcpai.auction:pushcore expire 1 line
03-22 14:15:58.227   626 18513 D DnsProxyListener: GetAddrInfoHandler addr: gd-stats.jpush.cn {100, 917604, 10403} 183.232.25.134
03-22 14:15:58.256 18386 18488 I chatty  : uid=10403(cn.dcpai.auction) expire 1 line
03-22 14:15:58.291  1354  2652 D CountryDetector: isValidCountryIso: CN
03-22 14:15:58.342  1354  1377 I WindowManager: Destroying surface Surface(name=Starting cn.dcpai.auction) called by com.android.server.wm.WindowStateAnimator.destroySurface:2056 com.android.server.wm.WindowStateAnimator.destroySurfaceLocked:908 com.android.server.wm.WindowState.destroyOrSaveSurface:2201 com.android.server.wm.AppWindowToken.destroySurfaces:366 com.android.server.wm.WindowStateAnimator.finishExit:587 com.android.server.wm.WindowStateAnimator.stepAnimationLocked:513 com.android.server.wm.WindowAnimator.updateWindowsLocked:311 com.android.server.wm.WindowAnimator.animateLocked:738 
03-22 14:15:58.343   437   451 I chatty  : uid=1000(system) Binder:437_2 expire 1 line
03-22 14:15:58.356   626 18521 D DnsProxyListener: GetAddrInfoHandler addr: alog.umeng.com {100, 917604, 10403} 203.119.128.90
03-22 14:15:58.400 18421 18482 I chatty  : uid=10403 cn.dcpai.auction:pushcore expire 3 lines
03-22 14:15:58.443 18421 18469 I chatty  : uid=10403 cn.dcpai.auction:pushcore expire 1 line
03-22 14:15:58.455 18421 18524 I chatty  : uid=10403 cn.dcpai.auction:pushcore expire 1 line
03-22 14:15:58.475 18386 18525 I chatty  : uid=10403(cn.dcpai.auction) expire 1 line
03-22 14:15:59.197   615   615 I Pged-IPgedBinderService: ****action is 2, pid num is 4***
03-22 14:15:59.197   615   615 I Pged-Freezer: thawPids
03-22 14:15:59.198  1971  2113 D PgedBinderAdapter: unfrz ok, pid: [6355, 7533, 7645]
03-22 14:15:59.222  1354  2635 I WindowManager: Destroying surface Surface(name=com.huawei.android.launcher/com.huawei.android.launcher.unihome.UniHomeLauncher) called by com.android.server.wm.WindowStateAnimator.destroySurface:2056 com.android.server.wm.WindowStateAnimator.destroySurfaceLocked:908 com.android.server.wm.WindowState.destroyOrSaveSurface:2201 com.android.server.wm.AppWindowToken.destroySurfaces:366 com.android.server.wm.AppWindowToken.notifyAppStopped:392 com.android.server.wm.WindowManagerService.notifyAppStopped:4874 com.android.server.am.ActivityStack.activityStoppedLocked:1395 com.android.server.am.ActivityManagerService.activityStopped:7663 
03-22 14:15:59.739  1354  1485 D HwBatteryService: onUEvent fcpStatus = 0,scpStatus =0,ovpStatus=0
03-22 14:15:59.740  1354  1485 I UsbDeviceManager: water_intrused state= 0
03-22 14:15:59.743  1354  1354 D WifiService: onReceive, action:android.intent.action.BATTERY_CHANGED
03-22 14:15:59.743  1354  1354 D WifiService: ACTION_BATTERY_CHANGED pluggedType: 2
03-22 14:15:59.744  1708  1708 D KeyguardUpdateMonitor: received broadcast android.intent.action.BATTERY_CHANGED
03-22 14:15:59.744  1708  1708 W KeyguardUpdateMonitor: ACTION_BATTERY_CHANGED AMP: 0; Volt: 0
03-22 14:15:59.744  1708  1708 V KeyguardUpdateMonitor: RefreshBatteryInfo isBatteryLow: 100
03-22 14:15:59.744  1708  1708 W KeyguardUpdateMonitor: ChargingSpeed  Wattage: -1 ST: 5000000 --> 7500000
03-22 14:15:59.744  1708  1708 I KgBattery: BatteryInfo updated:  5lPC-1
03-22 14:15:59.744  1708  1708 W AppHandler: sendMessage with obj100
03-22 14:15:59.745  1708  1708 D KeyguardUpdateMonitor: handleBatteryUpdate
03-22 14:15:59.749  1708  1708 W HwLockScreenPanel: Handle message: 100
03-22 14:15:59.749  1708  1708 W HwLockScreenPanel: refreshBatteryInfo: null
03-22 14:15:59.767  6717  6854 E CloudAlbum[8.0.1.304]: [ReceiverManager] not log on ignore
03-22 14:15:59.777  2397  2397 D PTM.ThermalAlarmInfo: TempThreshold: 35, Shell: 27
03-22 14:15:59.995  1354  1354 I chatty  : uid=1000 system_server expire 65 lines
03-22 14:16:00.000   631   689 D bdatd   : [BiDispatcher.cpp] dispatchInfo# level: 6, tag: BDAT_TAG_ALARM_TRIGGER, time: 03-22 14:15:59.985, data: uid=1000 name=android type=3 tag=*alarm*:android.intent.action.TIME_TICK size=1
03-22 14:16:00.001  1354  1354 V AlarmManager: Received TIME_TICK alarm; rescheduling
03-22 14:16:00.019  1708  1708 W HwKeyguardDragHelper: AnimationBlocked
03-22 14:16:00.022  1708  1708 I EventCenter: EventCenter Get :android.intent.action.TIME_TICK
03-22 14:16:00.024  1708  1708 W ResourceType: Failure getting entry for 0xffffffff (t=254 e=65535) (error -2147483647)
03-22 14:16:00.024  1708  1708 E DateLunarView: mDateString is: 322
03-22 14:16:00.030  1708  1708 W ResourceType: Failure getting entry for 0xffffffff (t=254 e=65535) (error -2147483647)
03-22 14:16:00.030  1708  1708 E DateLunarView: mDateString is: 322
03-22 14:16:00.033  1708  1708 D KeyguardUpdateMonitor: received broadcast android.intent.action.TIME_TICK
03-22 14:16:00.037  1708  1708 D KeyguardUpdateMonitor: handleTimeUpdate
03-22 14:16:00.076  4809  4885 I Step_LSC: 80000309|processHandleBroadcastAction action:android.intent.action.TIME_TICK
03-22 14:16:00.083  1708  1708 W ExpandableNotificationRow: setActionsBackground,null == view,mPublicLayout
03-22 14:16:00.083  1708  1708 W ExpandableNotificationRow: setActionsBackground,null == view,mPrivateLayout
03-22 14:16:00.087  1708  1708 W ExpandableNotificationRow: setActionsBackground,null == view,mPublicLayout
03-22 14:16:00.087  1708  1708 W ExpandableNotificationRow: setActionsBackground,null == view,mPrivateLayout
03-22 14:16:00.089  1708  1708 W ExpandableNotificationRow: setActionsBackground,null == view,mPublicLayout
03-22 14:16:00.090  1708  1708 W ExpandableNotificationRow: setActionsBackground,null == view,mPrivateLayout
03-22 14:16:00.092  1708  1708 W ExpandableNotificationRow: setActionsBackground,null == view,mPublicLayout
03-22 14:16:00.092  1708  1708 W ExpandableNotificationRow: setActionsBackground,null == view,mPrivateLayout
03-22 14:16:00.094  1708  1708 W ExpandableNotificationRow: setActionsBackground,null == view,mPublicLayout
03-22 14:16:00.094  1708  1708 W ExpandableNotificationRow: setActionsBackground,null == view,mPrivateLayout
03-22 14:16:00.097  1708  1708 W ExpandableNotificationRow: setActionsBackground,null == view,mPublicLayout
03-22 14:16:00.097  1708  1708 W ExpandableNotificationRow: setActionsBackground,null == view,mPrivateLayout
03-22 14:16:00.097  1708  1708 W ExpandableNotificationRow: setActionsBackground,null == view,mPublicLayout
03-22 14:16:00.097  1708  1708 W ExpandableNotificationRow: setActionsBackground,null == view,mPrivateLayout
03-22 14:16:00.100  1708  1708 W ExpandableNotificationRow: setActionsBackground,null == view,mPublicLayout
03-22 14:16:00.100  1708  1708 W ExpandableNotificationRow: setActionsBackground,null == view,mPrivateLayout
03-22 14:16:00.102  1708  1708 W ExpandableNotificationRow: setActionsBackground,null == view,mPublicLayout
03-22 14:16:00.103  1708  1708 W ExpandableNotificationRow: setActionsBackground,null == view,mPrivateLayout
03-22 14:16:00.105  1708  1708 W ExpandableNotificationRow: setActionsBackground,null == view,mPublicLayout
03-22 14:16:00.105  1708  1708 W ExpandableNotificationRow: setActionsBackground,null == view,mPrivateLayout
03-22 14:16:00.108  1708  1708 W ExpandableNotificationRow: setActionsBackground,null == view,mPublicLayout
03-22 14:16:00.108  1708  1708 W ExpandableNotificationRow: setActionsBackground,null == view,mPrivateLayout
03-22 14:16:00.113  1708  1708 W HwKeyguardDragHelper: AnimationBlocked
03-22 14:16:00.124  1708  1708 D DateTimeView: Change to single clock mode!
03-22 14:16:00.127  1708  1708 D DateTimeView: Change to single clock mode!
03-22 14:16:00.436  1354  1624 E TaskPersister: File error accessing recents directory (directory doesn't exist?).
03-22 14:16:00.685  1354  1581 I chatty  : uid=1000(system) WiFiArpStateMac expire 45 lines
03-22 14:16:01.193  1354  2005 I ActivityManager: START u0 {cmp=cn.dcpai.auction/.MainActivity} from uid 10403 on display 0
03-22 14:16:01.195  1354  2005 I ActivityManager: ActivityRecord info: ActivityInfo{148cde0 cn.dcpai.auction.MainActivity}, euid: 0
03-22 14:16:01.198  1354  2005 V HwWindowManagerService: moveTaskToTop mTaskChanged:true
03-22 14:16:01.199  1354  2005 V HwWindowManagerService: moveTaskToTop mTaskChanged:true
03-22 14:16:01.200  1354  2005 V HwWindowManagerService: moveTaskToTop mTaskChanged:true
03-22 14:16:01.200  1971  2762 I PGServer: android calls fast hibernateApps
03-22 14:16:01.200  1971  2762 I AppFastHibernation: fast hibernate duration: 1500 reason: start activity
03-22 14:16:01.201  1354  2005 V HwWindowManagerService: setFocusedApp update app ops, mTaskChanged set to:false
03-22 14:16:01.201   615   654 I Pged-IPgedBinderService: ****action is 1, pid num is 4***
03-22 14:16:01.201   615   654 I Pged-Freezer: freezePids
03-22 14:16:01.201   615   654 I Pged-Freezer: Freeze process: 6355
03-22 14:16:01.202   615   654 I Pged-Freezer: Freeze process: 7533
03-22 14:16:01.202   615   654 I Pged-Freezer: Freeze process: 7645
03-22 14:16:01.202  1971  2113 D PgedBinderAdapter: frz ok, pid: [6355, 7533, 7645]
03-22 14:16:01.218 18386 18386 V ActivityThread: ActivityThread,callActivityOnCreate
03-22 14:16:01.255  1354  2602 D HwLocalLocationProvider: HwLocalLocationManager requestLocation
03-22 14:16:01.256  1354 18548 D HwLocalLocationProvider: start query Loc Form DB 
03-22 14:16:01.256  1354 18548 I HwLocalLocationProvider: query loc Form Cell Table,cellid == 11314
03-22 14:16:01.256  1354 18548 I HwLocalLocationProvider: query loc Form Recent Cell
03-22 14:16:01.257  1354 18548 W HwLocalLocationProvider: queryLoc cellid is  null
03-22 14:16:01.272   626 18550 D DnsProxyListener: GetAddrInfoHandler addr: testapp.dcpai.cn {100, 917604, 10403} 139.196.57.60
03-22 14:16:01.294 18386 18391 I chatty  : uid=10403(cn.dcpai.auction) expire 11 lines
03-22 14:16:01.315 18386 18551 I chatty  : uid=10403(cn.dcpai.auction) expire 20 lines
03-22 14:16:01.315  1708  1708 D HwRecentsLockUtils: search
03-22 14:16:01.316 18386 18552 I chatty  : uid=10403(cn.dcpai.auction) expire 36 lines
03-22 14:16:01.316  1708  1708 D HwRecentsLockUtils: search
03-22 14:16:01.318  1354  2663 D ActivityManager: Skipping, home stack task: TaskRecord{e6e2a2 #704 A=com.huawei.android.launcher U=0 StackId=0 sz=1}
03-22 14:16:01.318  1354  2663 D ActivityManager: Skipping, withExcluded: false, tr.intent:Intent { act=android.deviceinfo.chooser.action.LAUNCH flg=0x10800000 pkg=com.android.settings cmp=com.android.settings/.deviceinfo.UsbConnModeChooserActivity }
03-22 14:16:01.318  1354  2663 D ActivityManager: Skipping, withExcluded: false, tr.intent:Intent { act=android.intent.action.MAIN cat=[android.intent.category.LAUNCHER] flg=0x10a00000 cmp=io.appium.settings/.Settings }
03-22 14:16:01.318  1354  2663 D ActivityManager: Skipping, withExcluded: false, tr.intent:Intent { act=android.intent.action.MAIN cat=[android.intent.category.HOME] flg=0x10800300 cmp=com.android.settings/.FallbackHome }
03-22 14:16:01.319  1354  2613 D ActivityManager: Skipping, home stack task: TaskRecord{e6e2a2 #704 A=com.huawei.android.launcher U=0 StackId=0 sz=1}
03-22 14:16:01.319  1354  2613 D ActivityManager: Skipping, withExcluded: false, tr.intent:Intent { act=android.deviceinfo.chooser.action.LAUNCH flg=0x10800000 pkg=com.android.settings cmp=com.android.settings/.deviceinfo.UsbConnModeChooserActivity }
03-22 14:16:01.319  1354  2613 D ActivityManager: Skipping, withExcluded: false, tr.intent:Intent { act=android.intent.action.MAIN cat=[android.intent.category.LAUNCHER] flg=0x10a00000 cmp=io.appium.settings/.Settings }
03-22 14:16:01.319  1354  2613 D ActivityManager: Skipping, withExcluded: false, tr.intent:Intent { act=android.intent.action.MAIN cat=[android.intent.category.HOME] flg=0x10800300 cmp=com.android.settings/.FallbackHome }
03-22 14:16:01.321 18386 18554 I chatty  : uid=10403(cn.dcpai.auction) expire 38 lines
03-22 14:16:01.325 18386 18553 I chatty  : uid=10403(cn.dcpai.auction) expire 36 lines
03-22 14:16:01.325 18386 18555 I chatty  : uid=10403(cn.dcpai.auction) expire 20 lines
03-22 14:16:01.394 18386 18386 D ActivityThread: add activity client record, r= ActivityRecord{8bb08d7 token=android.os.BinderProxy@b7589fe {cn.dcpai.auction/cn.dcpai.auction.MainActivity}} token= android.os.BinderProxy@b7589fe
03-22 14:16:01.405 18386 18558 I chatty  : uid=10403(cn.dcpai.auction) expire 18 lines
03-22 14:16:01.504   437   450 I gralloc : alloc_device_alloc:564: Alloc handle(0x7965c0fe00): interfmt=200000001, stride=1088, size=8486912, usage=0xb00
03-22 14:16:01.574 18212 18212 I AppiumUnicodeIME: onFinishInput
03-22 14:16:01.574 18212 18212 I AppiumUnicodeIME: onStartInput
03-22 14:16:01.579   631   681 W JankService: virtual bool android::JankManualDumpLogAnalyser::processEntry(android::LogEntry *, int, bool), not beta version or commercial log off
03-22 14:16:01.595 18386 18397 I chatty  : uid=10403(cn.dcpai.auction) expire 3 lines
03-22 14:16:01.631   437   451 I gralloc : alloc_device_free:586: Free handle(0x7962774500)
03-22 14:16:01.632   437   451 I gralloc : alloc_device_free:586: Free handle(0x7962774700)
03-22 14:16:01.646   626 18562 D DnsProxyListener: GetAddrInfoHandler addr: testimg.dcpai.cn {100, 917604, 10403} 182.150.11.107
03-22 14:16:02.593  1354  2613 I ActivityManager: START u0 {cmp=cn.dcpai.auction/.activity.LoginMainActivity} from uid 10403 on display 0
03-22 14:16:02.594  1354  2613 I ActivityManager: ActivityRecord info: ActivityInfo{b1bda00 cn.dcpai.auction.activity.LoginMainActivity}, euid: 0
03-22 14:16:02.595  1354  2613 V HwWindowManagerService: moveTaskToTop mTaskChanged:true
03-22 14:16:02.596  1354  2613 V HwWindowManagerService: moveTaskToTop mTaskChanged:true
03-22 14:16:02.597  1354  2613 V HwWindowManagerService: setFocusedApp update app ops, mTaskChanged set to:false
03-22 14:16:02.621 18386 18386 D ActivityThread: Remove activity client record, r= ActivityRecord{cdffc94 token=android.os.BinderProxy@d5bed9c {cn.dcpai.auction/cn.dcpai.auction.SplashActivity}} token= android.os.BinderProxy@d5bed9c
03-22 14:16:02.622  1354  2606 I WindowManager: Destroying surface Surface(name=cn.dcpai.auction/cn.dcpai.auction.SplashActivity) called by com.android.server.wm.WindowStateAnimator.destroySurface:2056 com.android.server.wm.WindowStateAnimator.destroySurfaceLocked:908 com.android.server.wm.WindowState.removeLocked:1534 com.android.server.wm.WindowManagerService.removeWindowInnerLocked:2772 com.android.server.wm.WindowManagerService.removeWindowInnerLocked:2735 com.android.server.wm.WindowManagerService.removeWindowLocked:2724 com.android.server.wm.WindowManagerService.removeWindowLocked:2593 com.android.server.wm.WindowManagerService.removeWindow:2588 
03-22 14:16:02.629 18386 18386 V ActivityThread: ActivityThread,callActivityOnCreate
03-22 14:16:02.635   437   437 I gralloc : alloc_device_free:586: Free handle(0x794fe29500)
03-22 14:16:02.669 18386 18572 I chatty  : uid=10403(cn.dcpai.auction) expire 2 lines
03-22 14:16:02.698  1354  2003 W ActivityManager: getRunningAppProcesses: caller 10403 does not hold REAL_GET_TASKS; limiting output
03-22 14:16:02.699  1354  1711 W ActivityManager: getRunningAppProcesses: caller 10403 does not hold REAL_GET_TASKS; limiting output
03-22 14:16:02.701  1354  2654 W ActivityManager: getRunningAppProcesses: caller 10403 does not hold REAL_GET_TASKS; limiting output
03-22 14:16:02.704   615   615 I Pged-IPgedBinderService: ****action is 2, pid num is 4***
03-22 14:16:02.704   615   615 I Pged-Freezer: thawPids
03-22 14:16:02.705  1971  2113 D PgedBinderAdapter: unfrz ok, pid: [6355, 7533, 7645]
03-22 14:16:02.709   626 18577 D DnsProxyListener: GetAddrInfoHandler addr: pingma.qq.com {100, 917604, 10403} 113.96.232.37
03-22 14:16:02.715  1708  1708 D HwRecentsLockUtils: search
03-22 14:16:02.716  1708  1708 D HwRecentsLockUtils: search
03-22 14:16:02.717  1354  2658 D ActivityManager: Skipping, home stack task: TaskRecord{e6e2a2 #704 A=com.huawei.android.launcher U=0 StackId=0 sz=1}
03-22 14:16:02.717  1354  2658 D ActivityManager: Skipping, withExcluded: false, tr.intent:Intent { act=android.deviceinfo.chooser.action.LAUNCH flg=0x10800000 pkg=com.android.settings cmp=com.android.settings/.deviceinfo.UsbConnModeChooserActivity }
03-22 14:16:02.717  1354  2658 D ActivityManager: Skipping, withExcluded: false, tr.intent:Intent { act=android.intent.action.MAIN cat=[android.intent.category.LAUNCHER] flg=0x10a00000 cmp=io.appium.settings/.Settings }
03-22 14:16:02.717  1354  2658 D ActivityManager: Skipping, withExcluded: false, tr.intent:Intent { act=android.intent.action.MAIN cat=[android.intent.category.HOME] flg=0x10800300 cmp=com.android.settings/.FallbackHome }
03-22 14:16:02.719  1354  2663 D ActivityManager: Skipping, home stack task: TaskRecord{e6e2a2 #704 A=com.huawei.android.launcher U=0 StackId=0 sz=1}
03-22 14:16:02.719  1354  2663 D ActivityManager: Skipping, withExcluded: false, tr.intent:Intent { act=android.deviceinfo.chooser.action.LAUNCH flg=0x10800000 pkg=com.android.settings cmp=com.android.settings/.deviceinfo.UsbConnModeChooserActivity }
03-22 14:16:02.719  1354  2663 D ActivityManager: Skipping, withExcluded: false, tr.intent:Intent { act=android.intent.action.MAIN cat=[android.intent.category.LAUNCHER] flg=0x10a00000 cmp=io.appium.settings/.Settings }
03-22 14:16:02.719  1354  2663 D ActivityManager: Skipping, withExcluded: false, tr.intent:Intent { act=android.intent.action.MAIN cat=[android.intent.category.HOME] flg=0x10800300 cmp=com.android.settings/.FallbackHome }
03-22 14:16:02.729   614   614 E Thermal-daemon: [charger_ic] temp_new :31  temp_old :30
03-22 14:16:02.729   614   614 E Thermal-daemon: Report temperature: [charger_ic] temp :31  report_threshold:1
03-22 14:16:02.733 18386 18386 D ActivityThread: add activity client record, r= ActivityRecord{828d439 token=android.os.BinderProxy@a374fbe {cn.dcpai.auction/cn.dcpai.auction.activity.LoginMainActivity}} token= android.os.BinderProxy@a374fbe
03-22 14:16:02.757   437   450 E ion     : set flags ioctrl failed!
03-22 14:16:02.759   437   450 I gralloc : alloc_device_alloc:564: Alloc handle(0x7965c41300): interfmt=200000001, stride=1088, size=8486912, usage=0xb00
03-22 14:16:02.759   437   450 E ion     : set flags ioctrl failed!
03-22 14:16:02.761   437   450 I gralloc : alloc_device_alloc:564: Alloc handle(0x7965c41c00): interfmt=200000001, stride=1088, size=8486912, usage=0xb00
03-22 14:16:02.761   437   450 E ion     : set flags ioctrl failed!
03-22 14:16:02.763   437   450 I gralloc : alloc_device_alloc:564: Alloc handle(0x7965c41e00): interfmt=200000001, stride=1088, size=8486912, usage=0xb00
03-22 14:16:02.782   631   681 W JankService: virtual bool android::JankManualDumpLogAnalyser::processEntry(android::LogEntry *, int, bool), not beta version or commercial log off
03-22 14:16:02.793 18212 18212 I AppiumUnicodeIME: onFinishInput
03-22 14:16:02.793 18212 18212 I AppiumUnicodeIME: onStartInput
03-22 14:16:02.802   437  1764 I gralloc : alloc_device_free:586: Free handle(0x794fe29e00)
03-22 14:16:02.802   437  1764 I gralloc : alloc_device_free:586: Free handle(0x7965c0fe00)
03-22 14:16:03.118  1354  2657 I WindowManager: Destroying surface Surface(name=cn.dcpai.auction/cn.dcpai.auction.MainActivity) called by com.android.server.wm.WindowStateAnimator.destroySurface:2056 com.android.server.wm.WindowStateAnimator.destroySurfaceLocked:908 com.android.server.wm.WindowState.destroyOrSaveSurface:2201 com.android.server.wm.WindowManagerService.tryStartExitingAnimation:3332 com.android.server.wm.WindowManagerService.relayoutWindow:3212 com.android.server.wm.Session.relayout:224 android.view.IWindowSession$Stub.onTransact:286 com.android.server.wm.Session.onTransact:145 
03-22 14:16:03.132   437   437 I gralloc : alloc_device_free:586: Free handle(0x79608bd900)
03-22 14:16:03.557  1354  2005 I ActivityManager: START u0 {cmp=cn.dcpai.auction/.activity.MobileLoginActivity} from uid 10403 on display 0
03-22 14:16:03.559  1354  2005 I ActivityManager: ActivityRecord info: ActivityInfo{43ae1ad cn.dcpai.auction.activity.MobileLoginActivity}, euid: 0
03-22 14:16:03.560  1354  2005 V HwWindowManagerService: moveTaskToTop mTaskChanged:true
03-22 14:16:03.561  1354  2005 V HwWindowManagerService: moveTaskToTop mTaskChanged:true
03-22 14:16:03.561  1971 10178 I PGServer: android calls fast hibernateApps
03-22 14:16:03.561  1971 10178 I AppFastHibernation: fast hibernate duration: 1500 reason: start activity
03-22 14:16:03.561  1354  2005 V HwWindowManagerService: setFocusedApp update app ops, mTaskChanged set to:false
03-22 14:16:03.562   615   654 I Pged-IPgedBinderService: ****action is 1, pid num is 4***
03-22 14:16:03.562   615   654 I Pged-Freezer: freezePids
03-22 14:16:03.562   615   654 I Pged-Freezer: Freeze process: 6355
03-22 14:16:03.562   615   654 I Pged-Freezer: Freeze process: 7533
03-22 14:16:03.562   615   654 I Pged-Freezer: Freeze process: 7645
03-22 14:16:03.563  1971  2113 D PgedBinderAdapter: frz ok, pid: [6355, 7533, 7645]
03-22 14:16:03.578 18386 18386 V ActivityThread: ActivityThread,callActivityOnCreate
03-22 14:16:03.632 18386 18386 D ActivityThread: add activity client record, r= ActivityRecord{964d8c6 token=android.os.BinderProxy@af8e1 {cn.dcpai.auction/cn.dcpai.auction.activity.MobileLoginActivity}} token= android.os.BinderProxy@af8e1
03-22 14:16:03.665   437  1210 E ion     : set flags ioctrl failed!
03-22 14:16:03.667   437  1210 I gralloc : alloc_device_alloc:564: Alloc handle(0x794fe29200): interfmt=200000001, stride=1088, size=8486912, usage=0xb00
03-22 14:16:03.667   437  1210 E ion     : set flags ioctrl failed!
03-22 14:16:03.670   437  1210 I gralloc : alloc_device_alloc:564: Alloc handle(0x7965c47400): interfmt=200000001, stride=1088, size=8486912, usage=0xb00
03-22 14:16:03.670   437  1210 E ion     : set flags ioctrl failed!
03-22 14:16:03.673   437  1210 I gralloc : alloc_device_alloc:564: Alloc handle(0x79608bda00): interfmt=200000001, stride=1088, size=8486912, usage=0xb00
03-22 14:16:03.675  1708  1708 D HwRecentsLockUtils: search
03-22 14:16:03.676  1708  1708 D HwRecentsLockUtils: search
03-22 14:16:03.677  1354  2596 D ActivityManager: Skipping, home stack task: TaskRecord{e6e2a2 #704 A=com.huawei.android.launcher U=0 StackId=0 sz=1}
03-22 14:16:03.677  1354  2596 D ActivityManager: Skipping, withExcluded: false, tr.intent:Intent { act=android.deviceinfo.chooser.action.LAUNCH flg=0x10800000 pkg=com.android.settings cmp=com.android.settings/.deviceinfo.UsbConnModeChooserActivity }
03-22 14:16:03.677  1354  2596 D ActivityManager: Skipping, withExcluded: false, tr.intent:Intent { act=android.intent.action.MAIN cat=[android.intent.category.LAUNCHER] flg=0x10a00000 cmp=io.appium.settings/.Settings }
03-22 14:16:03.677  1354  2596 D ActivityManager: Skipping, withExcluded: false, tr.intent:Intent { act=android.intent.action.MAIN cat=[android.intent.category.HOME] flg=0x10800300 cmp=com.android.settings/.FallbackHome }
03-22 14:16:03.679  1354  2606 D ActivityManager: Skipping, home stack task: TaskRecord{e6e2a2 #704 A=com.huawei.android.launcher U=0 StackId=0 sz=1}
03-22 14:16:03.679  1354  2606 D ActivityManager: Skipping, withExcluded: false, tr.intent:Intent { act=android.deviceinfo.chooser.action.LAUNCH flg=0x10800000 pkg=com.android.settings cmp=com.android.settings/.deviceinfo.UsbConnModeChooserActivity }
03-22 14:16:03.679  1354  2606 D ActivityManager: Skipping, withExcluded: false, tr.intent:Intent { act=android.intent.action.MAIN cat=[android.intent.category.LAUNCHER] flg=0x10a00000 cmp=io.appium.settings/.Settings }
03-22 14:16:03.679  1354  2606 D ActivityManager: Skipping, withExcluded: false, tr.intent:Intent { act=android.intent.action.MAIN cat=[android.intent.category.HOME] flg=0x10800300 cmp=com.android.settings/.FallbackHome }
03-22 14:16:03.691   631   681 W JankService: virtual bool android::JankManualDumpLogAnalyser::processEntry(android::LogEntry *, int, bool), not beta version or commercial log off
03-22 14:16:03.692 18212 18212 I AppiumUnicodeIME: onFinishInput
03-22 14:16:03.692 18212 18212 I AppiumUnicodeIME: onStartInput
03-22 14:16:03.698   437  1764 I gralloc : alloc_device_free:586: Free handle(0x7965c41300)
03-22 14:16:03.698   437  1764 I gralloc : alloc_device_free:586: Free handle(0x7965c41e00)
03-22 14:16:04.030  1354  1365 I WindowManager: Destroying surface Surface(name=cn.dcpai.auction/cn.dcpai.auction.activity.LoginMainActivity) called by com.android.server.wm.WindowStateAnimator.destroySurface:2056 com.android.server.wm.WindowStateAnimator.destroySurfaceLocked:908 com.android.server.wm.WindowState.destroyOrSaveSurface:2201 com.android.server.wm.AppWindowToken.destroySurfaces:366 com.android.server.wm.AppWindowToken.notifyAppStopped:392 com.android.server.wm.WindowManagerService.notifyAppStopped:4874 com.android.server.am.ActivityStack.activityStoppedLocked:1395 com.android.server.am.ActivityManagerService.activityStopped:7663 
03-22 14:16:04.044   437   437 I gralloc : alloc_device_free:586: Free handle(0x7965c41c00)
03-22 14:16:04.730  1354  1624 E TaskPersister: File error accessing recents directory (directory doesn't exist?).
03-22 14:16:05.066   615   615 I Pged-IPgedBinderService: ****action is 2, pid num is 4***
03-22 14:16:05.066   615   615 I Pged-Freezer: thawPids
03-22 14:16:05.069  1971  2113 D PgedBinderAdapter: unfrz ok, pid: [6355, 7533, 7645]
03-22 14:16:05.277  4809  4829 I LogUtil_LogConfig: getLogFile(): logFilePath = /data/data/com.huawei.health/files/com.huawei.health/com.huawei.health_DaemonService/
03-22 14:16:05.277  4809  4829 D LogUtil_LogConfig: acquireMaxLogFileLengthContainsOffset describe: null result:5242880
03-22 14:16:05.302  1354  1513 I chatty  : uid=1000(system) WifiStateMachin expire 24 lines
03-22 14:16:08.023 18615 18615 I chatty  : uid=2000(shell) app_process expire 111 lines
03-22 14:16:08.106 18615 18629 E SchedPolicy: open of dev/cpuctl/limit_fg/tasks failed: Permission denied
03-22 14:16:08.106 18615 18629 E SchedPolicy: open of dev/cpuctl/bg_non_interactive/limit_bg/tasks failed: Permission denied
03-22 14:16:08.110 18212 18212 D KeyEvent: obtain, mHwFlags=-2147483647
03-22 14:16:08.110 18212 18212 I AppiumUnicodeIME: onKeyDown (keyCode='67', event.keyCode='67', metaState='0')
03-22 14:16:08.124 18212 18212 D KeyEvent: obtain, mHwFlags=-2147483647
03-22 14:16:08.124 18212 18212 I AppiumUnicodeIME: onKeyUp (keyCode='67', event.keyCode='67', metaState='0')
03-22 14:16:08.131 18212 18212 D KeyEvent: obtain, mHwFlags=-2147483647
03-22 14:16:08.131 18212 18212 I AppiumUnicodeIME: onKeyDown (keyCode='112', event.keyCode='112', metaState='0')
03-22 14:16:08.133  1354  2663 I chatty  : uid=1000(system) Binder:1354_1B expire 10 lines
03-22 14:16:08.139 18212 18212 D KeyEvent: obtain, mHwFlags=-2147483647
03-22 14:16:08.139 18212 18212 I AppiumUnicodeIME: onKeyUp (keyCode='112', event.keyCode='112', metaState='0')
03-22 14:16:08.145 18212 18212 D KeyEvent: obtain, mHwFlags=-2147483647
03-22 14:16:08.145 18212 18212 I AppiumUnicodeIME: onKeyDown (keyCode='67', event.keyCode='67', metaState='0')
03-22 14:16:08.152 18212 18212 D KeyEvent: obtain, mHwFlags=-2147483647
03-22 14:16:08.152 18212 18212 I AppiumUnicodeIME: onKeyUp (keyCode='67', event.keyCode='67', metaState='0')
03-22 14:16:08.159 18212 18212 D KeyEvent: obtain, mHwFlags=-2147483647
03-22 14:16:08.159 18212 18212 I AppiumUnicodeIME: onKeyDown (keyCode='112', event.keyCode='112', metaState='0')
03-22 14:16:08.165 18212 18212 D KeyEvent: obtain, mHwFlags=-2147483647
03-22 14:16:08.166 18212 18212 I AppiumUnicodeIME: onKeyUp (keyCode='112', event.keyCode='112', metaState='0')
03-22 14:16:08.173 18212 18212 D KeyEvent: obtain, mHwFlags=-2147483647
03-22 14:16:08.173 18212 18212 I AppiumUnicodeIME: onKeyDown (keyCode='67', event.keyCode='67', metaState='0')
03-22 14:16:08.180 18212 18212 D KeyEvent: obtain, mHwFlags=-2147483647
03-22 14:16:08.180 18212 18212 I AppiumUnicodeIME: onKeyUp (keyCode='67', event.keyCode='67', metaState='0')
03-22 14:16:08.186 18212 18212 D KeyEvent: obtain, mHwFlags=-2147483647
03-22 14:16:08.186 18212 18212 I AppiumUnicodeIME: onKeyDown (keyCode='112', event.keyCode='112', metaState='0')
03-22 14:16:08.194 18212 18212 D KeyEvent: obtain, mHwFlags=-2147483647
03-22 14:16:08.195 18212 18212 I AppiumUnicodeIME: onKeyUp (keyCode='112', event.keyCode='112', metaState='0')
03-22 14:16:08.198 18212 18212 D KeyEvent: obtain, mHwFlags=-2147483647
03-22 14:16:08.198 18212 18212 I AppiumUnicodeIME: onKeyDown (keyCode='67', event.keyCode='67', metaState='0')
03-22 14:16:08.201 18212 18212 D KeyEvent: obtain, mHwFlags=-2147483647
03-22 14:16:08.202 18212 18212 I AppiumUnicodeIME: onKeyUp (keyCode='67', event.keyCode='67', metaState='0')
03-22 14:16:08.205 18212 18212 D KeyEvent: obtain, mHwFlags=-2147483647
03-22 14:16:08.205 18212 18212 I AppiumUnicodeIME: onKeyDown (keyCode='112', event.keyCode='112', metaState='0')
03-22 14:16:08.208 18212 18212 D KeyEvent: obtain, mHwFlags=-2147483647
03-22 14:16:08.208 18212 18212 I AppiumUnicodeIME: onKeyUp (keyCode='112', event.keyCode='112', metaState='0')
03-22 14:16:08.215 18212 18212 D KeyEvent: obtain, mHwFlags=-2147483647
03-22 14:16:08.215 18212 18212 I AppiumUnicodeIME: onKeyDown (keyCode='67', event.keyCode='67', metaState='0')
03-22 14:16:08.221 18212 18212 D KeyEvent: obtain, mHwFlags=-2147483647
03-22 14:16:08.221 18212 18212 I AppiumUnicodeIME: onKeyUp (keyCode='67', event.keyCode='67', metaState='0')
03-22 14:16:08.227 18212 18212 D KeyEvent: obtain, mHwFlags=-2147483647
03-22 14:16:08.227 18212 18212 I AppiumUnicodeIME: onKeyDown (keyCode='112', event.keyCode='112', metaState='0')
03-22 14:16:08.232 18212 18212 D KeyEvent: obtain, mHwFlags=-2147483647
03-22 14:16:08.232 18212 18212 I AppiumUnicodeIME: onKeyUp (keyCode='112', event.keyCode='112', metaState='0')
03-22 14:16:08.234  1354  2602 I chatty  : uid=1000(system) Binder:1354_C expire 15 lines
03-22 14:16:08.238 18212 18212 D KeyEvent: obtain, mHwFlags=-2147483647
03-22 14:16:08.238 18212 18212 I AppiumUnicodeIME: onKeyDown (keyCode='67', event.keyCode='67', metaState='0')
03-22 14:16:08.244 18212 18212 D KeyEvent: obtain, mHwFlags=-2147483647
03-22 14:16:08.244 18212 18212 I AppiumUnicodeIME: onKeyUp (keyCode='67', event.keyCode='67', metaState='0')
03-22 14:16:08.250 18212 18212 D KeyEvent: obtain, mHwFlags=-2147483647
03-22 14:16:08.250 18212 18212 I AppiumUnicodeIME: onKeyDown (keyCode='112', event.keyCode='112', metaState='0')
03-22 14:16:08.256 18212 18212 D KeyEvent: obtain, mHwFlags=-2147483647
03-22 14:16:08.256 18212 18212 I AppiumUnicodeIME: onKeyUp (keyCode='112', event.keyCode='112', metaState='0')
03-22 14:16:09.245   437  1764 I gralloc : alloc_device_alloc:564: Alloc handle(0x7965c41e00): interfmt=1, stride=128, size=61440, usage=0xb00
03-22 14:16:09.246   437  1764 I gralloc : alloc_device_alloc:564: Alloc handle(0x7965c41300): interfmt=1, stride=128, size=61440, usage=0xb00
03-22 14:16:09.246   437  1764 I gralloc : alloc_device_alloc:564: Alloc handle(0x7965c0fe00): interfmt=1, stride=128, size=61440, usage=0xb00
03-22 14:16:11.030 18212 18212 D KeyEvent: obtain, mHwFlags=-2147483647
03-22 14:16:11.030 18212 18212 I AppiumUnicodeIME: onKeyDown (keyCode='67', event.keyCode='67', metaState='0')
03-22 14:16:11.033  1354  2606 I chatty  : uid=1000(system) Binder:1354_D expire 9 lines
03-22 14:16:11.038 18212 18212 D KeyEvent: obtain, mHwFlags=-2147483647
03-22 14:16:11.038 18212 18212 I AppiumUnicodeIME: onKeyUp (keyCode='67', event.keyCode='67', metaState='0')
03-22 14:16:11.064 18299 18299 I chatty  : uid=2000(shell) app_process expire 89 lines
03-22 14:16:11.067 18299 18342 I chatty  : uid=2000(shell) app_process expire 1 line
03-22 14:16:11.105 18212 18212 D KeyEvent: obtain, mHwFlags=-2147483647
03-22 14:16:11.105 18212 18212 I AppiumUnicodeIME: onKeyDown (keyCode='67', event.keyCode='67', metaState='0')
03-22 14:16:11.114 18212 18212 D KeyEvent: obtain, mHwFlags=-2147483647
03-22 14:16:11.114 18212 18212 I AppiumUnicodeIME: onKeyUp (keyCode='67', event.keyCode='67', metaState='0')
03-22 14:16:11.123 18212 18212 D KeyEvent: obtain, mHwFlags=-2147483647
03-22 14:16:11.123 18212 18212 I AppiumUnicodeIME: onKeyDown (keyCode='112', event.keyCode='112', metaState='0')
03-22 14:16:11.131 18212 18212 D KeyEvent: obtain, mHwFlags=-2147483647
03-22 14:16:11.131 18212 18212 I AppiumUnicodeIME: onKeyUp (keyCode='112', event.keyCode='112', metaState='0')
03-22 14:16:12.736   614   614 E Thermal-daemon: [pa_0] temp_new :28  temp_old :29
03-22 14:16:12.736   614   614 E Thermal-daemon: Report temperature: [pa_0] temp :28  report_threshold:1
03-22 14:16:13.472 18386 18386 I chatty  : uid=10403(cn.dcpai.auction) expire 551 lines
03-22 14:16:13.473 18212 18212 D KeyEvent: obtain, mHwFlags=-2147483647
03-22 14:16:13.473 18212 18212 I AppiumUnicodeIME: onKeyDown (keyCode='67', event.keyCode='67', metaState='0')
03-22 14:16:13.485 18212 18212 D KeyEvent: obtain, mHwFlags=-2147483647
03-22 14:16:13.485 18212 18212 I AppiumUnicodeIME: onKeyUp (keyCode='67', event.keyCode='67', metaState='0')
03-22 14:16:13.494 18212 18212 D KeyEvent: obtain, mHwFlags=-2147483647
03-22 14:16:13.494 18212 18212 I AppiumUnicodeIME: onKeyDown (keyCode='8', event.keyCode='8', metaState='0')
03-22 14:16:13.498   437  1210 I gralloc : alloc_device_free:586: Free handle(0x7965c41e00)
03-22 14:16:13.498   437  1210 I gralloc : alloc_device_free:586: Free handle(0x7965c41300)
03-22 14:16:13.511 18212 18212 D KeyEvent: obtain, mHwFlags=-2147483647
03-22 14:16:13.511 18212 18212 I AppiumUnicodeIME: onKeyUp (keyCode='8', event.keyCode='8', metaState='0')
03-22 14:16:13.522 18212 18212 D KeyEvent: obtain, mHwFlags=-2147483647
03-22 14:16:13.522 18212 18212 I AppiumUnicodeIME: onKeyDown (keyCode='10', event.keyCode='10', metaState='0')
03-22 14:16:13.537 18212 18212 D KeyEvent: obtain, mHwFlags=-2147483647
03-22 14:16:13.537 18212 18212 I AppiumUnicodeIME: onKeyUp (keyCode='10', event.keyCode='10', metaState='0')
03-22 14:16:13.543 18212 18212 D KeyEvent: obtain, mHwFlags=-2147483647
03-22 14:16:13.543 18212 18212 I AppiumUnicodeIME: onKeyDown (keyCode='15', event.keyCode='15', metaState='0')
03-22 14:16:13.552 18212 18212 D KeyEvent: obtain, mHwFlags=-2147483647
03-22 14:16:13.552 18212 18212 I AppiumUnicodeIME: onKeyUp (keyCode='15', event.keyCode='15', metaState='0')
03-22 14:16:13.555 18212 18212 D KeyEvent: obtain, mHwFlags=-2147483647
03-22 14:16:13.555 18212 18212 I AppiumUnicodeIME: onKeyDown (keyCode='15', event.keyCode='15', metaState='0')
03-22 14:16:13.558 18212 18212 D KeyEvent: obtain, mHwFlags=-2147483647
03-22 14:16:13.558 18212 18212 I AppiumUnicodeIME: onKeyUp (keyCode='15', event.keyCode='15', metaState='0')
03-22 14:16:13.561 18212 18212 D KeyEvent: obtain, mHwFlags=-2147483647
03-22 14:16:13.561 18212 18212 I AppiumUnicodeIME: onKeyDown (keyCode='15', event.keyCode='15', metaState='0')
03-22 14:16:13.567 18212 18212 D KeyEvent: obtain, mHwFlags=-2147483647
03-22 14:16:13.567 18212 18212 I AppiumUnicodeIME: onKeyUp (keyCode='15', event.keyCode='15', metaState='0')
03-22 14:16:13.576 18212 18212 D KeyEvent: obtain, mHwFlags=-2147483647
03-22 14:16:13.576 18212 18212 I AppiumUnicodeIME: onKeyDown (keyCode='15', event.keyCode='15', metaState='0')
03-22 14:16:13.586 18212 18212 D KeyEvent: obtain, mHwFlags=-2147483647
03-22 14:16:13.586 18212 18212 I AppiumUnicodeIME: onKeyUp (keyCode='15', event.keyCode='15', metaState='0')
03-22 14:16:13.594 18212 18212 D KeyEvent: obtain, mHwFlags=-2147483647
03-22 14:16:13.594 18212 18212 I AppiumUnicodeIME: onKeyDown (keyCode='15', event.keyCode='15', metaState='0')
03-22 14:16:13.600 18212 18212 D KeyEvent: obtain, mHwFlags=-2147483647
03-22 14:16:13.600 18212 18212 I AppiumUnicodeIME: onKeyUp (keyCode='15', event.keyCode='15', metaState='0')
03-22 14:16:13.609 18212 18212 D KeyEvent: obtain, mHwFlags=-2147483647
03-22 14:16:13.609 18212 18212 I AppiumUnicodeIME: onKeyDown (keyCode='7', event.keyCode='7', metaState='0')
03-22 14:16:13.612 18212 18212 D KeyEvent: obtain, mHwFlags=-2147483647
03-22 14:16:13.612 18212 18212 I AppiumUnicodeIME: onKeyUp (keyCode='7', event.keyCode='7', metaState='0')
03-22 14:16:13.617 18212 18212 D KeyEvent: obtain, mHwFlags=-2147483647
03-22 14:16:13.617 18212 18212 I AppiumUnicodeIME: onKeyDown (keyCode='7', event.keyCode='7', metaState='0')
03-22 14:16:13.630 18212 18212 D KeyEvent: obtain, mHwFlags=-2147483647
03-22 14:16:13.630 18212 18212 I AppiumUnicodeIME: onKeyUp (keyCode='7', event.keyCode='7', metaState='0')
03-22 14:16:13.634  1354  2002 I chatty  : uid=1000(system) Binder:1354_6 expire 11 lines
03-22 14:16:13.635 18212 18212 D KeyEvent: obtain, mHwFlags=-2147483647
03-22 14:16:13.635 18212 18212 I AppiumUnicodeIME: onKeyDown (keyCode='7', event.keyCode='7', metaState='0')
03-22 14:16:13.643 18212 18212 D KeyEvent: obtain, mHwFlags=-2147483647
03-22 14:16:13.643 18212 18212 I AppiumUnicodeIME: onKeyUp (keyCode='7', event.keyCode='7', metaState='0')
03-22 14:16:13.645  1354  2654 I chatty  : uid=1000(system) Binder:1354_13 expire 12 lines
03-22 14:16:13.647 18212 18212 D KeyEvent: obtain, mHwFlags=-2147483647
03-22 14:16:13.647 18212 18212 I AppiumUnicodeIME: onKeyDown (keyCode='7', event.keyCode='7', metaState='0')
03-22 14:16:13.659 18212 18212 D KeyEvent: obtain, mHwFlags=-2147483647
03-22 14:16:13.659 18212 18212 I AppiumUnicodeIME: onKeyUp (keyCode='7', event.keyCode='7', metaState='0')
03-22 14:16:13.680  1354  1377 I WindowManager: Destroying surface Surface(name=PopupWindow:211f5e3) called by com.android.server.wm.WindowStateAnimator.destroySurface:2056 com.android.server.wm.WindowStateAnimator.destroySurfaceLocked:908 com.android.server.wm.WindowState.destroyOrSaveSurface:2201 com.android.server.wm.AppWindowToken.destroySurfaces:366 com.android.server.wm.WindowStateAnimator.finishExit:587 com.android.server.wm.WindowStateAnimator.stepAnimationLocked:513 com.android.server.wm.WindowAnimator.updateWindowsLocked:311 com.android.server.wm.WindowAnimator.animateLocked:738 
03-22 14:16:13.696   437   437 I gralloc : alloc_device_free:586: Free handle(0x7965c0fe00)
03-22 14:16:14.553  1354  2635 D HwInputMethodManagerService: ------------startInput--------------
03-22 14:16:14.553  1354  2635 D HwInputMethodManagerService: isPasswordType(attribute) == true, using SecurityIMMS
03-22 14:16:14.557  1354  2635 D HwInputMethodManagerService: hideNormalSoftInput = true
03-22 14:16:14.559  1971  2065 D AppTypeRecognise: input end-> front pkg: cn.dcpai.auction duraion:46949 touchs:0
03-22 14:16:14.579 18664 18664 I         : power log dlsym ok
03-22 14:16:14.579  1354  2635 I ActivityManager: Start proc 18664:com.huawei.secime/u0a60 for service com.huawei.secime/.SoftKeyboard
03-22 14:16:14.580  1354  2635 V SecInputMethodManagerService: Adding window token: android.os.Binder@f7becc0
03-22 14:16:14.582 18664 18664 E SchedPolicy: open of dev/cpuctl/limit_fg/tasks failed: Permission denied
03-22 14:16:14.582 18664 18664 E SchedPolicy: open of dev/cpuctl/bg_non_interactive/limit_bg/tasks failed: Permission denied
03-22 14:16:14.584 18664 18664 I art     : Reinit property: dalvik.vm.checkjni= false
03-22 14:16:14.603 18664 18664 D ActivityThread: ActivityThread,attachApplication
03-22 14:16:14.605  1354  2596 D ActivityManager: ActivityManagerService,attachApplication,callingPid = 18664
03-22 14:16:14.618   437  1764 I gralloc : alloc_device_alloc:564: Alloc handle(0x794fe29000): interfmt=1, stride=64, size=4096, usage=0x100
03-22 14:16:14.630   437  1210 I gralloc : alloc_device_free:586: Free handle(0x794fe29000)
03-22 14:16:14.636 18664 18664 W System  : ClassLoader referenced unknown path: /system/app/HwSecureIME/lib/arm64
03-22 14:16:14.656 18664 18664 V HwWidgetFactory: : successes to get AllImpl object and return....
03-22 14:16:14.660 18664 18664 V HwPolicyFactory: : success to get AllImpl object and return....
03-22 14:16:14.664 18664 18664 I HwCust  : Constructor found for class android.app.HwCustHwWallpaperManagerImpl
03-22 14:16:14.664 18664 18664 D HwCust  : Create obj success use class android.app.HwCustHwWallpaperManagerImpl
03-22 14:16:14.665 18664 18664 D HwSensorManager: HwSensorManager version: 1.0.0
03-22 14:16:14.676 18664 18664 D HwRTBlurUtils: check blur style for HwPhoneWindow-InputMethod, themeResId : 0x02060019, context : android.view.ContextThemeWrapper@c321858, Nhwext : 0, get Blur : disable with , null
03-22 14:16:14.677 18664 18664 D HwRTBlurUtils: check blur style for HwPhoneWindow-InputMethod, themeResId : 0x02060019, context : android.view.ContextThemeWrapper@c321858, Nhwext : 0, get Blur : disable with , null
03-22 14:16:14.706 18664 18664 D HwGalleryCacheManagerImpl: mIsEffect:false
03-22 14:16:14.727 18664 18664 D SecureInputMethod.LatinKeyboardView: setKeyboard TYPE = 0
03-22 14:16:14.734 18664 18664 D SecureInputMethod.LatinKeyboardView: setKeyboard TYPE = 0
03-22 14:16:14.734 18664 18664 D SecureInputMethod.LatinKeyboardView: setKeyboard TYPE = 0
03-22 14:16:14.754  1971  2065 I AppTypeRecognise: input start front pkg: cn.dcpai.auction
03-22 14:16:14.757 18664 18664 I HwPointEventFilter: support AFT
03-22 14:16:14.811   437   450 I gralloc : alloc_device_alloc:564: Alloc handle(0x7965c41c00): interfmt=1, stride=1088, size=3502080, usage=0x933
03-22 14:16:14.840   437  1210 I gralloc : alloc_device_alloc:564: Alloc handle(0x794fe29000): interfmt=1, stride=1088, size=3502080, usage=0x933
03-22 14:16:14.840  1354  1377 I chatty  : uid=1000(system) android.display expire 18 lines
03-22 14:16:14.990 18678 18678 I chatty  : uid=2000(shell) app_process expire 107 lines
03-22 14:16:15.068 18678 18687 E SchedPolicy: open of dev/cpuctl/limit_fg/tasks failed: Permission denied
03-22 14:16:15.068 18678 18687 E SchedPolicy: open of dev/cpuctl/bg_non_interactive/limit_bg/tasks failed: Permission denied
03-22 14:16:15.071 18664 18664 D KeyEvent: obtain, mHwFlags=0
03-22 14:16:15.081 18664 18664 D KeyEvent: obtain, mHwFlags=0
03-22 14:16:15.084 18664 18664 D KeyEvent: obtain, mHwFlags=0
03-22 14:16:15.088 18664 18664 D KeyEvent: obtain, mHwFlags=0
03-22 14:16:15.089  1354  1365 I chatty  : uid=1000(system) Binder:1354_1 expire 12 lines
03-22 14:16:15.091 18664 18664 D KeyEvent: obtain, mHwFlags=0
03-22 14:16:15.094 18664 18664 D KeyEvent: obtain, mHwFlags=0
03-22 14:16:15.095  1354  2653 I chatty  : uid=1000(system) Binder:1354_12 expire 10 lines
03-22 14:16:15.097 18664 18664 D KeyEvent: obtain, mHwFlags=0
03-22 14:16:15.100 18664 18664 D KeyEvent: obtain, mHwFlags=0
03-22 14:16:15.104 18664 18664 D KeyEvent: obtain, mHwFlags=0
03-22 14:16:15.107 18664 18664 D KeyEvent: obtain, mHwFlags=0
03-22 14:16:15.110 18664 18664 D KeyEvent: obtain, mHwFlags=0
03-22 14:16:15.113 18664 18664 D KeyEvent: obtain, mHwFlags=0
03-22 14:16:15.116 18664 18664 D KeyEvent: obtain, mHwFlags=0
03-22 14:16:15.119 18664 18664 D KeyEvent: obtain, mHwFlags=0
03-22 14:16:15.120  1354  2657 I chatty  : uid=1000(system) Binder:1354_16 expire 10 lines
03-22 14:16:15.121 18664 18664 D KeyEvent: obtain, mHwFlags=0
03-22 14:16:15.124 18664 18664 D KeyEvent: obtain, mHwFlags=0
03-22 14:16:15.128 18664 18664 D KeyEvent: obtain, mHwFlags=0
03-22 14:16:15.131 18664 18664 D KeyEvent: obtain, mHwFlags=0
03-22 14:16:15.134 18664 18664 D KeyEvent: obtain, mHwFlags=0
03-22 14:16:15.137 18664 18664 D KeyEvent: obtain, mHwFlags=0
03-22 14:16:16.012  1354  1354 I chatty  : uid=1000 system_server expire 67 lines
03-22 14:16:16.126   437   451 I gralloc : alloc_device_alloc:564: Alloc handle(0x7962774700): interfmt=1, stride=128, size=61440, usage=0xb00
03-22 14:16:16.127   437   451 I gralloc : alloc_device_alloc:564: Alloc handle(0x7962774500): interfmt=1, stride=128, size=61440, usage=0xb00
03-22 14:16:16.127   437   451 I gralloc : alloc_device_alloc:564: Alloc handle(0x79608bd700): interfmt=1, stride=128, size=61440, usage=0xb00
03-22 14:16:17.358  1354  1513 I chatty  : uid=1000(system) WifiStateMachin expire 32 lines
03-22 14:16:17.740   614   614 E Thermal-daemon: [pa_0] temp_new :29  temp_old :28
03-22 14:16:17.740   614   614 E Thermal-daemon: Report temperature: [pa_0] temp :29  report_threshold:1
03-22 14:16:17.923  1354  2596 I chatty  : uid=1000(system) Binder:1354_B expire 11 lines
03-22 14:16:17.924  1354  1498 I chatty  : uid=1000(system) InputDispatcher expire 28 lines
03-22 14:16:17.925  1354  1369 I chatty  : uid=1000(system) android.ui expire 20 lines
03-22 14:16:17.929 18664 18664 D KeyEvent: obtain, mHwFlags=0
03-22 14:16:17.932  1354  2594 I chatty  : uid=1000(system) Binder:1354_A expire 9 lines
03-22 14:16:17.940 18664 18664 D KeyEvent: obtain, mHwFlags=0
03-22 14:16:17.981  1354  2613 I chatty  : uid=1000(system) Binder:1354_E expire 14 lines
03-22 14:16:17.987 18664 18664 D KeyEvent: obtain, mHwFlags=0
03-22 14:16:17.989  1354  2635 I chatty  : uid=1000(system) Binder:1354_10 expire 12 lines
03-22 14:16:17.995 18664 18664 D KeyEvent: obtain, mHwFlags=0
03-22 14:16:18.001 18664 18664 D KeyEvent: obtain, mHwFlags=0
03-22 14:16:18.008 18664 18664 D KeyEvent: obtain, mHwFlags=0
03-22 14:16:19.855  1354  1354 D WifiService: onReceive, action:android.intent.action.BATTERY_CHANGED
03-22 14:16:19.855  1354  1354 D WifiService: ACTION_BATTERY_CHANGED pluggedType: 2
03-22 14:16:19.856  1708  1708 D KeyguardUpdateMonitor: received broadcast android.intent.action.BATTERY_CHANGED
03-22 14:16:19.856  1708  1708 W KeyguardUpdateMonitor: ACTION_BATTERY_CHANGED AMP: 0; Volt: 0
03-22 14:16:19.865  1708  1708 V KeyguardUpdateMonitor: RefreshBatteryInfo isBatteryLow: 100
03-22 14:16:19.865  1708  1708 W KeyguardUpdateMonitor: ChargingSpeed  Wattage: -1 ST: 5000000 --> 7500000
03-22 14:16:19.865  1708  1708 I KgBattery: BatteryInfo updated:  5lPC-1
03-22 14:16:19.865  1708  1708 W AppHandler: sendMessage with obj100
03-22 14:16:19.865  1708  1708 D KeyguardUpdateMonitor: handleBatteryUpdate
03-22 14:16:19.877  6717  6854 E CloudAlbum[8.0.1.304]: [ReceiverManager] not log on ignore
03-22 14:16:19.892  1708  1708 W HwLockScreenPanel: Handle message: 100
03-22 14:16:19.892  1708  1708 W HwLockScreenPanel: refreshBatteryInfo: null
03-22 14:16:20.350  1354  2652 I chatty  : uid=1000(system) Binder:1354_11 expire 11 lines
03-22 14:16:20.351 18664 18664 D KeyEvent: obtain, mHwFlags=0
03-22 14:16:20.358 18664 18664 D KeyEvent: obtain, mHwFlags=0
03-22 14:16:20.360  1354  2659 I chatty  : uid=1000(system) Binder:1354_18 expire 12 lines
03-22 14:16:20.365 18664 18664 D KeyEvent: obtain, mHwFlags=0
03-22 14:16:20.367   437  7710 I gralloc : alloc_device_free:586: Free handle(0x7962774700)
03-22 14:16:20.367   437  7710 I gralloc : alloc_device_free:586: Free handle(0x7962774500)
03-22 14:16:20.391 18664 18664 D KeyEvent: obtain, mHwFlags=0
03-22 14:16:20.394 18664 18664 D KeyEvent: obtain, mHwFlags=0
03-22 14:16:20.408 18664 18664 D KeyEvent: obtain, mHwFlags=0
03-22 14:16:20.414  1354  1711 I chatty  : uid=1000(system) Binder:1354_5 expire 6 lines
03-22 14:16:20.415 18664 18664 D KeyEvent: obtain, mHwFlags=0
