int logctl_get(): open '/dev/hwlog_switch' fail -1, 13. Permission denied

Note: log switch off, only log_main and log_events will have logs!
--------- beginning of system
03-22 13:42:21.208     0   383 E SchedPolicy: open of dev/cpuctl/bg_non_interactive/limit_bg/tasks failed: Permission denied
03-22 13:42:21.581   416   416 I vold    : Vold 3.0 (the awakening) firing up
03-22 13:42:21.582   416   416 V vold    : Detected support for: exfat ext4 f2fs vfat
03-22 13:42:21.586   416   416 D         : [debug] FIPS_selftest: FIPS_check_incore_fingerprint success
03-22 13:42:21.586   416   416 D         : [debug] FIPS_selftest: FIPS_selftest_sha1 success
03-22 13:42:21.586   416   416 D         : [debug] FIPS_selftest: FIPS_selftest_hmac success
03-22 13:42:21.586   416   416 D         : [debug] FIPS_selftest: FIPS_selftest_aes success
03-22 13:42:21.586   416   416 D         : [debug] FIPS_selftest: FIPS_selftest_aes_ccm success
03-22 13:42:21.586   416   416 D         : [debug] FIPS_selftest: FIPS_selftest_aes_gcm success
03-22 13:42:21.586   416   416 D         : [debug] FIPS_selftest: FIPS_selftest_aes_xts success
03-22 13:42:21.586   416   416 D         : [debug] FIPS_selftest: FIPS_selftest_x931 success
03-22 13:42:21.587   416   416 W vold    : VolumeBase::setState(): Volume emulated State changing Unmounted->Unmounted
03-22 13:42:21.837   416   425 V vold    : handleBlockEvent(): action = 1, major = 253, minor = 0, devname = dm-0, devtype = disk
03-22 13:42:21.838   416   425 V vold    : handleBlockEvent(): action = 1, major = 253, minor = 1, devname = dm-1, devtype = disk
03-22 13:42:21.838   416   425 V vold    : handleBlockEvent(): action = 1, major = 253, minor = 2, devname = dm-2, devtype = disk
03-22 13:42:21.838   416   425 V vold    : handleBlockEvent(): action = 1, major = 253, minor = 3, devname = dm-3, devtype = disk
03-22 13:42:21.838   416   425 V vold    : handleBlockEvent(): action = 1, major = 253, minor = 4, devname = dm-4, devtype = disk
03-22 13:42:21.838   416   425 V vold    : handleBlockEvent(): action = 1, major = 1, minor = 0, devname = ram0, devtype = disk
03-22 13:42:21.838   416   425 V vold    : handleBlockEvent(): action = 1, major = 1, minor = 1, devname = ram1, devtype = disk
03-22 13:42:21.838   416   425 V vold    : handleBlockEvent(): action = 1, major = 1, minor = 2, devname = ram2, devtype = disk
03-22 13:42:21.838   416   425 V vold    : handleBlockEvent(): action = 1, major = 1, minor = 3, devname = ram3, devtype = disk
03-22 13:42:21.839   416   425 V vold    : handleBlockEvent(): action = 1, major = 7, minor = 0, devname = loop0, devtype = disk
03-22 13:42:21.839   416   425 V vold    : handleBlockEvent(): action = 1, major = 7, minor = 1, devname = loop1, devtype = disk
03-22 13:42:21.839   416   425 V vold    : handleBlockEvent(): action = 1, major = 7, minor = 2, devname = loop2, devtype = disk
03-22 13:42:21.839   416   425 V vold    : handleBlockEvent(): action = 1, major = 7, minor = 3, devname = loop3, devtype = disk
03-22 13:42:21.839   416   425 V vold    : handleBlockEvent(): action = 1, major = 7, minor = 4, devname = loop4, devtype = disk
03-22 13:42:21.839   416   425 V vold    : handleBlockEvent(): action = 1, major = 7, minor = 5, devname = loop5, devtype = disk
03-22 13:42:21.839   416   425 V vold    : handleBlockEvent(): action = 1, major = 7, minor = 6, devname = loop6, devtype = disk
03-22 13:42:21.839   416   425 V vold    : handleBlockEvent(): action = 1, major = 7, minor = 7, devname = loop7, devtype = disk
03-22 13:42:21.839   416   425 V vold    : handleBlockEvent(): action = 1, major = 254, minor = 0, devname = zram0, devtype = disk
03-22 13:42:21.839   416   425 V vold    : handleBlockEvent(): action = 1, major = 179, minor = 144, devname = mmcblk0rpmb, devtype = disk
03-22 13:42:21.839   416   425 V vold    : handleBlockEvent(): action = 1, major = 179, minor = 48, devname = mmcblk0boot0, devtype = disk
03-22 13:42:21.840   416   425 V vold    : handleBlockEvent(): action = 1, major = 179, minor = 96, devname = mmcblk0boot1, devtype = disk
03-22 13:42:21.840   416   425 V vold    : handleBlockEvent(): action = 1, major = 179, minor = 0, devname = mmcblk0, devtype = disk
03-22 13:42:21.840   416   425 V vold    : handleBlockEvent(): action = 1, major = 179, minor = 1, devname = mmcblk0p1, devtype = partition
03-22 13:42:21.840   416   425 V vold    : handleBlockEvent(): action = 1, major = 179, minor = 2, devname = mmcblk0p2, devtype = partition
03-22 13:42:21.840   416   425 V vold    : handleBlockEvent(): action = 1, major = 179, minor = 3, devname = mmcblk0p3, devtype = partition
03-22 13:42:21.840   416   425 V vold    : handleBlockEvent(): action = 1, major = 179, minor = 4, devname = mmcblk0p4, devtype = partition
03-22 13:42:21.840   416   425 V vold    : handleBlockEvent(): action = 1, major = 179, minor = 5, devname = mmcblk0p5, devtype = partition
03-22 13:42:21.840   416   425 V vold    : handleBlockEvent(): action = 1, major = 179, minor = 6, devname = mmcblk0p6, devtype = partition
03-22 13:42:21.840   416   425 V vold    : handleBlockEvent(): action = 1, major = 179, minor = 7, devname = mmcblk0p7, devtype = partition
03-22 13:42:21.840   416   425 V vold    : handleBlockEvent(): action = 1, major = 179, minor = 8, devname = mmcblk0p8, devtype = partition
03-22 13:42:21.840   416   425 V vold    : handleBlockEvent(): action = 1, major = 179, minor = 9, devname = mmcblk0p9, devtype = partition
03-22 13:42:21.840   416   425 V vold    : handleBlockEvent(): action = 1, major = 179, minor = 144, devname = mmcblk0rpmb, devtype = disk
03-22 13:42:21.840   416   425 V vold    : handleBlockEvent(): action = 1, major = 179, minor = 48, devname = mmcblk0boot0, devtype = disk
03-22 13:42:21.840   416   425 V vold    : handleBlockEvent(): action = 1, major = 179, minor = 96, devname = mmcblk0boot1, devtype = disk
03-22 13:42:21.840   416   425 V vold    : handleBlockEvent(): action = 1, major = 179, minor = 10, devname = mmcblk0p10, devtype = partition
03-22 13:42:21.840   416   425 V vold    : handleBlockEvent(): action = 1, major = 179, minor = 11, devname = mmcblk0p11, devtype = partition
03-22 13:42:21.840   416   425 V vold    : handleBlockEvent(): action = 1, major = 179, minor = 12, devname = mmcblk0p12, devtype = partition
03-22 13:42:21.841   416   425 V vold    : handleBlockEvent(): action = 1, major = 179, minor = 13, devname = mmcblk0p13, devtype = partition
03-22 13:42:21.841   416   425 V vold    : handleBlockEvent(): action = 1, major = 179, minor = 14, devname = mmcblk0p14, devtype = partition
03-22 13:42:21.841   416   425 V vold    : handleBlockEvent(): action = 1, major = 179, minor = 15, devname = mmcblk0p15, devtype = partition
03-22 13:42:21.841   416   425 V vold    : handleBlockEvent(): action = 1, major = 179, minor = 16, devname = mmcblk0p16, devtype = partition
03-22 13:42:21.841   416   425 V vold    : handleBlockEvent(): action = 1, major = 179, minor = 17, devname = mmcblk0p17, devtype = partition
03-22 13:42:21.841   416   425 V vold    : handleBlockEvent(): action = 1, major = 179, minor = 18, devname = mmcblk0p18, devtype = partition
03-22 13:42:21.841   416   425 V vold    : handleBlockEvent(): action = 1, major = 179, minor = 19, devname = mmcblk0p19, devtype = partition
03-22 13:42:21.841   416   425 V vold    : handleBlockEvent(): action = 1, major = 179, minor = 20, devname = mmcblk0p20, devtype = partition
03-22 13:42:21.841   416   425 V vold    : handleBlockEvent(): action = 1, major = 179, minor = 21, devname = mmcblk0p21, devtype = partition
03-22 13:42:21.841   416   425 V vold    : handleBlockEvent(): action = 1, major = 179, minor = 22, devname = mmcblk0p22, devtype = partition
03-22 13:42:21.841   416   425 V vold    : handleBlockEvent(): action = 1, major = 179, minor = 23, devname = mmcblk0p23, devtype = partition
03-22 13:42:21.841   416   425 V vold    : handleBlockEvent(): action = 1, major = 179, minor = 24, devname = mmcblk0p24, devtype = partition
03-22 13:42:21.841   416   425 V vold    : handleBlockEvent(): action = 1, major = 179, minor = 25, devname = mmcblk0p25, devtype = partition
03-22 13:42:21.841   416   425 V vold    : handleBlockEvent(): action = 1, major = 179, minor = 26, devname = mmcblk0p26, devtype = partition
03-22 13:42:21.841   416   425 V vold    : handleBlockEvent(): action = 1, major = 179, minor = 27, devname = mmcblk0p27, devtype = partition
03-22 13:42:21.841   416   425 V vold    : handleBlockEvent(): action = 1, major = 179, minor = 28, devname = mmcblk0p28, devtype = partition
03-22 13:42:21.841   416   425 V vold    : handleBlockEvent(): action = 1, major = 179, minor = 29, devname = mmcblk0p29, devtype = partition
03-22 13:42:21.841   416   425 V vold    : handleBlockEvent(): action = 1, major = 179, minor = 30, devname = mmcblk0p30, devtype = partition
03-22 13:42:21.841   416   425 V vold    : handleBlockEvent(): action = 1, major = 179, minor = 31, devname = mmcblk0p31, devtype = partition
03-22 13:42:21.841   416   425 V vold    : handleBlockEvent(): action = 1, major = 179, minor = 32, devname = mmcblk0p32, devtype = partition
03-22 13:42:21.841   416   425 V vold    : handleBlockEvent(): action = 1, major = 179, minor = 33, devname = mmcblk0p33, devtype = partition
03-22 13:42:21.842   416   425 V vold    : handleBlockEvent(): action = 1, major = 179, minor = 34, devname = mmcblk0p34, devtype = partition
03-22 13:42:21.842   416   425 V vold    : handleBlockEvent(): action = 1, major = 179, minor = 35, devname = mmcblk0p35, devtype = partition
03-22 13:42:21.842   416   425 V vold    : handleBlockEvent(): action = 1, major = 179, minor = 36, devname = mmcblk0p36, devtype = partition
03-22 13:42:21.842   416   425 V vold    : handleBlockEvent(): action = 1, major = 179, minor = 37, devname = mmcblk0p37, devtype = partition
03-22 13:42:21.842   416   425 V vold    : handleBlockEvent(): action = 1, major = 179, minor = 38, devname = mmcblk0p38, devtype = partition
03-22 13:42:21.842   416   425 V vold    : handleBlockEvent(): action = 1, major = 179, minor = 39, devname = mmcblk0p39, devtype = partition
03-22 13:42:21.842   416   425 V vold    : handleBlockEvent(): action = 1, major = 179, minor = 40, devname = mmcblk0p40, devtype = partition
03-22 13:42:21.842   416   425 V vold    : handleBlockEvent(): action = 1, major = 179, minor = 41, devname = mmcblk0p41, devtype = partition
03-22 13:42:21.842   416   425 V vold    : handleBlockEvent(): action = 1, major = 179, minor = 42, devname = mmcblk0p42, devtype = partition
03-22 13:42:21.842   416   425 V vold    : handleBlockEvent(): action = 1, major = 179, minor = 43, devname = mmcblk0p43, devtype = partition
03-22 13:42:21.842   416   425 V vold    : handleBlockEvent(): action = 1, major = 179, minor = 44, devname = mmcblk0p44, devtype = partition
03-22 13:42:21.842   416   425 V vold    : handleBlockEvent(): action = 1, major = 179, minor = 45, devname = mmcblk0p45, devtype = partition
03-22 13:42:21.842   416   425 V vold    : handleBlockEvent(): action = 1, major = 179, minor = 46, devname = mmcblk0p46, devtype = partition
03-22 13:42:21.842   416   425 V vold    : handleBlockEvent(): action = 1, major = 179, minor = 47, devname = mmcblk0p47, devtype = partition
03-22 13:42:21.842   416   425 V vold    : handleBlockEvent(): action = 1, major = 259, minor = 0, devname = mmcblk0p48, devtype = partition
03-22 13:42:21.842   416   425 V vold    : handleBlockEvent(): action = 1, major = 259, minor = 1, devname = mmcblk0p49, devtype = partition
03-22 13:42:21.850   416   427 D vold    : e4crypt_init_user0
03-22 13:42:21.850   416   427 D vold    : e4crypt_prepare_user_storage for volume null, user 0, serial 0, flags 1
03-22 13:42:21.850   416   427 D vold    : Preparing: /data/system/users/0
03-22 13:42:21.850   416   427 D vold    : Preparing: /data/misc/profiles/cur/0
03-22 13:42:21.850   416   427 D vold    : Preparing: /data/misc/profiles/cur/0/foreign-dex
03-22 13:42:21.850   416   427 D vold    : Preparing: /data/system_de/0
03-22 13:42:21.850   416   427 D vold    : Preparing: /data/misc_de/0
03-22 13:42:21.850   416   427 D vold    : Preparing: /data/user_de/0
03-22 13:42:21.851   416   427 D vold    : e4crypt_unlock_user_key 0 serial=0 token_present=0
03-22 13:42:21.851   416   427 E vold    : Failed to chmod /data/system_ce/0: No such file or directory
03-22 13:42:21.851   416   427 E vold    : Failed to chmod /data/misc_ce/0: No such file or directory
03-22 13:42:21.851   416   427 E vold    : Failed to chmod /data/media/0: No such file or directory
03-22 13:42:21.934   416   427 D VoldCryptCmdListener: cryptfs mountdefaultencrypted
03-22 13:42:22.136   416   425 V vold    : handleBlockEvent(): action = 1, major = 253, minor = 5, devname = dm-5, devtype = disk
03-22 13:42:22.148   416   425 V vold    : handleBlockEvent(): action = 3, major = 253, minor = 5, devname = dm-5, devtype = disk
03-22 13:42:22.148   416   425 D vold    : Disk at 253:5 changed
03-22 13:42:22.148   416   425 E NetlinkEvent: NetlinkEvent::FindParam(): Parameter 'DM_VERITY_ERR_BLOCK_NR' not found
03-22 13:42:22.148   416   425 E NetlinkEvent: NetlinkEvent::FindParam(): Parameter 'SD_STATUS' not found
03-22 13:42:22.148   416   425 W Vold    : Kernel block uevent missing 'SD_STATUS'
03-22 13:42:22.162   489   509 E SchedPolicy: open of dev/cpuctl/limit_fg/tasks failed: Permission denied
03-22 13:42:22.162   489   509 E SchedPolicy: open of dev/cpuctl/bg_non_interactive/limit_bg/tasks failed: Permission denied
03-22 13:42:22.596   416   448 W vold    : emulated unmount requires state mounted
03-22 13:42:23.329   416   427 D vold    : e4crypt_init_user0
03-22 13:42:23.329   416   427 D vold    : e4crypt_prepare_user_storage for volume null, user 0, serial 0, flags 1
03-22 13:42:23.330   416   427 D vold    : Preparing: /data/system/users/0
03-22 13:42:23.330   416   427 D vold    : Preparing: /data/misc/profiles/cur/0
03-22 13:42:23.330   416   427 D vold    : Preparing: /data/misc/profiles/cur/0/foreign-dex
03-22 13:42:23.331   416   427 D vold    : Preparing: /data/system_de/0
03-22 13:42:23.331   416   427 D vold    : Preparing: /data/misc_de/0
03-22 13:42:23.331   416   427 D vold    : Preparing: /data/user_de/0
03-22 13:42:23.332   416   427 D vold    : e4crypt_unlock_user_key 0 serial=0 token_present=0
03-22 13:42:23.675   616   656 E SchedPolicy: open of dev/cpuctl/limit_fg/tasks failed: Permission denied
03-22 13:42:23.675   616   656 E SchedPolicy: open of dev/cpuctl/bg_non_interactive/limit_bg/tasks failed: Permission denied
03-22 13:42:23.900   621   621 E SchedPolicy: open of dev/cpuctl/limit_fg/tasks failed: Permission denied
03-22 13:42:23.900   621   621 E SchedPolicy: open of dev/cpuctl/bg_non_interactive/limit_bg/tasks failed: Permission denied
03-22 13:42:23.936   622   622 E SchedPolicy: open of dev/cpuctl/limit_fg/tasks failed: Permission denied
03-22 13:42:23.936   622   622 E SchedPolicy: open of dev/cpuctl/bg_non_interactive/limit_bg/tasks failed: Permission denied
03-22 13:42:23.960   623   623 E SchedPolicy: open of dev/cpuctl/limit_fg/tasks failed: Permission denied
03-22 13:42:23.960   623   623 E SchedPolicy: open of dev/cpuctl/bg_non_interactive/limit_bg/tasks failed: Permission denied
03-22 13:42:23.966   624   624 E SchedPolicy: open of dev/cpuctl/limit_fg/tasks failed: Permission denied
03-22 13:42:23.966   624   624 E SchedPolicy: open of dev/cpuctl/bg_non_interactive/limit_bg/tasks failed: Permission denied
03-22 13:42:23.982   617   678 E SchedPolicy: open of dev/cpuctl/limit_fg/tasks failed: Permission denied
03-22 13:42:23.983   617   678 E SchedPolicy: open of dev/cpuctl/bg_non_interactive/limit_bg/tasks failed: Permission denied
03-22 13:42:23.999   625   625 E SchedPolicy: open of dev/cpuctl/limit_fg/tasks failed: No such file or directory
03-22 13:42:23.999   625   625 E SchedPolicy: open of dev/cpuctl/bg_non_interactive/limit_bg/tasks failed: No such file or directory
03-22 13:42:24.001   618   683 E SchedPolicy: open of dev/cpuctl/limit_fg/tasks failed: Permission denied
03-22 13:42:24.001   618   683 E SchedPolicy: open of dev/cpuctl/bg_non_interactive/limit_bg/tasks failed: Permission denied
03-22 13:42:24.033   676   686 E SchedPolicy: open of dev/cpuctl/limit_fg/tasks failed: Permission denied
03-22 13:42:24.033   676   686 E SchedPolicy: open of dev/cpuctl/bg_non_interactive/limit_bg/tasks failed: Permission denied
03-22 13:42:24.073   636   636 E SchedPolicy: open of dev/cpuctl/limit_fg/tasks failed: No such file or directory
03-22 13:42:24.073   636   636 E SchedPolicy: open of dev/cpuctl/bg_non_interactive/limit_bg/tasks failed: No such file or directory
03-22 13:42:24.100   619   619 E SchedPolicy: open of dev/cpuctl/limit_fg/tasks failed: Permission denied
03-22 13:42:24.101   619   619 E SchedPolicy: open of dev/cpuctl/bg_non_interactive/limit_bg/tasks failed: Permission denied
03-22 13:42:27.411  1354  1354 I chatty  : uid=1000 system_server expire 53 lines
03-22 13:42:27.895  1354  1377 I chatty  : uid=1000(system) android.display expire 2 lines
03-22 13:42:28.345   416   425 E NetlinkEvent: NetlinkEvent::FindParam(): Parameter 'MMC_LOCK' not found
03-22 13:42:28.388  1354  1391 I chatty  : uid=1000 system_server expire 4 lines
03-22 13:42:28.394  1354  1392 I chatty  : uid=1000 system_server expire 1 line
03-22 13:42:28.394  1354  1393 I chatty  : uid=1000 system_server expire 1 line
03-22 13:42:28.395  1354  1396 I chatty  : uid=1000 system_server expire 1 line
03-22 13:42:28.400  1354  1394 I chatty  : uid=1000 system_server expire 1 line
03-22 13:42:28.419  1354  1395 I chatty  : uid=1000 system_server expire 3 lines
03-22 13:42:28.482  1354  1399 I chatty  : uid=1000 system_server expire 2 lines
03-22 13:42:28.503  1354  1401 I chatty  : uid=1000 system_server expire 3 lines
03-22 13:42:28.559  1354  1397 I chatty  : uid=1000 system_server expire 3 lines
03-22 13:42:28.613  1354  1404 I chatty  : uid=1000 system_server expire 13 lines
03-22 13:42:28.621  1354  1400 I chatty  : uid=1000 system_server expire 13 lines
03-22 13:42:28.647  1354  1398 I chatty  : uid=1000 system_server expire 53 lines
03-22 13:42:28.746  1354  1405 I chatty  : uid=1000 system_server expire 9 lines
03-22 13:42:29.257  1354  1414 I chatty  : uid=1000 system_server expire 18 lines
03-22 13:42:29.263  1354  1408 I chatty  : uid=1000 system_server expire 4 lines
03-22 13:42:29.267  1354  1409 I chatty  : uid=1000 system_server expire 8 lines
03-22 13:42:29.293  1354  1416 I chatty  : uid=1000 system_server expire 14 lines
03-22 13:42:29.306  1354  1411 I chatty  : uid=1000 system_server expire 4 lines
03-22 13:42:29.333  1354  1415 I chatty  : uid=1000 system_server expire 3 lines
03-22 13:42:29.428  1354  1413 I chatty  : uid=1000 system_server expire 5 lines
03-22 13:42:29.466  1354  1410 I chatty  : uid=1000 system_server expire 1 line
03-22 13:42:29.610  1354  1422 I chatty  : uid=1000 system_server expire 3 lines
03-22 13:42:29.641  1354  1417 I chatty  : uid=1000 system_server expire 5 lines
03-22 13:42:29.644  1354  1418 I chatty  : uid=1000 system_server expire 2 lines
03-22 13:42:29.644  1354  1421 I chatty  : uid=1000 system_server expire 14 lines
03-22 13:42:29.647  1354  1425 I chatty  : uid=1000 system_server expire 5 lines
03-22 13:42:29.649  1354  1420 I chatty  : uid=1000 system_server expire 2 lines
03-22 13:42:29.663  1354  1419 I chatty  : uid=1000 system_server expire 1 line
03-22 13:42:29.664  1354  1424 I chatty  : uid=1000 system_server expire 1 line
03-22 13:42:29.687  1354  1423 I chatty  : uid=1000 system_server expire 1 line
03-22 13:42:29.738  1354  1428 I chatty  : uid=1000 system_server expire 1 line
03-22 13:42:29.738  1354  1426 I chatty  : uid=1000 system_server expire 1 line
03-22 13:42:29.738  1354  1427 I chatty  : uid=1000 system_server expire 1 line
03-22 13:42:29.754  1354  1430 I chatty  : uid=1000 system_server expire 2 lines
03-22 13:42:29.761  1354  1432 I chatty  : uid=1000 system_server expire 2 lines
03-22 13:42:29.764  1354  1433 I chatty  : uid=1000 system_server expire 1 line
03-22 13:42:29.780  1354  1429 I chatty  : uid=1000 system_server expire 5 lines
03-22 13:42:29.846  1354  1435 I chatty  : uid=1000 system_server expire 6 lines
03-22 13:42:29.851  1354  1437 I chatty  : uid=1000 system_server expire 5 lines
03-22 13:42:29.862  1354  1439 I chatty  : uid=1000 system_server expire 3 lines
03-22 13:42:29.864  1354  1442 I chatty  : uid=1000 system_server expire 5 lines
03-22 13:42:29.873  1354  1436 I chatty  : uid=1000 system_server expire 4 lines
03-22 13:42:29.896  1354  1441 I chatty  : uid=1000 system_server expire 10 lines
03-22 13:42:29.919  1354  1440 I chatty  : uid=1000 system_server expire 2 lines
03-22 13:42:29.955  1354  1434 I chatty  : uid=1000 system_server expire 7 lines
03-22 13:42:30.020  1354  1438 I chatty  : uid=1000 system_server expire 6 lines
03-22 13:42:30.208  1354  1449 I chatty  : uid=1000 system_server expire 1 line
03-22 13:42:30.217  1354  1448 I chatty  : uid=1000 system_server expire 1 line
03-22 13:42:30.221  1354  1453 I chatty  : uid=1000 system_server expire 1 line
03-22 13:42:30.226  1354  1446 I chatty  : uid=1000 system_server expire 1 line
03-22 13:42:30.234  1354  1450 I chatty  : uid=1000 system_server expire 2 lines
03-22 13:42:30.234  1354  1452 I chatty  : uid=1000 system_server expire 1 line
03-22 13:42:30.240  1354  1451 I chatty  : uid=1000 system_server expire 9 lines
03-22 13:42:30.247  1354  1447 I chatty  : uid=1000 system_server expire 2 lines
03-22 13:42:30.252  1354  1454 I chatty  : uid=1000 system_server expire 3 lines
03-22 13:42:30.287  1354  1455 I chatty  : uid=1000 system_server expire 3 lines
03-22 13:42:30.436  1354  1459 I chatty  : uid=1000 system_server expire 3 lines
03-22 13:42:30.451  1354  1465 I chatty  : uid=1000 system_server expire 55 lines
03-22 13:42:30.463  1354  1461 I chatty  : uid=1000 system_server expire 2 lines
03-22 13:42:30.476  1354  1462 I chatty  : uid=1000 system_server expire 32 lines
03-22 13:42:30.480  1354  1467 I chatty  : uid=1000 system_server expire 10 lines
03-22 13:42:30.487  1354  1460 I chatty  : uid=1000 system_server expire 6 lines
03-22 13:42:30.528  1354  1463 I chatty  : uid=1000 system_server expire 4 lines
03-22 13:42:30.534  1354  1464 I chatty  : uid=1000 system_server expire 5 lines
03-22 13:42:30.675  1354  1466 I chatty  : uid=1000 system_server expire 40 lines
03-22 13:42:30.729  1354  1462 I chatty  : uid=1000 system_server expire 6 lines
03-22 13:42:30.754  1354  1465 I chatty  : uid=1000 system_server expire 22 lines
03-22 13:42:30.781  1354  1463 I chatty  : uid=1000 system_server expire 11 lines
03-22 13:42:30.874  1354  1467 I chatty  : uid=1000 system_server expire 3 lines
03-22 13:42:30.895  1354  1460 I chatty  : uid=1000 system_server expire 6 lines
03-22 13:42:31.041  1354  1464 I chatty  : uid=1000 system_server expire 2 lines
03-22 13:42:31.233  1354  1461 I chatty  : uid=1000 system_server expire 2 lines
03-22 13:42:32.028  1354  1459 I chatty  : uid=1000 system_server expire 1 line
03-22 13:42:32.030  1354  1354 I chatty  : uid=1000 system_server expire 598 lines
03-22 13:42:32.465  1354  1486 I chatty  : uid=1000 system_server expire 2 lines
03-22 13:42:32.701  1354  1377 I chatty  : uid=1000(system) android.display expire 3 lines
03-22 13:42:32.727  1354  1369 I chatty  : uid=1000(system) android.ui expire 2 lines
03-22 13:42:32.850  1354  1501 I chatty  : uid=1000(system) VoldConnector expire 3 lines
03-22 13:42:32.850  1354  1502 I chatty  : uid=1000(system) CryptdConnector expire 5 lines
03-22 13:42:32.851  1354  1500 I chatty  : uid=1000(system) MountService expire 49 lines
03-22 13:42:32.867  1354  1498 I chatty  : uid=1000(system) InputDispatcher expire 1 line
03-22 13:42:32.873  1354  1367 I chatty  : uid=1000(system) android.bg expire 4 lines
03-22 13:42:32.889   416   426 D VoldCmdListener: asec list
03-22 13:42:32.892  1354  1500 I chatty  : uid=1000(system) MountService expire 802 lines
03-22 13:42:32.919  1354  1354 I chatty  : uid=1000 system_server expire 194 lines
03-22 13:42:33.014   416   426 D VoldCmdListener: asec list
03-22 13:42:33.014  1354  1501 I chatty  : uid=1000(system) VoldConnector expire 2 lines
03-22 13:42:33.046  1354  1507 I chatty  : uid=1000(system) NetdConnector expire 6 lines
03-22 13:42:33.157  1354  1510 I chatty  : uid=1000(system) WifiP2pService expire 6 lines
03-22 13:42:33.585  1354  1549 I chatty  : uid=1000(system) nt.EventHandler expire 2 lines
03-22 13:42:33.679  1354  1486 I chatty  : uid=1000 system_server expire 8 lines
03-22 13:42:33.905  1354  1354 I chatty  : uid=1000 system_server expire 134 lines
03-22 13:42:33.944  1354  1587 I chatty  : uid=1000(system) StatisticsCHRMs expire 6 lines
03-22 13:42:33.967  1354  1535 I chatty  : uid=1000(system) ConnectivitySer expire 2 lines
03-22 13:42:33.968  1354  1507 I chatty  : uid=1000(system) NetdConnector expire 40 lines
03-22 13:42:34.000  1354  1369 I chatty  : uid=1000(system) android.ui expire 2 lines
03-22 13:42:34.004  1354  1601 I chatty  : uid=1000 system_server expire 3 lines
03-22 13:42:34.053  1354  1381 I chatty  : uid=1000(system) PowerManagerSer expire 12 lines
03-22 13:42:34.310  1354  1623 I chatty  : uid=1000 system_server expire 1 line
03-22 13:42:34.349  1625  1625 E SchedPolicy: open of dev/cpuctl/limit_fg/tasks failed: Permission denied
03-22 13:42:34.349  1625  1625 E SchedPolicy: open of dev/cpuctl/bg_non_interactive/limit_bg/tasks failed: Permission denied
03-22 13:42:34.351  1354  1500 I chatty  : uid=1000(system) MountService expire 5 lines
03-22 13:42:34.355   416   427 D vold    : e4crypt_unlock_user_key 0 serial=0 token_present=0
03-22 13:42:34.355  1354  1502 I chatty  : uid=1000(system) CryptdConnector expire 4 lines
03-22 13:42:34.356   416   427 D vold    : e4crypt_unlock_user_key 10 serial=10 token_present=0
03-22 13:42:34.360  1354  1378 I chatty  : uid=1000(system) HwActivityManag expire 9 lines
03-22 13:42:34.360   416   426 D VoldCmdListener: volume reset
03-22 13:42:34.360   416   426 W vold    : VolumeBase::setState(): Volume emulated State changing Unmounted->Removed
03-22 13:42:34.361   416   426 W vold    : VolumeBase::setState(): Volume emulated State changing Removed->Unmounted
03-22 13:42:34.361  1354  1501 I chatty  : uid=1000(system) VoldConnector expire 24 lines
03-22 13:42:34.362  1354  1375 I chatty  : uid=1000(system) android.fg expire 9 lines
03-22 13:42:34.362  1625  1625 D ActivityThread: ActivityThread,attachApplication
03-22 13:42:34.364   416   426 D VoldCmdListener: volume user_added 0 0
03-22 13:42:34.365  1354  1365 I chatty  : uid=1000(system) Binder:1354_1 expire 1 line
03-22 13:42:34.366   416   426 D VoldCmdListener: volume user_added 10 10
03-22 13:42:34.372   416   426 D VoldCmdListener: volume mount emulated 3 -1
03-22 13:42:34.372   416   426 W vold    : VolumeBase::setState(): Volume emulated State changing Unmounted->Checking
03-22 13:42:34.372   416   426 W vold    : EmulatedVolume::doMount(): mFuseDefault is /mnt/runtime/default/emulated
03-22 13:42:34.372   416   426 W vold    : EmulatedVolume::doMount(): mFuseRead is /mnt/runtime/read/emulated
03-22 13:42:34.372   416   426 W vold    : EmulatedVolume::doMount(): mFuseWrite is /mnt/runtime/write/emulated
03-22 13:42:34.372   416   426 W vold    : EmulatedVolume::doMount(): mRawPath is /data/media
03-22 13:42:34.372   416   426 D vold    : MountSdcardfs(source=/data/media,target=/mnt/runtime/default/emulated,derive=legacy)=0
03-22 13:42:34.373   416   426 D vold    : MountSdcardfs(source=/data/media,target=/mnt/runtime/read/emulated,derive=everybody)=0
03-22 13:42:34.373   416   426 D vold    : MountSdcardfs(source=/data/media,target=/mnt/runtime/write/emulated,derive=everybody)=0
03-22 13:42:34.373   416   426 D vold    : EmulatedVolume::doMount(), Successfully to mount internal SD card
03-22 13:42:34.373   416   426 W vold    : VolumeBase::setState(): Volume emulated State changing Checking->Mounted
03-22 13:42:34.473  1354  1504 I chatty  : uid=1000(system) Binder:1354_3 expire 8 lines
03-22 13:42:34.529  1665  1665 E SchedPolicy: open of dev/cpuctl/limit_fg/tasks failed: Permission denied
03-22 13:42:34.529  1665  1665 E SchedPolicy: open of dev/cpuctl/bg_non_interactive/limit_bg/tasks failed: Permission denied
03-22 13:42:34.534  1673  1673 E SchedPolicy: open of dev/cpuctl/limit_fg/tasks failed: Permission denied
03-22 13:42:34.534  1673  1673 E SchedPolicy: open of dev/cpuctl/bg_non_interactive/limit_bg/tasks failed: Permission denied
03-22 13:42:34.541  1354  1354 I chatty  : uid=1000 system_server expire 79 lines
03-22 13:42:34.551  1687  1687 D ActivityThread: ActivityThread,attachApplication
03-22 13:42:34.553  1708  1708 E SchedPolicy: open of dev/cpuctl/limit_fg/tasks failed: Permission denied
03-22 13:42:34.553  1708  1708 E SchedPolicy: open of dev/cpuctl/bg_non_interactive/limit_bg/tasks failed: Permission denied
03-22 13:42:34.554  1354  1657 I chatty  : uid=1000(system) Binder:1354_4 expire 20 lines
03-22 13:42:34.562  1625  1716 E ActivityThread: Failed to find provider info for user_dictionary
03-22 13:42:34.572  1708  1708 D ActivityThread: ActivityThread,attachApplication
03-22 13:42:34.573  1354  1711 I chatty  : uid=1000(system) Binder:1354_5 expire 7 lines
03-22 13:42:34.595  1354  1507 I chatty  : uid=1000(system) NetdConnector expire 108 lines
03-22 13:42:34.748  1708  1708 E ActivityThread: Failed to find provider info for com.huawei.vdrive.mirrorlinktogo
03-22 13:42:34.748  1708  1767 E ActivityThread: Failed to find provider info for com.huawei.vdrive.mirrorlinktogo
03-22 13:42:34.773  1354  1365 I chatty  : uid=1000(system) Binder:1354_1 expire 5 lines
03-22 13:42:34.840  1354  1368 I chatty  : uid=1000(system) ActivityManager expire 3 lines
03-22 13:42:34.841  1809  1809 E SchedPolicy: open of dev/cpuctl/limit_fg/tasks failed: Permission denied
03-22 13:42:34.841  1809  1809 E SchedPolicy: open of dev/cpuctl/bg_non_interactive/limit_bg/tasks failed: Permission denied
03-22 13:42:34.848  1809  1809 D ActivityThread: ActivityThread,attachApplication
03-22 13:42:34.870  1354  1366 I chatty  : uid=1000(system) Binder:1354_2 expire 2 lines
03-22 13:42:35.176  1354  1375 I chatty  : uid=1000(system) android.fg expire 6 lines
03-22 13:42:35.181  1354  1508 I chatty  : uid=1000(system) NetworkStats expire 1 line
03-22 13:42:35.199  1901  1901 D ActivityThread: ActivityThread,attachApplication
03-22 13:42:35.250  1354  1918 I chatty  : uid=1000(system) LocationThread expire 11 lines
03-22 13:42:35.356  1935  1935 D ActivityThread: ActivityThread,attachApplication
03-22 13:42:35.370  1354  1369 I chatty  : uid=1000(system) android.ui expire 1 line
03-22 13:42:35.405  1957  1957 D ActivityThread: ActivityThread,attachApplication
03-22 13:42:35.411  1901  1901 W ContextImpl: Calling a method in the system process without a qualified user: android.app.ContextImpl.startService:1531 android.content.ContextWrapper.startService:613 android.content.ContextWrapper.startService:613 com.android.settings.deviceinfo.UsbReceiver.onUsbStateReceive:152 com.android.settings.deviceinfo.UsbReceiver.onReceive:84 
03-22 13:42:35.414  1984  1984 E SchedPolicy: open of dev/cpuctl/limit_fg/tasks failed: Permission denied
03-22 13:42:35.414  1984  1984 E SchedPolicy: open of dev/cpuctl/bg_non_interactive/limit_bg/tasks failed: Permission denied
03-22 13:42:35.414  1971  1971 D ActivityThread: ActivityThread,attachApplication
03-22 13:42:35.420  1984  1984 D ActivityThread: ActivityThread,attachApplication
03-22 13:42:35.421  1997  1997 E SchedPolicy: open of dev/cpuctl/limit_fg/tasks failed: Permission denied
03-22 13:42:35.421  1997  1997 E SchedPolicy: open of dev/cpuctl/bg_non_interactive/limit_bg/tasks failed: Permission denied
03-22 13:42:35.428  1997  1997 D ActivityThread: ActivityThread,attachApplication
03-22 13:42:35.467  1354  2002 I chatty  : uid=1000(system) Binder:1354_6 expire 1 line
03-22 13:42:35.481  1354  2005 I chatty  : uid=1000(system) Binder:1354_8 expire 1 line
03-22 13:42:35.505  1354  1544 I chatty  : uid=1000(system) onProviders.ECP expire 4 lines
03-22 13:42:35.526  1901  1901 V ActivityThread: ActivityThread,callActivityOnCreate
03-22 13:42:35.541  1901  1901 D ActivityThread: add activity client record, r= ActivityRecord{296990f token=android.os.BinderProxy@347fe17 {com.android.settings/com.android.settings.FallbackHome}} token= android.os.BinderProxy@347fe17
03-22 13:42:35.563  1354  1510 I chatty  : uid=1000(system) WifiP2pService expire 14 lines
03-22 13:42:35.576  1354  1377 I chatty  : uid=1000(system) android.display expire 8 lines
03-22 13:42:35.583  1354  1373 I chatty  : uid=1000(system) batterystats-sy expire 2 lines
03-22 13:42:35.621  1354  1354 I chatty  : uid=1000 system_server expire 51 lines
03-22 13:42:35.631  1957  1957 W ContextImpl: Calling a method in the system process without a qualified user: android.app.ContextImpl.bindService:1595 android.content.ContextWrapper.bindService:636 com.huawei.android.chr.hisi.HisiModemInfoCollector.<init>:190 com.huawei.android.chr.ModemInfoCollectorFactory.make:24 com.huawei.android.chr.HwChrApplication.onCreate:60 
03-22 13:42:35.641  1957  1957 W ContextImpl: Calling a method in the system process without a qualified user: android.app.ContextImpl.bindService:1595 android.content.ContextWrapper.bindService:636 com.huawei.android.chr.statistics.TelStatusManager.<init>:58 com.huawei.android.chr.statistics.TelStatusManager.make:44 com.huawei.android.chr.HwChrApplication.onCreate:61 
03-22 13:42:35.646  1957  1957 W ContextImpl: Calling a method in the system process without a qualified user: android.app.ContextImpl.bindService:1595 android.content.ContextWrapper.bindService:636 com.huawei.android.chr.logcollectservice.ChrLogManager.<init>:41 com.huawei.android.chr.logcollectservice.ChrLogManager.make:27 com.huawei.android.chr.HwChrApplication.onCreate:63 
03-22 13:42:35.652  1957  1957 W ContextImpl: Calling a method in the system process without a qualified user: android.app.ContextImpl.bindService:1595 com.huawei.mdlog.MdlogManager.<init>:35 com.huawei.android.chr.ProtocolLogManager.init:102 com.huawei.android.chr.HwChrApplication.onCreate:64 android.app.Instrumentation.callApplicationOnCreate:1028 
03-22 13:42:35.654  1971  1971 W ContextImpl: Calling a method in the system process without a qualified user: android.app.ContextImpl.startService:1531 android.content.ContextWrapper.startService:613 com.huawei.powergenie.core.PGApp.onCreate:46 android.app.Instrumentation.callApplicationOnCreate:1028 android.app.ActivityThread.handleBindApplication:5658 
03-22 13:42:35.657  1957  1957 W ContextImpl: Calling a method in the system process without a qualified user: android.app.ContextImpl.startService:1531 android.content.ContextWrapper.startService:613 com.huawei.lcagent.client.LogCollectManager.bindToService:316 com.huawei.lcagent.client.LogCollectManager.<init>:36 com.huawei.android.chr.ProtocolLogManager.init:107 
03-22 13:42:35.658  1957  1957 W ContextImpl: Calling a method in the system process without a qualified user: android.app.ContextImpl.bindService:1595 android.content.ContextWrapper.bindService:636 com.huawei.lcagent.client.LogCollectManager.bindToService:322 com.huawei.lcagent.client.LogCollectManager.<init>:36 com.huawei.android.chr.ProtocolLogManager.init:107 
03-22 13:42:35.684  1957  1957 W ContextImpl: Calling a method in the system process without a qualified user: android.app.ContextImpl.bindService:1595 com.huawei.android.chr.network.ChrNetwork.<init>:153 com.huawei.android.chr.HwChrApplication.creatChrNetwork:136 com.huawei.android.chr.HwChrApplication.initModules:102 com.huawei.android.chr.HwChrApplication.onCreate:65 
03-22 13:42:35.690  1957  1957 W ContextImpl: Calling a method in the system process without a qualified user: android.app.ContextImpl.bindService:1595 com.huawei.android.chr.network.ChrNetwork.<init>:153 com.huawei.android.chr.HwChrApplication.creatChrNetwork:136 com.huawei.android.chr.HwChrApplication.initModules:102 com.huawei.android.chr.HwChrApplication.onCreate:65 
03-22 13:42:35.691  1354  2071 I chatty  : uid=1000(system) uteStateMachine expire 1 line
03-22 13:42:35.695  1354  2074 I chatty  : uid=1000(system) CallAudioModeSt expire 1 line
03-22 13:42:35.697  1957  1957 W ContextImpl: Calling a method in the system process without a qualified user: android.app.ContextImpl.bindService:1595 com.huawei.android.chr.network.ChrNetwork.<init>:153 com.huawei.android.chr.HwChrApplication.creatChrNetwork:136 com.huawei.android.chr.HwChrApplication.initModules:102 com.huawei.android.chr.HwChrApplication.onCreate:65 
03-22 13:42:35.708  1354  2079 I chatty  : uid=1000(system) AsyncQueryWorke expire 2 lines
03-22 13:42:35.710  1354  2080 I chatty  : uid=1000 system_server expire 1 line
03-22 13:42:35.734  1957  1957 W ContextImpl: Calling a method in the system process without a qualified user: android.app.ContextImpl.startService:1531 android.content.ContextWrapper.startService:613 com.huawei.lcagent.client.LogCollectManager.bindToService:316 com.huawei.lcagent.client.LogCollectManager.<init>:42 com.huawei.android.chr.hifi.ChrHifi.<init>:62 
03-22 13:42:35.735  1957  1957 W ContextImpl: Calling a method in the system process without a qualified user: android.app.ContextImpl.bindService:1595 android.content.ContextWrapper.bindService:636 com.huawei.lcagent.client.LogCollectManager.bindToService:322 com.huawei.lcagent.client.LogCollectManager.<init>:42 com.huawei.android.chr.hifi.ChrHifi.<init>:62 
03-22 13:42:35.763  1354  1657 I chatty  : uid=1000(system) Binder:1354_4 expire 21 lines
03-22 13:42:35.771  1971  2065 W ContextImpl: Calling a method in the system process without a qualified user: android.app.ContextImpl.bindService:1595 android.content.ContextWrapper.bindService:636 com.huawei.android.location.activityrecognition.HwActivityRecognition.bindService:167 com.huawei.android.location.activityrecognition.HwActivityRecognition.connectService:202 com.huawei.powergenie.core.contextaware.MotionDetection.connectionHwArService:117 
03-22 13:42:35.772  1354  1365 I chatty  : uid=1000(system) Binder:1354_1 expire 8 lines
03-22 13:42:35.778  1354  2002 I chatty  : uid=1000(system) Binder:1354_6 expire 10 lines
03-22 13:42:35.781  2089  2089 E SchedPolicy: open of dev/cpuctl/limit_fg/tasks failed: Permission denied
03-22 13:42:35.781  2089  2089 E SchedPolicy: open of dev/cpuctl/bg_non_interactive/limit_bg/tasks failed: Permission denied
03-22 13:42:35.799  2089  2089 D ActivityThread: ActivityThread,attachApplication
03-22 13:42:35.801  1354  1366 I chatty  : uid=1000(system) Binder:1354_2 expire 7 lines
03-22 13:42:35.904  1935  1935 W ContextImpl: Calling a method in the system process without a qualified user: android.app.ContextImpl.startService:1531 android.content.ContextWrapper.startService:613 com.huawei.systemmanager.SystemManagerApplication.startMainService:268 com.huawei.systemmanager.SystemManagerApplication.startServices:131 com.huawei.systemmanager.SystemManagerApplication.onCreate:114 
03-22 13:42:35.914  1935  1935 W ContextImpl: Calling a method in the system process without a qualified user: android.app.ContextImpl.startService:1531 android.content.ContextWrapper.startService:613 com.huawei.systemmanager.SystemManagerApplication.startPermissionService:204 com.huawei.systemmanager.SystemManagerApplication.startServices:132 com.huawei.systemmanager.SystemManagerApplication.onCreate:114 
03-22 13:42:35.919  1935  1935 W ContextImpl: Calling a method in the system process without a qualified user: android.app.ContextImpl.startService:1531 android.content.ContextWrapper.startService:613 com.huawei.systemmanager.SystemManagerApplication.startBgStaticsService:225 com.huawei.systemmanager.SystemManagerApplication.startServices:137 com.huawei.systemmanager.SystemManagerApplication.onCreate:114 
03-22 13:42:35.944  1354  2003 I chatty  : uid=1000(system) Binder:1354_7 expire 9 lines
03-22 13:42:35.951  1935  1935 W ContextImpl: Calling a method in the system process without a qualified user: android.app.ContextImpl.startService:1531 android.content.ContextWrapper.startService:613 com.huawei.systemmanager.SystemManagerApplication.startDeviceStorageMonitorService:232 com.huawei.systemmanager.SystemManagerApplication.startServices:139 com.huawei.systemmanager.SystemManagerApplication.onCreate:114 
03-22 13:42:35.955  1935  1935 W ContextImpl: Calling a method in the system process without a qualified user: android.app.ContextImpl.startService:1531 android.content.ContextWrapper.startService:613 com.huawei.systemmanager.SystemManagerApplication.startSpaceCleanService:247 com.huawei.systemmanager.SystemManagerApplication.startServices:143 com.huawei.systemmanager.SystemManagerApplication.onCreate:114 
03-22 13:42:35.957  1935  1935 W ContextImpl: Calling a method in the system process without a qualified user: android.app.ContextImpl.startService:1531 android.content.ContextWrapper.startService:613 com.huawei.systemmanager.SystemManagerApplication.startStarupService:252 com.huawei.systemmanager.SystemManagerApplication.startServices:144 com.huawei.systemmanager.SystemManagerApplication.onCreate:114 
03-22 13:42:35.962  1935  1935 W ContextImpl: Calling a method in the system process without a qualified user: android.app.ContextImpl.startService:1531 android.content.ContextWrapper.startService:613 com.huawei.systemmanager.SystemManagerApplication.startAccountMonitorService:153 com.huawei.systemmanager.SystemManagerApplication.startServices:145 com.huawei.systemmanager.SystemManagerApplication.onCreate:114 
03-22 13:42:35.964  1935  1935 W ContextImpl: Calling a method in the system process without a qualified user: android.app.ContextImpl.startService:1531 android.content.ContextWrapper.startService:613 com.huawei.systemmanager.SystemManagerApplication.startAntivirusService:257 com.huawei.systemmanager.SystemManagerApplication.startServices:146 com.huawei.systemmanager.SystemManagerApplication.onCreate:114 
03-22 13:42:35.972  1935  1935 W ContextImpl: Calling a method in the system process without a qualified user: android.app.ContextImpl.startService:1531 android.content.ContextWrapper.startService:613 com.huawei.systemmanager.SystemManagerApplication.startCoreService:167 com.huawei.systemmanager.SystemManagerApplication.startServices:148 com.huawei.systemmanager.SystemManagerApplication.onCreate:114 
03-22 13:42:35.995  1354  1368 I chatty  : uid=1000(system) ActivityManager expire 1 line
03-22 13:42:36.003  1935  1935 W ContextImpl: Calling a method in the system process without a qualified user: android.app.ContextImpl.bindService:1595 android.content.ContextWrapper.bindService:636 com.huawei.systemmanager.hsmstat.HsmStatProxy.bindService:263 com.huawei.systemmanager.hsmstat.HsmStatProxy.-wrap0:-1 com.huawei.systemmanager.hsmstat.HsmStatProxy$1.handleMessage:65 
03-22 13:42:36.018  1354  1504 I chatty  : uid=1000(system) Binder:1354_3 expire 9 lines
03-22 13:42:36.083  1354  2015 I chatty  : uid=1000(system) Binder:1354_9 expire 12 lines
03-22 13:42:36.085  1354  1507 I chatty  : uid=1000(system) NetdConnector expire 8 lines
03-22 13:42:36.086  1354  1711 I chatty  : uid=1000(system) Binder:1354_5 expire 13 lines
03-22 13:42:36.102  1354  1367 I chatty  : uid=1000(system) android.bg expire 1 line
03-22 13:42:36.110  1957  1957 W ContextImpl: Calling a method in the system process without a qualified user: android.app.ContextImpl.startService:1531 android.content.ContextWrapper.startService:613 com.huawei.lcagent.client.LogCollectManager.bindToService:316 com.huawei.lcagent.client.LogCollectManager.<init>:42 com.huawei.mdlog.MdlogService.onCreate:260 
03-22 13:42:36.110  1957  1957 W ContextImpl: Calling a method in the system process without a qualified user: android.app.ContextImpl.bindService:1595 android.content.ContextWrapper.bindService:636 com.huawei.lcagent.client.LogCollectManager.bindToService:322 com.huawei.lcagent.client.LogCollectManager.<init>:42 com.huawei.mdlog.MdlogService.onCreate:260 
03-22 13:42:36.117  1935  2154 W ContextImpl: Calling a method in the system process without a qualified user: android.app.ContextImpl.sendBroadcast:1000 android.content.ContextWrapper.sendBroadcast:426 com.huawei.harassmentinterception.strategy.IntellEngineController.openSmsEngine:25 com.huawei.harassmentinterception.strategy.StrategyManager.updateStrategy:181 com.huawei.harassmentinterception.strategy.StrategyManager.updateStrategyFromDb:134 
03-22 13:42:36.138  2169  2169 E SchedPolicy: open of dev/cpuctl/limit_fg/tasks failed: Permission denied
03-22 13:42:36.138  2169  2169 E SchedPolicy: open of dev/cpuctl/bg_non_interactive/limit_bg/tasks failed: Permission denied
03-22 13:42:36.153  2169  2169 D ActivityThread: ActivityThread,attachApplication
03-22 13:42:36.291  2201  2201 E SchedPolicy: open of dev/cpuctl/limit_fg/tasks failed: Permission denied
03-22 13:42:36.291  2201  2201 E SchedPolicy: open of dev/cpuctl/bg_non_interactive/limit_bg/tasks failed: Permission denied
03-22 13:42:36.302  1935  1935 W ContextImpl: Calling a method in the system process without a qualified user: android.app.ContextImpl.startService:1531 android.content.ContextWrapper.startService:613 com.huawei.systemmanager.service.InitValueService.startInitDataServices:113 com.huawei.systemmanager.service.InitValueService.-wrap0:-1 com.huawei.systemmanager.service.InitValueService$1.run:60 
03-22 13:42:36.309  1354  1918 I chatty  : uid=1000(system) LocationThread expire 39 lines
03-22 13:42:36.311  1935  1935 W ContextImpl: Calling a method in the system process without a qualified user: android.app.ContextImpl.startService:1531 android.content.ContextWrapper.startService:613 com.huawei.systemmanager.service.InitValueService.startInitDataServices:118 com.huawei.systemmanager.service.InitValueService.-wrap0:-1 com.huawei.systemmanager.service.InitValueService$1.run:60 
03-22 13:42:36.318  1354  2220 I chatty  : uid=1000(system) IPC Thread expire 2 lines
03-22 13:42:36.320  2201  2201 D ActivityThread: ActivityThread,attachApplication
03-22 13:42:36.332  2209  2209 D ActivityThread: ActivityThread,attachApplication
03-22 13:42:36.391  1708  1767 E ActivityThread: Failed to find provider info for media
03-22 13:42:36.392  2209  2209 W ContextImpl: Calling a method in the system process without a qualified user: android.app.ContextImpl.startService:1531 android.content.ContextWrapper.startService:613 com.huawei.systemmanager.SystemManagerApplication.startMainService:268 com.huawei.systemmanager.SystemManagerApplication.startServices:131 com.huawei.systemmanager.SystemManagerApplication.onCreate:114 
03-22 13:42:36.395  2209  2209 W ContextImpl: Calling a method in the system process without a qualified user: android.app.ContextImpl.startService:1531 android.content.ContextWrapper.startService:613 com.huawei.systemmanager.SystemManagerApplication.startPermissionService:204 com.huawei.systemmanager.SystemManagerApplication.startServices:132 com.huawei.systemmanager.SystemManagerApplication.onCreate:114 
03-22 13:42:36.397  1708  1767 E ActivityThread: Failed to find provider info for media
03-22 13:42:36.397  2209  2209 W ContextImpl: Calling a method in the system process without a qualified user: android.app.ContextImpl.startService:1531 android.content.ContextWrapper.startService:613 com.huawei.systemmanager.SystemManagerApplication.startBgStaticsService:225 com.huawei.systemmanager.SystemManagerApplication.startServices:137 com.huawei.systemmanager.SystemManagerApplication.onCreate:114 
03-22 13:42:36.408  2209  2209 W ContextImpl: Calling a method in the system process without a qualified user: android.app.ContextImpl.startService:1531 android.content.ContextWrapper.startService:613 com.huawei.systemmanager.SystemManagerApplication.startDeviceStorageMonitorService:232 com.huawei.systemmanager.SystemManagerApplication.startServices:139 com.huawei.systemmanager.SystemManagerApplication.onCreate:114 
03-22 13:42:36.409  2209  2209 W ContextImpl: Calling a method in the system process without a qualified user: android.app.ContextImpl.startService:1531 android.content.ContextWrapper.startService:613 com.huawei.systemmanager.SystemManagerApplication.startSpaceCleanService:247 com.huawei.systemmanager.SystemManagerApplication.startServices:143 com.huawei.systemmanager.SystemManagerApplication.onCreate:114 
03-22 13:42:36.410  2209  2209 W ContextImpl: Calling a method in the system process without a qualified user: android.app.ContextImpl.startService:1531 android.content.ContextWrapper.startService:613 com.huawei.systemmanager.SystemManagerApplication.startStarupService:252 com.huawei.systemmanager.SystemManagerApplication.startServices:144 com.huawei.systemmanager.SystemManagerApplication.onCreate:114 
03-22 13:42:36.410  2209  2209 W ContextImpl: Calling a method in the system process without a qualified user: android.app.ContextImpl.startService:1531 android.content.ContextWrapper.startService:613 com.huawei.systemmanager.SystemManagerApplication.startAccountMonitorService:153 com.huawei.systemmanager.SystemManagerApplication.startServices:145 com.huawei.systemmanager.SystemManagerApplication.onCreate:114 
03-22 13:42:36.411  2209  2209 W ContextImpl: Calling a method in the system process without a qualified user: android.app.ContextImpl.startService:1531 android.content.ContextWrapper.startService:613 com.huawei.systemmanager.SystemManagerApplication.startAntivirusService:257 com.huawei.systemmanager.SystemManagerApplication.startServices:146 com.huawei.systemmanager.SystemManagerApplication.onCreate:114 
