03-22 14:08:56.728  1354  1354 I chatty  : uid=1000 system_server expire 14 lines
03-22 14:09:04.936  1354  1375 I chatty  : uid=1000(system) android.fg expire 6 lines
03-22 14:10:29.277  1354  1365 I chatty  : uid=1000(system) Binder:1354_1 expire 5 lines
03-22 14:10:29.290  1354  2003 I chatty  : uid=1000(system) Binder:1354_7 expire 3 lines
03-22 14:10:29.632 12311 12311 D ActivityThread: Remove activity client record, r= ActivityRecord{8327029 token=android.os.BinderProxy@b31247c {cn.dcpai.auction/cn.dcpai.auction.auction.delayed.ui.DelayedAuctionInfoAcitivity}} token= android.os.BinderProxy@b31247c
03-22 14:10:29.702  1354  1377 I chatty  : uid=1000(system) android.display expire 3 lines
03-22 14:10:30.397  1354  2659 I chatty  : uid=1000(system) Binder:1354_18 expire 2 lines
03-22 14:10:30.412  1354  2656 I chatty  : uid=1000(system) Binder:1354_15 expire 1 line
03-22 14:10:30.480  1354  2663 I chatty  : uid=1000(system) Binder:1354_1B expire 3 lines
03-22 14:10:30.812 12311 12311 D ActivityThread: Remove activity client record, r= ActivityRecord{5e4f351 token=android.os.BinderProxy@783c106 {cn.dcpai.auction/cn.dcpai.auction.frame.da.ui.HistoryDelayedActivity}} token= android.os.BinderProxy@783c106
03-22 14:10:30.832  1354  1507 I chatty  : uid=1000(system) NetdConnector expire 16 lines
03-22 14:10:33.175  1354  1624 I chatty  : uid=1000(system) LazyTaskWriterT expire 3 lines
03-22 14:10:47.506  1354  2616 I chatty  : uid=1000(system) Binder:1354_F expire 2 lines
03-22 14:10:57.643  1354  1485 I chatty  : uid=1000(system) UEventObserver expire 12 lines
03-22 14:10:57.649  1354  1354 I chatty  : uid=1000 system_server expire 13 lines
03-22 14:10:58.123  1354  1657 I chatty  : uid=1000(system) Binder:1354_4 expire 5 lines
03-22 14:10:58.148 12311 12311 V ActivityThread: ActivityThread,callActivityOnCreate
03-22 14:10:58.187 12311 12311 D ActivityThread: add activity client record, r= ActivityRecord{93bd06e token=android.os.BinderProxy@8707a9d {cn.dcpai.auction/cn.dcpai.auction.auction.delayed.ui.DelayedAuctionInfoAcitivity}} token= android.os.BinderProxy@8707a9d
03-22 14:10:58.245  1354  2613 I chatty  : uid=1000(system) Binder:1354_E expire 4 lines
03-22 14:10:58.247  1354  2005 I chatty  : uid=1000(system) Binder:1354_8 expire 4 lines
03-22 14:10:58.658  1354  2664 I chatty  : uid=1000(system) Binder:1354_1C expire 1 line
03-22 14:12:14.048  1354  1373 I chatty  : uid=1000(system) batterystats-sy expire 3 lines
03-22 14:12:44.350  1354  2658 I chatty  : uid=1000(system) Binder:1354_17 expire 3 lines
03-22 14:12:44.389  1354  2002 I chatty  : uid=1000(system) Binder:1354_6 expire 3 lines
03-22 14:12:51.706  1354 16665 I chatty  : uid=1000 system_server expire 20 lines
03-22 14:13:00.047  1354  1368 I chatty  : uid=1000(system) ActivityManager expire 1 line
03-22 14:13:00.064  1354  1367 I chatty  : uid=1000(system) android.bg expire 1 line
03-22 14:13:25.958  1354  1508 I chatty  : uid=1000(system) NetworkStats expire 1 line
03-22 14:13:26.042  1354 16854 I chatty  : uid=1000 system_server expire 3 lines
03-22 14:13:26.054  1354  2654 I chatty  : uid=1000(system) Binder:1354_13 expire 3 lines
03-22 14:13:26.091  1354  1504 I chatty  : uid=1000(system) Binder:1354_3 expire 3 lines
03-22 14:13:26.338  1354  2594 I chatty  : uid=1000(system) Binder:1354_A expire 3 lines
03-22 14:13:49.667 15491 16974 E SchedPolicy: open of dev/cpuctl/limit_fg/tasks failed: Permission denied
03-22 14:13:49.667 15491 16974 E SchedPolicy: open of dev/cpuctl/bg_non_interactive/limit_bg/tasks failed: Permission denied
03-22 14:13:58.804  1354  1485 I chatty  : uid=1000(system) UEventObserver expire 2 lines
03-22 14:14:00.007  1354  1354 I chatty  : uid=1000 system_server expire 1 line
03-22 14:14:05.503  1354  2635 I chatty  : uid=1000(system) Binder:1354_10 expire 1 line
03-22 14:14:05.573  1354  2602 I chatty  : uid=1000(system) Binder:1354_C expire 1 line
03-22 14:14:05.905 12311 12311 D ActivityThread: Remove activity client record, r= ActivityRecord{93bd06e token=android.os.BinderProxy@8707a9d {cn.dcpai.auction/cn.dcpai.auction.auction.delayed.ui.DelayedAuctionInfoAcitivity}} token= android.os.BinderProxy@8707a9d
03-22 14:14:09.988  1354  2594 V HwWindowManagerService: moveTaskToTop mTaskChanged:true
03-22 14:14:09.989  1354  2594 V HwWindowManagerService: moveTaskToTop mTaskChanged:true
03-22 14:14:09.989  1354  2594 V HwWindowManagerService: setFocusedApp update app ops, mTaskChanged set to:false
03-22 14:14:10.006 12311 12311 V ActivityThread: ActivityThread,callActivityOnCreate
03-22 14:14:10.043 12311 12311 D ActivityThread: add activity client record, r= ActivityRecord{3a47eb1 token=android.os.BinderProxy@d2f3e36 {cn.dcpai.auction/cn.dcpai.auction.auction.delayed.ui.DelayedAuctionInfoAcitivity}} token= android.os.BinderProxy@d2f3e36
03-22 14:14:10.105  1354  2616 D ActivityManager: Skipping, home stack task: TaskRecord{e6e2a2 #704 A=com.huawei.android.launcher U=0 StackId=0 sz=1}
03-22 14:14:10.105  1354  2616 D ActivityManager: Skipping, withExcluded: false, tr.intent:Intent { act=android.deviceinfo.chooser.action.LAUNCH flg=0x10800000 pkg=com.android.settings cmp=com.android.settings/.deviceinfo.UsbConnModeChooserActivity }
03-22 14:14:10.105  1354  2616 D ActivityManager: Skipping, withExcluded: false, tr.intent:Intent { act=android.intent.action.MAIN cat=[android.intent.category.LAUNCHER] flg=0x10a00000 cmp=io.appium.settings/.Settings }
03-22 14:14:10.105  1354  2616 D ActivityManager: Skipping, withExcluded: false, tr.intent:Intent { act=android.intent.action.MAIN cat=[android.intent.category.HOME] flg=0x10800300 cmp=com.android.settings/.FallbackHome }
03-22 14:14:10.107  1354  2635 D ActivityManager: Skipping, home stack task: TaskRecord{e6e2a2 #704 A=com.huawei.android.launcher U=0 StackId=0 sz=1}
03-22 14:14:10.107  1354  2635 D ActivityManager: Skipping, withExcluded: false, tr.intent:Intent { act=android.deviceinfo.chooser.action.LAUNCH flg=0x10800000 pkg=com.android.settings cmp=com.android.settings/.deviceinfo.UsbConnModeChooserActivity }
03-22 14:14:10.107  1354  2635 D ActivityManager: Skipping, withExcluded: false, tr.intent:Intent { act=android.intent.action.MAIN cat=[android.intent.category.LAUNCHER] flg=0x10a00000 cmp=io.appium.settings/.Settings }
03-22 14:14:10.107  1354  2635 D ActivityManager: Skipping, withExcluded: false, tr.intent:Intent { act=android.intent.action.MAIN cat=[android.intent.category.HOME] flg=0x10800300 cmp=com.android.settings/.FallbackHome }
03-22 14:14:10.437  1354  2002 I WindowManager: Destroying surface Surface(name=cn.dcpai.auction/cn.dcpai.auction.MainActivity) called by com.android.server.wm.WindowStateAnimator.destroySurface:2056 com.android.server.wm.WindowStateAnimator.destroySurfaceLocked:908 com.android.server.wm.WindowState.destroyOrSaveSurface:2201 com.android.server.wm.WindowManagerService.tryStartExitingAnimation:3332 com.android.server.wm.WindowManagerService.relayoutWindow:3212 com.android.server.wm.Session.relayout:224 android.view.IWindowSession$Stub.onTransact:286 com.android.server.wm.Session.onTransact:145 
03-22 14:14:10.970  1354  2657 W ActivityManager: getRunningAppProcesses: caller 1010241 does not hold REAL_GET_TASKS; limiting output
03-22 14:14:11.007  1354  2664 W ActivityManager: getRunningAppProcesses: caller 1010241 does not hold REAL_GET_TASKS; limiting output
03-22 14:14:11.012  1354  2616 W ActivityManager: getRunningAppProcesses: caller 1010241 does not hold REAL_GET_TASKS; limiting output
03-22 14:14:11.012  1354  1657 W ActivityManager: getRunningAppProcesses: caller 1010241 does not hold REAL_GET_TASKS; limiting output
03-22 14:14:11.017  1354  2658 W ActivityManager: getRunningAppProcesses: caller 1010241 does not hold REAL_GET_TASKS; limiting output
03-22 14:14:11.018  1354  2655 W ActivityManager: getRunningAppProcesses: caller 1010241 does not hold REAL_GET_TASKS; limiting output
03-22 14:14:12.316  1354  2656 I ActivityManager: START u0 {cmp=cn.dcpai.auction/.activity.BidBondPaymentNewActivity (has extras)} from uid 10403 on display 0
03-22 14:14:12.318  1354  2656 I ActivityManager: ActivityRecord info: ActivityInfo{39ecc68 cn.dcpai.auction.activity.BidBondPaymentNewActivity}, euid: 0
03-22 14:14:12.319  1354  2656 V HwWindowManagerService: moveTaskToTop mTaskChanged:true
03-22 14:14:12.320  1354  2656 V HwWindowManagerService: moveTaskToTop mTaskChanged:true
03-22 14:14:12.321  1354  2656 V HwWindowManagerService: setFocusedApp update app ops, mTaskChanged set to:false
03-22 14:14:12.341 12311 12311 V ActivityThread: ActivityThread,callActivityOnCreate
03-22 14:14:12.436  1354  2664 D ActivityManager: Skipping, home stack task: TaskRecord{e6e2a2 #704 A=com.huawei.android.launcher U=0 StackId=0 sz=1}
03-22 14:14:12.436  1354  2664 D ActivityManager: Skipping, withExcluded: false, tr.intent:Intent { act=android.deviceinfo.chooser.action.LAUNCH flg=0x10800000 pkg=com.android.settings cmp=com.android.settings/.deviceinfo.UsbConnModeChooserActivity }
03-22 14:14:12.436  1354  2664 D ActivityManager: Skipping, withExcluded: false, tr.intent:Intent { act=android.intent.action.MAIN cat=[android.intent.category.LAUNCHER] flg=0x10a00000 cmp=io.appium.settings/.Settings }
03-22 14:14:12.436  1354  2664 D ActivityManager: Skipping, withExcluded: false, tr.intent:Intent { act=android.intent.action.MAIN cat=[android.intent.category.HOME] flg=0x10800300 cmp=com.android.settings/.FallbackHome }
03-22 14:14:12.438  1354  2660 D ActivityManager: Skipping, home stack task: TaskRecord{e6e2a2 #704 A=com.huawei.android.launcher U=0 StackId=0 sz=1}
03-22 14:14:12.438  1354  2660 D ActivityManager: Skipping, withExcluded: false, tr.intent:Intent { act=android.deviceinfo.chooser.action.LAUNCH flg=0x10800000 pkg=com.android.settings cmp=com.android.settings/.deviceinfo.UsbConnModeChooserActivity }
03-22 14:14:12.438  1354  2660 D ActivityManager: Skipping, withExcluded: false, tr.intent:Intent { act=android.intent.action.MAIN cat=[android.intent.category.LAUNCHER] flg=0x10a00000 cmp=io.appium.settings/.Settings }
03-22 14:14:12.438  1354  2660 D ActivityManager: Skipping, withExcluded: false, tr.intent:Intent { act=android.intent.action.MAIN cat=[android.intent.category.HOME] flg=0x10800300 cmp=com.android.settings/.FallbackHome }
03-22 14:14:12.484 12311 12311 D ActivityThread: add activity client record, r= ActivityRecord{4beb058 token=android.os.BinderProxy@8b8799b {cn.dcpai.auction/cn.dcpai.auction.activity.BidBondPaymentNewActivity}} token= android.os.BinderProxy@8b8799b
03-22 14:14:12.530  1354  1377 I WindowManager: Destroying surface Surface(name=cn.dcpai.auction/cn.dcpai.auction.auction.delayed.ui.DelayedAuctionInfoAcitivity) called by com.android.server.wm.WindowStateAnimator.destroySurface:2056 com.android.server.wm.WindowStateAnimator.destroySurfaceLocked:908 com.android.server.wm.WindowState.destroyOrSaveSurface:2201 com.android.server.wm.AppWindowToken.destroySurfaces:366 com.android.server.wm.WindowStateAnimator.finishExit:587 com.android.server.wm.WindowStateAnimator.stepAnimationLocked:513 com.android.server.wm.WindowAnimator.updateWindowsLocked:311 com.android.server.wm.WindowAnimator.animateLocked:738 
03-22 14:14:12.574  1354  2655 W ActivityManager: getRunningAppProcesses: caller 10403 does not hold REAL_GET_TASKS; limiting output
03-22 14:14:12.575  1354  2663 W ActivityManager: getRunningAppProcesses: caller 10403 does not hold REAL_GET_TASKS; limiting output
03-22 14:14:12.579  1354  2594 W ActivityManager: getRunningAppProcesses: caller 10403 does not hold REAL_GET_TASKS; limiting output
03-22 14:14:12.893  1354  2015 I WindowManager: Destroying surface Surface(name=cn.dcpai.auction/cn.dcpai.auction.auction.delayed.ui.DelayedAuctionInfoAcitivity) called by com.android.server.wm.WindowStateAnimator.destroySurface:2056 com.android.server.wm.WindowStateAnimator.destroySurfaceLocked:908 com.android.server.wm.WindowState.destroyOrSaveSurface:2201 com.android.server.wm.AppWindowToken.destroySurfaces:366 com.android.server.wm.AppWindowToken.notifyAppStopped:392 com.android.server.wm.WindowManagerService.notifyAppStopped:4874 com.android.server.am.ActivityStack.activityStoppedLocked:1395 com.android.server.am.ActivityManagerService.activityStopped:7663 
03-22 14:14:13.521  1354  1624 E TaskPersister: File error accessing recents directory (directory doesn't exist?).
03-22 14:14:16.363  1354  2005 V HwWindowManagerService: moveTaskToTop mTaskChanged:true
03-22 14:14:16.364  1354  2005 V HwWindowManagerService: setFocusedApp update app ops, mTaskChanged set to:false
03-22 14:14:16.390  1354  2658 V WindowManager: Skipping AppWindowToken{5c84714 token=Token{32f0d67 ActivityRecord{c47d26 u0 cn.dcpai.auction/.activity.BidBondPaymentNewActivity t712}}} -- going to hide
03-22 14:14:16.426  1354  1657 V WindowManager: Skipping AppWindowToken{5c84714 token=Token{32f0d67 ActivityRecord{c47d26 u0 cn.dcpai.auction/.activity.BidBondPaymentNewActivity t712}}} -- going to hide
03-22 14:14:16.732 12311 12311 D ActivityThread: Remove activity client record, r= ActivityRecord{4beb058 token=android.os.BinderProxy@8b8799b {cn.dcpai.auction/cn.dcpai.auction.activity.BidBondPaymentNewActivity}} token= android.os.BinderProxy@8b8799b
03-22 14:14:16.803  1354  1377 I WindowManager: Destroying surface Surface(name=cn.dcpai.auction/cn.dcpai.auction.activity.BidBondPaymentNewActivity) called by com.android.server.wm.WindowStateAnimator.destroySurface:2056 com.android.server.wm.WindowStateAnimator.destroySurfaceLocked:908 com.android.server.wm.WindowState.destroyOrSaveSurface:2201 com.android.server.wm.AppWindowToken.destroySurfaces:366 com.android.server.wm.WindowStateAnimator.finishExit:587 com.android.server.wm.AppWindowAnimator.stepAnimationLocked:434 com.android.server.wm.WindowAnimator.updateAppWindowsLocked:201 com.android.server.wm.WindowAnimator.animateLocked:712 
03-22 14:14:19.759  1354  1624 E TaskPersister: File error accessing recents directory (directory doesn't exist?).
03-22 14:14:19.857  1354  1354 D WifiService: onReceive, action:android.intent.action.BATTERY_CHANGED
03-22 14:14:19.858  1354  1354 D WifiService: ACTION_BATTERY_CHANGED pluggedType: 2
03-22 14:14:20.798  1354  2660 V HwWindowManagerService: moveTaskToTop mTaskChanged:true
03-22 14:14:20.798  1354  2660 V HwWindowManagerService: setFocusedApp update app ops, mTaskChanged set to:false
03-22 14:14:20.823  1354  1711 V WindowManager: Skipping AppWindowToken{cac9911 token=Token{85ba538 ActivityRecord{ec23d9b u0 cn.dcpai.auction/.auction.delayed.ui.DelayedAuctionInfoAcitivity t712}}} -- going to hide
03-22 14:14:20.876  1354  2635 V WindowManager: Skipping AppWindowToken{cac9911 token=Token{85ba538 ActivityRecord{ec23d9b u0 cn.dcpai.auction/.auction.delayed.ui.DelayedAuctionInfoAcitivity t712}}} -- going to hide
03-22 14:14:21.032  1354  2594 W ActivityManager: getRunningAppProcesses: caller 1010241 does not hold REAL_GET_TASKS; limiting output
03-22 14:14:21.177 12311 12311 D ActivityThread: Remove activity client record, r= ActivityRecord{3a47eb1 token=android.os.BinderProxy@d2f3e36 {cn.dcpai.auction/cn.dcpai.auction.auction.delayed.ui.DelayedAuctionInfoAcitivity}} token= android.os.BinderProxy@d2f3e36
03-22 14:14:21.247  1354  1377 I WindowManager: Destroying surface Surface(name=cn.dcpai.auction/cn.dcpai.auction.auction.delayed.ui.DelayedAuctionInfoAcitivity) called by com.android.server.wm.WindowStateAnimator.destroySurface:2056 com.android.server.wm.WindowStateAnimator.destroySurfaceLocked:908 com.android.server.wm.WindowState.destroyOrSaveSurface:2201 com.android.server.wm.AppWindowToken.destroySurfaces:366 com.android.server.wm.WindowStateAnimator.finishExit:587 com.android.server.wm.AppWindowAnimator.stepAnimationLocked:434 com.android.server.wm.WindowAnimator.updateAppWindowsLocked:201 com.android.server.wm.WindowAnimator.animateLocked:712 
03-22 14:14:22.871  1354  1507 D NetdConnector: RCV <- {pattern.matcher(rawEventLog) fail}
03-22 14:14:22.875  1354  1507 D NetdConnector: RCV <- {pattern.matcher(eventLog) fail}
03-22 14:14:22.877  1354  1375 D NetdConnector: RCV unsolicited event from native daemon, event = 600
03-22 14:14:22.877  1354  1375 D NetworkManagement: notifyInterfaceLinkStateChanged 10
03-22 14:14:24.218  1354  1624 E TaskPersister: File error accessing recents directory (directory doesn't exist?).
03-22 14:14:24.476  1354  2616 I ActivityManager: START u0 {cmp=cn.dcpai.auction/.activity.SettingActivity} from uid 10403 on display 0
03-22 14:14:24.478  1354  2616 I ActivityManager: ActivityRecord info: ActivityInfo{15fdfff cn.dcpai.auction.activity.SettingActivity}, euid: 0
03-22 14:14:24.480  1354  2616 V HwWindowManagerService: moveTaskToTop mTaskChanged:true
03-22 14:14:24.481  1354  2616 V HwWindowManagerService: moveTaskToTop mTaskChanged:true
03-22 14:14:24.482  1354  2616 V HwWindowManagerService: setFocusedApp update app ops, mTaskChanged set to:false
03-22 14:14:24.506 12311 12311 V ActivityThread: ActivityThread,callActivityOnCreate
03-22 14:14:24.553 12311 12311 D ActivityThread: add activity client record, r= ActivityRecord{b1c984d token=android.os.BinderProxy@dcf5448 {cn.dcpai.auction/cn.dcpai.auction.activity.SettingActivity}} token= android.os.BinderProxy@dcf5448
03-22 14:14:24.598  1354  2002 D ActivityManager: Skipping, home stack task: TaskRecord{e6e2a2 #704 A=com.huawei.android.launcher U=0 StackId=0 sz=1}
03-22 14:14:24.598  1354  2002 D ActivityManager: Skipping, withExcluded: false, tr.intent:Intent { act=android.deviceinfo.chooser.action.LAUNCH flg=0x10800000 pkg=com.android.settings cmp=com.android.settings/.deviceinfo.UsbConnModeChooserActivity }
03-22 14:14:24.598  1354  2002 D ActivityManager: Skipping, withExcluded: false, tr.intent:Intent { act=android.intent.action.MAIN cat=[android.intent.category.LAUNCHER] flg=0x10a00000 cmp=io.appium.settings/.Settings }
03-22 14:14:24.598  1354  2002 D ActivityManager: Skipping, withExcluded: false, tr.intent:Intent { act=android.intent.action.MAIN cat=[android.intent.category.HOME] flg=0x10800300 cmp=com.android.settings/.FallbackHome }
03-22 14:14:24.600  1354  2655 D ActivityManager: Skipping, home stack task: TaskRecord{e6e2a2 #704 A=com.huawei.android.launcher U=0 StackId=0 sz=1}
03-22 14:14:24.600  1354  2655 D ActivityManager: Skipping, withExcluded: false, tr.intent:Intent { act=android.deviceinfo.chooser.action.LAUNCH flg=0x10800000 pkg=com.android.settings cmp=com.android.settings/.deviceinfo.UsbConnModeChooserActivity }
03-22 14:14:24.600  1354  2655 D ActivityManager: Skipping, withExcluded: false, tr.intent:Intent { act=android.intent.action.MAIN cat=[android.intent.category.LAUNCHER] flg=0x10a00000 cmp=io.appium.settings/.Settings }
03-22 14:14:24.600  1354  2655 D ActivityManager: Skipping, withExcluded: false, tr.intent:Intent { act=android.intent.action.MAIN cat=[android.intent.category.HOME] flg=0x10800300 cmp=com.android.settings/.FallbackHome }
03-22 14:14:24.946  1354  2613 I WindowManager: Destroying surface Surface(name=cn.dcpai.auction/cn.dcpai.auction.MainActivity) called by com.android.server.wm.WindowStateAnimator.destroySurface:2056 com.android.server.wm.WindowStateAnimator.destroySurfaceLocked:908 com.android.server.wm.WindowState.destroyOrSaveSurface:2201 com.android.server.wm.WindowManagerService.tryStartExitingAnimation:3332 com.android.server.wm.WindowManagerService.relayoutWindow:3212 com.android.server.wm.Session.relayout:224 android.view.IWindowSession$Stub.onTransact:286 com.android.server.wm.Session.onTransact:145 
03-22 14:14:26.189  1354  1504 W TrustSpaceManagerService: unknown Intent, type: service calleePackage: cn.dcpai.auction callerPid:12311 callerUid:10403 callerPackage:null userId:0
03-22 14:14:26.192  1354  2596 W TrustSpaceManagerService: unknown Intent, type: service calleePackage: cn.dcpai.auction callerPid:12311 callerUid:10403 callerPackage:null userId:0
03-22 14:14:26.208  1354  2656 W ActivityManager: getTasks: caller 10403 does not hold REAL_GET_TASKS; limiting output
03-22 14:14:26.258  1354  2002 I ActivityManager: START u0 {flg=0x4000000 cmp=cn.dcpai.auction/.MainActivity (has extras)} from uid 10403 on display 0
03-22 14:14:26.260  1354  2002 I ActivityManager: ActivityRecord info: ActivityInfo{148cde0 cn.dcpai.auction.MainActivity}, euid: 0
03-22 14:14:26.261  1354  2002 V HwWindowManagerService: moveTaskToTop mTaskChanged:true
03-22 14:14:26.261  1354  2002 V HwWindowManagerService: setFocusedApp update app ops, mTaskChanged set to:false
03-22 14:14:26.263  1354  2002 V HwWindowManagerService: moveTaskToTop mTaskChanged:true
03-22 14:14:26.267  1354  2655 W ActivityManager: Duplicate finish request for ActivityRecord{a4c41cc u0 cn.dcpai.auction/.activity.SettingActivity t712 f}
03-22 14:14:26.270  1354  2594 V WindowManager: Skipping AppWindowToken{fdc7d1b token=Token{e4c5c15 ActivityRecord{a4c41cc u0 cn.dcpai.auction/.activity.SettingActivity t712}}} -- going to hide
03-22 14:14:26.271  1354  2606 W InputMethodManagerService: Focus gain on non-focused client com.android.internal.view.IInputMethodClient$Stub$Proxy@8d2e30b (uid=10403 pid=12311)
03-22 14:14:26.275  1354  2005 V WindowManager: Skipping AppWindowToken{fdc7d1b token=Token{e4c5c15 ActivityRecord{a4c41cc u0 cn.dcpai.auction/.activity.SettingActivity t712}}} -- going to hide
03-22 14:14:26.281  1354  2654 V WindowManager: Skipping AppWindowToken{fdc7d1b token=Token{e4c5c15 ActivityRecord{a4c41cc u0 cn.dcpai.auction/.activity.SettingActivity t712}}} -- going to hide
03-22 14:14:26.339  1354  1504 V WindowManager: Skipping AppWindowToken{fdc7d1b token=Token{e4c5c15 ActivityRecord{a4c41cc u0 cn.dcpai.auction/.activity.SettingActivity t712}}} -- going to hide
03-22 14:14:26.504  1354  1377 I WindowManager: Destroying surface Surface(name=cn.dcpai.auction/cn.dcpai.auction.activity.SettingActivity) called by com.android.server.wm.WindowStateAnimator.destroySurface:2056 com.android.server.wm.WindowStateAnimator.destroySurfaceLocked:908 com.android.server.wm.WindowState.destroyOrSaveSurface:2201 com.android.server.wm.AppWindowToken.destroySurfaces:366 com.android.server.wm.WindowStateAnimator.finishExit:587 com.android.server.wm.WindowStateAnimator.stepAnimationLocked:513 com.android.server.wm.WindowAnimator.updateWindowsLocked:311 com.android.server.wm.WindowAnimator.animateLocked:738 
03-22 14:14:26.630 12311 12311 D ActivityThread: Remove activity client record, r= ActivityRecord{b1c984d token=android.os.BinderProxy@dcf5448 {cn.dcpai.auction/cn.dcpai.auction.activity.SettingActivity}} token= android.os.BinderProxy@dcf5448
03-22 14:14:26.703  1354  1377 I WindowManager: Destroying surface Surface(name=cn.dcpai.auction/cn.dcpai.auction.activity.SettingActivity) called by com.android.server.wm.WindowStateAnimator.destroySurface:2056 com.android.server.wm.WindowStateAnimator.destroySurfaceLocked:908 com.android.server.wm.WindowState.destroyOrSaveSurface:2201 com.android.server.wm.AppWindowToken.destroySurfaces:366 com.android.server.wm.WindowStateAnimator.finishExit:587 com.android.server.wm.AppWindowAnimator.stepAnimationLocked:434 com.android.server.wm.WindowAnimator.updateAppWindowsLocked:201 com.android.server.wm.WindowAnimator.animateLocked:712 
03-22 14:14:27.121  1354  2654 I ActivityManager: START u0 {cmp=cn.dcpai.auction/.activity.LoginMainActivity} from uid 10403 on display 0
03-22 14:14:27.123  1354  2654 I ActivityManager: ActivityRecord info: ActivityInfo{b1bda00 cn.dcpai.auction.activity.LoginMainActivity}, euid: 0
03-22 14:14:27.124  1354  2654 V HwWindowManagerService: moveTaskToTop mTaskChanged:true
03-22 14:14:27.125  1354  2654 V HwWindowManagerService: moveTaskToTop mTaskChanged:true
03-22 14:14:27.126  1354  2654 V HwWindowManagerService: setFocusedApp update app ops, mTaskChanged set to:false
03-22 14:14:27.151 12311 12311 V ActivityThread: ActivityThread,callActivityOnCreate
03-22 14:14:27.241  1354  2015 D ActivityManager: Skipping, home stack task: TaskRecord{e6e2a2 #704 A=com.huawei.android.launcher U=0 StackId=0 sz=1}
03-22 14:14:27.241  1354  2015 D ActivityManager: Skipping, withExcluded: false, tr.intent:Intent { act=android.deviceinfo.chooser.action.LAUNCH flg=0x10800000 pkg=com.android.settings cmp=com.android.settings/.deviceinfo.UsbConnModeChooserActivity }
03-22 14:14:27.241  1354  2015 D ActivityManager: Skipping, withExcluded: false, tr.intent:Intent { act=android.intent.action.MAIN cat=[android.intent.category.LAUNCHER] flg=0x10a00000 cmp=io.appium.settings/.Settings }
03-22 14:14:27.241  1354  2015 D ActivityManager: Skipping, withExcluded: false, tr.intent:Intent { act=android.intent.action.MAIN cat=[android.intent.category.HOME] flg=0x10800300 cmp=com.android.settings/.FallbackHome }
03-22 14:14:27.243  1354  2652 D ActivityManager: Skipping, home stack task: TaskRecord{e6e2a2 #704 A=com.huawei.android.launcher U=0 StackId=0 sz=1}
03-22 14:14:27.243  1354  2652 D ActivityManager: Skipping, withExcluded: false, tr.intent:Intent { act=android.deviceinfo.chooser.action.LAUNCH flg=0x10800000 pkg=com.android.settings cmp=com.android.settings/.deviceinfo.UsbConnModeChooserActivity }
03-22 14:14:27.243  1354  2652 D ActivityManager: Skipping, withExcluded: false, tr.intent:Intent { act=android.intent.action.MAIN cat=[android.intent.category.LAUNCHER] flg=0x10a00000 cmp=io.appium.settings/.Settings }
03-22 14:14:27.243  1354  2652 D ActivityManager: Skipping, withExcluded: false, tr.intent:Intent { act=android.intent.action.MAIN cat=[android.intent.category.HOME] flg=0x10800300 cmp=com.android.settings/.FallbackHome }
03-22 14:14:27.252 12311 12311 D ActivityThread: add activity client record, r= ActivityRecord{e764db8 token=android.os.BinderProxy@82e8028 {cn.dcpai.auction/cn.dcpai.auction.activity.LoginMainActivity}} token= android.os.BinderProxy@82e8028
03-22 14:14:27.666  1354  2654 I WindowManager: Destroying surface Surface(name=cn.dcpai.auction/cn.dcpai.auction.MainActivity) called by com.android.server.wm.WindowStateAnimator.destroySurface:2056 com.android.server.wm.WindowStateAnimator.destroySurfaceLocked:908 com.android.server.wm.WindowState.destroyOrSaveSurface:2201 com.android.server.wm.WindowManagerService.tryStartExitingAnimation:3332 com.android.server.wm.WindowManagerService.relayoutWindow:3212 com.android.server.wm.Session.relayout:224 android.view.IWindowSession$Stub.onTransact:286 com.android.server.wm.Session.onTransact:145 
03-22 14:14:28.003  1354  1624 E TaskPersister: File error accessing recents directory (directory doesn't exist?).
03-22 14:14:28.051  1354  1365 I ActivityManager: START u0 {cmp=cn.dcpai.auction/.activity.MobileLoginActivity} from uid 10403 on display 0
03-22 14:14:28.053  1354  1365 I ActivityManager: ActivityRecord info: ActivityInfo{43ae1ad cn.dcpai.auction.activity.MobileLoginActivity}, euid: 0
03-22 14:14:28.055  1354  1365 V HwWindowManagerService: moveTaskToTop mTaskChanged:true
03-22 14:14:28.056  1354  1365 V HwWindowManagerService: moveTaskToTop mTaskChanged:true
03-22 14:14:28.057  1354  1365 V HwWindowManagerService: setFocusedApp update app ops, mTaskChanged set to:false
03-22 14:14:28.078 12311 12311 V ActivityThread: ActivityThread,callActivityOnCreate
03-22 14:14:28.125 12311 12311 D ActivityThread: add activity client record, r= ActivityRecord{97628d5 token=android.os.BinderProxy@e6edbcd {cn.dcpai.auction/cn.dcpai.auction.activity.MobileLoginActivity}} token= android.os.BinderProxy@e6edbcd
03-22 14:14:28.173  1354  2015 D ActivityManager: Skipping, home stack task: TaskRecord{e6e2a2 #704 A=com.huawei.android.launcher U=0 StackId=0 sz=1}
03-22 14:14:28.173  1354  2015 D ActivityManager: Skipping, withExcluded: false, tr.intent:Intent { act=android.deviceinfo.chooser.action.LAUNCH flg=0x10800000 pkg=com.android.settings cmp=com.android.settings/.deviceinfo.UsbConnModeChooserActivity }
03-22 14:14:28.173  1354  2015 D ActivityManager: Skipping, withExcluded: false, tr.intent:Intent { act=android.intent.action.MAIN cat=[android.intent.category.LAUNCHER] flg=0x10a00000 cmp=io.appium.settings/.Settings }
03-22 14:14:28.173  1354  2015 D ActivityManager: Skipping, withExcluded: false, tr.intent:Intent { act=android.intent.action.MAIN cat=[android.intent.category.HOME] flg=0x10800300 cmp=com.android.settings/.FallbackHome }
03-22 14:14:28.176  1354  2659 D ActivityManager: Skipping, home stack task: TaskRecord{e6e2a2 #704 A=com.huawei.android.launcher U=0 StackId=0 sz=1}
03-22 14:14:28.176  1354  2659 D ActivityManager: Skipping, withExcluded: false, tr.intent:Intent { act=android.deviceinfo.chooser.action.LAUNCH flg=0x10800000 pkg=com.android.settings cmp=com.android.settings/.deviceinfo.UsbConnModeChooserActivity }
03-22 14:14:28.176  1354  2659 D ActivityManager: Skipping, withExcluded: false, tr.intent:Intent { act=android.intent.action.MAIN cat=[android.intent.category.LAUNCHER] flg=0x10a00000 cmp=io.appium.settings/.Settings }
03-22 14:14:28.176  1354  2659 D ActivityManager: Skipping, withExcluded: false, tr.intent:Intent { act=android.intent.action.MAIN cat=[android.intent.category.HOME] flg=0x10800300 cmp=com.android.settings/.FallbackHome }
03-22 14:14:28.364  1354  1377 I WindowManager: Destroying surface Surface(name=Toast) called by com.android.server.wm.WindowStateAnimator.destroySurface:2056 com.android.server.wm.WindowStateAnimator.destroySurfaceLocked:908 com.android.server.wm.WindowState.destroyOrSaveSurface:2201 com.android.server.wm.WindowSurfacePlacer.performSurfacePlacementInner:514 com.android.server.wm.WindowSurfacePlacer.performSurfacePlacementLoop:288 com.android.server.wm.WindowSurfacePlacer.performSurfacePlacement:230 com.android.server.wm.WindowManagerService$H.handleMessage:8673 android.os.Handler.dispatchMessage:105 
03-22 14:14:28.511  1354  2616 I WindowManager: Destroying surface Surface(name=cn.dcpai.auction/cn.dcpai.auction.activity.LoginMainActivity) called by com.android.server.wm.WindowStateAnimator.destroySurface:2056 com.android.server.wm.WindowStateAnimator.destroySurfaceLocked:908 com.android.server.wm.WindowState.destroyOrSaveSurface:2201 com.android.server.wm.AppWindowToken.destroySurfaces:366 com.android.server.wm.AppWindowToken.notifyAppStopped:392 com.android.server.wm.WindowManagerService.notifyAppStopped:4874 com.android.server.am.ActivityStack.activityStoppedLocked:1395 com.android.server.am.ActivityManagerService.activityStopped:7663 
03-22 14:14:29.017  1354  1485 D HwBatteryService: onUEvent fcpStatus = 0,scpStatus =0,ovpStatus=0
03-22 14:14:29.018  1354  1485 I UsbDeviceManager: water_intrused state= 0
03-22 14:14:29.020  1354  1354 D WifiService: onReceive, action:android.intent.action.BATTERY_CHANGED
03-22 14:14:29.020  1354  1354 D WifiService: ACTION_BATTERY_CHANGED pluggedType: 2
03-22 14:14:29.599  1354  2635 W ActivityManager: getRunningAppProcesses: caller 1010241 does not hold REAL_GET_TASKS; limiting output
03-22 14:14:29.622  1354  1711 W ActivityManager: getRunningAppProcesses: caller 1010241 does not hold REAL_GET_TASKS; limiting output
03-22 14:14:29.628  1354  1366 W ActivityManager: getRunningAppProcesses: caller 1010241 does not hold REAL_GET_TASKS; limiting output
03-22 14:14:29.632  1354  2659 W ActivityManager: getRunningAppProcesses: caller 1010241 does not hold REAL_GET_TASKS; limiting output
03-22 14:14:31.077  1354  1624 E TaskPersister: File error accessing recents directory (directory doesn't exist?).
03-22 14:14:38.125  1354  2659 V HwWindowManagerService: moveTaskToTop mTaskChanged:true
03-22 14:14:38.126  1354  2659 V HwWindowManagerService: setFocusedApp update app ops, mTaskChanged set to:false
03-22 14:14:38.140  1354  2660 V WindowManager: Skipping AppWindowToken{3d9c330 token=Token{53eb873 ActivityRecord{6a2fce2 u0 cn.dcpai.auction/.activity.MobileLoginActivity t712}}} -- going to hide
03-22 14:14:38.168  1354  2663 V WindowManager: Skipping AppWindowToken{3d9c330 token=Token{53eb873 ActivityRecord{6a2fce2 u0 cn.dcpai.auction/.activity.MobileLoginActivity t712}}} -- going to hide
03-22 14:14:38.471 12311 12311 D ActivityThread: Remove activity client record, r= ActivityRecord{97628d5 token=android.os.BinderProxy@e6edbcd {cn.dcpai.auction/cn.dcpai.auction.activity.MobileLoginActivity}} token= android.os.BinderProxy@e6edbcd
03-22 14:14:38.542  1354  1377 I WindowManager: Destroying surface Surface(name=cn.dcpai.auction/cn.dcpai.auction.activity.MobileLoginActivity) called by com.android.server.wm.WindowStateAnimator.destroySurface:2056 com.android.server.wm.WindowStateAnimator.destroySurfaceLocked:908 com.android.server.wm.WindowState.destroyOrSaveSurface:2201 com.android.server.wm.AppWindowToken.destroySurfaces:366 com.android.server.wm.WindowStateAnimator.finishExit:587 com.android.server.wm.AppWindowAnimator.stepAnimationLocked:434 com.android.server.wm.WindowAnimator.updateAppWindowsLocked:201 com.android.server.wm.WindowAnimator.animateLocked:712 
03-22 14:14:38.940  1354  2594 V HwWindowManagerService: moveTaskToTop mTaskChanged:true
03-22 14:14:38.940  1354  2594 V HwWindowManagerService: setFocusedApp update app ops, mTaskChanged set to:false
03-22 14:14:38.951  1354  2652 V WindowManager: Skipping AppWindowToken{7cd49df token=Token{76c807e ActivityRecord{3480239 u0 cn.dcpai.auction/.activity.LoginMainActivity t712}}} -- going to hide
03-22 14:14:39.000  1354  1366 V WindowManager: Skipping AppWindowToken{7cd49df token=Token{76c807e ActivityRecord{3480239 u0 cn.dcpai.auction/.activity.LoginMainActivity t712}}} -- going to hide
03-22 14:14:39.300 12311 12311 D ActivityThread: Remove activity client record, r= ActivityRecord{e764db8 token=android.os.BinderProxy@82e8028 {cn.dcpai.auction/cn.dcpai.auction.activity.LoginMainActivity}} token= android.os.BinderProxy@82e8028
03-22 14:14:39.371  1354  1377 I WindowManager: Destroying surface Surface(name=cn.dcpai.auction/cn.dcpai.auction.activity.LoginMainActivity) called by com.android.server.wm.WindowStateAnimator.destroySurface:2056 com.android.server.wm.WindowStateAnimator.destroySurfaceLocked:908 com.android.server.wm.WindowState.destroyOrSaveSurface:2201 com.android.server.wm.AppWindowToken.destroySurfaces:366 com.android.server.wm.WindowStateAnimator.finishExit:587 com.android.server.wm.AppWindowAnimator.stepAnimationLocked:434 com.android.server.wm.WindowAnimator.updateAppWindowsLocked:201 com.android.server.wm.WindowAnimator.animateLocked:712 
03-22 14:14:39.600  1354  2663 W ActivityManager: getRunningAppProcesses: caller 1010241 does not hold REAL_GET_TASKS; limiting output
03-22 14:14:40.205  1354  2635 I ActivityManager: START u0 {cmp=cn.dcpai.auction/.auction.delayed.ui.DelayedAuctionInfoAcitivity (has extras)} from uid 10403 on display 0
03-22 14:14:40.208  1354  2635 I ActivityManager: ActivityRecord info: ActivityInfo{9437631 cn.dcpai.auction.auction.delayed.ui.DelayedAuctionInfoAcitivity}, euid: 0
03-22 14:14:40.209  1354  2635 V HwWindowManagerService: moveTaskToTop mTaskChanged:true
03-22 14:14:40.210  1354  2635 V HwWindowManagerService: moveTaskToTop mTaskChanged:true
03-22 14:14:40.211  1354  2635 V HwWindowManagerService: setFocusedApp update app ops, mTaskChanged set to:false
03-22 14:14:40.231 12311 12311 V ActivityThread: ActivityThread,callActivityOnCreate
03-22 14:14:40.264 12311 12311 D ActivityThread: add activity client record, r= ActivityRecord{17f857 token=android.os.BinderProxy@4e125c6 {cn.dcpai.auction/cn.dcpai.auction.auction.delayed.ui.DelayedAuctionInfoAcitivity}} token= android.os.BinderProxy@4e125c6
03-22 14:14:40.328  1354  2653 D ActivityManager: Skipping, home stack task: TaskRecord{e6e2a2 #704 A=com.huawei.android.launcher U=0 StackId=0 sz=1}
03-22 14:14:40.328  1354  2653 D ActivityManager: Skipping, withExcluded: false, tr.intent:Intent { act=android.deviceinfo.chooser.action.LAUNCH flg=0x10800000 pkg=com.android.settings cmp=com.android.settings/.deviceinfo.UsbConnModeChooserActivity }
03-22 14:14:40.328  1354  2653 D ActivityManager: Skipping, withExcluded: false, tr.intent:Intent { act=android.intent.action.MAIN cat=[android.intent.category.LAUNCHER] flg=0x10a00000 cmp=io.appium.settings/.Settings }
03-22 14:14:40.328  1354  2653 D ActivityManager: Skipping, withExcluded: false, tr.intent:Intent { act=android.intent.action.MAIN cat=[android.intent.category.HOME] flg=0x10800300 cmp=com.android.settings/.FallbackHome }
03-22 14:14:40.329  1354  2664 D ActivityManager: Skipping, home stack task: TaskRecord{e6e2a2 #704 A=com.huawei.android.launcher U=0 StackId=0 sz=1}
03-22 14:14:40.329  1354  2664 D ActivityManager: Skipping, withExcluded: false, tr.intent:Intent { act=android.deviceinfo.chooser.action.LAUNCH flg=0x10800000 pkg=com.android.settings cmp=com.android.settings/.deviceinfo.UsbConnModeChooserActivity }
03-22 14:14:40.329  1354  2664 D ActivityManager: Skipping, withExcluded: false, tr.intent:Intent { act=android.intent.action.MAIN cat=[android.intent.category.LAUNCHER] flg=0x10a00000 cmp=io.appium.settings/.Settings }
03-22 14:14:40.329  1354  2664 D ActivityManager: Skipping, withExcluded: false, tr.intent:Intent { act=android.intent.action.MAIN cat=[android.intent.category.HOME] flg=0x10800300 cmp=com.android.settings/.FallbackHome }
03-22 14:14:40.749  1354  2652 I WindowManager: Destroying surface Surface(name=cn.dcpai.auction/cn.dcpai.auction.MainActivity) called by com.android.server.wm.WindowStateAnimator.destroySurface:2056 com.android.server.wm.WindowStateAnimator.destroySurfaceLocked:908 com.android.server.wm.WindowState.destroyOrSaveSurface:2201 com.android.server.wm.WindowManagerService.tryStartExitingAnimation:3332 com.android.server.wm.WindowManagerService.relayoutWindow:3212 com.android.server.wm.Session.relayout:224 android.view.IWindowSession$Stub.onTransact:286 com.android.server.wm.Session.onTransact:145 
03-22 14:14:42.018  1354  1624 E TaskPersister: File error accessing recents directory (directory doesn't exist?).
03-22 14:14:59.262  1354  1485 D HwBatteryService: onUEvent fcpStatus = 0,scpStatus =0,ovpStatus=0
03-22 14:14:59.263  1354  1485 I UsbDeviceManager: water_intrused state= 0
03-22 14:14:59.267  1354  1354 D WifiService: onReceive, action:android.intent.action.BATTERY_CHANGED
03-22 14:14:59.267  1354  1354 D WifiService: ACTION_BATTERY_CHANGED pluggedType: 2
03-22 14:15:00.001  1354  1354 V AlarmManager: Received TIME_TICK alarm; rescheduling
03-22 14:15:00.187 17371 17379 E SchedPolicy: open of dev/cpuctl/limit_fg/tasks failed: Permission denied
03-22 14:15:00.187 17371 17379 E SchedPolicy: open of dev/cpuctl/bg_non_interactive/limit_bg/tasks failed: Permission denied
03-22 14:15:00.861 17393 17394 E SchedPolicy: open of dev/cpuctl/limit_fg/tasks failed: Permission denied
03-22 14:15:00.862 17393 17394 E SchedPolicy: open of dev/cpuctl/bg_non_interactive/limit_bg/tasks failed: Permission denied
03-22 14:15:01.490 17400 17412 E SchedPolicy: open of dev/cpuctl/limit_fg/tasks failed: Permission denied
03-22 14:15:01.490 17400 17412 E SchedPolicy: open of dev/cpuctl/bg_non_interactive/limit_bg/tasks failed: Permission denied
03-22 14:15:01.578 17416 17416 E SchedPolicy: open of dev/cpuctl/limit_fg/tasks failed: Permission denied
03-22 14:15:01.578 17416 17416 E SchedPolicy: open of dev/cpuctl/bg_non_interactive/limit_bg/tasks failed: Permission denied
03-22 14:15:01.680  1354  1388 W PackageManager: Attempt to re-install io.appium.android.ime without first uninstalling.
03-22 14:15:01.680  1354  1368 I ActivityManager: Force stopping io.appium.android.ime appid=10012 user=-1: installPackageLI
03-22 14:15:01.680  1354  1368 I ActivityManager: Killing 11900:io.appium.android.ime/u0a12 (adj 200): stop io.appium.android.imeinstallPackageLI
03-22 14:15:01.681  1354  1368 D ActivityManager: cleanUpApplicationRecord -- 11900
03-22 14:15:01.682  1354  1368 W ActivityManager: Scheduling restart of crashed service io.appium.android.ime/.UnicodeIME in 1000ms
03-22 14:15:01.687  1354  1368 I ActivityManager:   Force stopping service ServiceRecord{f7d2721 u0 euid: 0 io.appium.android.ime/.UnicodeIME}
03-22 14:15:01.687  1354  1368 D HwBroadcastQueue: cleanupDisabledPackageReceiversLocked for userId -1
03-22 14:15:01.687  1354  1368 D HwBroadcastQueue: cleanupDisabledPackageReceiversLocked for userId -1
03-22 14:15:01.687  1354  1368 D HwBroadcastQueue: cleanupDisabledPackageReceiversLocked for userId -1
03-22 14:15:01.687  1354  1368 D HwBroadcastQueue: cleanupDisabledPackageReceiversLocked for userId -1
03-22 14:15:01.687  1354  1368 D HwBroadcastQueue: cleanupDisabledPackageReceiversLocked for userId -1
03-22 14:15:01.687  1354  1368 D HwBroadcastQueue: cleanupDisabledPackageReceiversLocked for userId -1
03-22 14:15:01.688  1354  1354 W InputMethodManagerService: Session failed to close due to remote exception
03-22 14:15:01.688  1354  1354 W InputMethodManagerService: android.os.DeadObjectException: Transaction failed on small parcel; remote process probably died
03-22 14:15:01.688  1354  1354 W InputMethodManagerService: 	at android.os.BinderProxy.transactNative(Native Method)
03-22 14:15:01.688  1354  1354 W InputMethodManagerService: 	at android.os.BinderProxy.transact(Binder.java:617)
03-22 14:15:01.688  1354  1354 W InputMethodManagerService: 	at com.android.internal.view.IInputMethodSession$Stub$Proxy.finishSession(IInputMethodSession.java:305)
03-22 14:15:01.688  1354  1354 W InputMethodManagerService: 	at com.android.server.InputMethodManagerService.finishSessionLocked(InputMethodManagerService.java:1724)
03-22 14:15:01.688  1354  1354 W InputMethodManagerService: 	at com.android.server.InputMethodManagerService.clearClientSessionLocked(InputMethodManagerService.java:1715)
03-22 14:15:01.688  1354  1354 W InputMethodManagerService: 	at com.android.server.InputMethodManagerService.clearCurMethodLocked(InputMethodManagerService.java:1741)
03-22 14:15:01.688  1354  1354 W InputMethodManagerService: 	at com.android.server.InputMethodManagerService.onServiceDisconnected(InputMethodManagerService.java:1760)
03-22 14:15:01.688  1354  1354 W InputMethodManagerService: 	at android.app.LoadedApk$ServiceDispatcher.doConnected(LoadedApk.java:1575)
03-22 14:15:01.688  1354  1354 W InputMethodManagerService: 	at android.app.LoadedApk$ServiceDispatcher$RunConnection.run(LoadedApk.java:1607)
03-22 14:15:01.688  1354  1354 W InputMethodManagerService: 	at android.os.Handler.handleCallback(Handler.java:761)
03-22 14:15:01.688  1354  1354 W InputMethodManagerService: 	at android.os.Handler.dispatchMessage(Handler.java:98)
03-22 14:15:01.688  1354  1354 W InputMethodManagerService: 	at android.os.Looper.loop(Looper.java:156)
03-22 14:15:01.688  1354  1354 W InputMethodManagerService: 	at com.android.server.SystemServer.run(SystemServer.java:500)
03-22 14:15:01.688  1354  1354 W InputMethodManagerService: 	at com.android.server.SystemServer.main(SystemServer.java:328)
03-22 14:15:01.688  1354  1354 W InputMethodManagerService: 	at java.lang.reflect.Method.invoke(Native Method)
03-22 14:15:01.688  1354  1354 W InputMethodManagerService: 	at com.android.internal.os.ZygoteInit$MethodAndArgsCaller.run(ZygoteInit.java:942)
03-22 14:15:01.688  1354  1354 W InputMethodManagerService: 	at com.android.internal.os.ZygoteInit.main(ZygoteInit.java:832)
03-22 14:15:01.690  1354  1354 W InputMethodManagerService: Session failed to close due to remote exception
03-22 14:15:01.690  1354  1354 W InputMethodManagerService: android.os.DeadObjectException: Transaction failed on small parcel; remote process probably died
03-22 14:15:01.690  1354  1354 W InputMethodManagerService: 	at android.os.BinderProxy.transactNative(Native Method)
03-22 14:15:01.690  1354  1354 W InputMethodManagerService: 	at android.os.BinderProxy.transact(Binder.java:617)
03-22 14:15:01.690  1354  1354 W InputMethodManagerService: 	at com.android.internal.view.IInputMethodSession$Stub$Proxy.finishSession(IInputMethodSession.java:305)
03-22 14:15:01.690  1354  1354 W InputMethodManagerService: 	at com.android.server.InputMethodManagerService.finishSessionLocked(InputMethodManagerService.java:1724)
03-22 14:15:01.690  1354  1354 W InputMethodManagerService: 	at com.android.server.InputMethodManagerService.clearClientSessionLocked(InputMethodManagerService.java:1715)
03-22 14:15:01.690  1354  1354 W InputMethodManagerService: 	at com.android.server.InputMethodManagerService.clearCurMethodLocked(InputMethodManagerService.java:1741)
03-22 14:15:01.690  1354  1354 W InputMethodManagerService: 	at com.android.server.InputMethodManagerService.onServiceDisconnected(InputMethodManagerService.java:1760)
03-22 14:15:01.690  1354  1354 W InputMethodManagerService: 	at android.app.LoadedApk$ServiceDispatcher.doConnected(LoadedApk.java:1575)
03-22 14:15:01.690  1354  1354 W InputMethodManagerService: 	at android.app.LoadedApk$ServiceDispatcher$RunConnection.run(LoadedApk.java:1607)
03-22 14:15:01.690  1354  1354 W InputMethodManagerService: 	at android.os.Handler.handleCallback(Handler.java:761)
03-22 14:15:01.690  1354  1354 W InputMethodManagerService: 	at android.os.Handler.dispatchMessage(Handler.java:98)
03-22 14:15:01.690  1354  1354 W InputMethodManagerService: 	at android.os.Looper.loop(Looper.java:156)
03-22 14:15:01.690  1354  1354 W InputMethodManagerService: 	at com.android.server.SystemServer.run(SystemServer.java:500)
03-22 14:15:01.690  1354  1354 W InputMethodManagerService: 	at com.android.server.SystemServer.main(SystemServer.java:328)
03-22 14:15:01.690  1354  1354 W InputMethodManagerService: 	at java.lang.reflect.Method.invoke(Native Method)
03-22 14:15:01.690  1354  1354 W InputMethodManagerService: 	at com.android.internal.os.ZygoteInit$MethodAndArgsCaller.run(ZygoteInit.java:942)
03-22 14:15:01.690  1354  1354 W InputMethodManagerService: 	at com.android.internal.os.ZygoteInit.main(ZygoteInit.java:832)
03-22 14:15:01.691  1354  1354 W InputMethodManagerService: Session failed to close due to remote exception
03-22 14:15:01.691  1354  1354 W InputMethodManagerService: android.os.DeadObjectException: Transaction failed on small parcel; remote process probably died
03-22 14:15:01.691  1354  1354 W InputMethodManagerService: 	at android.os.BinderProxy.transactNative(Native Method)
03-22 14:15:01.691  1354  1354 W InputMethodManagerService: 	at android.os.BinderProxy.transact(Binder.java:617)
03-22 14:15:01.691  1354  1354 W InputMethodManagerService: 	at com.android.internal.view.IInputMethodSession$Stub$Proxy.finishSession(IInputMethodSession.java:305)
03-22 14:15:01.691  1354  1354 W InputMethodManagerService: 	at com.android.server.InputMethodManagerService.finishSessionLocked(InputMethodManagerService.java:1724)
03-22 14:15:01.691  1354  1354 W InputMethodManagerService: 	at com.android.server.InputMethodManagerService.clearClientSessionLocked(InputMethodManagerService.java:1715)
03-22 14:15:01.691  1354  1354 W InputMethodManagerService: 	at com.android.server.InputMethodManagerService.clearCurMethodLocked(InputMethodManagerService.java:1741)
03-22 14:15:01.691  1354  1354 W InputMethodManagerService: 	at com.android.server.InputMethodManagerService.onServiceDisconnected(InputMethodManagerService.java:1760)
03-22 14:15:01.691  1354  1354 W InputMethodManagerService: 	at android.app.LoadedApk$ServiceDispatcher.doConnected(LoadedApk.java:1575)
03-22 14:15:01.691  1354  1354 W InputMethodManagerService: 	at android.app.LoadedApk$ServiceDispatcher$RunConnection.run(LoadedApk.java:1607)
03-22 14:15:01.691  1354  1354 W InputMethodManagerService: 	at android.os.Handler.handleCallback(Handler.java:761)
03-22 14:15:01.691  1354  1354 W InputMethodManagerService: 	at android.os.Handler.dispatchMessage(Handler.java:98)
03-22 14:15:01.691  1354  1354 W InputMethodManagerService: 	at android.os.Looper.loop(Looper.java:156)
03-22 14:15:01.691  1354  1354 W InputMethodManagerService: 	at com.android.server.SystemServer.run(SystemServer.java:500)
03-22 14:15:01.691  1354  1354 W InputMethodManagerService: 	at com.android.server.SystemServer.main(SystemServer.java:328)
03-22 14:15:01.691  1354  1354 W InputMethodManagerService: 	at java.lang.reflect.Method.invoke(Native Method)
03-22 14:15:01.691  1354  1354 W InputMethodManagerService: 	at com.android.internal.os.ZygoteInit$MethodAndArgsCaller.run(ZygoteInit.java:942)
03-22 14:15:01.691  1354  1354 W InputMethodManagerService: 	at com.android.internal.os.ZygoteInit.main(ZygoteInit.java:832)
03-22 14:15:01.701  1354  1388 I HwFrameworkMonitor: Monitor for 907400000
03-22 14:15:02.339 17428 17439 E SchedPolicy: open of dev/cpuctl/limit_fg/tasks failed: Permission denied
03-22 14:15:02.339 17428 17439 E SchedPolicy: open of dev/cpuctl/bg_non_interactive/limit_bg/tasks failed: Permission denied
03-22 14:15:02.906 17444 17452 E SchedPolicy: open of dev/cpuctl/limit_fg/tasks failed: Permission denied
03-22 14:15:02.906 17444 17452 E SchedPolicy: open of dev/cpuctl/bg_non_interactive/limit_bg/tasks failed: Permission denied
03-22 14:15:03.408 17454 17471 E SchedPolicy: open of dev/cpuctl/limit_fg/tasks failed: Permission denied
03-22 14:15:03.408 17454 17471 E SchedPolicy: open of dev/cpuctl/bg_non_interactive/limit_bg/tasks failed: Permission denied
03-22 14:15:03.972 17476 17484 E SchedPolicy: open of dev/cpuctl/limit_fg/tasks failed: Permission denied
03-22 14:15:03.972 17476 17484 E SchedPolicy: open of dev/cpuctl/bg_non_interactive/limit_bg/tasks failed: Permission denied
03-22 14:15:05.068 17496 17504 E SchedPolicy: open of dev/cpuctl/limit_fg/tasks failed: Permission denied
03-22 14:15:05.068 17496 17504 E SchedPolicy: open of dev/cpuctl/bg_non_interactive/limit_bg/tasks failed: Permission denied
03-22 14:15:05.969 17512 17521 E SchedPolicy: open of dev/cpuctl/limit_fg/tasks failed: Permission denied
03-22 14:15:05.969 17512 17521 E SchedPolicy: open of dev/cpuctl/bg_non_interactive/limit_bg/tasks failed: Permission denied
03-22 14:15:07.835 17541 17552 E SchedPolicy: open of dev/cpuctl/limit_fg/tasks failed: Permission denied
