03-22 13:48:55.103  1354  2015 I chatty  : uid=1000(system) Binder:1354_9 expire 5 lines
03-22 13:48:55.126  1354  1657 I chatty  : uid=1000(system) Binder:1354_4 expire 7 lines
03-22 13:48:55.127  1354  1535 I chatty  : uid=1000(system) ConnectivitySer expire 2 lines
03-22 13:48:55.199  1354  1365 I chatty  : uid=1000(system) Binder:1354_1 expire 2 lines
03-22 13:48:55.201  1354  8095 I chatty  : uid=1000 system_server expire 4 lines
03-22 13:48:55.213  1354  1918 I chatty  : uid=1000(system) LocationThread expire 5 lines
03-22 13:48:55.464  1354  2220 I chatty  : uid=1000(system) IPC Thread expire 7 lines
03-22 13:48:55.520  1354  8101 I chatty  : uid=1000 system_server expire 1 line
03-22 13:48:55.632  1354  2602 I chatty  : uid=1000(system) Binder:1354_C expire 2 lines
03-22 13:48:55.748  1354  2606 I chatty  : uid=1000(system) Binder:1354_D expire 8 lines
03-22 13:48:57.436  1354  2635 I chatty  : uid=1000(system) Binder:1354_10 expire 11 lines
03-22 13:48:57.455  7883  7883 V ActivityThread: ActivityThread,callActivityOnCreate
03-22 13:48:57.510  1354  8124 I chatty  : uid=1000 system_server expire 4 lines
03-22 13:48:57.694  7883  7883 D ActivityThread: add activity client record, r= ActivityRecord{1c34031 token=android.os.BinderProxy@af59440 {cn.dcpai.auction/cn.dcpai.auction.MainActivity}} token= android.os.BinderProxy@af59440
03-22 13:48:58.049  1354  1624 I chatty  : uid=1000(system) LazyTaskWriterT expire 4 lines
03-22 13:48:58.939  7883  7883 D ActivityThread: Remove activity client record, r= ActivityRecord{c70604d token=android.os.BinderProxy@73bd689 {cn.dcpai.auction/cn.dcpai.auction.SplashActivity}} token= android.os.BinderProxy@73bd689
03-22 13:48:58.944  1354  2660 I chatty  : uid=1000(system) Binder:1354_19 expire 8 lines
03-22 13:49:00.001  1354  1354 I chatty  : uid=1000 system_server expire 19 lines
03-22 13:49:00.188  8153  8161 E SchedPolicy: open of dev/cpuctl/limit_fg/tasks failed: Permission denied
03-22 13:49:00.188  8153  8161 E SchedPolicy: open of dev/cpuctl/bg_non_interactive/limit_bg/tasks failed: Permission denied
03-22 13:49:00.757  8163  8186 E SchedPolicy: open of dev/cpuctl/limit_fg/tasks failed: Permission denied
03-22 13:49:00.757  8163  8186 E SchedPolicy: open of dev/cpuctl/bg_non_interactive/limit_bg/tasks failed: Permission denied
03-22 13:49:00.760  1354  2003 I chatty  : uid=1000(system) Binder:1354_7 expire 28 lines
03-22 13:49:00.766  1354  1370 I chatty  : uid=1000(system) ActivityManager expire 2 lines
03-22 13:49:00.806  1354  1956 I chatty  : uid=1000(system) MultiTaskManage expire 2 lines
03-22 13:49:00.807  1935  2199 I HwNetworkPolicyManager: getHwUidPolicy uid = 1000 policy = 0
03-22 13:49:00.809  1354  1366 I chatty  : uid=1000(system) Binder:1354_2 expire 11 lines
03-22 13:49:00.811  5145  5223 I HwNetworkPolicyManager: getHwUidPolicy uid = 1000 policy = 0
03-22 13:49:00.814  1901  1901 W ContextImpl: Calling a method in the system process without a qualified user: android.app.ContextImpl.sendBroadcast:979 android.content.ContextWrapper.sendBroadcast:421 com.android.settings.deviceinfo.UsbConnModeChooserFragment.updatePreferences:249 com.android.settings.deviceinfo.UsbConnModeChooserFragment.onResume:218 android.app.Fragment.performResume:2414 
03-22 13:49:00.821  1354  2659 I chatty  : uid=1000(system) Binder:1354_18 expire 8 lines
03-22 13:49:00.822  1708  2025 I CommandQueue: updateBarBgColor
03-22 13:49:00.822  1708  2025 D CommandQueue: CommandQueue, setBarBackgroundColor
03-22 13:49:01.326  8196  8205 E SchedPolicy: open of dev/cpuctl/limit_fg/tasks failed: Permission denied
03-22 13:49:01.326  8196  8205 E SchedPolicy: open of dev/cpuctl/bg_non_interactive/limit_bg/tasks failed: Permission denied
03-22 13:49:01.361  1354  1498 I chatty  : uid=1000(system) InputDispatcher expire 4 lines
03-22 13:49:01.411  1354  1711 I chatty  : uid=1000(system) Binder:1354_5 expire 2 lines
03-22 13:49:01.411  1935  2199 I HwNetworkPolicyManager: getHwUidPolicy uid = 10051 policy = 0
03-22 13:49:01.412  5145  5223 I HwNetworkPolicyManager: getHwUidPolicy uid = 10051 policy = 0
03-22 13:49:01.447  1354  2656 I chatty  : uid=1000(system) Binder:1354_15 expire 3 lines
03-22 13:49:01.458  1708  1868 I CommandQueue: updateBarBgColor
03-22 13:49:01.458  1708  1868 D CommandQueue: CommandQueue, setBarBackgroundColor
03-22 13:49:01.792  1354  1377 I chatty  : uid=1000(system) android.display expire 2 lines
03-22 13:49:18.707  1354  1485 I chatty  : uid=1000(system) UEventObserver expire 10 lines
03-22 13:49:19.039   626  8080 W SocketClient: write error (Broken pipe)
03-22 13:50:24.863  1354  1507 I chatty  : uid=1000(system) NetdConnector expire 2 lines
03-22 13:50:24.873  1354  1375 I chatty  : uid=1000(system) android.fg expire 2 lines
03-22 13:51:46.313  8993  9001 E SchedPolicy: open of dev/cpuctl/limit_fg/tasks failed: Permission denied
03-22 13:51:46.313  8993  9001 E SchedPolicy: open of dev/cpuctl/bg_non_interactive/limit_bg/tasks failed: Permission denied
03-22 13:51:47.381  9016  9017 E SchedPolicy: open of dev/cpuctl/limit_fg/tasks failed: Permission denied
03-22 13:51:47.381  9016  9017 E SchedPolicy: open of dev/cpuctl/bg_non_interactive/limit_bg/tasks failed: Permission denied
03-22 13:51:48.058  9026  9034 E SchedPolicy: open of dev/cpuctl/limit_fg/tasks failed: Permission denied
03-22 13:51:48.058  9026  9034 E SchedPolicy: open of dev/cpuctl/bg_non_interactive/limit_bg/tasks failed: Permission denied
03-22 13:51:48.145  9038  9038 E SchedPolicy: open of dev/cpuctl/limit_fg/tasks failed: Permission denied
03-22 13:51:48.145  9038  9038 E SchedPolicy: open of dev/cpuctl/bg_non_interactive/limit_bg/tasks failed: Permission denied
03-22 13:51:48.247  1354  1388 I chatty  : uid=1000(system) PackageManager expire 2 lines
03-22 13:51:48.247  1354  1368 I chatty  : uid=1000(system) ActivityManager expire 11 lines
03-22 13:51:48.902  9050  9059 E SchedPolicy: open of dev/cpuctl/limit_fg/tasks failed: Permission denied
03-22 13:51:48.902  9050  9059 E SchedPolicy: open of dev/cpuctl/bg_non_interactive/limit_bg/tasks failed: Permission denied
03-22 13:51:49.496  9061  9069 E SchedPolicy: open of dev/cpuctl/limit_fg/tasks failed: Permission denied
03-22 13:51:49.496  9061  9069 E SchedPolicy: open of dev/cpuctl/bg_non_interactive/limit_bg/tasks failed: Permission denied
03-22 13:51:49.572  1354  1485 I chatty  : uid=1000(system) UEventObserver expire 4 lines
03-22 13:51:49.575  1354  1354 I chatty  : uid=1000 system_server expire 11 lines
03-22 13:51:50.178  9076  9084 E SchedPolicy: open of dev/cpuctl/limit_fg/tasks failed: Permission denied
03-22 13:51:50.178  9076  9084 E SchedPolicy: open of dev/cpuctl/bg_non_interactive/limit_bg/tasks failed: Permission denied
03-22 13:51:50.737  9086  9101 E SchedPolicy: open of dev/cpuctl/limit_fg/tasks failed: Permission denied
03-22 13:51:50.737  9086  9101 E SchedPolicy: open of dev/cpuctl/bg_non_interactive/limit_bg/tasks failed: Permission denied
03-22 13:51:51.861  9110  9121 E SchedPolicy: open of dev/cpuctl/limit_fg/tasks failed: Permission denied
03-22 13:51:51.861  9110  9121 E SchedPolicy: open of dev/cpuctl/bg_non_interactive/limit_bg/tasks failed: Permission denied
03-22 13:51:52.821  9128  9139 E SchedPolicy: open of dev/cpuctl/limit_fg/tasks failed: Permission denied
03-22 13:51:52.821  9128  9139 E SchedPolicy: open of dev/cpuctl/bg_non_interactive/limit_bg/tasks failed: Permission denied
03-22 13:51:55.021  9164  9175 E SchedPolicy: open of dev/cpuctl/limit_fg/tasks failed: Permission denied
03-22 13:51:55.021  9164  9175 E SchedPolicy: open of dev/cpuctl/bg_non_interactive/limit_bg/tasks failed: Permission denied
03-22 13:51:55.030  1354  2658 I chatty  : uid=1000(system) Binder:1354_17 expire 3 lines
03-22 13:51:55.778  9183  9194 E SchedPolicy: open of dev/cpuctl/limit_fg/tasks failed: Permission denied
03-22 13:51:55.779  9183  9194 E SchedPolicy: open of dev/cpuctl/bg_non_interactive/limit_bg/tasks failed: Permission denied
03-22 13:51:55.782  1354  2613 I chatty  : uid=1000(system) Binder:1354_E expire 7 lines
03-22 13:51:56.041  1354  2653 I chatty  : uid=1000(system) Binder:1354_12 expire 6 lines
03-22 13:51:56.061  1354  2654 I chatty  : uid=1000(system) Binder:1354_13 expire 2 lines
03-22 13:51:56.063  9200  9200 E SchedPolicy: open of dev/cpuctl/limit_fg/tasks failed: Permission denied
03-22 13:51:56.063  9200  9200 E SchedPolicy: open of dev/cpuctl/bg_non_interactive/limit_bg/tasks failed: Permission denied
03-22 13:51:56.069  9200  9200 D ActivityThread: ActivityThread,attachApplication
03-22 13:51:56.085  1935  2199 I HwNetworkPolicyManager: getHwUidPolicy uid = 10403 policy = 0
03-22 13:51:56.086  1354  2661 I chatty  : uid=1000(system) Binder:1354_1A expire 5 lines
03-22 13:51:56.086  5145  5223 I HwNetworkPolicyManager: getHwUidPolicy uid = 10403 policy = 0
03-22 13:51:56.228  1354  2635 I chatty  : uid=1000(system) Binder:1354_10 expire 1 line
03-22 13:51:56.294  9262  9262 E SchedPolicy: open of dev/cpuctl/limit_fg/tasks failed: Permission denied
03-22 13:51:56.294  9262  9262 E SchedPolicy: open of dev/cpuctl/bg_non_interactive/limit_bg/tasks failed: Permission denied
03-22 13:51:56.301  9262  9262 D ActivityThread: ActivityThread,attachApplication
03-22 13:51:56.359  1354  2616 I chatty  : uid=1000(system) Binder:1354_F expire 7 lines
03-22 13:51:56.362  9200  9200 V ActivityThread: ActivityThread,callActivityOnCreate
03-22 13:51:56.372  1354  2003 I chatty  : uid=1000(system) Binder:1354_7 expire 7 lines
03-22 13:51:56.422  1354  2596 I chatty  : uid=1000(system) Binder:1354_B expire 1 line
03-22 13:51:56.489  9200  9200 D ActivityThread: add activity client record, r= ActivityRecord{44e40a1 token=android.os.BinderProxy@45e842 {cn.dcpai.auction/cn.dcpai.auction.SplashActivity}} token= android.os.BinderProxy@45e842
03-22 13:51:56.537  1708  2025 I CommandQueue: updateBarBgColor
03-22 13:51:56.537  1708  2025 D CommandQueue: CommandQueue, setBarBackgroundColor
03-22 13:51:56.574  9262  9320 E ActivityThread: Failed to find provider info for com.ludashi.benchmark.DownloadProvider
03-22 13:51:56.590  1354  2664 I chatty  : uid=1000(system) Binder:1354_1C expire 2 lines
03-22 13:51:56.597  9262  9320 E ActivityThread: Failed to find provider info for com.ss.android.article.news.DownloadProvider
03-22 13:51:56.653  9356  9356 E SchedPolicy: open of dev/cpuctl/limit_fg/tasks failed: Permission denied
03-22 13:51:56.653  9356  9356 E SchedPolicy: open of dev/cpuctl/bg_non_interactive/limit_bg/tasks failed: Permission denied
03-22 13:51:56.664  9356  9356 D ActivityThread: ActivityThread,attachApplication
03-22 13:51:56.980  1354  2594 I chatty  : uid=1000(system) Binder:1354_A expire 2 lines
03-22 13:51:59.734  9200  9200 V ActivityThread: ActivityThread,callActivityOnCreate
03-22 13:51:59.768  1354  9397 I chatty  : uid=1000 system_server expire 4 lines
03-22 13:51:59.900  9200  9200 D ActivityThread: add activity client record, r= ActivityRecord{72fdc4a token=android.os.BinderProxy@af59440 {cn.dcpai.auction/cn.dcpai.auction.MainActivity}} token= android.os.BinderProxy@af59440
03-22 13:52:01.113  9200  9200 D ActivityThread: Remove activity client record, r= ActivityRecord{44e40a1 token=android.os.BinderProxy@45e842 {cn.dcpai.auction/cn.dcpai.auction.SplashActivity}} token= android.os.BinderProxy@45e842
03-22 13:52:01.116  1354  2655 I chatty  : uid=1000(system) Binder:1354_14 expire 6 lines
03-22 13:52:19.854  1354  1354 I chatty  : uid=1000 system_server expire 10 lines
03-22 13:52:35.007  1354  1507 I chatty  : uid=1000(system) NetdConnector expire 4 lines
03-22 13:52:49.980  1354  1485 I chatty  : uid=1000(system) UEventObserver expire 6 lines
03-22 13:53:04.807  1354  1375 I chatty  : uid=1000(system) android.fg expire 2 lines
03-22 13:53:07.870  1354  1504 I chatty  : uid=1000(system) Binder:1354_3 expire 3 lines
03-22 13:53:12.867  9582  9593 E SchedPolicy: open of dev/cpuctl/limit_fg/tasks failed: Permission denied
03-22 13:53:12.867  9582  9593 E SchedPolicy: open of dev/cpuctl/bg_non_interactive/limit_bg/tasks failed: Permission denied
03-22 13:53:13.665  9604  9605 E SchedPolicy: open of dev/cpuctl/limit_fg/tasks failed: Permission denied
03-22 13:53:13.665  9604  9605 E SchedPolicy: open of dev/cpuctl/bg_non_interactive/limit_bg/tasks failed: Permission denied
03-22 13:53:14.288  9614  9631 E SchedPolicy: open of dev/cpuctl/limit_fg/tasks failed: Permission denied
03-22 13:53:14.288  9614  9631 E SchedPolicy: open of dev/cpuctl/bg_non_interactive/limit_bg/tasks failed: Permission denied
03-22 13:53:14.393  9635  9635 E SchedPolicy: open of dev/cpuctl/limit_fg/tasks failed: Permission denied
03-22 13:53:14.393  9635  9635 E SchedPolicy: open of dev/cpuctl/bg_non_interactive/limit_bg/tasks failed: Permission denied
03-22 13:53:14.494  1354  1388 I chatty  : uid=1000(system) PackageManager expire 2 lines
03-22 13:53:14.494  1354  1368 I chatty  : uid=1000(system) ActivityManager expire 11 lines
03-22 13:53:15.127  9644  9655 E SchedPolicy: open of dev/cpuctl/limit_fg/tasks failed: Permission denied
03-22 13:53:15.127  9644  9655 E SchedPolicy: open of dev/cpuctl/bg_non_interactive/limit_bg/tasks failed: Permission denied
03-22 13:53:15.734  9657  9665 E SchedPolicy: open of dev/cpuctl/limit_fg/tasks failed: Permission denied
03-22 13:53:15.734  9657  9665 E SchedPolicy: open of dev/cpuctl/bg_non_interactive/limit_bg/tasks failed: Permission denied
03-22 13:53:16.175  1354  1494 I chatty  : uid=1000(system) AlarmManager expire 3 lines
03-22 13:53:16.226  9669  9678 E SchedPolicy: open of dev/cpuctl/limit_fg/tasks failed: Permission denied
03-22 13:53:16.226  9669  9678 E SchedPolicy: open of dev/cpuctl/bg_non_interactive/limit_bg/tasks failed: Permission denied
03-22 13:53:16.717  9683  9693 E SchedPolicy: open of dev/cpuctl/limit_fg/tasks failed: Permission denied
03-22 13:53:16.717  9683  9693 E SchedPolicy: open of dev/cpuctl/bg_non_interactive/limit_bg/tasks failed: Permission denied
03-22 13:53:17.828  9706  9714 E SchedPolicy: open of dev/cpuctl/limit_fg/tasks failed: Permission denied
03-22 13:53:17.828  9706  9714 E SchedPolicy: open of dev/cpuctl/bg_non_interactive/limit_bg/tasks failed: Permission denied
03-22 13:53:18.681  9723  9731 E SchedPolicy: open of dev/cpuctl/limit_fg/tasks failed: Permission denied
03-22 13:53:18.681  9723  9731 E SchedPolicy: open of dev/cpuctl/bg_non_interactive/limit_bg/tasks failed: Permission denied
03-22 13:53:20.704  9754  9762 E SchedPolicy: open of dev/cpuctl/limit_fg/tasks failed: Permission denied
03-22 13:53:20.704  9754  9762 E SchedPolicy: open of dev/cpuctl/bg_non_interactive/limit_bg/tasks failed: Permission denied
03-22 13:53:20.712  1354  2015 I chatty  : uid=1000(system) Binder:1354_9 expire 9 lines
03-22 13:53:21.496  9770  9784 E SchedPolicy: open of dev/cpuctl/limit_fg/tasks failed: Permission denied
03-22 13:53:21.496  9770  9784 E SchedPolicy: open of dev/cpuctl/bg_non_interactive/limit_bg/tasks failed: Permission denied
03-22 13:53:21.499  1354  2003 I chatty  : uid=1000(system) Binder:1354_7 expire 21 lines
03-22 13:53:21.500  1354  1370 I chatty  : uid=1000(system) ActivityManager expire 3 lines
03-22 13:53:21.541  1354  1956 I chatty  : uid=1000(system) MultiTaskManage expire 2 lines
03-22 13:53:21.544  1354  1354 I chatty  : uid=1000 system_server expire 4 lines
03-22 13:53:21.546  1354  2606 I chatty  : uid=1000(system) Binder:1354_D expire 4 lines
03-22 13:53:21.547  1354  2656 I chatty  : uid=1000(system) Binder:1354_15 expire 7 lines
03-22 13:53:21.547  5145  5223 I HwNetworkPolicyManager: getHwUidPolicy uid = 10051 policy = 0
03-22 13:53:21.548  1935  2199 I HwNetworkPolicyManager: getHwUidPolicy uid = 10051 policy = 0
03-22 13:53:21.554  1354  2653 I chatty  : uid=1000(system) Binder:1354_12 expire 4 lines
03-22 13:53:21.554  1708  1727 I CommandQueue: updateBarBgColor
03-22 13:53:21.554  1708  1727 D CommandQueue: CommandQueue, setBarBackgroundColor
03-22 13:53:21.579  9789  9789 E SchedPolicy: open of dev/cpuctl/limit_fg/tasks failed: Permission denied
03-22 13:53:21.579  9789  9789 E SchedPolicy: open of dev/cpuctl/bg_non_interactive/limit_bg/tasks failed: Permission denied
03-22 13:53:21.617  9789  9789 D ActivityThread: ActivityThread,attachApplication
03-22 13:53:21.617  1354  1711 I chatty  : uid=1000(system) Binder:1354_5 expire 11 lines
03-22 13:53:21.648  1354  2657 I chatty  : uid=1000(system) Binder:1354_16 expire 8 lines
03-22 13:53:21.808  1354  2005 I chatty  : uid=1000(system) Binder:1354_8 expire 7 lines
03-22 13:53:21.809  9807  9807 E SchedPolicy: open of dev/cpuctl/limit_fg/tasks failed: Permission denied
03-22 13:53:21.809  9807  9807 E SchedPolicy: open of dev/cpuctl/bg_non_interactive/limit_bg/tasks failed: Permission denied
03-22 13:53:21.819  9807  9807 D ActivityThread: ActivityThread,attachApplication
03-22 13:53:21.834  1354  1366 I chatty  : uid=1000(system) Binder:1354_2 expire 10 lines
03-22 13:53:21.834  1935  2199 I HwNetworkPolicyManager: getHwUidPolicy uid = 10403 policy = 0
03-22 13:53:21.836  5145  5223 I HwNetworkPolicyManager: getHwUidPolicy uid = 10403 policy = 0
03-22 13:53:22.028  9866  9866 E SchedPolicy: open of dev/cpuctl/limit_fg/tasks failed: Permission denied
03-22 13:53:22.028  1354  2596 I chatty  : uid=1000(system) Binder:1354_B expire 4 lines
03-22 13:53:22.028  9866  9866 E SchedPolicy: open of dev/cpuctl/bg_non_interactive/limit_bg/tasks failed: Permission denied
03-22 13:53:22.035  9866  9866 D ActivityThread: ActivityThread,attachApplication
03-22 13:53:22.036  1354  2658 I chatty  : uid=1000(system) Binder:1354_17 expire 2 lines
03-22 13:53:22.087  1354  1365 I chatty  : uid=1000(system) Binder:1354_1 expire 6 lines
03-22 13:53:22.098  9807  9807 V ActivityThread: ActivityThread,callActivityOnCreate
03-22 13:53:22.157  1354  2661 I chatty  : uid=1000(system) Binder:1354_1A expire 4 lines
03-22 13:53:22.221  9807  9807 D ActivityThread: add activity client record, r= ActivityRecord{6d6976 token=android.os.BinderProxy@45e842 {cn.dcpai.auction/cn.dcpai.auction.SplashActivity}} token= android.os.BinderProxy@45e842
03-22 13:53:22.262  1354  2663 I chatty  : uid=1000(system) Binder:1354_1B expire 3 lines
03-22 13:53:22.263  1708  1729 I CommandQueue: updateBarBgColor
03-22 13:53:22.263  1708  1729 D CommandQueue: CommandQueue, setBarBackgroundColor
03-22 13:53:22.264  1354  2664 I chatty  : uid=1000(system) Binder:1354_1C expire 4 lines
03-22 13:53:22.268  1354  2659 I chatty  : uid=1000(system) Binder:1354_18 expire 7 lines
03-22 13:53:22.292  9866  9923 E ActivityThread: Failed to find provider info for com.ludashi.benchmark.DownloadProvider
03-22 13:53:22.308  9866  9923 E ActivityThread: Failed to find provider info for com.ss.android.article.news.DownloadProvider
03-22 13:53:22.442  1354  2594 I chatty  : uid=1000(system) Binder:1354_A expire 1 line
03-22 13:53:22.556  1354  1377 I chatty  : uid=1000(system) android.display expire 1 line
03-22 13:53:23.419  1354  2002 I chatty  : uid=1000(system) Binder:1354_6 expire 8 lines
03-22 13:53:25.422  9807  9807 V ActivityThread: ActivityThread,callActivityOnCreate
03-22 13:53:25.460  1354 10012 I chatty  : uid=1000 system_server expire 4 lines
03-22 13:53:25.592  9807  9807 D ActivityThread: add activity client record, r= ActivityRecord{5aae6d token=android.os.BinderProxy@75e0eca {cn.dcpai.auction/cn.dcpai.auction.MainActivity}} token= android.os.BinderProxy@75e0eca
03-22 13:53:26.065  1354  1624 I chatty  : uid=1000(system) LazyTaskWriterT expire 3 lines
03-22 13:53:26.804  9807  9807 D ActivityThread: Remove activity client record, r= ActivityRecord{6d6976 token=android.os.BinderProxy@45e842 {cn.dcpai.auction/cn.dcpai.auction.SplashActivity}} token= android.os.BinderProxy@45e842
03-22 13:53:38.714  9807  9807 V ActivityThread: ActivityThread,callActivityOnCreate
03-22 13:53:38.787  9807  9807 D ActivityThread: add activity client record, r= ActivityRecord{b6832 token=android.os.BinderProxy@fb0b67d {cn.dcpai.auction/cn.dcpai.auction.auction.delayed.ui.DelayedAuctionInfoAcitivity}} token= android.os.BinderProxy@fb0b67d
03-22 13:53:38.811  1354  2654 I chatty  : uid=1000(system) Binder:1354_13 expire 5 lines
03-22 13:53:40.847  1354  1657 I chatty  : uid=1000(system) Binder:1354_4 expire 32 lines
03-22 13:53:40.869  1354  2003 I chatty  : uid=1000(system) Binder:1354_7 expire 1 line
03-22 13:53:40.880  1354  2602 I chatty  : uid=1000(system) Binder:1354_C expire 2 lines
03-22 13:53:48.857 10154 10162 E SchedPolicy: open of dev/cpuctl/limit_fg/tasks failed: Permission denied
03-22 13:53:48.857 10154 10162 E SchedPolicy: open of dev/cpuctl/bg_non_interactive/limit_bg/tasks failed: Permission denied
03-22 13:53:49.426 10167 10175 E SchedPolicy: open of dev/cpuctl/limit_fg/tasks failed: Permission denied
03-22 13:53:49.426 10167 10175 E SchedPolicy: open of dev/cpuctl/bg_non_interactive/limit_bg/tasks failed: Permission denied
03-22 13:53:49.468 10179 10179 E SchedPolicy: open of dev/cpuctl/limit_fg/tasks failed: Permission denied
03-22 13:53:49.468 10179 10179 E SchedPolicy: open of dev/cpuctl/bg_non_interactive/limit_bg/tasks failed: Permission denied
03-22 13:53:49.482 10179 10179 D ActivityThread: ActivityThread,attachApplication
03-22 13:53:49.506  1354  1495 I chatty  : uid=1000(system) sManagerService expire 2 lines
03-22 13:53:49.515  1935  2199 I HwNetworkPolicyManager: getHwUidPolicy uid = 1000 policy = 0
03-22 13:53:49.516  1901  1901 W ContextImpl: Calling a method in the system process without a qualified user: android.app.ContextImpl.sendBroadcast:979 android.content.ContextWrapper.sendBroadcast:421 com.android.settings.deviceinfo.UsbConnModeChooserFragment.updatePreferences:249 com.android.settings.deviceinfo.UsbConnModeChooserFragment.onResume:218 android.app.Fragment.performResume:2414 
03-22 13:53:49.522  1708  1868 I CommandQueue: updateBarBgColor
03-22 13:53:49.522  1708  1868 D CommandQueue: CommandQueue, setBarBackgroundColor
03-22 13:53:49.527  1354  2635 I chatty  : uid=1000(system) Binder:1354_10 expire 1 line
03-22 13:53:49.531  5145  5223 I HwNetworkPolicyManager: getHwUidPolicy uid = 1000 policy = 0
03-22 13:53:49.591  1354  2613 I chatty  : uid=1000(system) Binder:1354_E expire 2 lines
03-22 13:53:49.798  1354  2616 I chatty  : uid=1000(system) Binder:1354_F expire 3 lines
03-22 13:53:49.877  1354  1368 I chatty  : uid=1000(system) ActivityManager expire 2 lines
03-22 13:53:49.943  1935  2199 I HwNetworkPolicyManager: getHwUidPolicy uid = 10051 policy = 0
03-22 13:53:49.953  5145  5223 I HwNetworkPolicyManager: getHwUidPolicy uid = 10051 policy = 0
03-22 13:53:49.970  1708  2025 I CommandQueue: updateBarBgColor
03-22 13:53:49.970  1708  2025 D CommandQueue: CommandQueue, setBarBackgroundColor
03-22 13:53:50.015  1354  2652 I chatty  : uid=1000(system) Binder:1354_11 expire 1 line
03-22 13:53:50.018 10248 10248 E SchedPolicy: open of dev/cpuctl/limit_fg/tasks failed: Permission denied
03-22 13:53:50.018 10248 10248 E SchedPolicy: open of dev/cpuctl/bg_non_interactive/limit_bg/tasks failed: Permission denied
03-22 13:53:50.036 10248 10248 D ActivityThread: ActivityThread,attachApplication
03-22 13:53:50.062 10218 10276 E SchedPolicy: open of dev/cpuctl/limit_fg/tasks failed: Permission denied
03-22 13:53:50.062 10218 10276 E SchedPolicy: open of dev/cpuctl/bg_non_interactive/limit_bg/tasks failed: Permission denied
03-22 13:53:50.069  1354  1498 I chatty  : uid=1000(system) InputDispatcher expire 3 lines
03-22 13:53:50.338  1354  1366 I chatty  : uid=1000(system) Binder:1354_2 expire 4 lines
03-22 13:53:50.364  1354  1354 I chatty  : uid=1000 system_server expire 25 lines
03-22 13:53:50.633  1354  1504 I chatty  : uid=1000(system) Binder:1354_3 expire 8 lines
03-22 13:53:50.636  1354  2661 I chatty  : uid=1000(system) Binder:1354_1A expire 4 lines
03-22 13:53:50.643  1354  2660 I chatty  : uid=1000(system) Binder:1354_19 expire 5 lines
03-22 13:53:50.654  1354  2656 I chatty  : uid=1000(system) Binder:1354_15 expire 3 lines
03-22 13:53:50.655  1354  2602 I chatty  : uid=1000(system) Binder:1354_C expire 8 lines
03-22 13:53:50.669 10248 10318 E ActivityThread: Failed to find provider info for com.ludashi.benchmark.DownloadProvider
03-22 13:53:50.697  1354  2616 I chatty  : uid=1000(system) Binder:1354_F expire 4 lines
03-22 13:53:50.705 10248 10318 E ActivityThread: Failed to find provider info for com.ss.android.article.news.DownloadProvider
03-22 13:53:50.749 10311 10330 E SchedPolicy: open of dev/cpuctl/limit_fg/tasks failed: Permission denied
03-22 13:53:50.749 10311 10330 E SchedPolicy: open of dev/cpuctl/bg_non_interactive/limit_bg/tasks failed: Permission denied
03-22 13:53:50.762  1354  2657 I chatty  : uid=1000(system) Binder:1354_16 expire 15 lines
03-22 13:53:50.875  1354  2594 I chatty  : uid=1000(system) Binder:1354_A expire 3 lines
03-22 13:53:51.074  1354  1657 I chatty  : uid=1000(system) Binder:1354_4 expire 7 lines
03-22 13:53:53.700  1354  1624 I chatty  : uid=1000(system) LazyTaskWriterT expire 5 lines
03-22 13:53:54.571 10358 10358 E SchedPolicy: open of dev/cpuctl/limit_fg/tasks failed: Permission denied
03-22 13:53:54.571 10358 10358 E SchedPolicy: open of dev/cpuctl/bg_non_interactive/limit_bg/tasks failed: Permission denied
03-22 13:53:54.593 10358 10358 D ActivityThread: ActivityThread,attachApplication
03-22 13:53:54.594  1354  2596 I chatty  : uid=1000(system) Binder:1354_B expire 1 line
03-22 13:53:54.601  1354  1495 I chatty  : uid=1000(system) sManagerService expire 2 lines
03-22 13:53:57.845  1354  2659 I chatty  : uid=1000(system) Binder:1354_18 expire 12 lines
03-22 13:53:57.873 10417 10417 E SchedPolicy: open of dev/cpuctl/limit_fg/tasks failed: Permission denied
03-22 13:53:57.873 10417 10417 E SchedPolicy: open of dev/cpuctl/bg_non_interactive/limit_bg/tasks failed: Permission denied
03-22 13:53:57.893 10417 10417 D ActivityThread: ActivityThread,attachApplication
03-22 13:53:57.894  1354  2664 I chatty  : uid=1000(system) Binder:1354_1C expire 1 line
03-22 13:54:04.962  1354  1368 I chatty  : uid=1000(system) ActivityManager expire 13 lines
03-22 13:54:11.051  1354  2606 I chatty  : uid=1000(system) Binder:1354_D expire 5 lines
03-22 13:54:11.118  1354  2003 I chatty  : uid=1000(system) Binder:1354_7 expire 16 lines
03-22 13:54:11.340  1354  2652 I chatty  : uid=1000(system) Binder:1354_11 expire 1 line
03-22 13:54:11.371  1354  2658 I chatty  : uid=1000(system) Binder:1354_17 expire 1 line
03-22 13:54:11.390  1354  2663 I chatty  : uid=1000(system) Binder:1354_1B expire 4 lines
03-22 13:54:20.565  1354  1485 I chatty  : uid=1000(system) UEventObserver expire 12 lines
03-22 13:54:21.419  1354  1372 I chatty  : uid=1000(system) keyAppHanderThr expire 1 line
03-22 13:54:21.526  1354  2635 I chatty  : uid=1000(system) Binder:1354_10 expire 1 line
03-22 13:54:21.527  1354  2653 I chatty  : uid=1000(system) Binder:1354_12 expire 2 lines
03-22 13:54:21.527  1354  1535 I chatty  : uid=1000(system) ConnectivitySer expire 2 lines
03-22 13:54:24.762  1354  1365 I chatty  : uid=1000(system) Binder:1354_1 expire 2 lines
03-22 13:54:25.603  1354  1507 I chatty  : uid=1000(system) NetdConnector expire 14 lines
03-22 13:54:25.608  1354  1375 I chatty  : uid=1000(system) android.fg expire 12 lines
03-22 13:54:34.768  1354  2654 I chatty  : uid=1000(system) Binder:1354_13 expire 6 lines
03-22 13:57:03.211  1935  2199 I HwNetworkPolicyManager: getHwUidPolicy uid = 10403 policy = 0
03-22 13:57:03.214  5145  5223 I HwNetworkPolicyManager: getHwUidPolicy uid = 10403 policy = 0
03-22 13:57:03.219 10179 10179 V ActivityThread: ActivityThread,callActivityOnCreate
03-22 13:57:03.310  1354  2002 I chatty  : uid=1000(system) Binder:1354_6 expire 4 lines
03-22 13:57:03.311  1354  2657 I chatty  : uid=1000(system) Binder:1354_16 expire 4 lines
03-22 13:57:03.344 10179 10179 D ActivityThread: add activity client record, r= ActivityRecord{f7d62d9 token=android.os.BinderProxy@6a294a7 {cn.dcpai.auction/cn.dcpai.auction.SplashActivity}} token= android.os.BinderProxy@6a294a7
03-22 13:57:03.375  1708  1868 I CommandQueue: updateBarBgColor
03-22 13:57:03.375  1708  1868 D CommandQueue: CommandQueue, setBarBackgroundColor
03-22 13:57:03.629  1354  1377 I chatty  : uid=1000(system) android.display expire 2 lines
03-22 13:57:06.527 10179 10179 V ActivityThread: ActivityThread,callActivityOnCreate
03-22 13:57:06.561  1354 11374 I chatty  : uid=1000 system_server expire 4 lines
03-22 13:57:06.692 10179 10179 D ActivityThread: add activity client record, r= ActivityRecord{6956342 token=android.os.BinderProxy@58936a {cn.dcpai.auction/cn.dcpai.auction.MainActivity}} token= android.os.BinderProxy@58936a
03-22 13:57:07.906 10179 10179 D ActivityThread: Remove activity client record, r= ActivityRecord{f7d62d9 token=android.os.BinderProxy@6a294a7 {cn.dcpai.auction/cn.dcpai.auction.SplashActivity}} token= android.os.BinderProxy@6a294a7
03-22 13:57:07.909  1354  2005 I chatty  : uid=1000(system) Binder:1354_8 expire 1 line
03-22 13:57:19.854  1354  1354 I chatty  : uid=1000 system_server expire 10 lines
03-22 13:57:19.870 10179 10179 V ActivityThread: ActivityThread,callActivityOnCreate
03-22 13:57:19.920 10179 10179 D ActivityThread: add activity client record, r= ActivityRecord{c8a5181 token=android.os.BinderProxy@6b46354 {cn.dcpai.auction/cn.dcpai.auction.auction.delayed.ui.DelayedAuctionInfoAcitivity}} token= android.os.BinderProxy@6b46354
03-22 13:57:19.966  1354  2613 I chatty  : uid=1000(system) Binder:1354_E expire 4 lines
03-22 13:57:21.802  1354  1485 I chatty  : uid=1000(system) UEventObserver expire 4 lines
03-22 13:57:28.700  1354  2655 I chatty  : uid=1000(system) Binder:1354_14 expire 1 line
03-22 13:57:29.064 10179 10179 D ActivityThread: Remove activity client record, r= ActivityRecord{c8a5181 token=android.os.BinderProxy@6b46354 {cn.dcpai.auction/cn.dcpai.auction.auction.delayed.ui.DelayedAuctionInfoAcitivity}} token= android.os.BinderProxy@6b46354
03-22 13:58:05.948 11696 11705 E SchedPolicy: open of dev/cpuctl/limit_fg/tasks failed: Permission denied
03-22 13:58:05.948 11696 11705 E SchedPolicy: open of dev/cpuctl/bg_non_interactive/limit_bg/tasks failed: Permission denied
03-22 13:58:06.669 11721 11722 E SchedPolicy: open of dev/cpuctl/limit_fg/tasks failed: Permission denied
03-22 13:58:06.669 11721 11722 E SchedPolicy: open of dev/cpuctl/bg_non_interactive/limit_bg/tasks failed: Permission denied
03-22 13:58:07.304 11729 11740 E SchedPolicy: open of dev/cpuctl/limit_fg/tasks failed: Permission denied
03-22 13:58:07.304 11729 11740 E SchedPolicy: open of dev/cpuctl/bg_non_interactive/limit_bg/tasks failed: Permission denied
03-22 13:58:07.410 11744 11744 E SchedPolicy: open of dev/cpuctl/limit_fg/tasks failed: Permission denied
03-22 13:58:07.410 11744 11744 E SchedPolicy: open of dev/cpuctl/bg_non_interactive/limit_bg/tasks failed: Permission denied
03-22 13:58:07.525  1354  1388 I chatty  : uid=1000(system) PackageManager expire 2 lines
03-22 13:58:08.102 11753 11764 E SchedPolicy: open of dev/cpuctl/limit_fg/tasks failed: Permission denied
03-22 13:58:08.102 11753 11764 E SchedPolicy: open of dev/cpuctl/bg_non_interactive/limit_bg/tasks failed: Permission denied
03-22 13:58:08.702 11767 11784 E SchedPolicy: open of dev/cpuctl/limit_fg/tasks failed: Permission denied
03-22 13:58:08.702 11767 11784 E SchedPolicy: open of dev/cpuctl/bg_non_interactive/limit_bg/tasks failed: Permission denied
03-22 13:58:09.264 11786 11797 E SchedPolicy: open of dev/cpuctl/limit_fg/tasks failed: Permission denied
03-22 13:58:09.264 11786 11797 E SchedPolicy: open of dev/cpuctl/bg_non_interactive/limit_bg/tasks failed: Permission denied
03-22 13:58:09.856 11799 11807 E SchedPolicy: open of dev/cpuctl/limit_fg/tasks failed: Permission denied
03-22 13:58:09.856 11799 11807 E SchedPolicy: open of dev/cpuctl/bg_non_interactive/limit_bg/tasks failed: Permission denied
03-22 13:58:11.053 11819 11827 E SchedPolicy: open of dev/cpuctl/limit_fg/tasks failed: Permission denied
03-22 13:58:11.053 11819 11827 E SchedPolicy: open of dev/cpuctl/bg_non_interactive/limit_bg/tasks failed: Permission denied
03-22 13:58:11.927 11836 11847 E SchedPolicy: open of dev/cpuctl/limit_fg/tasks failed: Permission denied
03-22 13:58:11.927 11836 11847 E SchedPolicy: open of dev/cpuctl/bg_non_interactive/limit_bg/tasks failed: Permission denied
03-22 13:58:13.846 11867 11875 E SchedPolicy: open of dev/cpuctl/limit_fg/tasks failed: Permission denied
03-22 13:58:13.846 11867 11875 E SchedPolicy: open of dev/cpuctl/bg_non_interactive/limit_bg/tasks failed: Permission denied
03-22 13:58:13.858  1354  1354 I chatty  : uid=1000 system_server expire 1 line
03-22 13:58:14.648 11884 11895 E SchedPolicy: open of dev/cpuctl/limit_fg/tasks failed: Permission denied
03-22 13:58:14.648 11884 11895 E SchedPolicy: open of dev/cpuctl/bg_non_interactive/limit_bg/tasks failed: Permission denied
03-22 13:58:14.653  1354  1370 I chatty  : uid=1000(system) ActivityManager expire 4 lines
03-22 13:58:14.687  1354  2003 I chatty  : uid=1000(system) Binder:1354_7 expire 10 lines
03-22 13:58:14.692  1354  1354 I chatty  : uid=1000 system_server expire 19 lines
03-22 13:58:14.692  1354  2594 I chatty  : uid=1000(system) Binder:1354_A expire 7 lines
03-22 13:58:14.692  1935  2199 I HwNetworkPolicyManager: getHwUidPolicy uid = 10051 policy = 0
03-22 13:58:14.694  1354  1956 I chatty  : uid=1000(system) MultiTaskManage expire 2 lines
03-22 13:58:14.694  1354  2659 I chatty  : uid=1000(system) Binder:1354_18 expire 1 line
03-22 13:58:14.694  5145  5223 I HwNetworkPolicyManager: getHwUidPolicy uid = 10051 policy = 0
03-22 13:58:14.704  1354  2652 I chatty  : uid=1000(system) Binder:1354_11 expire 6 lines
03-22 13:58:14.704  1708  1729 I CommandQueue: updateBarBgColor
03-22 13:58:14.704  1708  1729 D CommandQueue: CommandQueue, setBarBackgroundColor
03-22 13:58:14.741  1354  2660 I chatty  : uid=1000(system) Binder:1354_19 expire 7 lines
03-22 13:58:14.754 11900 11900 E SchedPolicy: open of dev/cpuctl/limit_fg/tasks failed: Permission denied
03-22 13:58:14.754 11900 11900 E SchedPolicy: open of dev/cpuctl/bg_non_interactive/limit_bg/tasks failed: Permission denied
03-22 13:58:14.764 11900 11900 D ActivityThread: ActivityThread,attachApplication
03-22 13:58:14.764  1354  2606 I chatty  : uid=1000(system) Binder:1354_D expire 2 lines
03-22 13:58:14.812  1354  2616 I chatty  : uid=1000(system) Binder:1354_F expire 10 lines
03-22 13:58:14.941  1354  2635 I chatty  : uid=1000(system) Binder:1354_10 expire 6 lines
03-22 13:58:14.954  1354  2005 I chatty  : uid=1000(system) Binder:1354_8 expire 1 line
03-22 13:58:14.955 11918 11918 E SchedPolicy: open of dev/cpuctl/limit_fg/tasks failed: Permission denied
03-22 13:58:14.955 11918 11918 E SchedPolicy: open of dev/cpuctl/bg_non_interactive/limit_bg/tasks failed: Permission denied
03-22 13:58:14.964 11918 11918 D ActivityThread: ActivityThread,attachApplication
03-22 13:58:14.964  1354  2602 I chatty  : uid=1000(system) Binder:1354_C expire 4 lines
03-22 13:58:14.981  5145  5223 I HwNetworkPolicyManager: getHwUidPolicy uid = 10403 policy = 0
03-22 13:58:14.981  1354  1365 I chatty  : uid=1000(system) Binder:1354_1 expire 6 lines
03-22 13:58:14.981  1935  2199 I HwNetworkPolicyManager: getHwUidPolicy uid = 10403 policy = 0
03-22 13:58:15.028  1354  2653 I chatty  : uid=1000(system) Binder:1354_12 expire 1 line
03-22 13:58:15.141  1354  2655 I chatty  : uid=1000(system) Binder:1354_14 expire 7 lines
03-22 13:58:15.149  1354  2658 I chatty  : uid=1000(system) Binder:1354_17 expire 8 lines
03-22 13:58:15.220 11979 11979 E SchedPolicy: open of dev/cpuctl/limit_fg/tasks failed: Permission denied
03-22 13:58:15.220 11979 11979 E SchedPolicy: open of dev/cpuctl/bg_non_interactive/limit_bg/tasks failed: Permission denied
03-22 13:58:15.220  1354  2015 I chatty  : uid=1000(system) Binder:1354_9 expire 13 lines
03-22 13:58:15.228 11979 11979 D ActivityThread: ActivityThread,attachApplication
03-22 13:58:15.229  1354  1504 I chatty  : uid=1000(system) Binder:1354_3 expire 8 lines
03-22 13:58:15.229  1354  2613 I chatty  : uid=1000(system) Binder:1354_E expire 11 lines
03-22 13:58:15.266  1354  1657 I chatty  : uid=1000(system) Binder:1354_4 expire 3 lines
03-22 13:58:15.274  1354  2656 I chatty  : uid=1000(system) Binder:1354_15 expire 3 lines
03-22 13:58:15.303 11918 11918 V ActivityThread: ActivityThread,callActivityOnCreate
03-22 13:58:15.432 11918 11918 D ActivityThread: add activity client record, r= ActivityRecord{29be813 token=android.os.BinderProxy@f277eaf {cn.dcpai.auction/cn.dcpai.auction.SplashActivity}} token= android.os.BinderProxy@f277eaf
03-22 13:58:15.461  1354  2661 I chatty  : uid=1000(system) Binder:1354_1A expire 4 lines
03-22 13:58:15.463  1354  1711 I chatty  : uid=1000(system) Binder:1354_5 expire 9 lines
03-22 13:58:15.468  1354  2654 I chatty  : uid=1000(system) Binder:1354_13 expire 8 lines
03-22 13:58:15.470  1708  1727 I CommandQueue: updateBarBgColor
03-22 13:58:15.470  1708  1727 D CommandQueue: CommandQueue, setBarBackgroundColor
03-22 13:58:15.483 11979 12032 E ActivityThread: Failed to find provider info for com.ludashi.benchmark.DownloadProvider
03-22 13:58:15.497 11979 12032 E ActivityThread: Failed to find provider info for com.ss.android.article.news.DownloadProvider
03-22 13:58:15.755  1354  1377 I chatty  : uid=1000(system) android.display expire 2 lines
03-22 13:58:18.615 11918 11918 V ActivityThread: ActivityThread,callActivityOnCreate
03-22 13:58:18.656  1354 12126 I chatty  : uid=1000 system_server expire 4 lines
03-22 13:58:18.794 11918 11918 D ActivityThread: add activity client record, r= ActivityRecord{d0faaa2 token=android.os.BinderProxy@5ca083b {cn.dcpai.auction/cn.dcpai.auction.MainActivity}} token= android.os.BinderProxy@5ca083b
03-22 13:58:19.209  1354  1624 I chatty  : uid=1000(system) LazyTaskWriterT expire 4 lines
03-22 13:58:20.019 11918 11918 D ActivityThread: Remove activity client record, r= ActivityRecord{29be813 token=android.os.BinderProxy@f277eaf {cn.dcpai.auction/cn.dcpai.auction.SplashActivity}} token= android.os.BinderProxy@f277eaf
03-22 13:58:22.123  1354  1485 I chatty  : uid=1000(system) UEventObserver expire 8 lines
03-22 13:58:22.828  1354  1507 I chatty  : uid=1000(system) NetdConnector expire 2 lines
03-22 13:58:22.831  1354  1375 I chatty  : uid=1000(system) android.fg expire 2 lines
03-22 13:58:32.203 11918 11918 V ActivityThread: ActivityThread,callActivityOnCreate
03-22 13:58:32.260 11918 11918 D ActivityThread: add activity client record, r= ActivityRecord{ccfddf4 token=android.os.BinderProxy@9dfdd34 {cn.dcpai.auction/cn.dcpai.auction.auction.delayed.ui.DelayedAuctionInfoAcitivity}} token= android.os.BinderProxy@9dfdd34
03-22 13:58:36.242  1354  1494 I chatty  : uid=1000(system) AlarmManager expire 2 lines
03-22 13:58:46.546 12284 12297 E SchedPolicy: open of dev/cpuctl/limit_fg/tasks failed: Permission denied
03-22 13:58:46.546 12284 12297 E SchedPolicy: open of dev/cpuctl/bg_non_interactive/limit_bg/tasks failed: Permission denied
03-22 13:58:47.144 12299 12307 E SchedPolicy: open of dev/cpuctl/limit_fg/tasks failed: Permission denied
03-22 13:58:47.144 12299 12307 E SchedPolicy: open of dev/cpuctl/bg_non_interactive/limit_bg/tasks failed: Permission denied
03-22 13:58:47.173 12311 12311 E SchedPolicy: open of dev/cpuctl/limit_fg/tasks failed: Permission denied
03-22 13:58:47.173 12311 12311 E SchedPolicy: open of dev/cpuctl/bg_non_interactive/limit_bg/tasks failed: Permission denied
03-22 13:58:47.182 12311 12311 D ActivityThread: ActivityThread,attachApplication
03-22 13:58:47.190  1354  2015 I chatty  : uid=1000(system) Binder:1354_9 expire 19 lines
03-22 13:58:47.207  1354  1495 I chatty  : uid=1000(system) sManagerService expire 2 lines
03-22 13:58:47.218  1354  2657 I chatty  : uid=1000(system) Binder:1354_16 expire 3 lines
03-22 13:58:47.218  5145  5223 I HwNetworkPolicyManager: getHwUidPolicy uid = 1000 policy = 0
03-22 13:58:47.220  1901  1901 W ContextImpl: Calling a method in the system process without a qualified user: android.app.ContextImpl.sendBroadcast:979 android.content.ContextWrapper.sendBroadcast:421 com.android.settings.deviceinfo.UsbConnModeChooserFragment.updatePreferences:249 com.android.settings.deviceinfo.UsbConnModeChooserFragment.onResume:218 android.app.Fragment.performResume:2414 
03-22 13:58:47.225  1935  2199 I HwNetworkPolicyManager: getHwUidPolicy uid = 1000 policy = 0
03-22 13:58:47.226  1354  1366 I chatty  : uid=1000(system) Binder:1354_2 expire 2 lines
03-22 13:58:47.227  1708  2025 I CommandQueue: updateBarBgColor
03-22 13:58:47.227  1708  2025 D CommandQueue: CommandQueue, setBarBackgroundColor
03-22 13:58:47.231  1354  2596 I chatty  : uid=1000(system) Binder:1354_B expire 1 line
03-22 13:58:47.292  1354  2002 I chatty  : uid=1000(system) Binder:1354_6 expire 1 line
03-22 13:58:47.576  1354  1368 I chatty  : uid=1000(system) ActivityManager expire 4 lines
03-22 13:58:47.594  5145  5223 I HwNetworkPolicyManager: getHwUidPolicy uid = 10051 policy = 0
03-22 13:58:47.599  1935  2199 I HwNetworkPolicyManager: getHwUidPolicy uid = 10051 policy = 0
03-22 13:58:47.649  1708  1727 I CommandQueue: updateBarBgColor
03-22 13:58:47.650  1708  1727 D CommandQueue: CommandQueue, setBarBackgroundColor
03-22 13:58:47.688 12380 12380 E SchedPolicy: open of dev/cpuctl/limit_fg/tasks failed: Permission denied
03-22 13:58:47.688 12380 12380 E SchedPolicy: open of dev/cpuctl/bg_non_interactive/limit_bg/tasks failed: Permission denied
03-22 13:58:47.714 12380 12380 D ActivityThread: ActivityThread,attachApplication
03-22 13:58:47.724  1354  2616 I chatty  : uid=1000(system) Binder:1354_F expire 6 lines
03-22 13:58:47.784 12358 12410 E SchedPolicy: open of dev/cpuctl/limit_fg/tasks failed: Permission denied
03-22 13:58:47.784 12358 12410 E SchedPolicy: open of dev/cpuctl/bg_non_interactive/limit_bg/tasks failed: Permission denied
03-22 13:58:47.799  1354  1498 I chatty  : uid=1000(system) InputDispatcher expire 3 lines
03-22 13:58:48.348 12380 12450 E ActivityThread: Failed to find provider info for com.ludashi.benchmark.DownloadProvider
03-22 13:58:48.384 12380 12450 E ActivityThread: Failed to find provider info for com.ss.android.article.news.DownloadProvider
03-22 13:58:48.457 12443 12466 E SchedPolicy: open of dev/cpuctl/limit_fg/tasks failed: Permission denied
03-22 13:58:48.457 12443 12466 E SchedPolicy: open of dev/cpuctl/bg_non_interactive/limit_bg/tasks failed: Permission denied
03-22 13:58:48.460  1354  2663 I chatty  : uid=1000(system) Binder:1354_1B expire 14 lines
03-22 14:00:00.047  1354  2003 I chatty  : uid=1000(system) Binder:1354_7 expire 4 lines
03-22 14:00:00.181  1354  2657 I chatty  : uid=1000(system) Binder:1354_16 expire 3 lines
03-22 14:00:17.074  1354  2658 I chatty  : uid=1000(system) Binder:1354_17 expire 6 lines
03-22 14:00:17.120  1354  1366 I chatty  : uid=1000(system) Binder:1354_2 expire 2 lines
03-22 14:00:17.120  1935  2199 I HwNetworkPolicyManager: getHwUidPolicy uid = 10403 policy = 0
03-22 14:00:17.122  1354  2635 I chatty  : uid=1000(system) Binder:1354_10 expire 1 line
03-22 14:00:17.122  5145  5223 I HwNetworkPolicyManager: getHwUidPolicy uid = 10403 policy = 0
03-22 14:00:17.123 12311 12311 V ActivityThread: ActivityThread,callActivityOnCreate
03-22 14:00:17.133  1354  2594 I chatty  : uid=1000(system) Binder:1354_A expire 10 lines
03-22 14:00:17.215  1354  1657 I chatty  : uid=1000(system) Binder:1354_4 expire 4 lines
03-22 14:00:17.216  1354  2660 I chatty  : uid=1000(system) Binder:1354_19 expire 14 lines
03-22 14:00:17.242 12311 12311 D ActivityThread: add activity client record, r= ActivityRecord{b093b7c token=android.os.BinderProxy@f66afa2 {cn.dcpai.auction/cn.dcpai.auction.SplashActivity}} token= android.os.BinderProxy@f66afa2
03-22 14:00:17.271  1354  2015 I chatty  : uid=1000(system) Binder:1354_9 expire 2 lines
03-22 14:00:17.272  1708  1868 I CommandQueue: updateBarBgColor
03-22 14:00:17.272  1708  1868 D CommandQueue: CommandQueue, setBarBackgroundColor
03-22 14:00:17.393  1354  2616 I chatty  : uid=1000(system) Binder:1354_F expire 9 lines
03-22 14:00:17.541  1354  1377 I chatty  : uid=1000(system) android.display expire 2 lines
03-22 14:00:19.855  1354  1354 I chatty  : uid=1000 system_server expire 10 lines
03-22 14:00:20.409  1354  2596 I chatty  : uid=1000(system) Binder:1354_B expire 7 lines
03-22 14:00:20.431 12311 12311 V ActivityThread: ActivityThread,callActivityOnCreate
03-22 14:00:20.468  1354 12959 I chatty  : uid=1000 system_server expire 4 lines
03-22 14:00:20.529  1354  2659 I chatty  : uid=1000(system) Binder:1354_18 expire 9 lines
03-22 14:00:20.601 12311 12311 D ActivityThread: add activity client record, r= ActivityRecord{3bc2af9 token=android.os.BinderProxy@ada3941 {cn.dcpai.auction/cn.dcpai.auction.MainActivity}} token= android.os.BinderProxy@ada3941
03-22 14:00:21.131  1354  1624 I chatty  : uid=1000(system) LazyTaskWriterT expire 5 lines
03-22 14:00:21.819 12311 12311 D ActivityThread: Remove activity client record, r= ActivityRecord{b093b7c token=android.os.BinderProxy@f66afa2 {cn.dcpai.auction/cn.dcpai.auction.SplashActivity}} token= android.os.BinderProxy@f66afa2
03-22 14:00:22.923  1354  1485 I chatty  : uid=1000(system) UEventObserver expire 14 lines
03-22 14:00:26.379  1354  2602 I chatty  : uid=1000(system) Binder:1354_C expire 6 lines
03-22 14:00:26.418 12311 12311 V ActivityThread: ActivityThread,callActivityOnCreate
03-22 14:00:26.471 12311 12311 D ActivityThread: add activity client record, r= ActivityRecord{55be67b token=android.os.BinderProxy@7e386bb {cn.dcpai.auction/cn.dcpai.auction.auction.delayed.ui.DelayedAuctionInfoAcitivity}} token= android.os.BinderProxy@7e386bb
03-22 14:00:26.508  1354  1711 I chatty  : uid=1000(system) Binder:1354_5 expire 4 lines
03-22 14:00:26.964  1354  2652 I chatty  : uid=1000(system) Binder:1354_11 expire 1 line
03-22 14:00:28.231  1354  2002 I chatty  : uid=1000(system) Binder:1354_6 expire 1 line
03-22 14:00:28.297  1354  2654 I chatty  : uid=1000(system) Binder:1354_13 expire 5 lines
03-22 14:00:28.600 12311 12311 D ActivityThread: Remove activity client record, r= ActivityRecord{55be67b token=android.os.BinderProxy@7e386bb {cn.dcpai.auction/cn.dcpai.auction.auction.delayed.ui.DelayedAuctionInfoAcitivity}} token= android.os.BinderProxy@7e386bb
03-22 14:00:32.243 12311 12311 V ActivityThread: ActivityThread,callActivityOnCreate
03-22 14:00:32.257 12311 12311 D ActivityThread: add activity client record, r= ActivityRecord{5e4f351 token=android.os.BinderProxy@783c106 {cn.dcpai.auction/cn.dcpai.auction.frame.da.ui.HistoryDelayedActivity}} token= android.os.BinderProxy@783c106
03-22 14:00:32.340  1354  2661 I chatty  : uid=1000(system) Binder:1354_1A expire 8 lines
03-22 14:00:32.655  1354  2613 I chatty  : uid=1000(system) Binder:1354_E expire 1 line
03-22 14:00:37.772 12311 12311 V ActivityThread: ActivityThread,callActivityOnCreate
03-22 14:00:37.809 12311 12311 D ActivityThread: add activity client record, r= ActivityRecord{8327029 token=android.os.BinderProxy@b31247c {cn.dcpai.auction/cn.dcpai.auction.auction.delayed.ui.DelayedAuctionInfoAcitivity}} token= android.os.BinderProxy@b31247c
03-22 14:00:38.211  1354  2606 I chatty  : uid=1000(system) Binder:1354_D expire 1 line
03-22 14:00:47.714  1354  1507 I chatty  : uid=1000(system) NetdConnector expire 12 lines
03-22 14:01:04.884  1354  1375 I chatty  : uid=1000(system) android.fg expire 8 lines
03-22 14:01:09.304  1354  1494 I chatty  : uid=1000(system) AlarmManager expire 4 lines
03-22 14:01:09.382 13218 13218 E SchedPolicy: open of dev/cpuctl/limit_fg/tasks failed: Permission denied
03-22 14:01:09.382 13218 13218 E SchedPolicy: open of dev/cpuctl/bg_non_interactive/limit_bg/tasks failed: Permission denied
03-22 14:01:09.409 13218 13218 D ActivityThread: ActivityThread,attachApplication
03-22 14:01:09.416  1354  1495 I chatty  : uid=1000(system) sManagerService expire 1 line
03-22 14:01:09.419  1354  1354 I chatty  : uid=1000 system_server expire 19 lines
03-22 14:02:29.866  1354  1367 I chatty  : uid=1000(system) android.bg expire 2 lines
03-22 14:03:38.975  1354  1365 I chatty  : uid=1000(system) Binder:1354_1 expire 1 line
03-22 14:03:48.629 12429 14013 E SchedPolicy: open of dev/cpuctl/limit_fg/tasks failed: Permission denied
03-22 14:03:48.629 12429 14013 E SchedPolicy: open of dev/cpuctl/bg_non_interactive/limit_bg/tasks failed: Permission denied
03-22 14:03:48.930  1354  2660 I chatty  : uid=1000(system) Binder:1354_19 expire 1 line
03-22 14:03:54.469  1354  1485 I chatty  : uid=1000(system) UEventObserver expire 14 lines
03-22 14:03:54.474  1354  1354 I chatty  : uid=1000 system_server expire 24 lines
03-22 14:03:55.978  1354  1507 I chatty  : uid=1000(system) NetdConnector expire 16 lines
03-22 14:07:19.856  1354  1354 I chatty  : uid=1000 system_server expire 11 lines
03-22 14:07:26.001  1354  1485 I chatty  : uid=1000(system) UEventObserver expire 14 lines
03-22 14:08:28.301  1354  2657 I chatty  : uid=1000(system) Binder:1354_16 expire 1 line
03-22 14:08:28.317  1354  2655 I chatty  : uid=1000(system) Binder:1354_14 expire 4 lines
03-22 14:08:28.375  1354  2660 I chatty  : uid=1000(system) Binder:1354_19 expire 1 line
03-22 14:08:28.375  1354  1918 I chatty  : uid=1000(system) LocationThread expire 5 lines
03-22 14:08:28.379  1354 15370 I chatty  : uid=1000 system_server expire 4 lines
03-22 14:08:28.510  1354  2220 I chatty  : uid=1000(system) IPC Thread expire 22 lines
03-22 14:08:28.583  1354 15372 I chatty  : uid=1000 system_server expire 1 line
03-22 14:08:36.652  1354  1494 I chatty  : uid=1000(system) AlarmManager expire 7 lines
03-22 14:08:49.148 14015 15489 E SchedPolicy: open of dev/cpuctl/limit_fg/tasks failed: Permission denied
03-22 14:08:49.148 14015 15489 E SchedPolicy: open of dev/cpuctl/bg_non_interactive/limit_bg/tasks failed: Permission denied
03-22 14:08:49.703  1354  1507 I chatty  : uid=1000(system) NetdConnector expire 10 lines
