03-25 18:04:21.031 22907 22907 E SchedPolicy: open of dev/cpuctl/bg_non_interactive/limit_bg/tasks failed: Permission denied
03-25 18:04:21.051 22907 22907 D ActivityThread: ActivityThread,attachApplication
03-25 18:04:21.053  1353  2615 D ActivityManager: ActivityManagerService,attachApplication,callingPid = 22907
03-25 18:04:21.756 22922 22930 E SchedPolicy: open of dev/cpuctl/limit_fg/tasks failed: Permission denied
03-25 18:04:21.757 22922 22930 E SchedPolicy: open of dev/cpuctl/bg_non_interactive/limit_bg/tasks failed: Permission denied
03-25 18:04:24.730  1353  1492 D NetdConnector: RCV <- {pattern.matcher(rawEventLog) fail}
03-25 18:04:24.731  1353  1492 D NetdConnector: RCV <- {pattern.matcher(eventLog) fail}
03-25 18:04:24.732  1353  1373 D NetdConnector: RCV unsolicited event from native daemon, event = 613
03-25 18:04:24.733  1353  1373 D NetworkManagement: notifyInterfaceClassActivity: client is com.android.server.net.NetworkPolicyManagerService$13@17a0eb8
03-25 18:04:24.733  1353  1373 D NetworkManagement: notifyInterfaceClassActivity: client is com.android.server.ethernet.EthernetNetworkFactory$InterfaceObserver@20a44b5
03-25 18:04:24.733  1353  1373 D NetworkManagement: notifyInterfaceClassActivity: client is com.android.server.ConnectivityService$1@5052d90
03-25 18:04:24.734  1353  1373 D NetworkManagement: notifyInterfaceClassActivity: client is com.android.server.connectivity.Tethering@565d053
03-25 18:04:24.734  1353  1373 D NetworkManagement: notifyInterfaceClassActivity: client is android.net.INetworkManagementEventObserver$Stub$Proxy@eb2f7c8
03-25 18:04:24.735  1353  1373 D NetworkManagement: notifyInterfaceClassActivity: client is android.net.ip.IpManager$2@707986a
03-25 18:04:24.735  1353  1373 D NetworkManagement: notifyInterfaceClassActivity: client is com.android.server.connectivity.Vpn$2@71d82b0
03-25 18:04:24.735  1353  1373 D NetworkManagement: notifyInterfaceClassActivity: client is com.android.server.connectivity.Vpn$2@7e56c7a
03-25 18:04:24.735  1353  1373 D NetworkManagement: notifyInterfaceClassActivity: client is com.android.server.net.NetworkStatsService$6@ea4857b
03-25 18:04:24.735  1353  1373 D NetworkManagement: notifyInterfaceClassActivity: client is android.net.INetworkManagementEventObserver$Stub$Proxy@344acaf
03-25 18:04:26.964  1353  1492 D NetdConnector: RCV <- {pattern.matcher(rawEventLog) fail}
03-25 18:04:26.965  1353  1492 D NetdConnector: RCV <- {pattern.matcher(eventLog) fail}
03-25 18:04:26.966  1353  1373 D NetdConnector: RCV unsolicited event from native daemon, event = 613
03-25 18:04:26.967  1353  1373 D NetworkManagement: notifyInterfaceClassActivity: client is com.android.server.net.NetworkPolicyManagerService$13@17a0eb8
03-25 18:04:26.967  1353  1373 D NetworkManagement: notifyInterfaceClassActivity: client is com.android.server.ethernet.EthernetNetworkFactory$InterfaceObserver@20a44b5
03-25 18:04:26.967  1353  1373 D NetworkManagement: notifyInterfaceClassActivity: client is com.android.server.ConnectivityService$1@5052d90
03-25 18:04:26.970  1353  1373 D NetworkManagement: notifyInterfaceClassActivity: client is com.android.server.connectivity.Tethering@565d053
03-25 18:04:26.970  1353  1373 D NetworkManagement: notifyInterfaceClassActivity: client is android.net.INetworkManagementEventObserver$Stub$Proxy@eb2f7c8
03-25 18:04:26.970  1353  1373 D NetworkManagement: notifyInterfaceClassActivity: client is android.net.ip.IpManager$2@707986a
03-25 18:04:26.970  1353  1373 D NetworkManagement: notifyInterfaceClassActivity: client is com.android.server.connectivity.Vpn$2@71d82b0
03-25 18:04:26.970  1353  1373 D NetworkManagement: notifyInterfaceClassActivity: client is com.android.server.connectivity.Vpn$2@7e56c7a
03-25 18:04:26.970  1353  1373 D NetworkManagement: notifyInterfaceClassActivity: client is com.android.server.net.NetworkStatsService$6@ea4857b
03-25 18:04:26.970  1353  1373 D NetworkManagement: notifyInterfaceClassActivity: client is android.net.INetworkManagementEventObserver$Stub$Proxy@344acaf
03-25 18:04:27.033  1353  1375 I WindowManager: Destroying surface Surface(name=PopupWindow:e538bb5) called by com.android.server.wm.WindowStateAnimator.destroySurface:2056 com.android.server.wm.WindowStateAnimator.destroySurfaceLocked:908 com.android.server.wm.WindowState.destroyOrSaveSurface:2201 com.android.server.wm.AppWindowToken.destroySurfaces:366 com.android.server.wm.WindowStateAnimator.finishExit:587 com.android.server.wm.WindowStateAnimator.stepAnimationLocked:513 com.android.server.wm.WindowAnimator.updateWindowsLocked:311 com.android.server.wm.WindowAnimator.animateLocked:738 
03-25 18:04:28.196  1353  1375 I WindowManager: Destroying surface Surface(name=InputMethod) called by com.android.server.wm.WindowStateAnimator.destroySurface:2056 com.android.server.wm.WindowStateAnimator.destroySurfaceLocked:908 com.android.server.wm.WindowState.destroyOrSaveSurface:2201 com.android.server.wm.WindowSurfacePlacer.performSurfacePlacementInner:514 com.android.server.wm.WindowSurfacePlacer.performSurfacePlacementLoop:288 com.android.server.wm.WindowSurfacePlacer.performSurfacePlacement:230 com.android.server.wm.WindowManagerService$H.handleMessage:8673 android.os.Handler.dispatchMessage:105 
03-25 18:04:28.263  1353  2552 W ActivityManager: getRunningAppProcesses: caller 10404 does not hold REAL_GET_TASKS; limiting output
03-25 18:04:28.396  1353  1985 W ActivityManager: getRunningAppProcesses: caller 10404 does not hold REAL_GET_TASKS; limiting output
03-25 18:04:28.453  1353  3515 V HwWindowManagerService: moveTaskToTop mTaskChanged:true
03-25 18:04:28.454  1353  3515 V HwWindowManagerService: setFocusedApp update app ops, mTaskChanged set to:false
03-25 18:04:28.458  1353  2016 D HwInputMethodManagerService: windowGainedFocus  isPasswordType(attribute) = true
03-25 18:04:28.470  1353  2008 V WindowManager: Skipping AppWindowToken{254e200 token=Token{56ad083 ActivityRecord{5af2b32 u0 cn.dcpai.auction/.activity.MobileLoginActivity t832}}} -- going to hide
03-25 18:04:28.509  1353  2546 V HwWindowManagerService: moveTaskToTop mTaskChanged:true
03-25 18:04:28.510  1353  1375 I WindowManager: Destroying surface Surface(name=cn.dcpai.auction/cn.dcpai.auction.activity.MobileLoginActivity) called by com.android.server.wm.WindowStateAnimator.destroySurface:2056 com.android.server.wm.WindowStateAnimator.destroySurfaceLocked:908 com.android.server.wm.WindowState.destroyOrSaveSurface:2201 com.android.server.wm.AppWindowToken.destroySurfaces:366 com.android.server.wm.WindowStateAnimator.finishExit:587 com.android.server.wm.WindowStateAnimator.stepAnimationLocked:513 com.android.server.wm.WindowAnimator.updateWindowsLocked:311 com.android.server.wm.WindowAnimator.animateLocked:738 
03-25 18:04:28.512  1353  2546 V HwWindowManagerService: setFocusedApp update app ops, mTaskChanged set to:false
03-25 18:04:28.518  1353  1986 V WindowManager: Skipping AppWindowToken{254e200 token=Token{56ad083 ActivityRecord{5af2b32 u0 cn.dcpai.auction/.activity.MobileLoginActivity t832}}} -- going to hide
03-25 18:04:28.528  1353  3181 V WindowManager: Skipping AppWindowToken{254e200 token=Token{56ad083 ActivityRecord{5af2b32 u0 cn.dcpai.auction/.activity.MobileLoginActivity t832}}} -- going to hide
03-25 18:04:28.533  1353  2009 V WindowManager: Skipping AppWindowToken{254e200 token=Token{56ad083 ActivityRecord{5af2b32 u0 cn.dcpai.auction/.activity.MobileLoginActivity t832}}} -- going to hide
03-25 18:04:28.544  1353  3454 V WindowManager: Skipping AppWindowToken{254e200 token=Token{56ad083 ActivityRecord{5af2b32 u0 cn.dcpai.auction/.activity.MobileLoginActivity t832}}} -- going to hide
03-25 18:04:28.607  1353  1532 V WindowManager: Skipping AppWindowToken{254e200 token=Token{56ad083 ActivityRecord{5af2b32 u0 cn.dcpai.auction/.activity.MobileLoginActivity t832}}} -- going to hide
--------- beginning of main
03-25 18:04:28.752   615  2386 I AwareLog: HibStrategy::HibStrategySwapCandidateProcessRemove packagename is com.huawei.secime
03-25 18:04:28.752   615  2386 I AwareLog: HiberManagerService::sendMessagetoHiberTask successful
03-25 18:04:28.753   615   653 I AwareLog: HibSTrategy::HibStrategySwapCandidateProcessAdd packagename com.huawei.remoteassistant
03-25 18:04:28.753  1974  1987 I PGServer: getTopFrontApp. calling pkg: android
03-25 18:04:28.754   615  2386 I AwareLog: HibStrategy::HibStrategySwapCandidateProcessRemove packagename is com.huawei.remoteassistant
03-25 18:04:28.754   615  2386 I AwareLog: HiberManagerService::sendMessagetoHiberTask successful
03-25 18:04:28.928 22602 22602 D ActivityThread: Remove activity client record, r= ActivityRecord{b134bc8 token=android.os.BinderProxy@7790d9 {cn.dcpai.auction/cn.dcpai.auction.activity.LoginMainActivity}} token= android.os.BinderProxy@7790d9
03-25 18:04:28.935 22602 22602 D ActivityThread: Remove activity client record, r= ActivityRecord{8731593 token=android.os.BinderProxy@6d3ed10 {cn.dcpai.auction/cn.dcpai.auction.activity.MobileLoginActivity}} token= android.os.BinderProxy@6d3ed10
03-25 18:04:28.990  1353  1375 I WindowManager: Destroying surface Surface(name=cn.dcpai.auction/cn.dcpai.auction.activity.MobileLoginActivity) called by com.android.server.wm.WindowStateAnimator.destroySurface:2056 com.android.server.wm.WindowStateAnimator.destroySurfaceLocked:908 com.android.server.wm.WindowState.destroyOrSaveSurface:2201 com.android.server.wm.AppWindowToken.destroySurfaces:366 com.android.server.wm.WindowStateAnimator.finishExit:587 com.android.server.wm.AppWindowAnimator.stepAnimationLocked:434 com.android.server.wm.WindowAnimator.updateAppWindowsLocked:201 com.android.server.wm.WindowAnimator.animateLocked:712 
03-25 18:04:29.006   437   437 I gralloc : alloc_device_free:586: Free handle(0x72af241200)
03-25 18:04:29.138   626  1346 D MDnsDS  : MDnsSdListener::Monitor poll timed out
03-25 18:04:29.138   626  1346 D MDnsDS  : Going to poll with pollCount 1
03-25 18:04:29.163 22602 22976 I chatty  : uid=10404(cn.dcpai.auction) expire 3 lines
03-25 18:04:29.363  1353  2615 W ActivityManager: getRunningAppProcesses: caller 10404 does not hold REAL_GET_TASKS; limiting output
03-25 18:04:29.364 22602 23005 I chatty  : uid=10404(cn.dcpai.auction) expire 1 line
03-25 18:04:29.374 23007 23007 I chatty  : uid=10404(cn.dcpai.auction) expire 1 line
03-25 18:04:29.377  1353  3476 W ActivityManager: getRunningAppProcesses: caller 10404 does not hold REAL_GET_TASKS; limiting output
03-25 18:04:29.604 22602 23009 I chatty  : uid=10404(cn.dcpai.auction) expire 165 lines
03-25 18:04:29.757  2002  2169 W PhoneInterfaceManager: shouldBlockLocation running ...
03-25 18:04:29.764  2002  2169 I PhoneInterfaceManager: shouldBlockLocation  ret:false
03-25 18:04:29.791  1353  2617 W ActivityManager: getRunningAppProcesses: caller 10404 does not hold REAL_GET_TASKS; limiting output
03-25 18:04:30.987  1353  1575 I chatty  : uid=1000(system) HuaweiWifiWatch expire 54 lines
03-25 18:04:30.987  1353  1573 I chatty  : uid=1000(system) Thread-10 expire 18 lines
03-25 18:04:31.597  1961  2383 D HwCust  : Create obj success use class android.telephony.HwCustSignalStrengthImpl
03-25 18:04:31.598  2407 27305 D HwCust  : Create obj success use class android.telephony.HwCustSignalStrengthImpl
03-25 18:04:31.599  3457  3469 D HwCust  : Create obj success use class android.telephony.HwCustSignalStrengthImpl
03-25 18:04:31.599  1961  4556 D HwCust  : Create obj success use class android.telephony.HwCustSignalStrengthImpl
03-25 18:04:31.599  5447  5458 D HwCust  : Create obj success use class android.telephony.HwCustSignalStrengthImpl
03-25 18:04:31.600  4439  4734 D HwCust  : Create obj success use class android.telephony.HwCustSignalStrengthImpl
03-25 18:04:31.600  4439  4734 D HwCust  : Create obj success use class android.telephony.HwCustSignalStrengthImpl
03-25 18:04:31.601  3457  3469 D HwCust  : Create obj success use class android.telephony.HwCustSignalStrengthImpl
03-25 18:04:31.602  3324  3335 D HwCust  : Create obj success use class android.telephony.HwCustSignalStrengthImpl
03-25 18:04:31.606  5447  5525 D HwCust  : Create obj success use class android.telephony.HwCustSignalStrengthImpl
03-25 18:04:31.611  6011  7135 D HwCust  : Create obj success use class android.telephony.HwCustSignalStrengthImpl
03-25 18:04:31.612  6011  6025 D HwCust  : Create obj success use class android.telephony.HwCustSignalStrengthImpl
03-25 18:04:32.016   437  2367 I gralloc : alloc_device_free:586: Free handle(0x72af20f300)
03-25 18:04:32.016   437  2367 I gralloc : alloc_device_free:586: Free handle(0x72af248000)
03-25 18:04:32.164  1353  1469 D HwBatteryService: onUEvent fcpStatus = 0,scpStatus =0,ovpStatus=0
03-25 18:04:32.165  1353  1469 I UsbDeviceManager: water_intrused state= 0
03-25 18:04:32.168  1353  1353 D WifiService: onReceive, action:android.intent.action.BATTERY_CHANGED
03-25 18:04:32.168  1353  1353 D WifiService: ACTION_BATTERY_CHANGED pluggedType: 2
03-25 18:04:32.168  1688  1688 D KeyguardUpdateMonitor: received broadcast android.intent.action.BATTERY_CHANGED
03-25 18:04:32.168  1688  1688 W KeyguardUpdateMonitor: ACTION_BATTERY_CHANGED AMP: 0; Volt: 0
03-25 18:04:32.171  1688  1688 V KeyguardUpdateMonitor: RefreshBatteryInfo isBatteryLow: 100
03-25 18:04:32.171  1688  1688 W KeyguardUpdateMonitor: ChargingSpeed  Wattage: -1 ST: 5000000 --> 7500000
03-25 18:04:32.171  1688  1688 I KgBattery: BatteryInfo updated:  5lPC-1
03-25 18:04:32.172  1688  1688 W AppHandler: sendMessage with obj100
03-25 18:04:32.172  1688  1688 D KeyguardUpdateMonitor: handleBatteryUpdate
03-25 18:04:32.181  1353  1375 I WindowManager: Destroying surface Surface(name=Toast) called by com.android.server.wm.WindowStateAnimator.destroySurface:2056 com.android.server.wm.WindowStateAnimator.destroySurfaceLocked:908 com.android.server.wm.WindowState.destroyOrSaveSurface:2201 com.android.server.wm.WindowSurfacePlacer.performSurfacePlacementInner:514 com.android.server.wm.WindowSurfacePlacer.performSurfacePlacementLoop:288 com.android.server.wm.WindowSurfacePlacer.performSurfacePlacement:230 com.android.server.wm.WindowManagerService$H.handleMessage:8673 android.os.Handler.dispatchMessage:105 
03-25 18:04:32.189   437   437 I gralloc : alloc_device_free:586: Free handle(0x72af248f00)
03-25 18:04:32.197  1688  1688 W HwLockScreenPanel: refreshBatteryInfo: null
03-25 18:04:32.197  1688  1688 W HwLockScreenPanel: Handle message: 100
03-25 18:04:32.408   631   692 D bdatd   : [CpuInfo.cpp] cpu_looper# Check cpu information
03-25 18:04:32.414   631   691 D bdatd   : [BiDispatcher.cpp] dispatchInfo# level: 6, tag: BDAT_TAG_PROCESS_EXIT, time: 03-25 18:04:32.407, data: uid=0 pid=22658 utime=0 stime=0 name=/init
03-25 18:04:32.415   631   691 D bdatd   : [BiDispatcher.cpp] dispatchInfo# level: 6, tag: BDAT_TAG_PROCESS_EXIT, time: 03-25 18:04:32.407, data: uid=2000 pid=22589 utime=330000 stime=100000 name=app_process
03-25 18:04:32.430  1974  2088 I AppManager: no high cpu load
03-25 18:04:32.468  1353  1594 E TaskPersister: File error accessing recents directory (directory doesn't exist?).
03-25 18:04:34.937  2002  2147 D HwCust  : Create obj success use class android.telephony.HwCustSignalStrengthImpl
03-25 18:04:34.938  2002  2002 D HwCust  : Create obj success use class android.telephony.HwCustSignalStrengthImpl
03-25 18:04:37.103   615   653 I AwareLog: HibSTrategy::HibStrategySwapCandidateProcessAdd packagename com.android.packageinstaller
03-25 18:04:37.104  1974  2392 I PGServer: getTopFrontApp. calling pkg: android
03-25 18:04:37.106   615  2386 I AwareLog: HibStrategy::HibStrategySwapCandidateProcessRemove packagename is com.android.packageinstaller
03-25 18:04:37.107   615  2386 I AwareLog: HiberManagerService::sendMessagetoHiberTask successful
03-25 18:04:37.108   615   653 I AwareLog: HibSTrategy::HibStrategySwapCandidateProcessAdd packagename com.huawei.parentcontrol
03-25 18:04:37.109  1974 10469 I PGServer: getTopFrontApp. calling pkg: android
03-25 18:04:37.110   615  2386 I AwareLog: HibStrategy::HibStrategySwapCandidateProcessRemove packagename is com.huawei.parentcontrol
03-25 18:04:37.111   615  2386 I AwareLog: HiberManagerService::sendMessagetoHiberTask successful
03-25 18:04:37.112   615   653 I AwareLog: HibSTrategy::HibStrategySwapCandidateProcessAdd packagename com.svox.pico
03-25 18:04:37.113  1974  8721 I PGServer: getTopFrontApp. calling pkg: android
03-25 18:04:37.115   615  2386 I AwareLog: HibStrategy::HibStrategySwapCandidateProcessRemove packagename is com.svox.pico
03-25 18:04:37.115   615  2386 I AwareLog: HiberManagerService::sendMessagetoHiberTask successful
03-25 18:04:37.598  1353  2009 I chatty  : uid=1000(system) Binder:1353_8 expire 16 lines
03-25 18:04:37.600  1961  1973 D HwCust  : Create obj success use class android.telephony.HwCustSignalStrengthImpl
03-25 18:04:37.600  1961  1972 D HwCust  : Create obj success use class android.telephony.HwCustSignalStrengthImpl
03-25 18:04:37.600  2407  2420 D HwCust  : Create obj success use class android.telephony.HwCustSignalStrengthImpl
03-25 18:04:37.601  4439  4734 D HwCust  : Create obj success use class android.telephony.HwCustSignalStrengthImpl
03-25 18:04:37.601  5447  5458 D HwCust  : Create obj success use class android.telephony.HwCustSignalStrengthImpl
03-25 18:04:37.601  5447  5458 D HwCust  : Create obj success use class android.telephony.HwCustSignalStrengthImpl
03-25 18:04:37.602  6011  6025 D HwCust  : Create obj success use class android.telephony.HwCustSignalStrengthImpl
03-25 18:04:37.602  6011  6025 D HwCust  : Create obj success use class android.telephony.HwCustSignalStrengthImpl
03-25 18:04:37.602  4439  4984 D HwCust  : Create obj success use class android.telephony.HwCustSignalStrengthImpl
03-25 18:04:37.602  3324  3336 D HwCust  : Create obj success use class android.telephony.HwCustSignalStrengthImpl
03-25 18:04:37.603  3457  3942 D HwCust  : Create obj success use class android.telephony.HwCustSignalStrengthImpl
03-25 18:04:37.603  1353  1353 I chatty  : uid=1000 system_server expire 91 lines
03-25 18:04:37.607  3457  3468 D HwCust  : Create obj success use class android.telephony.HwCustSignalStrengthImpl
03-25 18:04:38.986  1353  1498 I chatty  : uid=1000(system) WifiStateMachin expire 20 lines
03-25 18:04:43.603  1961  2383 D HwCust  : Create obj success use class android.telephony.HwCustSignalStrengthImpl
03-25 18:04:43.604  3457  3941 D HwCust  : Create obj success use class android.telephony.HwCustSignalStrengthImpl
03-25 18:04:43.604  3457  3942 D HwCust  : Create obj success use class android.telephony.HwCustSignalStrengthImpl
03-25 18:04:43.604  1961  4556 D HwCust  : Create obj success use class android.telephony.HwCustSignalStrengthImpl
03-25 18:04:43.604  5447  5459 D HwCust  : Create obj success use class android.telephony.HwCustSignalStrengthImpl
03-25 18:04:43.604  5447  5459 D HwCust  : Create obj success use class android.telephony.HwCustSignalStrengthImpl
03-25 18:04:43.604  6011  6025 D HwCust  : Create obj success use class android.telephony.HwCustSignalStrengthImpl
03-25 18:04:43.604  4439 12010 D HwCust  : Create obj success use class android.telephony.HwCustSignalStrengthImpl
03-25 18:04:43.605  6011  6024 D HwCust  : Create obj success use class android.telephony.HwCustSignalStrengthImpl
03-25 18:04:43.605  4439  4453 D HwCust  : Create obj success use class android.telephony.HwCustSignalStrengthImpl
03-25 18:04:43.605  2407  2421 D HwCust  : Create obj success use class android.telephony.HwCustSignalStrengthImpl
03-25 18:04:43.605  3324  3335 D HwCust  : Create obj success use class android.telephony.HwCustSignalStrengthImpl
03-25 18:04:45.178  2002  2147 D HwCust  : Create obj success use class android.telephony.HwCustSignalStrengthImpl
03-25 18:04:45.179  2002  2002 D HwCust  : Create obj success use class android.telephony.HwCustSignalStrengthImpl
03-25 18:04:45.537   615   653 I AwareLog: HibSTrategy::HibStrategySwapCandidateProcessAdd packagename com.android.providers.calendar
03-25 18:04:45.538  1974  2393 I PGServer: getTopFrontApp. calling pkg: android
03-25 18:04:45.540   615  2386 I AwareLog: HibStrategy::HibStrategySwapCandidateProcessRemove packagename is com.android.providers.calendar
03-25 18:04:45.540   615  2386 I AwareLog: HiberManagerService::sendMessagetoHiberTask successful
03-25 18:04:45.541   615   653 I AwareLog: HibSTrategy::HibStrategySwapCandidateProcessAdd packagename com.huawei.android.FloatTasks
03-25 18:04:45.542  1974  1987 I PGServer: getTopFrontApp. calling pkg: android
03-25 18:04:45.543   615  2386 I AwareLog: HibStrategy::HibStrategySwapCandidateProcessRemove packagename is com.huawei.android.FloatTasks
03-25 18:04:45.543   615  2386 I AwareLog: HiberManagerService::sendMessagetoHiberTask successful
03-25 18:04:45.546   615   653 I AwareLog: HibSTrategy::HibStrategySwapCandidateProcessAdd packagename com.tencent.mm
03-25 18:04:45.546  1974  1988 I PGServer: getTopFrontApp. calling pkg: android
03-25 18:04:45.548   615  2386 I AwareLog: HibStrategy::HibStrategySwapCandidateProcessRemove packagename is com.tencent.mm
03-25 18:04:45.548   615  2386 I AwareLog: HiberManagerService::sendMessagetoHiberTask successful
03-25 18:04:47.735  1353  1564 I chatty  : uid=1000(system) WiFiArpStateMac expire 27 lines
03-25 18:04:49.609  1961  1972 D HwCust  : Create obj success use class android.telephony.HwCustSignalStrengthImpl
03-25 18:04:49.609  1961  1972 D HwCust  : Create obj success use class android.telephony.HwCustSignalStrengthImpl
03-25 18:04:49.609  3457  3468 D HwCust  : Create obj success use class android.telephony.HwCustSignalStrengthImpl
03-25 18:04:49.609  2407 27028 D HwCust  : Create obj success use class android.telephony.HwCustSignalStrengthImpl
03-25 18:04:49.609  3457  3468 D HwCust  : Create obj success use class android.telephony.HwCustSignalStrengthImpl
03-25 18:04:49.610  4439  4984 D HwCust  : Create obj success use class android.telephony.HwCustSignalStrengthImpl
03-25 18:04:49.610  6011  6025 D HwCust  : Create obj success use class android.telephony.HwCustSignalStrengthImpl
03-25 18:04:49.610  4439  4984 D HwCust  : Create obj success use class android.telephony.HwCustSignalStrengthImpl
03-25 18:04:49.610  6011  6025 D HwCust  : Create obj success use class android.telephony.HwCustSignalStrengthImpl
03-25 18:04:49.610  3324  3336 D HwCust  : Create obj success use class android.telephony.HwCustSignalStrengthImpl
03-25 18:04:49.610  5447  5458 D HwCust  : Create obj success use class android.telephony.HwCustSignalStrengthImpl
03-25 18:04:49.611  5447  5525 D HwCust  : Create obj success use class android.telephony.HwCustSignalStrengthImpl
03-25 18:04:49.700  1353  1498 I chatty  : uid=1000(system) WifiStateMachin expire 20 lines
03-25 18:04:50.298  2002  2147 D HwCust  : Create obj success use class android.telephony.HwCustSignalStrengthImpl
03-25 18:04:50.299  2002  2002 D HwCust  : Create obj success use class android.telephony.HwCustSignalStrengthImpl
03-25 18:04:50.299  1353  3179 I chatty  : uid=1000(system) Binder:1353_13 expire 16 lines
03-25 18:04:50.300  1961  4556 D HwCust  : Create obj success use class android.telephony.HwCustSignalStrengthImpl
03-25 18:04:50.300  1961  4556 D HwCust  : Create obj success use class android.telephony.HwCustSignalStrengthImpl
03-25 18:04:50.300  3324  3335 D HwCust  : Create obj success use class android.telephony.HwCustSignalStrengthImpl
03-25 18:04:50.301  3457  3942 D HwCust  : Create obj success use class android.telephony.HwCustSignalStrengthImpl
03-25 18:04:50.301  3457  3942 D HwCust  : Create obj success use class android.telephony.HwCustSignalStrengthImpl
03-25 18:04:50.301  6011  6025 D HwCust  : Create obj success use class android.telephony.HwCustSignalStrengthImpl
03-25 18:04:50.301  6011  6025 D HwCust  : Create obj success use class android.telephony.HwCustSignalStrengthImpl
03-25 18:04:50.301  4439 12013 D HwCust  : Create obj success use class android.telephony.HwCustSignalStrengthImpl
03-25 18:04:50.301  4439  4453 D HwCust  : Create obj success use class android.telephony.HwCustSignalStrengthImpl
03-25 18:04:50.302  5447  5458 D HwCust  : Create obj success use class android.telephony.HwCustSignalStrengthImpl
03-25 18:04:50.302  2407  3350 D HwCust  : Create obj success use class android.telephony.HwCustSignalStrengthImpl
03-25 18:04:50.302  5447  5458 D HwCust  : Create obj success use class android.telephony.HwCustSignalStrengthImpl
03-25 18:04:51.483 23117 23117 I chatty  : uid=2000(shell) app_process expire 87 lines
03-25 18:04:51.573 23117 23125 E SchedPolicy: open of dev/cpuctl/limit_fg/tasks failed: Permission denied
03-25 18:04:51.573 23117 23125 E SchedPolicy: open of dev/cpuctl/bg_non_interactive/limit_bg/tasks failed: Permission denied
03-25 18:04:51.986 23127 23127 I chatty  : uid=2000(shell) app_process expire 87 lines
03-25 18:04:52.063 23127 23138 E SchedPolicy: open of dev/cpuctl/limit_fg/tasks failed: Permission denied
03-25 18:04:52.063 23127 23138 E SchedPolicy: open of dev/cpuctl/bg_non_interactive/limit_bg/tasks failed: Permission denied
03-25 18:04:52.067  1353  2617 I ActivityManager: Force stopping cn.dcpai.auction appid=10404 user=0: from pid 23127by app
03-25 18:04:52.068  1353  2617 I ActivityManager: Killing 22602:cn.dcpai.auction/u0a404 (adj 0): stop cn.dcpai.auctionfrom pid 23127by app
03-25 18:04:52.068  1353  2617 D ActivityManager: cleanUpApplicationRecord -- 22602
03-25 18:04:52.068  1353  1368 I libprocessgroup: Killing pid 23007 in uid 10404 as part of process group 22602
03-25 18:04:52.069  1353  2617 W ActivityManager: Scheduling restart of crashed service cn.dcpai.auction/com.hyphenate.chat.EMJobService in 1000ms
03-25 18:04:52.069  1353  2617 I chatty  : uid=1000(system) Binder:1353_12 expire 11 lines
03-25 18:04:52.069  1353  2617 W ActivityManager: Scheduling restart of crashed service cn.dcpai.auction/com.hyphenate.chat.EMChatService in 11000ms
03-25 18:04:52.070  1353  2617 W ActivityManager: Force removing ActivityRecord{e5713a0 u0 cn.dcpai.auction/.MainActivity t832}: app died, no saved state
03-25 18:04:52.071  1353  1985 I chatty  : uid=1000(system) Binder:1353_5 expire 14 lines
03-25 18:04:52.076  1353  1368 I libprocessgroup: Killing pid 23007 in uid 10404 as part of process group 22602
03-25 18:04:52.076  1353  2617 I WindowManager: Destroying surface Surface(name=cn.dcpai.auction/cn.dcpai.auction.MainActivity) called by com.android.server.wm.WindowStateAnimator.destroySurface:2056 com.android.server.wm.WindowStateAnimator.destroySurfaceLocked:908 com.android.server.wm.WindowState.removeLocked:1534 com.android.server.wm.WindowManagerService.removeWindowInnerLocked:2772 com.android.server.wm.WindowManagerService.removeWindowInnerLocked:2735 com.android.server.wm.WindowManagerService.removeWindowLocked:2724 com.android.server.wm.WindowManagerService.removeWindowLocked:2593 com.android.server.wm.AppWindowToken.removeAllWindows:534 
03-25 18:04:52.084  1353  2617 V HwWindowManagerService: moveTaskToTop mTaskChanged:true
03-25 18:04:52.084  1353  2617 V HwWindowManagerService: setFocusedApp update app ops, mTaskChanged set to:false
03-25 18:04:52.086   437   437 I gralloc : alloc_device_free:586: Free handle(0x72af248800)
03-25 18:04:52.086   437   437 I gralloc : alloc_device_free:586: Free handle(0x7291add800)
03-25 18:04:52.086   437   437 I gralloc : alloc_device_free:586: Free handle(0x72af248d00)
03-25 18:04:52.104  1353  2617 I ActivityManager: Killing 22659:cn.dcpai.auction:pushcore/u0a404 (adj 500): stop cn.dcpai.auctionfrom pid 23127by app
03-25 18:04:52.104  1353  2617 D ActivityManager: cleanUpApplicationRecord -- 22659
03-25 18:04:52.105  1353  2617 W ActivityManager: Scheduling restart of crashed service cn.dcpai.auction/cn.jpush.android.service.PushService in 20964ms
03-25 18:04:52.109  1353  2617 I ActivityManager:   Force stopping service ServiceRecord{e2474e5 u0 euid: 0 cn.dcpai.auction/com.hyphenate.chat.EMChatService}
03-25 18:04:52.109  1353  2617 I ActivityManager:   Force stopping service ServiceRecord{f41bbba u0 euid: 0 cn.dcpai.auction/com.hyphenate.chat.EMJobService}
03-25 18:04:52.110  1353  2617 D HwBroadcastQueue: cleanupDisabledPackageReceiversLocked for userId 0
03-25 18:04:52.110  1353  2617 D HwBroadcastQueue: cleanupDisabledPackageReceiversLocked for userId 0
03-25 18:04:52.110  1353  2617 D HwBroadcastQueue: cleanupDisabledPackageReceiversLocked for userId 0
03-25 18:04:52.110  1353  2617 D HwBroadcastQueue: cleanupDisabledPackageReceiversLocked for userId 0
03-25 18:04:52.110  1353  2617 D HwBroadcastQueue: cleanupDisabledPackageReceiversLocked for userId 0
03-25 18:04:52.110  1353  2617 D HwBroadcastQueue: cleanupDisabledPackageReceiversLocked for userId 0
03-25 18:04:52.110  1353  2617 I ActivityManager: Force stopping cn.dcpai.auction appid=10404 user=10: from pid 23127by app
03-25 18:04:52.112  1353  2617 D HwBroadcastQueue: cleanupDisabledPackageReceiversLocked for userId 10
03-25 18:04:52.112  1353  2617 D HwBroadcastQueue: cleanupDisabledPackageReceiversLocked for userId 10
03-25 18:04:52.112  1353  2617 D HwBroadcastQueue: cleanupDisabledPackageReceiversLocked for userId 10
03-25 18:04:52.112  1353  2617 D HwBroadcastQueue: cleanupDisabledPackageReceiversLocked for userId 10
03-25 18:04:52.112  1353  2617 D HwBroadcastQueue: cleanupDisabledPackageReceiversLocked for userId 10
03-25 18:04:52.112  1353  2617 D HwBroadcastQueue: cleanupDisabledPackageReceiversLocked for userId 10
03-25 18:04:52.113  1974  2248 D HwMultiWindowEx: isInMultiWindowMode ret: 0
03-25 18:04:52.114  2582  2582 I HwLauncher: Launcher onStart()
03-25 18:04:52.114  1353  1958 E HwActivityManagerService: getProcessRecordFromMTM process info is null ,mUid :22659
03-25 18:04:52.114  1353  1958 E ProcessInfoCollector: recordProcessInfo  failed to get process record
03-25 18:04:52.114  2582  2582 I HwLauncher: Launcher  Launcher.onStart() cost 0 ms
03-25 18:04:52.114  1353  2009 I HwNetworkPolicy: onTransact, code = 203
03-25 18:04:52.114  2582  2802 E HwLauncher: SettingsEx , no such field.
03-25 18:04:52.114  2582  2802 W HwLauncher: Clock getDataFormat the getSystemString failed.
03-25 18:04:52.115  1922  2177 I HwNetworkPolicyManager: getHwUidPolicy uid = 10051 policy = 0
03-25 18:04:52.115  2582  2582 I HwLauncher: Launcher onResume()
03-25 18:04:52.115  2582  2582 I HwLauncher: Launcher doResumeWork()
03-25 18:04:52.116  1922  1922 W HwSystemManager: AbsRecordInfo:createRecordFromBundle type provider or service
03-25 18:04:52.116   631   691 D bdatd   : [BiDispatcher.cpp] dispatchInfo# level: 6, tag: BDAT_TAG_SCENE_CHANGED, time: 03-25 18:04:52.107, data: name=com.huawei.android.launcher
03-25 18:04:52.117  1353  1363 I HwNetworkPolicy: onTransact, code = 203
03-25 18:04:52.117  5329  5421 I HwNetworkPolicyManager: getHwUidPolicy uid = 10051 policy = 0
03-25 18:04:52.118  2582  2802 I HwLauncher: ClockDynamicUpdater clock update folder at ClockDynamicUpdater
03-25 18:04:52.118  2582  2802 I HwLauncher: DynamicUpdater updateBitmap end and send update message
03-25 18:04:52.119  2582  2582 I HwLauncher: Launcher  onResume mIsToUninstallApp = false
03-25 18:04:52.119  2582  2582 I HwLauncher: Launcher  Launcher hot start cost 5 ms
03-25 18:04:52.120  2002  2002 D CarrierSvcBindHelper: No carrier app for: 0
03-25 18:04:52.121  2002  2002 D CarrierSvcBindHelper: No carrier app for: 1
03-25 18:04:52.122  1353  3181 I chatty  : uid=1000(system) Binder:1353_14 expire 6 lines
03-25 18:04:52.123  2002  2002 D CarrierSvcBindHelper: No carrier app for: 0
03-25 18:04:52.123  2002  2002 D CarrierSvcBindHelper: No carrier app for: 1
03-25 18:04:52.123  1353  1353 I HwCoreAppHelperService: LocalReceiver receives:android.intent.action.PACKAGE_RESTARTED,pkg:cn.dcpai.auction,uid:10404
03-25 18:04:52.125  2501  2501 D ApduServiceInfo: No com.nxp.nfc.extensions meta-data
03-25 18:04:52.128  1353  1353 I HwCoreAppHelperService: LocalReceiver receives:android.intent.action.PACKAGE_RESTARTED,pkg:cn.dcpai.auction,uid:1010404
03-25 18:04:52.132   631   691 E bdatd   : [UidStat.cpp] setPidCputime# Invalid delta time, uid: 10404, pid: 22602 name: n.dcpai.auction
03-25 18:04:52.133  1353  2551 V HwPhoneWindowManager: updateSystemUiColorLw window=Window{bb3f0f9 u0 com.huawei.android.launcher/com.huawei.android.launcher.unihome.UniHomeLauncher},EmuiStyle=-1,StatusBarColor=0xfffcfcfc,NavigationBarColor=0x0, mLastIsEmuiLightStyle=-1
03-25 18:04:52.133   631   691 D bdatd   : [BiDispatcher.cpp] dispatchInfo# level: 6, tag: BDAT_TAG_PROCESS_EXIT, time: 03-25 18:04:52.127, data: uid=10404 pid=22602 utime=25320000 stime=2130000 name=cn.dcpai.auction
03-25 18:04:52.133  1353  1367 I chatty  : uid=1000(system) android.ui expire 8 lines
03-25 18:04:52.134   631   691 D bdatd   : [BiDispatcher.cpp] dispatchInfo# level: 6, tag: BDAT_TAG_PROCESS_EXIT, time: 03-25 18:04:52.127, data: uid=10404 pid=22659 utime=320000 stime=40000 name=cn.dcpai.auction:pushcore
03-25 18:04:52.134   631   691 D bdatd   : [BiDispatcher.cpp] dispatchInfo# level: 6, tag: BDAT_TAG_PROCESS_EXIT, time: 03-25 18:04:52.127, data: uid=10404 pid=23007 utime=0 stime=0 name=cn.dcpai.auction
03-25 18:04:52.134  1688  1839 I CommandQueue: updateBarBgColor
03-25 18:04:52.134  1688  1839 D CommandQueue: CommandQueue, setBarBackgroundColor
03-25 18:04:52.137  2582  2851 I OpenGLRenderer: Initialized EGL, version 1.4
03-25 18:04:52.137  2582  2582 I HwLauncher: DynamicUpdater  mDynamicIconList size:1 Intent:Intent { cmp=com.android.deskclock/.AlarmsMainActivity }
03-25 18:04:52.137  2582  2582 I HwLauncher: DynamicUpdater call updateFolder
03-25 18:04:52.137  2582  2851 D OpenGLRenderer: Swap behavior 1
03-25 18:04:52.140  2582  2851 D mali_winsys: EGLint new_window_surface(egl_winsys_display*, void*, EGLSurface, EGLConfig, egl_winsys_surface**, egl_color_buffer_format*, EGLBoolean) returns 0x3000
03-25 18:04:52.141   437   451 E ion     : set flags ioctrl failed!
03-25 18:04:52.142  1688  1688 D TintManager: statusBarIconTint=#B3000000,navigationBarIconTint=#00000000
03-25 18:04:52.145   437   451 I gralloc : alloc_device_alloc:564: Alloc handle(0x7291addf00): interfmt=200000001, stride=1088, size=8486912, usage=0xb00
03-25 18:04:52.145  2582  2582 D MyLayout: onWindowFocusChanged ...stop..refesh
03-25 18:04:52.145   437   451 E ion     : set flags ioctrl failed!
03-25 18:04:52.145  1939  1939 D HwCust  : Create obj success use class com.huawei.android.totemweather.utils.HwCustTotemLocationImpl
03-25 18:04:52.147   437   451 I gralloc : alloc_device_alloc:564: Alloc handle(0x72af248900): interfmt=200000001, stride=1088, size=8486912, usage=0xb00
03-25 18:04:52.147   437   451 E ion     : set flags ioctrl failed!
03-25 18:04:52.147  1353  1986 D SecInputMethodManagerService: unbind secime
03-25 18:04:52.150   437   451 I gralloc : alloc_device_alloc:564: Alloc handle(0x72af248b00): interfmt=200000001, stride=1088, size=8486912, usage=0xb00
03-25 18:04:52.151  1688  1688 D TintTextView: #B3FFFFFF com.android.systemui.time.HwStatusBarClock{1606c56 V.ED..... ......ID 0,0-0,0 #7f1401db app:id/clock}
03-25 18:04:52.151  1688  1688 D TintTextView: #B3FFFFFF com.android.systemui.time.HwStatusBarClock{91b5671 V.ED..... ......ID 783,0-930,72 #7f1401db app:id/clock}
03-25 18:04:52.151  1688  1688 D TintTextView: #B3FFFFFF com.android.systemui.tint.TintTextView{739b02b V.ED..... ......ID 0,1-86,43 #7f1401d0 app:id/battery_outside_percent}
03-25 18:04:52.151  1688  1688 D TintTextView: #B3FFFFFF com.android.systemui.tint.TintTextView{8bfc18a V.ED..... ......I. 0,0-0,0 #7f14041f app:id/hotspot_num}
03-25 18:04:52.151  1688  1688 D TintTextView: #B3FFFFFF com.android.systemui.tint.TintTextView{99f92c V.ED..... ......ID 0,0-0,0 #7f140421 app:id/speed}
03-25 18:04:52.151  1688  1688 D TintTextView: #B3FFFFFF com.android.systemui.tint.TintTextView{bb10d00 V.ED..... ......ID 0,11-108,60 #7f14004e app:id/msim_status_bar_operators_card_one_id}
03-25 18:04:52.152  1688  1688 D TintTextView: #B3FFFFFF com.android.systemui.time.HwStatusBarClock{dd69e32 V.ED..... ........ 245,0-392,72 #7f1401db app:id/clock}
03-25 18:04:52.152  1688  1688 D TintTextView: #B3FFFFFF com.android.systemui.tint.TintTextView{bf256de V.ED..... ........ 0,1-86,43 #7f1401d0 app:id/battery_outside_percent}
03-25 18:04:52.153  1688  1688 D TintTextView: #B3FFFFFF com.android.systemui.tint.TintTextView{4d3e7 V.ED..... ......I. 0,0-0,0 #7f14041f app:id/hotspot_num}
03-25 18:04:52.153  1688  1688 D TintTextView: #B3FFFFFF com.android.systemui.tint.TintTextView{912ab01 V.ED..... ......ID 0,0-0,0 #7f140421 app:id/speed}
03-25 18:04:52.153  1688  1688 D TintTextView: #B3FFFFFF com.android.systemui.tint.TintTextView{b902dda V.ED..... ......ID 0,0-0,0 #7f140348 app:id/hw_notification_number}
03-25 18:04:52.153  1688  1688 D TintTextView: #B3FFFFFF com.android.systemui.tint.TintTextView{41058fc V.ED..... ........ 0,0-108,49 #7f14004e app:id/msim_status_bar_operators_card_one_id}
03-25 18:04:52.153  1688  1688 I PhoneStatusBarPolicy: updateBluetooth:::setBluetoothBatteryEnable false.
03-25 18:04:52.153  1688  1688 I PhoneStatusBarPolicy: updateBluetooth::bluetoothEnabled:false, bluetoothConnected=false, bluetoothTransfering=false
03-25 18:04:52.154  2002  2297 W PhoneInterfaceManager: shouldBlockLocation running ...
03-25 18:04:52.154  2002  2297 I PhoneInterfaceManager: shouldBlockLocation  ret:false
03-25 18:04:52.163 22907 22907 E JavaBinder: !!! FAILED BINDER TRANSACTION !!!  (parcel size = 88)
03-25 18:04:52.164 22636 22636 I AppiumUnicodeIME: onFinishInput
03-25 18:04:52.164 22636 22636 I AppiumUnicodeIME: onStartInput
03-25 18:04:52.172 22907 22907 I Process : Sending signal. PID: 22907 SIG: 9
03-25 18:04:52.193  1353  3454 I chatty  : uid=1000(system) Binder:1353_16 expire 9 lines
03-25 18:04:52.196  1688  1688 D BarTransitions.HwNavigationBarView: MODE_TRANSPARENT -> MODE_TRANSLUCENT animate=false
03-25 18:04:52.196  1688  1688 D BarTransitions.HwNavigationBarView: applyModeBackground oldMode=MODE_TRANSPARENT newMode=MODE_TRANSLUCENT animate=false
03-25 18:04:52.238  1353  2545 I ActivityManager: Process com.huawei.secime (pid 22907) has died
03-25 18:04:52.238  1353  2545 D ActivityManager: cleanUpApplicationRecord -- 22907
03-25 18:04:52.239  1353  3183 I chatty  : uid=1000(system) Binder:1353_15 expire 20 lines
03-25 18:04:52.241  1688  1688 W ImageWallpaper: trimMemory condition not ready!
03-25 18:04:52.518 23147 23147 I chatty  : uid=2000(shell) app_process expire 89 lines
03-25 18:04:52.613 23147 23158 E SchedPolicy: open of dev/cpuctl/limit_fg/tasks failed: Permission denied
03-25 18:04:52.613 23147 23158 E SchedPolicy: open of dev/cpuctl/bg_non_interactive/limit_bg/tasks failed: Permission denied
03-25 18:04:52.616  1353  2009 I chatty  : uid=1000(system) Binder:1353_8 expire 20 lines
03-25 18:04:52.617  1353  1482 I chatty  : uid=1000(system) InputDispatcher expire 6 lines
03-25 18:04:52.623  1688  1688 W HwKeyguardDragHelper: AnimationBlocked
03-25 18:04:52.627  1353  1482 I ActivityManager: START u0 {act=android.intent.action.MAIN cat=[android.intent.category.HOME] flg=0x10200200 cmp=com.huawei.android.launcher/.unihome.UniHomeLauncher (has extras)} from uid 1000 on display 0
03-25 18:04:52.628  1353  1482 I ActivityManager: ActivityRecord info: ActivityInfo{a76b27a com.huawei.android.launcher.unihome.UniHomeLauncher}, euid: 0
03-25 18:04:52.631  2582  2582 I HwLauncher: Launcher onPause()
03-25 18:04:52.632  1353  1482 V HwWindowManagerService: moveTaskToTop mTaskChanged:true
03-25 18:04:52.632  2582  2582 I HwLauncher: Launcher  onNewIntent mIsToUninstallApp = false,mIsLoading = false
03-25 18:04:52.632  2582 23160 I HwLauncher: Launcher.MotionManager stopMotionAppsReco begin,mFlg = 403
03-25 18:04:52.632  2582 23160 D MotionDetectionManager: stopMotionAppsReco motionApps: 403
03-25 18:04:52.632  2582 23160 D MotionDetectionManager: stopMotionAppsReco not recognition motionApps 403
03-25 18:04:52.632  2582 23160 W HwLauncher: Launcher.MotionManager stopMotionAppsReco service flg 403 is unavailable
03-25 18:04:52.634  2582  2582 I HwLauncher: Launcher  onNewIntent alreadyOnHome = true, touchActive = false
03-25 18:04:52.634  2582  2582 I HwLauncher: Launcher hidePiflowsNews called by Launcher.onNewIntent, show = false
03-25 18:04:52.634  2582  2582 I HwLauncher:  FPSMonitor snapToPage whichPage = 0 delta = -1080 duration = 300
03-25 18:04:52.635  2582  2582 I HwLauncher: Workspace  changeState() fromState = NORMAL_MODE, toState = NORMAL_MODE, animated = true, delay = 40
03-25 18:04:52.635  2582  2582 W HwLauncher: Workspace  changeState() state no change.
03-25 18:04:52.635  2582  2582 I HwLauncher: Launcher  onNewIntent end
03-25 18:04:52.635  2582  2582 I HwLauncher: Launcher onResume()
03-25 18:04:52.638  2582  2582 I HwLauncher: Launcher  onResume mIsToUninstallApp = false
03-25 18:04:52.638  2582  2582 I HwLauncher: Launcher  Launcher hot start cost 3 ms
03-25 18:04:52.658  1353  3179 W WindowManager: Attempted to remove non-existing token: android.os.Binder@11029fa
03-25 18:04:52.680  1353  3179 I [SPMN]  : insert SECURE -- name = accessibility_enabled, package = android, user = 0, value = 0
03-25 18:04:52.948  2582  2582 I HwLauncher:  FPSMonitor endScroll
03-25 18:04:53.217 23166 23166 I chatty  : uid=2000(shell) app_process expire 87 lines
03-25 18:04:53.301 23166 23174 E SchedPolicy: open of dev/cpuctl/limit_fg/tasks failed: Permission denied
03-25 18:04:53.301 23166 23174 E SchedPolicy: open of dev/cpuctl/bg_non_interactive/limit_bg/tasks failed: Permission denied
03-25 18:04:53.304  1353  2546 I ActivityManager: Force stopping io.appium.unlock appid=10021 user=0: from pid 23166by app
03-25 18:04:53.307  1353  2546 D HwBroadcastQueue: cleanupDisabledPackageReceiversLocked for userId 0
03-25 18:04:53.308  1353  2546 D HwBroadcastQueue: cleanupDisabledPackageReceiversLocked for userId 0
03-25 18:04:53.308  1353  2546 D HwBroadcastQueue: cleanupDisabledPackageReceiversLocked for userId 0
03-25 18:04:53.308  1353  2546 D HwBroadcastQueue: cleanupDisabledPackageReceiversLocked for userId 0
03-25 18:04:53.308  1353  2546 D HwBroadcastQueue: cleanupDisabledPackageReceiversLocked for userId 0
03-25 18:04:53.308  1353  2546 D HwBroadcastQueue: cleanupDisabledPackageReceiversLocked for userId 0
03-25 18:04:53.309  1353  2546 I ActivityManager: Force stopping io.appium.unlock appid=10021 user=10: from pid 23166by app
03-25 18:04:53.312  1353  2546 D HwBroadcastQueue: cleanupDisabledPackageReceiversLocked for userId 10
03-25 18:04:53.312  1353  2546 D HwBroadcastQueue: cleanupDisabledPackageReceiversLocked for userId 10
03-25 18:04:53.312  1353  2546 D HwBroadcastQueue: cleanupDisabledPackageReceiversLocked for userId 10
03-25 18:04:53.312  1353  2546 D HwBroadcastQueue: cleanupDisabledPackageReceiversLocked for userId 10
03-25 18:04:53.312  1353  2546 D HwBroadcastQueue: cleanupDisabledPackageReceiversLocked for userId 10
03-25 18:04:53.312  1353  2546 D HwBroadcastQueue: cleanupDisabledPackageReceiversLocked for userId 10
03-25 18:04:53.318  2002  2002 D CarrierSvcBindHelper: No carrier app for: 0
03-25 18:04:53.318  2002  2002 D CarrierSvcBindHelper: No carrier app for: 1
03-25 18:04:53.320  2002  2002 D CarrierSvcBindHelper: No carrier app for: 0
03-25 18:04:53.320  2002  2002 D CarrierSvcBindHelper: No carrier app for: 1
03-25 18:04:53.320  1353  1353 I HwCoreAppHelperService: LocalReceiver receives:android.intent.action.PACKAGE_RESTARTED,pkg:io.appium.unlock,uid:10021
03-25 18:04:53.324  1353  1353 I HwCoreAppHelperService: LocalReceiver receives:android.intent.action.PACKAGE_RESTARTED,pkg:io.appium.unlock,uid:1010021
03-25 18:04:53.326  2501  2501 D ApduServiceInfo: No com.nxp.nfc.extensions meta-data
03-25 18:04:53.635  2582  2582 I HwLauncher: Launcher doResumeWork()
03-25 18:04:53.972   615   653 I AwareLog: HibSTrategy::HibStrategySwapCandidateProcessAdd packagename com.tencent.mm
03-25 18:04:53.973  1974  2620 I PGServer: getTopFrontApp. calling pkg: android
03-25 18:04:53.976   615  2386 I AwareLog: HibStrategy::HibStrategySwapCandidateProcessRemove packagename is com.tencent.mm
03-25 18:04:53.976   615  2386 I AwareLog: HiberManagerService::sendMessagetoHiberTask successful
03-25 18:04:53.980   615   653 I AwareLog: HibSTrategy::HibStrategySwapCandidateProcessAdd packagename com.huawei.systemmanager
03-25 18:04:53.982  1974  2393 I PGServer: getTopFrontApp. calling pkg: android
03-25 18:04:53.986   615  2386 W AwareLog: HiberManagerService::do_reclaim open reclaim_path /proc/5329/reclaim failed
03-25 18:04:53.986   615  2386 I AwareLog: HiberManagerService::getReclaimResult:reclaim_kb=0, swap_kb=0, swap_us=0
03-25 18:04:53.986   615  2386 I AwareLog: HibStrategy::HibStrategySwapCandidateProcessRemove packagename is com.huawei.systemmanager
03-25 18:04:53.986   615  2386 I AwareLog: HiberManagerService::sendMessagetoHiberTask successful
03-25 18:04:55.011  1353  1575 I chatty  : uid=1000(system) HuaweiWifiWatch expire 65 lines
03-25 18:04:55.012  1353  1573 I chatty  : uid=1000(system) Thread-10 expire 18 lines
03-25 18:04:55.015  1353  1353 I chatty  : uid=1000 system_server expire 81 lines
03-25 18:04:55.100  1353  1594 E TaskPersister: File error accessing recents directory (directory doesn't exist?).
03-25 18:04:55.161   614   614 E Thermal-daemon: [charger_ic] temp_new :31  temp_old :30
03-25 18:04:55.161   614   614 E Thermal-daemon: Report temperature: [charger_ic] temp :31  report_threshold:1
03-25 18:04:55.162   614   614 E Thermal-daemon: [flash_led] temp_new :32  temp_old :31
03-25 18:04:55.162   614   614 E Thermal-daemon: Report temperature: [flash_led] temp :32  report_threshold:1
03-25 18:04:55.163   614   614 E Thermal-daemon: [ap] temp_new :32  temp_old :31
03-25 18:04:55.163   614   614 E Thermal-daemon: Report temperature: [ap] temp :32  report_threshold:1
03-25 18:04:56.306  1961  4556 D HwCust  : Create obj success use class android.telephony.HwCustSignalStrengthImpl
03-25 18:04:56.306  1353  3515 I chatty  : uid=1000(system) Binder:1353_1A expire 16 lines
03-25 18:04:56.307  1961  4556 D HwCust  : Create obj success use class android.telephony.HwCustSignalStrengthImpl
03-25 18:04:56.307  3324  3335 D HwCust  : Create obj success use class android.telephony.HwCustSignalStrengthImpl
03-25 18:04:56.308  3457  3941 D HwCust  : Create obj success use class android.telephony.HwCustSignalStrengthImpl
03-25 18:04:56.308  2407  8732 D HwCust  : Create obj success use class android.telephony.HwCustSignalStrengthImpl
03-25 18:04:56.309  4439 12013 D HwCust  : Create obj success use class android.telephony.HwCustSignalStrengthImpl
03-25 18:04:56.309  3457  3942 D HwCust  : Create obj success use class android.telephony.HwCustSignalStrengthImpl
03-25 18:04:56.309  5447  5525 D HwCust  : Create obj success use class android.telephony.HwCustSignalStrengthImpl
03-25 18:04:56.310  6011  6025 D HwCust  : Create obj success use class android.telephony.HwCustSignalStrengthImpl
03-25 18:04:56.310  5447  5459 D HwCust  : Create obj success use class android.telephony.HwCustSignalStrengthImpl
03-25 18:04:56.310  6011  6025 D HwCust  : Create obj success use class android.telephony.HwCustSignalStrengthImpl
03-25 18:04:56.311  4439  4452 D HwCust  : Create obj success use class android.telephony.HwCustSignalStrengthImpl
03-25 18:04:57.612  1974  2088 D WakelockMonitor: check gps high power
03-25 18:04:57.939  2002  2147 D HwCust  : Create obj success use class android.telephony.HwCustSignalStrengthImpl
03-25 18:04:57.943  2002  2002 D HwCust  : Create obj success use class android.telephony.HwCustSignalStrengthImpl
03-25 18:04:58.776  1353  1564 I chatty  : uid=1000(system) WiFiArpStateMac expire 41 lines
03-25 18:04:59.478  1353  1483 I chatty  : uid=1000(system) InputReader expire 72 lines
03-25 18:04:59.489  2582  2582 I HwLauncher: FPSMonitor  [Launcher , dispatchTouchEvent begin, false, true] down event  x = 396 y = 1002
03-25 18:04:59.489  2582  2582 I HwLauncher: Launcher workspaceTranslationX = 0.0
03-25 18:04:59.490  2582  2582 I HwLauncher: FPSMonitor  [PagedView , onIntercept] down event  x = 396 y = 1002
03-25 18:04:59.493  2582  2582 I HwLauncher: FPSMonitor  [Launcher , dispatchTouchEvent end, false, true] down event  x = 396 y = 1002
03-25 18:04:59.500  2582  2582 I HwLauncher:  FPSMonitor startScroll xMoved = true  xPaged = true xDiff =  87
03-25 18:04:59.535  2582  2582 I HwLauncher: FPSMonitor  [Launcher , dispatchTouchEvent begin, false, true] up event  x = 115 y = 1044
03-25 18:04:59.535  2582  2582 I HwLauncher: FPSMonitor  [PagedView , onTouchEvent] up event  x = 115 y = 1044
03-25 18:04:59.535  2582  2582 I HwLauncher:  FPSMonitor snapToPage whichPage = 1 delta = 972 duration = 324
03-25 18:04:59.536  2582  2582 I HwLauncher: FPSMonitor  [Launcher , dispatchTouchEvent end, false, true] up event  x = 115 y = 1044
03-25 18:04:59.663  4921  4921 I Step_LSC: 80000309|onStandStepChanged 0
03-25 18:04:59.664  1989  1989 D HwStepCounter: onDeviceDataChanged
03-25 18:04:59.665  1989  1989 W HwStepCounter: version : 1
03-25 18:04:59.665  1989  1989 I HwStepCounter: dealReportData length 19
03-25 18:04:59.665  1989  1989 W HwStepCounter: abi 31 total 0 total floor 0 totalCar 1024 total dis 2048
03-25 18:04:59.665  1989  1989 W HwStepCounter: stepPace 4096 stepLength 8192 speed 16384 touchdown_ratio 32768 reserved1 0 reserved2 0
03-25 18:04:59.666  1989  1989 E HwStepCounter: dealReportData tm: 2019-03-25 18:04:59 steps_value[0] : 0 state_value[0]:0 level_value[0]:0
03-25 18:04:59.666  1989  1989 I HwStepCounter: ###### finish ####
03-25 18:04:59.666  1989  1989 I HwStepCounter: isBeginOfToday: 25 -> 25
03-25 18:04:59.666  1989  1989 I HwStepCounter: isBeginOfToday: false
03-25 18:04:59.666  1989  1989 I HwStepCounter: dealReportData: diff = 0
03-25 18:04:59.687  1989  3393 D HwStepCounter: ReportProxy client : 1
03-25 18:04:59.687  1989  3393 I StepCounterRemoteProxy: Report client count 1
