03-25 18:05:08.365  1353  2551 D ActivityManager: Skipping, withExcluded: false, tr.intent:Intent { act=android.intent.action.hwCHOOSER flg=0x18800000 cmp=com.huawei.android.internal.app/.HwChooserActivity (has extras) }
03-25 18:05:08.365  1353  2551 D ActivityManager: Skipping, withExcluded: false, tr.intent:Intent { act=android.intent.action.MAIN cat=[android.intent.category.LAUNCHER] flg=0x10a00000 cmp=io.appium.settings/.Settings }
03-25 18:05:08.365  1353  2551 D ActivityManager: Skipping, withExcluded: false, tr.intent:Intent { act=android.intent.action.VIEW dat=content://com.android.browser.fileProvider/external_files/Downloads/app-debug1367379298184866856.apk typ=application/vnd.android.package-archive flg=0x18800000 cmp=com.android.packageinstaller/.PackageInstallerActivity (has extras) }
03-25 18:05:08.365  1353  2551 D ActivityManager: Skipping, withExcluded: false, tr.intent:Intent { flg=0x10804000 cmp=com.android.systemui/.recents.RecentsActivity bnds=[48,336][1032,1596] }
03-25 18:05:08.365  1353  2551 D ActivityManager: Skipping, withExcluded: false, tr.intent:Intent { act=android.deviceinfo.chooser.action.LAUNCH flg=0x10800000 pkg=com.android.settings cmp=com.android.settings/.deviceinfo.UsbConnModeChooserActivity }
03-25 18:05:08.365  1353  2551 D ActivityManager: Skipping, withExcluded: false, tr.intent:Intent { act=android.intent.action.MAIN cat=[android.intent.category.HOME] flg=0x10800300 cmp=com.android.settings/.FallbackHome }
03-25 18:05:08.367  1353  3477 D ActivityManager: Skipping, home stack task: TaskRecord{d827d1c #764 A=com.huawei.android.launcher U=0 StackId=0 sz=1}
03-25 18:05:08.367  1353  3477 D ActivityManager: Skipping, withExcluded: false, tr.intent:Intent { act=android.intent.action.hwCHOOSER flg=0x18800000 cmp=com.huawei.android.internal.app/.HwChooserActivity (has extras) }
03-25 18:05:08.367  1353  3477 D ActivityManager: Skipping, withExcluded: false, tr.intent:Intent { act=android.intent.action.MAIN cat=[android.intent.category.LAUNCHER] flg=0x10a00000 cmp=io.appium.settings/.Settings }
03-25 18:05:08.367  1353  3477 D ActivityManager: Skipping, withExcluded: false, tr.intent:Intent { act=android.intent.action.VIEW dat=content://com.android.browser.fileProvider/external_files/Downloads/app-debug1367379298184866856.apk typ=application/vnd.android.package-archive flg=0x18800000 cmp=com.android.packageinstaller/.PackageInstallerActivity (has extras) }
03-25 18:05:08.367  1353  3477 D ActivityManager: Skipping, withExcluded: false, tr.intent:Intent { flg=0x10804000 cmp=com.android.systemui/.recents.RecentsActivity bnds=[48,336][1032,1596] }
03-25 18:05:08.367  1353  3477 D ActivityManager: Skipping, withExcluded: false, tr.intent:Intent { act=android.deviceinfo.chooser.action.LAUNCH flg=0x10800000 pkg=com.android.settings cmp=com.android.settings/.deviceinfo.UsbConnModeChooserActivity }
03-25 18:05:08.367  1353  3477 D ActivityManager: Skipping, withExcluded: false, tr.intent:Intent { act=android.intent.action.MAIN cat=[android.intent.category.HOME] flg=0x10800300 cmp=com.android.settings/.FallbackHome }
03-25 18:05:08.432 22636 22636 I AppiumUnicodeIME: onFinishInput
03-25 18:05:08.432 22636 22636 I AppiumUnicodeIME: onStartInput
03-25 18:05:08.451   631   683 W JankService: virtual bool android::JankManualDumpLogAnalyser::processEntry(android::LogEntry *, int, bool), not beta version or commercial log off
03-25 18:05:08.501   437  2367 I gralloc : alloc_device_free:586: Free handle(0x72af20f200)
03-25 18:05:08.501   437  2367 I gralloc : alloc_device_free:586: Free handle(0x72af248200)
03-25 18:05:08.778   615   615 I Pged-IPgedBinderService: ****action is 2, pid num is 4***
03-25 18:05:08.778   615   615 I Pged-Freezer: thawPids
03-25 18:05:08.779  1974  2132 D PgedBinderAdapter: unfrz ok, pid: [16093, 16338, 8338]
03-25 18:05:08.833  1353  3476 I WindowManager: Destroying surface Surface(name=cn.dcpai.auction/cn.dcpai.auction.MainActivity) called by com.android.server.wm.WindowStateAnimator.destroySurface:2056 com.android.server.wm.WindowStateAnimator.destroySurfaceLocked:908 com.android.server.wm.WindowState.destroyOrSaveSurface:2201 com.android.server.wm.WindowManagerService.tryStartExitingAnimation:3332 com.android.server.wm.WindowManagerService.relayoutWindow:3212 com.android.server.wm.Session.relayout:224 android.view.IWindowSession$Stub.onTransact:286 com.android.server.wm.Session.onTransact:145 
03-25 18:05:08.847   437   437 I gralloc : alloc_device_free:586: Free handle(0x72af248500)
03-25 18:05:09.049  1353  3514 I chatty  : uid=1000(system) Binder:1353_19 expire 16 lines
03-25 18:05:09.050  1961  1972 D HwCust  : Create obj success use class android.telephony.HwCustSignalStrengthImpl
03-25 18:05:09.050  1961  4556 D HwCust  : Create obj success use class android.telephony.HwCustSignalStrengthImpl
03-25 18:05:09.050  2407  3350 D HwCust  : Create obj success use class android.telephony.HwCustSignalStrengthImpl
03-25 18:05:09.051  3457  3942 D HwCust  : Create obj success use class android.telephony.HwCustSignalStrengthImpl
03-25 18:05:09.051  4439  4984 D HwCust  : Create obj success use class android.telephony.HwCustSignalStrengthImpl
03-25 18:05:09.051  3457  3942 D HwCust  : Create obj success use class android.telephony.HwCustSignalStrengthImpl
03-25 18:05:09.051  4439  4734 D HwCust  : Create obj success use class android.telephony.HwCustSignalStrengthImpl
03-25 18:05:09.051  5447  5459 D HwCust  : Create obj success use class android.telephony.HwCustSignalStrengthImpl
03-25 18:05:09.051  5447  5458 D HwCust  : Create obj success use class android.telephony.HwCustSignalStrengthImpl
03-25 18:05:09.052  3324  3336 D HwCust  : Create obj success use class android.telephony.HwCustSignalStrengthImpl
03-25 18:05:09.052  6011  6024 D HwCust  : Create obj success use class android.telephony.HwCustSignalStrengthImpl
03-25 18:05:09.052  6011  6025 D HwCust  : Create obj success use class android.telephony.HwCustSignalStrengthImpl
03-25 18:05:09.191  1353  1373 I chatty  : uid=1000(system) android.fg expire 5 lines
03-25 18:05:09.331   626 23451 D DnsProxyListener: GetAddrInfoHandler addr: testimg.dcpai.cn {100, 917604, 10404} 118.112.27.189
03-25 18:05:09.505  1974  2088 I ScenarioAction: new ScenarioAction sPoolSize: 0
03-25 18:05:10.158  1353  1956 I chatty  : uid=1000(system) WifiMonitorWatc expire 1 line
03-25 18:05:11.269  1353  1594 E TaskPersister: File error accessing recents directory (directory doesn't exist?).
03-25 18:05:11.796  1974  2088 I ScenarioAction: new ScenarioAction sPoolSize: 0
03-25 18:05:12.049  1974  2088 I ScenarioAction: new ScenarioAction sPoolSize: 0
03-25 18:05:13.169  1353  2617 W ActivityManager: getTasks: caller 10404 does not hold REAL_GET_TASKS; limiting output
03-25 18:05:13.231   437  2367 I gralloc : alloc_device_alloc:564: Alloc handle(0x72af248200): interfmt=1, stride=512, size=196608, usage=0xb00
03-25 18:05:13.232   437  2367 I gralloc : alloc_device_alloc:564: Alloc handle(0x72af20f200): interfmt=1, stride=512, size=196608, usage=0xb00
03-25 18:05:13.232   437  2367 I gralloc : alloc_device_alloc:564: Alloc handle(0x72af248100): interfmt=1, stride=512, size=196608, usage=0xb00
03-25 18:05:13.354  1353  1353 I chatty  : uid=1000 system_server expire 76 lines
03-25 18:05:13.819  1353  1498 I chatty  : uid=1000(system) WifiStateMachin expire 46 lines
03-25 18:05:13.825  1353  1564 I chatty  : uid=1000(system) WiFiArpStateMac expire 50 lines
03-25 18:05:14.511  1353  2009 W ActivityManager: getTasks: caller 10404 does not hold REAL_GET_TASKS; limiting output
03-25 18:05:15.059  1961  1973 D HwCust  : Create obj success use class android.telephony.HwCustSignalStrengthImpl
03-25 18:05:15.059  1961  2383 D HwCust  : Create obj success use class android.telephony.HwCustSignalStrengthImpl
03-25 18:05:15.061  2407 27305 D HwCust  : Create obj success use class android.telephony.HwCustSignalStrengthImpl
03-25 18:05:15.061  3457  3942 D HwCust  : Create obj success use class android.telephony.HwCustSignalStrengthImpl
03-25 18:05:15.061  3457  3941 D HwCust  : Create obj success use class android.telephony.HwCustSignalStrengthImpl
03-25 18:05:15.062  3324  3335 D HwCust  : Create obj success use class android.telephony.HwCustSignalStrengthImpl
03-25 18:05:15.062  4439  4453 D HwCust  : Create obj success use class android.telephony.HwCustSignalStrengthImpl
03-25 18:05:15.062  4439 12010 D HwCust  : Create obj success use class android.telephony.HwCustSignalStrengthImpl
03-25 18:05:15.065  5447  5525 D HwCust  : Create obj success use class android.telephony.HwCustSignalStrengthImpl
03-25 18:05:15.066  5447  5459 D HwCust  : Create obj success use class android.telephony.HwCustSignalStrengthImpl
03-25 18:05:15.067  6011  7135 D HwCust  : Create obj success use class android.telephony.HwCustSignalStrengthImpl
03-25 18:05:15.069  6011  6024 D HwCust  : Create obj success use class android.telephony.HwCustSignalStrengthImpl
03-25 18:05:15.198   437   451 I gralloc : alloc_device_free:586: Free handle(0x72af248200)
03-25 18:05:15.199   437   451 I gralloc : alloc_device_free:586: Free handle(0x72af20f200)
03-25 18:05:15.351  1353  1375 I WindowManager: Destroying surface Surface(name=Toast) called by com.android.server.wm.WindowStateAnimator.destroySurface:2056 com.android.server.wm.WindowStateAnimator.destroySurfaceLocked:908 com.android.server.wm.WindowState.destroyOrSaveSurface:2201 com.android.server.wm.WindowSurfacePlacer.performSurfacePlacementInner:514 com.android.server.wm.WindowSurfacePlacer.performSurfacePlacementLoop:288 com.android.server.wm.WindowSurfacePlacer.performSurfacePlacement:230 com.android.server.wm.WindowManagerService$H.handleMessage:8673 android.os.Handler.dispatchMessage:105 
03-25 18:05:15.363   437   437 I gralloc : alloc_device_free:586: Free handle(0x72af248100)
03-25 18:05:15.539  1353  2008 W ActivityManager: getTasks: caller 10404 does not hold REAL_GET_TASKS; limiting output
03-25 18:05:15.589   437  1484 I gralloc : alloc_device_alloc:564: Alloc handle(0x72af248000): interfmt=1, stride=512, size=196608, usage=0xb00
03-25 18:05:15.590   437  1484 I gralloc : alloc_device_alloc:564: Alloc handle(0x72af20fe00): interfmt=1, stride=512, size=196608, usage=0xb00
03-25 18:05:15.590   437  1484 I gralloc : alloc_device_alloc:564: Alloc handle(0x72af241800): interfmt=1, stride=512, size=196608, usage=0xb00
03-25 18:05:15.607  1353  1375 I chatty  : uid=1000(system) android.display expire 15 lines
03-25 18:05:17.214  1353  2545 W ActivityManager: getTasks: caller 10404 does not hold REAL_GET_TASKS; limiting output
03-25 18:05:17.557   437  1485 I gralloc : alloc_device_free:586: Free handle(0x72af248000)
03-25 18:05:17.558   437  1485 I gralloc : alloc_device_free:586: Free handle(0x72af20fe00)
03-25 18:05:17.602  1974  2705 I DownloadState: @@@@@@@@@@@@ uid :10404 download :false
03-25 18:05:17.602  1974  2705 I PGServer: report state:5 event type:2 pid:0 uid:10404 pkg:null to pid: 1353
03-25 18:05:17.722  1353  1375 I WindowManager: Destroying surface Surface(name=Toast) called by com.android.server.wm.WindowStateAnimator.destroySurface:2056 com.android.server.wm.WindowStateAnimator.destroySurfaceLocked:908 com.android.server.wm.WindowState.destroyOrSaveSurface:2201 com.android.server.wm.WindowSurfacePlacer.performSurfacePlacementInner:514 com.android.server.wm.WindowSurfacePlacer.performSurfacePlacementLoop:288 com.android.server.wm.WindowSurfacePlacer.performSurfacePlacement:230 com.android.server.wm.WindowManagerService$H.handleMessage:8673 android.os.Handler.dispatchMessage:105 
03-25 18:05:17.733   437   437 I gralloc : alloc_device_free:586: Free handle(0x72af241800)
03-25 18:05:17.867 23213 23213 I chatty  : uid=10404(cn.dcpai.auction) expire 157 lines
03-25 18:05:17.868  1353  2551 W ActivityManager: getTasks: caller 10404 does not hold REAL_GET_TASKS; limiting output
03-25 18:05:17.909   437  2367 I gralloc : alloc_device_alloc:564: Alloc handle(0x72af248100): interfmt=1, stride=512, size=196608, usage=0xb00
03-25 18:05:17.909   437  2367 I gralloc : alloc_device_alloc:564: Alloc handle(0x72af248600): interfmt=1, stride=512, size=196608, usage=0xb00
03-25 18:05:17.910   437  2367 I gralloc : alloc_device_alloc:564: Alloc handle(0x72af248800): interfmt=1, stride=512, size=196608, usage=0xb00
03-25 18:05:18.499  1353  2616 W ActivityManager: getTasks: caller 10404 does not hold REAL_GET_TASKS; limiting output
03-25 18:05:19.021  1353  2552 W ActivityManager: getTasks: caller 10404 does not hold REAL_GET_TASKS; limiting output
03-25 18:05:19.029  1353  1575 I chatty  : uid=1000(system) HuaweiWifiWatch expire 30 lines
03-25 18:05:19.029  1353  1573 I chatty  : uid=1000(system) Thread-10 expire 12 lines
03-25 18:05:19.891   437  1485 I gralloc : alloc_device_free:586: Free handle(0x72af248100)
03-25 18:05:19.893   437  1485 I gralloc : alloc_device_free:586: Free handle(0x72af248600)
03-25 18:05:20.060  1353  1375 I WindowManager: Destroying surface Surface(name=Toast) called by com.android.server.wm.WindowStateAnimator.destroySurface:2056 com.android.server.wm.WindowStateAnimator.destroySurfaceLocked:908 com.android.server.wm.WindowState.destroyOrSaveSurface:2201 com.android.server.wm.WindowSurfacePlacer.performSurfacePlacementInner:514 com.android.server.wm.WindowSurfacePlacer.performSurfacePlacementLoop:288 com.android.server.wm.WindowSurfacePlacer.performSurfacePlacement:230 com.android.server.wm.WindowManagerService$H.handleMessage:8673 android.os.Handler.dispatchMessage:105 
03-25 18:05:20.071   437   437 I gralloc : alloc_device_free:586: Free handle(0x72af248800)
03-25 18:05:20.181   614   614 E Thermal-daemon: [charger_ic] temp_new :30  temp_old :31
03-25 18:05:20.181   614   614 E Thermal-daemon: Report temperature: [charger_ic] temp :30  report_threshold:1
03-25 18:05:20.182   614   614 E Thermal-daemon: [flash_led] temp_new :31  temp_old :32
03-25 18:05:20.182   614   614 E Thermal-daemon: Report temperature: [flash_led] temp :31  report_threshold:1
03-25 18:05:20.183   614   614 E Thermal-daemon: [ap] temp_new :31  temp_old :32
03-25 18:05:20.183   614   614 E Thermal-daemon: Report temperature: [ap] temp :31  report_threshold:1
03-25 18:05:20.711  1353  1483 I chatty  : uid=1000(system) InputReader expire 12 lines
03-25 18:05:20.771  1353  1363 W ActivityManager: getTasks: caller 10404 does not hold REAL_GET_TASKS; limiting output
03-25 18:05:20.826   437  1485 I gralloc : alloc_device_alloc:564: Alloc handle(0x72af248600): interfmt=1, stride=512, size=196608, usage=0xb00
03-25 18:05:20.826   437  1485 I gralloc : alloc_device_alloc:564: Alloc handle(0x72af248100): interfmt=1, stride=512, size=196608, usage=0xb00
03-25 18:05:20.827   437  1485 I gralloc : alloc_device_alloc:564: Alloc handle(0x72af20fe00): interfmt=1, stride=512, size=196608, usage=0xb00
03-25 18:05:21.062  1961  4556 D HwCust  : Create obj success use class android.telephony.HwCustSignalStrengthImpl
03-25 18:05:21.062  1961  1972 D HwCust  : Create obj success use class android.telephony.HwCustSignalStrengthImpl
03-25 18:05:21.062  1353  2551 I chatty  : uid=1000(system) Binder:1353_D expire 10 lines
03-25 18:05:21.062  2407  8732 D HwCust  : Create obj success use class android.telephony.HwCustSignalStrengthImpl
03-25 18:05:21.062  3324  3336 D HwCust  : Create obj success use class android.telephony.HwCustSignalStrengthImpl
03-25 18:05:21.062  3457  3469 D HwCust  : Create obj success use class android.telephony.HwCustSignalStrengthImpl
03-25 18:05:21.062  3457  3469 D HwCust  : Create obj success use class android.telephony.HwCustSignalStrengthImpl
03-25 18:05:21.062  4439  4452 D HwCust  : Create obj success use class android.telephony.HwCustSignalStrengthImpl
03-25 18:05:21.063  4439  4984 D HwCust  : Create obj success use class android.telephony.HwCustSignalStrengthImpl
03-25 18:05:21.063  5447  5525 D HwCust  : Create obj success use class android.telephony.HwCustSignalStrengthImpl
03-25 18:05:21.063  6011  6025 D HwCust  : Create obj success use class android.telephony.HwCustSignalStrengthImpl
03-25 18:05:21.063  5447  5525 D HwCust  : Create obj success use class android.telephony.HwCustSignalStrengthImpl
03-25 18:05:21.063  6011  6025 D HwCust  : Create obj success use class android.telephony.HwCustSignalStrengthImpl
03-25 18:05:21.602  4921  4949 I LogUtil_LogConfig: getLogFile(): logFilePath = /data/data/com.huawei.health/files/com.huawei.health/com.huawei.health_DaemonService/
03-25 18:05:21.603  4921  4949 D LogUtil_LogConfig: acquireMaxLogFileLengthContainsOffset describe: null result:5242880
03-25 18:05:22.798   437  1484 I gralloc : alloc_device_free:586: Free handle(0x72af248600)
03-25 18:05:22.799   437  1484 I gralloc : alloc_device_free:586: Free handle(0x72af248100)
03-25 18:05:22.961  1353  1375 I WindowManager: Destroying surface Surface(name=Toast) called by com.android.server.wm.WindowStateAnimator.destroySurface:2056 com.android.server.wm.WindowStateAnimator.destroySurfaceLocked:908 com.android.server.wm.WindowState.destroyOrSaveSurface:2201 com.android.server.wm.WindowSurfacePlacer.performSurfacePlacementInner:514 com.android.server.wm.WindowSurfacePlacer.performSurfacePlacementLoop:288 com.android.server.wm.WindowSurfacePlacer.performSurfacePlacement:230 com.android.server.wm.WindowManagerService$H.handleMessage:8673 android.os.Handler.dispatchMessage:105 
03-25 18:05:22.973   437   437 I gralloc : alloc_device_free:586: Free handle(0x72af20fe00)
03-25 18:05:29.039  1353  2009 I chatty  : uid=1000(system) Binder:1353_8 expire 7 lines
03-25 18:05:29.048 22636 22636 D KeyEvent: obtain, mHwFlags=0
03-25 18:05:29.049 22636 22636 I AppiumUnicodeIME: onKeyDown (keyCode='4', event.keyCode='4', metaState='0')
03-25 18:05:29.127  1688  1720 V AudioManager: querySoundEffectsEnabled...
03-25 18:05:29.132 22636 22636 D KeyEvent: obtain, mHwFlags=0
03-25 18:05:29.132 22636 22636 I AppiumUnicodeIME: onKeyUp (keyCode='4', event.keyCode='4', metaState='0')
03-25 18:05:29.140  1353  1363 V HwWindowManagerService: moveTaskToTop mTaskChanged:true
03-25 18:05:29.140  1353  1363 V HwWindowManagerService: setFocusedApp update app ops, mTaskChanged set to:false
03-25 18:05:29.162  1353  2617 V WindowManager: Skipping AppWindowToken{a0b7b36 token=Token{b1fd4d1 ActivityRecord{16b77f8 u0 cn.dcpai.auction/.auction.delayed.ui.DelayedAuctionInfoAcitivity t833}}} -- going to hide
03-25 18:05:29.206  1353  1986 I chatty  : uid=1000(system) Binder:1353_6 expire 10 lines
03-25 18:05:29.209 23213 23253 I chatty  : uid=10404(cn.dcpai.auction) expire 4 lines
03-25 18:05:29.220  1353  2027 V WindowManager: Skipping AppWindowToken{a0b7b36 token=Token{b1fd4d1 ActivityRecord{16b77f8 u0 cn.dcpai.auction/.auction.delayed.ui.DelayedAuctionInfoAcitivity t833}}} -- going to hide
03-25 18:05:29.222 23213 23345 I chatty  : uid=10404(cn.dcpai.auction) expire 1 line
03-25 18:05:29.222   437  1485 E ion     : set flags ioctrl failed!
03-25 18:05:29.225   437  1485 I gralloc : alloc_device_alloc:564: Alloc handle(0x7291addb00): interfmt=200000001, stride=1088, size=8486912, usage=0xb00
03-25 18:05:29.225   437  1485 E ion     : set flags ioctrl failed!
03-25 18:05:29.226 22636 22636 I AppiumUnicodeIME: onFinishInput
03-25 18:05:29.226 22636 22636 I AppiumUnicodeIME: onStartInput
03-25 18:05:29.227   437  1485 I gralloc : alloc_device_alloc:564: Alloc handle(0x72a921c200): interfmt=200000001, stride=1088, size=8486912, usage=0xb00
03-25 18:05:29.227   437  1485 E ion     : set flags ioctrl failed!
03-25 18:05:29.229   437  1485 I gralloc : alloc_device_alloc:564: Alloc handle(0x72a921c600): interfmt=200000001, stride=1088, size=8486912, usage=0xb00
03-25 18:05:29.230   626 23552 D DnsProxyListener: GetAddrInfoHandler addr: testimg.dcpai.cn {100, 917604, 10404} 110.185.117.206
03-25 18:05:29.242   437  1484 I gralloc : alloc_device_free:586: Free handle(0x7291add800)
03-25 18:05:29.242   437  1484 I gralloc : alloc_device_free:586: Free handle(0x7291adde00)
03-25 18:05:29.262 23213 23213 I chatty  : uid=10404(cn.dcpai.auction) expire 180 lines
03-25 18:05:29.305 23213 23553 I chatty  : uid=10404(cn.dcpai.auction) expire 40 lines
03-25 18:05:29.496   631   691 D bdatd   : [BiDispatcher.cpp] dispatchInfo# level: 6, tag: BDAT_TAG_ALARM_TRIGGER, time: 03-25 18:05:29.487, data: uid=1000 name=android type=2 tag=*walarm*:WifiConnectivityManager Schedule Periodic Scan Timer size=1
03-25 18:05:29.497  2407  2420 D PTM.ObserverManager: onBdatUpload, get message from bdat service...
03-25 18:05:29.501  1353  1508 I chatty  : uid=1000(system) WifiScanningSer expire 5 lines
03-25 18:05:29.503  1912  1912 D wpa_supp: wlan0: Setting scan request: 0.000000 sec
03-25 18:05:29.503  1912  1912 D wpa_supp: wlan0: Starting AP scan for wildcard SSID
03-25 18:05:29.503  1912  1912 D wpa_supp: P2P: * Listen Channel: Regulatory Class 81 Channel 6
03-25 18:05:29.503  1912  1912 D wpa_supp: wlan0: Starting radio work 'scan'@0x7491c2e3c0 after 0.000027 second wait
03-25 18:05:29.503  1912  1912 D wpa_supp: wlan0: nl80211: scan request
03-25 18:05:29.505  1912  1912 D wpa_supp: Scan requested (ret=0) - scan timeout 30 seconds
03-25 18:05:29.505  1912  1912 D wpa_supp: nl80211: Drv Event 33 (NL80211_CMD_TRIGGER_SCAN) received for wlan0
03-25 18:05:29.505  1912  1912 D wpa_supp: wlan0: nl80211: Scan trigger
03-25 18:05:29.505  1912  1912 D wpa_supp: wlan0: Event SCAN_STARTED (47) received
03-25 18:05:29.505  1912  1912 D wpa_supp: wlan0: Own scan request started a scan in 0.000130 seconds
03-25 18:05:29.505   631   691 D bdatd   : [BiDispatcher.cpp] dispatchInfo# level: 6, tag: BDAT_TAG_WIFI_SCAN_STARTED, time: 03-25 18:05:29.497, data: uid=1010
03-25 18:05:29.520 23213 23213 D ActivityThread: Remove activity client record, r= ActivityRecord{4dc5ecc token=android.os.BinderProxy@1536f8 {cn.dcpai.auction/cn.dcpai.auction.auction.delayed.ui.DelayedAuctionInfoAcitivity}} token= android.os.BinderProxy@1536f8
03-25 18:05:29.589  1353  1375 I WindowManager: Destroying surface Surface(name=cn.dcpai.auction/cn.dcpai.auction.auction.delayed.ui.DelayedAuctionInfoAcitivity) called by com.android.server.wm.WindowStateAnimator.destroySurface:2056 com.android.server.wm.WindowStateAnimator.destroySurfaceLocked:908 com.android.server.wm.WindowState.destroyOrSaveSurface:2201 com.android.server.wm.AppWindowToken.destroySurfaces:366 com.android.server.wm.WindowStateAnimator.finishExit:587 com.android.server.wm.AppWindowAnimator.stepAnimationLocked:434 com.android.server.wm.WindowAnimator.updateAppWindowsLocked:201 com.android.server.wm.WindowAnimator.animateLocked:712 
03-25 18:05:29.608   437   437 I gralloc : alloc_device_free:586: Free handle(0x7291addc00)
03-25 18:05:30.637 23213 23560 I chatty  : uid=10404(cn.dcpai.auction) expire 40 lines
03-25 18:05:31.227 23213 23340 I chatty  : uid=10404(cn.dcpai.auction) expire 1 line
03-25 18:05:31.733  1912  1912 D wpa_supp: nl80211: Drv Event 34 (NL80211_CMD_NEW_SCAN_RESULTS) received for wlan0
03-25 18:05:31.734  1912  1912 D wpa_supp: wlan0: nl80211: New scan results available
03-25 18:05:31.734  1912  1912 D wpa_supp: nl80211: Scan probed for SSID ''
03-25 18:05:31.734  1912  1912 D wpa_supp: nl80211: Scan included frequencies: 2412 2417 2422 2427 2432 2437 2442 2447 2452 2457 2462 2467 2472 5180 5200 5220 5240 5260 5280 5300 5320 5745 5765 5785 5805 5825
03-25 18:05:31.734  1912  1912 D wpa_supp: wlan0: Event SCAN_RESULTS (3) received
03-25 18:05:31.734  1912  1912 D wpa_supp: wlan0: Scan completed in 2.229067 seconds
03-25 18:05:31.734  1912  1912 D wpa_supp: nl80211: Associated on 5220 MHz
03-25 18:05:31.735  1912  1912 D wpa_supp: nl80211: Associated with 30:7b:ac:b2:97:20
03-25 18:05:31.735  1912  1912 D wpa_supp: nl80211: Received scan results (13 BSSes)
03-25 18:05:31.735  1912  1912 D wpa_supp: nl80211: Scan results indicate BSS status with 30:7b:ac:b2:97:20 as associated
03-25 18:05:31.735  1912  1912 D wpa_supp: wlan0: BSS: Start scan result update 156
03-25 18:05:31.735  1912  1912 D wpa_supp: WPS: AP vendor specific ies
03-25 18:05:31.735  1912  1912 D wpa_supp: WPS: AP SSID=ChinaNet-raWt, MAC=ec:38:8f:8f:ee:d8, manufacturer=, mode name=, model number=, device name=
03-25 18:05:31.736  1912  1912 D wpa_supp: wlan0: BSS: Add new id 558 BSSID ec:38:8f:8f:ee:d8 SSID 'ChinaNet-raWt' freq 2412
03-25 18:05:31.736  1353  1492 D NetdConnector: RCV <- {pattern.matcher(rawEventLog) fail}
03-25 18:05:31.738  1912  1912 D wpa_supp: WPS: AP vendor specific ies
03-25 18:05:31.739  1912  1912 D wpa_supp: WPS: AP SSID=ChinaNet-rrHq, MAC=9c:61:21:df:e9:5e, manufacturer=, mode name=, model number=, device name=
03-25 18:05:31.739  1912  1912 D wpa_supp: wlan0: BSS: Add new id 559 BSSID 9c:61:21:df:e9:5e SSID 'ChinaNet-rrHq' freq 2442
03-25 18:05:31.740  1912  1912 D wpa_supp: WPS: AP vendor specific ies
03-25 18:05:31.740  1912  1912 D wpa_supp: WPS: AP SSID=ZHOUZHOU-5G, MAC=68:a6:82:21:b6:41, manufacturer=, mode name=, model number=, device name=
03-25 18:05:31.740  1912  1912 D wpa_supp: wlan0: BSS: Add new id 560 BSSID 68:a6:82:21:b6:41 SSID 'ZHOUZHOU-5G' freq 5180
03-25 18:05:31.741  1912  1912 D wpa_supp: wlan0: BSS: Add new id 561 BSSID 20:6b:e7:77:d1:4c SSID 'KSURE1' freq 2437
03-25 18:05:31.741  1353  1492 D NetdConnector: RCV <- {pattern.matcher(eventLog) fail}
03-25 18:05:31.741  1912  1912 D wpa_supp: BSS: last_scan_res_used=13/32
03-25 18:05:31.742  1912  1912 D wpa_supp: wlan0: Scan-only results received
03-25 18:05:31.744  1912  1912 D wpa_supp: wlan0: Radio work 'scan'@0x7491c2e3c0 done in 2.240734 seconds
03-25 18:05:31.744  1912  1912 D wpa_supp: wlan0: radio_work_free('scan'@0x7491c2e3c0: num_active_works --> 0
03-25 18:05:31.746  1353  1373 D NetdConnector: RCV unsolicited event from native daemon, event = 600
03-25 18:05:31.750  1353  1373 D NetworkManagement: notifyInterfaceLinkStateChanged 10
03-25 18:05:31.778   631   691 D bdatd   : [BiDispatcher.cpp] dispatchInfo# level: 6, tag: BDAT_TAG_WIFI_SCAN_STOPPED, time: 03-25 18:05:31.777, data: uid=1010
03-25 18:05:31.874  1353  1360 I chatty  : uid=1000(system) FinalizerDaemon expire 1 line
03-25 18:05:32.170  1353  1353 D WifiService: onReceive, action:android.intent.action.BATTERY_CHANGED
03-25 18:05:32.170  1353  1353 D WifiService: ACTION_BATTERY_CHANGED pluggedType: 2
03-25 18:05:32.171  1688  1688 D KeyguardUpdateMonitor: received broadcast android.intent.action.BATTERY_CHANGED
03-25 18:05:32.171  1688  1688 W KeyguardUpdateMonitor: ACTION_BATTERY_CHANGED AMP: 0; Volt: 0
03-25 18:05:32.175  1688  1688 V KeyguardUpdateMonitor: RefreshBatteryInfo isBatteryLow: 100
03-25 18:05:32.175  1688  1688 W KeyguardUpdateMonitor: ChargingSpeed  Wattage: -1 ST: 5000000 --> 7500000
03-25 18:05:32.175  1688  1688 I KgBattery: BatteryInfo updated:  5lPC-1
03-25 18:05:32.175  1688  1688 W AppHandler: sendMessage with obj100
03-25 18:05:32.175  1688  1688 D KeyguardUpdateMonitor: handleBatteryUpdate
03-25 18:05:32.204  1688  1688 W HwLockScreenPanel: refreshBatteryInfo: null
03-25 18:05:32.204  1688  1688 W HwLockScreenPanel: Handle message: 100
03-25 18:05:32.492  1353  1469 D HwBatteryService: onUEvent fcpStatus = 0,scpStatus =0,ovpStatus=0
03-25 18:05:32.494  1353  1469 I UsbDeviceManager: water_intrused state= 0
03-25 18:05:32.499  1353  1353 D WifiService: onReceive, action:android.intent.action.BATTERY_CHANGED
03-25 18:05:32.500  1353  1353 D WifiService: ACTION_BATTERY_CHANGED pluggedType: 2
03-25 18:05:32.507  1688  1688 D KeyguardUpdateMonitor: received broadcast android.intent.action.BATTERY_CHANGED
03-25 18:05:32.507  1688  1688 W KeyguardUpdateMonitor: ACTION_BATTERY_CHANGED AMP: 0; Volt: 0
03-25 18:05:32.532  1688  1688 V KeyguardUpdateMonitor: RefreshBatteryInfo isBatteryLow: 100
03-25 18:05:32.532  1688  1688 W KeyguardUpdateMonitor: ChargingSpeed  Wattage: -1 ST: 5000000 --> 7500000
03-25 18:05:32.532  1688  1688 I KgBattery: BatteryInfo updated:  5lPC-1
03-25 18:05:32.532  1688  1688 W AppHandler: sendMessage with obj100
03-25 18:05:32.532  1688  1688 D KeyguardUpdateMonitor: handleBatteryUpdate
03-25 18:05:32.535  1688  1688 W HwLockScreenPanel: refreshBatteryInfo: null
03-25 18:05:32.535  1688  1688 W HwLockScreenPanel: Handle message: 100
03-25 18:05:32.545  1353  1594 E TaskPersister: File error accessing recents directory (directory doesn't exist?).
03-25 18:05:32.662  1989  1989 D HwStepCounter: onDeviceDataChanged
03-25 18:05:32.662  1989  1989 W HwStepCounter: version : 1
03-25 18:05:32.662  1989  1989 I HwStepCounter: dealReportData length 19
03-25 18:05:32.663  1989  1989 W HwStepCounter: abi 31 total 0 total floor 0 totalCar 1024 total dis 2048
03-25 18:05:32.663  1989  1989 W HwStepCounter: stepPace 4096 stepLength 8192 speed 16384 touchdown_ratio 32768 reserved1 0 reserved2 0
03-25 18:05:32.663  1989  1989 E HwStepCounter: dealReportData tm: 2019-03-25 18:05:32 steps_value[0] : 0 state_value[0]:5 level_value[0]:0
03-25 18:05:32.663  1989  1989 I HwStepCounter: ###### finish ####
03-25 18:05:32.664  1989  1989 I HwStepCounter: isBeginOfToday: 25 -> 25
03-25 18:05:32.664  1989  1989 I HwStepCounter: isBeginOfToday: false
03-25 18:05:32.664  4921  4921 I Step_LSC: 80000309|onStandStepChanged 0
03-25 18:05:32.664  1989  1989 I HwStepCounter: dealReportData: diff = 0
03-25 18:05:32.677  1989  3393 D HwStepCounter: ReportProxy client : 1
03-25 18:05:32.677  1989  3393 I StepCounterRemoteProxy: Report client count 1
03-25 18:05:32.679  4921  4933 I Step_LSC: 80000309|onExtend:1553508332000 0 0 5
03-25 18:05:34.951  1353  1564 I chatty  : uid=1000(system) WiFiArpStateMac expire 29 lines
03-25 18:05:35.030  1353  1498 I chatty  : uid=1000(system) WifiStateMachin expire 20 lines
03-25 18:05:35.041  1353  1353 I chatty  : uid=1000 system_server expire 95 lines
03-25 18:05:35.041  1353  1575 I chatty  : uid=1000(system) HuaweiWifiWatch expire 29 lines
03-25 18:05:35.042  1353  1573 I chatty  : uid=1000(system) Thread-10 expire 15 lines
03-25 18:05:41.509  2002  2147 D HwCust  : Create obj success use class android.telephony.HwCustSignalStrengthImpl
03-25 18:05:41.514  2002  2002 D HwCust  : Create obj success use class android.telephony.HwCustSignalStrengthImpl
03-25 18:05:41.522  1961  1973 D HwCust  : Create obj success use class android.telephony.HwCustSignalStrengthImpl
03-25 18:05:41.522  1961  2383 D HwCust  : Create obj success use class android.telephony.HwCustSignalStrengthImpl
03-25 18:05:41.525  2407  3350 D HwCust  : Create obj success use class android.telephony.HwCustSignalStrengthImpl
03-25 18:05:41.525  3457  3469 D HwCust  : Create obj success use class android.telephony.HwCustSignalStrengthImpl
03-25 18:05:41.525  3324  3335 D HwCust  : Create obj success use class android.telephony.HwCustSignalStrengthImpl
03-25 18:05:41.526  3457  3469 D HwCust  : Create obj success use class android.telephony.HwCustSignalStrengthImpl
03-25 18:05:41.527  4439 12010 D HwCust  : Create obj success use class android.telephony.HwCustSignalStrengthImpl
03-25 18:05:41.529  4439 12013 D HwCust  : Create obj success use class android.telephony.HwCustSignalStrengthImpl
03-25 18:05:41.536  5447  5459 D HwCust  : Create obj success use class android.telephony.HwCustSignalStrengthImpl
03-25 18:05:41.536  5447  5525 D HwCust  : Create obj success use class android.telephony.HwCustSignalStrengthImpl
03-25 18:05:41.539  6011  6024 D HwCust  : Create obj success use class android.telephony.HwCustSignalStrengthImpl
03-25 18:05:41.539  6011  7135 D HwCust  : Create obj success use class android.telephony.HwCustSignalStrengthImpl
03-25 18:05:42.978 23623 23623 I chatty  : uid=2000(shell) app_process expire 88 lines
03-25 18:05:43.067 23623 23634 E SchedPolicy: open of dev/cpuctl/limit_fg/tasks failed: Permission denied
03-25 18:05:43.067 23623 23634 E SchedPolicy: open of dev/cpuctl/bg_non_interactive/limit_bg/tasks failed: Permission denied
03-25 18:05:43.113 23623 23634 I chatty  : uid=2000(shell) app_process expire 1 line
03-25 18:05:43.304  1353  3514 I chatty  : uid=1000(system) Binder:1353_19 expire 10 lines
03-25 18:05:43.789 23648 23649 E SchedPolicy: open of dev/cpuctl/limit_fg/tasks failed: Permission denied
03-25 18:05:43.789 23648 23649 E SchedPolicy: open of dev/cpuctl/bg_non_interactive/limit_bg/tasks failed: Permission denied
03-25 18:05:44.356 23658 23658 I chatty  : uid=2000(shell) app_process expire 88 lines
03-25 18:05:44.433 23658 23666 E SchedPolicy: open of dev/cpuctl/limit_fg/tasks failed: Permission denied
03-25 18:05:44.433 23658 23666 E SchedPolicy: open of dev/cpuctl/bg_non_interactive/limit_bg/tasks failed: Permission denied
03-25 18:05:44.448   620   620 I         : free_cache(36795) avail 11583922176
03-25 18:05:44.521   620   620 D         : forkNotifyToRMS parcel pid = 23670, ppid = 620, pkgname = io.appium.android.ime
03-25 18:05:44.521 23670 23670 E SchedPolicy: open of dev/cpuctl/limit_fg/tasks failed: No such file or directory
03-25 18:05:44.521 23670 23670 E SchedPolicy: open of dev/cpuctl/bg_non_interactive/limit_bg/tasks failed: No such file or directory
03-25 18:05:44.538 23670 23670 I dex2oat : /system/bin/dex2oat --compiler-filter=interpret-only -j4 --debuggable
03-25 18:05:44.602 23670 23670 I dex2oat : dex2oat took 64.186ms (threads: 4) arena alloc=3KB (3176B) java alloc=104KB (106912B) native alloc=934KB (957248B) free=1625KB (1664192B)
03-25 18:05:44.608  1353  1386 W PackageManager: Attempt to re-install io.appium.android.ime without first uninstalling.
03-25 18:05:44.608  1353  1366 I ActivityManager: Force stopping io.appium.android.ime appid=10012 user=-1: installPackageLI
03-25 18:05:44.609  1353  1366 I ActivityManager: Killing 22636:io.appium.android.ime/u0a12 (adj 200): stop io.appium.android.imeinstallPackageLI
03-25 18:05:44.610  1353  1366 D ActivityManager: cleanUpApplicationRecord -- 22636
03-25 18:05:44.610  1353  1366 W ActivityManager: Scheduling restart of crashed service io.appium.android.ime/.UnicodeIME in 1000ms
03-25 18:05:44.614  1353  1366 I ActivityManager:   Force stopping service ServiceRecord{d28ea5f u0 euid: 0 io.appium.android.ime/.UnicodeIME}
03-25 18:05:44.615  1353  1366 D HwBroadcastQueue: cleanupDisabledPackageReceiversLocked for userId -1
03-25 18:05:44.615  1353  1366 D HwBroadcastQueue: cleanupDisabledPackageReceiversLocked for userId -1
03-25 18:05:44.615  1353  1366 D HwBroadcastQueue: cleanupDisabledPackageReceiversLocked for userId -1
03-25 18:05:44.615  1353  1366 D HwBroadcastQueue: cleanupDisabledPackageReceiversLocked for userId -1
03-25 18:05:44.615  1353  1366 D HwBroadcastQueue: cleanupDisabledPackageReceiversLocked for userId -1
03-25 18:05:44.615  1353  1366 D HwBroadcastQueue: cleanupDisabledPackageReceiversLocked for userId -1
03-25 18:05:44.629  1353  1386 I HwFrameworkMonitor: Monitor for 907400000
03-25 18:05:44.630   631  1235 I logserver: handle_exception_events enter
03-25 18:05:44.630   620   620 E         : Couldn't opendir /data/app/vmdl305749880.tmp: No such file or directory
03-25 18:05:44.653  2407  2481 E LogCollectService: illegal eventid
03-25 18:05:45.167 23679 23679 I chatty  : uid=2000(shell) app_process expire 87 lines
03-25 18:05:45.246 23679 23691 E SchedPolicy: open of dev/cpuctl/limit_fg/tasks failed: Permission denied
03-25 18:05:45.246 23679 23691 E SchedPolicy: open of dev/cpuctl/bg_non_interactive/limit_bg/tasks failed: Permission denied
03-25 18:05:45.736 23693 23693 I chatty  : uid=2000(shell) app_process expire 87 lines
03-25 18:05:45.824 23693 23712 E SchedPolicy: open of dev/cpuctl/limit_fg/tasks failed: Permission denied
03-25 18:05:45.824 23693 23712 E SchedPolicy: open of dev/cpuctl/bg_non_interactive/limit_bg/tasks failed: Permission denied
03-25 18:05:46.312 23714 23714 I chatty  : uid=2000(shell) app_process expire 87 lines
03-25 18:05:46.396 23714 23725 E SchedPolicy: open of dev/cpuctl/limit_fg/tasks failed: Permission denied
03-25 18:05:46.396 23714 23725 E SchedPolicy: open of dev/cpuctl/bg_non_interactive/limit_bg/tasks failed: Permission denied
03-25 18:05:46.450  1353  1492 D NetdConnector: RCV <- {pattern.matcher(rawEventLog) fail}
03-25 18:05:46.452  1353  1492 D NetdConnector: RCV <- {pattern.matcher(eventLog) fail}
03-25 18:05:46.455  1353  1373 D NetdConnector: RCV unsolicited event from native daemon, event = 613
03-25 18:05:46.456  1353  1373 D NetworkManagement: notifyInterfaceClassActivity: client is com.android.server.net.NetworkPolicyManagerService$13@17a0eb8
03-25 18:05:46.457  1353  1373 D NetworkManagement: notifyInterfaceClassActivity: client is com.android.server.ethernet.EthernetNetworkFactory$InterfaceObserver@20a44b5
03-25 18:05:46.457  1353  1373 D NetworkManagement: notifyInterfaceClassActivity: client is com.android.server.ConnectivityService$1@5052d90
03-25 18:05:46.458  1353  1373 D NetworkManagement: notifyInterfaceClassActivity: client is com.android.server.connectivity.Tethering@565d053
03-25 18:05:46.458  1353  1373 D NetworkManagement: notifyInterfaceClassActivity: client is android.net.INetworkManagementEventObserver$Stub$Proxy@eb2f7c8
03-25 18:05:46.459  1353  1373 D NetworkManagement: notifyInterfaceClassActivity: client is android.net.ip.IpManager$2@707986a
03-25 18:05:46.459  1353  1373 D NetworkManagement: notifyInterfaceClassActivity: client is com.android.server.connectivity.Vpn$2@71d82b0
03-25 18:05:46.459  1353  1373 D NetworkManagement: notifyInterfaceClassActivity: client is com.android.server.connectivity.Vpn$2@7e56c7a
03-25 18:05:46.459  1353  1373 D NetworkManagement: notifyInterfaceClassActivity: client is com.android.server.net.NetworkStatsService$6@ea4857b
03-25 18:05:46.459  1353  1373 D NetworkManagement: notifyInterfaceClassActivity: client is android.net.INetworkManagementEventObserver$Stub$Proxy@344acaf
03-25 18:05:46.621  2002  2147 D HwCust  : Create obj success use class android.telephony.HwCustSignalStrengthImpl
03-25 18:05:46.622  2002  2002 D HwCust  : Create obj success use class android.telephony.HwCustSignalStrengthImpl
03-25 18:05:46.625  1961  4556 D HwCust  : Create obj success use class android.telephony.HwCustSignalStrengthImpl
03-25 18:05:46.625  1961  1972 D HwCust  : Create obj success use class android.telephony.HwCustSignalStrengthImpl
03-25 18:05:46.625  1353  2552 I chatty  : uid=1000(system) Binder:1353_E expire 17 lines
03-25 18:05:46.625  3324  3336 D HwCust  : Create obj success use class android.telephony.HwCustSignalStrengthImpl
03-25 18:05:46.626  3457  3942 D HwCust  : Create obj success use class android.telephony.HwCustSignalStrengthImpl
03-25 18:05:46.626  3457  3942 D HwCust  : Create obj success use class android.telephony.HwCustSignalStrengthImpl
03-25 18:05:46.627  4439  4452 D HwCust  : Create obj success use class android.telephony.HwCustSignalStrengthImpl
03-25 18:05:46.627  4439  4984 D HwCust  : Create obj success use class android.telephony.HwCustSignalStrengthImpl
03-25 18:05:46.627  5447  5458 D HwCust  : Create obj success use class android.telephony.HwCustSignalStrengthImpl
03-25 18:05:46.627  5447  5459 D HwCust  : Create obj success use class android.telephony.HwCustSignalStrengthImpl
03-25 18:05:46.628  6011  6025 D HwCust  : Create obj success use class android.telephony.HwCustSignalStrengthImpl
03-25 18:05:46.628  2407 27305 D HwCust  : Create obj success use class android.telephony.HwCustSignalStrengthImpl
03-25 18:05:46.630  6011  6024 D HwCust  : Create obj success use class android.telephony.HwCustSignalStrengthImpl
03-25 18:05:46.866 23727 23727 I chatty  : uid=2000(shell) app_process expire 88 lines
03-25 18:05:46.950 23727 23735 E SchedPolicy: open of dev/cpuctl/limit_fg/tasks failed: Permission denied
03-25 18:05:46.950 23727 23735 E SchedPolicy: open of dev/cpuctl/bg_non_interactive/limit_bg/tasks failed: Permission denied
03-25 18:05:46.994  1353  1498 I chatty  : uid=1000(system) WifiStateMachin expire 20 lines
03-25 18:05:46.997 23727 23735 I chatty  : uid=2000(shell) app_process expire 1 line
03-25 18:05:47.931 23747 23747 I chatty  : uid=2000(shell) app_process expire 87 lines
03-25 18:05:48.019 23747 23755 E SchedPolicy: open of dev/cpuctl/limit_fg/tasks failed: Permission denied
03-25 18:05:48.019 23747 23755 E SchedPolicy: open of dev/cpuctl/bg_non_interactive/limit_bg/tasks failed: Permission denied
03-25 18:05:48.836 23764 23764 I chatty  : uid=2000(shell) app_process expire 88 lines
03-25 18:05:48.925 23764 23775 E SchedPolicy: open of dev/cpuctl/limit_fg/tasks failed: Permission denied
03-25 18:05:48.925 23764 23775 E SchedPolicy: open of dev/cpuctl/bg_non_interactive/limit_bg/tasks failed: Permission denied
03-25 18:05:48.970 23764 23775 I chatty  : uid=2000(shell) app_process expire 1 line
03-25 18:05:49.145  1353  1985 I chatty  : uid=1000(system) Binder:1353_5 expire 6 lines
03-25 18:05:49.967  1353  1564 I chatty  : uid=1000(system) WiFiArpStateMac expire 28 lines
03-25 18:05:50.900 23795 23795 I chatty  : uid=2000(shell) app_process expire 99 lines
03-25 18:05:51.001 23795 23803 E SchedPolicy: open of dev/cpuctl/limit_fg/tasks failed: Permission denied
03-25 18:05:51.001 23795 23803 E SchedPolicy: open of dev/cpuctl/bg_non_interactive/limit_bg/tasks failed: Permission denied
03-25 18:05:51.008  1353  2008 I [SPMN]  : insert SECURE -- name = accessibility_enabled, package = android, user = 0, value = 1
03-25 18:05:51.011  1353  1353 I [SPMN]  : insert SECURE -- name = accessibility_enabled, package = android, user = 0, value = 1
03-25 18:05:51.055  1353  1575 I chatty  : uid=1000(system) HuaweiWifiWatch expire 41 lines
03-25 18:05:51.631  4921  4949 I LogUtil_LogConfig: getLogFile(): logFilePath = /data/data/com.huawei.health/files/com.huawei.health/com.huawei.health_DaemonService/
03-25 18:05:51.631  4921  4949 D LogUtil_LogConfig: acquireMaxLogFileLengthContainsOffset describe: null result:5242880
03-25 18:05:51.655 23811 23811 I chatty  : uid=2000(shell) app_process expire 87 lines
03-25 18:05:51.737  2002  2147 D HwCust  : Create obj success use class android.telephony.HwCustSignalStrengthImpl
03-25 18:05:51.739  2002  2002 D HwCust  : Create obj success use class android.telephony.HwCustSignalStrengthImpl
03-25 18:05:51.745 23811 23822 E SchedPolicy: open of dev/cpuctl/limit_fg/tasks failed: Permission denied
03-25 18:05:51.746 23811 23822 E SchedPolicy: open of dev/cpuctl/bg_non_interactive/limit_bg/tasks failed: Permission denied
03-25 18:05:51.749  1353  2551 I ActivityManager: Force stopping cn.dcpai.auction appid=10404 user=0: from pid 23811by app
03-25 18:05:51.749  1353  2551 I ActivityManager: Killing 23213:cn.dcpai.auction/u0a404 (adj 0): stop cn.dcpai.auctionfrom pid 23811by app
03-25 18:05:51.750  1353  2551 D ActivityManager: cleanUpApplicationRecord -- 23213
03-25 18:05:51.750  1353  1368 I libprocessgroup: Killing pid 23349 in uid 10404 as part of process group 23213
03-25 18:05:51.750  1353  2551 W ActivityManager: Scheduling restart of crashed service cn.dcpai.auction/com.hyphenate.chat.EMJobService in 1000ms
03-25 18:05:51.751  1353  2551 I chatty  : uid=1000(system) Binder:1353_D expire 5 lines
03-25 18:05:51.751  1353  2551 W ActivityManager: Scheduling restart of crashed service cn.dcpai.auction/com.hyphenate.chat.EMChatService in 10999ms
03-25 18:05:51.751  1353  2551 W ActivityManager: Force removing ActivityRecord{e93e56f u0 cn.dcpai.auction/.MainActivity t833}: app died, no saved state
03-25 18:05:51.753  1353  3477 I chatty  : uid=1000(system) Binder:1353_18 expire 5 lines
03-25 18:05:51.755  1353  1368 I libprocessgroup: Killing pid 23349 in uid 10404 as part of process group 23213
03-25 18:05:51.758  1353  2551 I WindowManager: Destroying surface Surface(name=cn.dcpai.auction/cn.dcpai.auction.MainActivity) called by com.android.server.wm.WindowStateAnimator.destroySurface:2056 com.android.server.wm.WindowStateAnimator.destroySurfaceLocked:908 com.android.server.wm.WindowState.removeLocked:1534 com.android.server.wm.WindowManagerService.removeWindowInnerLocked:2772 com.android.server.wm.WindowManagerService.removeWindowInnerLocked:2735 com.android.server.wm.WindowManagerService.removeWindowLocked:2724 com.android.server.wm.WindowManagerService.removeWindowLocked:2593 com.android.server.wm.AppWindowToken.removeAllWindows:534 
03-25 18:05:51.760  1353  1492 D NetdConnector: RCV <- {pattern.matcher(rawEventLog) fail}
03-25 18:05:51.761  1353  1492 D NetdConnector: RCV <- {pattern.matcher(eventLog) fail}
03-25 18:05:51.762  1353  1373 D NetdConnector: RCV unsolicited event from native daemon, event = 613
03-25 18:05:51.763  1353  1373 D NetworkManagement: notifyInterfaceClassActivity: client is com.android.server.net.NetworkPolicyManagerService$13@17a0eb8
03-25 18:05:51.763  1353  1373 D NetworkManagement: notifyInterfaceClassActivity: client is com.android.server.ethernet.EthernetNetworkFactory$InterfaceObserver@20a44b5
03-25 18:05:51.763  1353  1373 D NetworkManagement: notifyInterfaceClassActivity: client is com.android.server.ConnectivityService$1@5052d90
03-25 18:05:51.764  1353  2551 V HwWindowManagerService: moveTaskToTop mTaskChanged:true
03-25 18:05:51.765  1353  2551 V HwWindowManagerService: setFocusedApp update app ops, mTaskChanged set to:false
03-25 18:05:51.767  1974  2088 I ScenarioAction: new ScenarioAction sPoolSize: 0
03-25 18:05:51.769   437   437 I gralloc : alloc_device_free:586: Free handle(0x72a921c200)
03-25 18:05:51.770   437   437 I gralloc : alloc_device_free:586: Free handle(0x72a921c600)
03-25 18:05:51.770   437   437 I gralloc : alloc_device_free:586: Free handle(0x7291addb00)
03-25 18:05:51.784  1353  2551 I ActivityManager: Killing 23275:cn.dcpai.auction:pushcore/u0a404 (adj 500): stop cn.dcpai.auctionfrom pid 23811by app
03-25 18:05:51.784  1353  2551 D ActivityManager: cleanUpApplicationRecord -- 23275
03-25 18:05:51.784  1353  2551 W ActivityManager: Scheduling restart of crashed service cn.dcpai.auction/cn.jpush.android.service.PushService in 20965ms
03-25 18:05:51.787  1353  2551 I ActivityManager:   Force stopping service ServiceRecord{1d6e5a8 u0 euid: 0 cn.dcpai.auction/com.hyphenate.chat.EMChatService}
03-25 18:05:51.787  1353  2551 I ActivityManager:   Force stopping service ServiceRecord{a6928c1 u0 euid: 0 cn.dcpai.auction/com.hyphenate.chat.EMJobService}
03-25 18:05:51.787  1353  2551 D HwBroadcastQueue: cleanupDisabledPackageReceiversLocked for userId 0
03-25 18:05:51.787  1353  2551 D HwBroadcastQueue: cleanupDisabledPackageReceiversLocked for userId 0
03-25 18:05:51.787  1353  2551 D HwBroadcastQueue: cleanupDisabledPackageReceiversLocked for userId 0
03-25 18:05:51.787  1353  2551 D HwBroadcastQueue: cleanupDisabledPackageReceiversLocked for userId 0
03-25 18:05:51.787  1353  2551 D HwBroadcastQueue: cleanupDisabledPackageReceiversLocked for userId 0
03-25 18:05:51.787  1353  2551 D HwBroadcastQueue: cleanupDisabledPackageReceiversLocked for userId 0
03-25 18:05:51.788  1353  1373 D NetworkManagement: notifyInterfaceClassActivity: client is com.android.server.connectivity.Tethering@565d053
03-25 18:05:51.788  1353  1373 D NetworkManagement: notifyInterfaceClassActivity: client is android.net.INetworkManagementEventObserver$Stub$Proxy@eb2f7c8
03-25 18:05:51.789  1353  1373 D NetworkManagement: notifyInterfaceClassActivity: client is android.net.ip.IpManager$2@707986a
03-25 18:05:51.789  1353  1373 D NetworkManagement: notifyInterfaceClassActivity: client is com.android.server.connectivity.Vpn$2@71d82b0
03-25 18:05:51.789  1353  1373 D NetworkManagement: notifyInterfaceClassActivity: client is com.android.server.connectivity.Vpn$2@7e56c7a
03-25 18:05:51.789  1353  1373 D NetworkManagement: notifyInterfaceClassActivity: client is com.android.server.net.NetworkStatsService$6@ea4857b
03-25 18:05:51.789  1353  1373 D NetworkManagement: notifyInterfaceClassActivity: client is android.net.INetworkManagementEventObserver$Stub$Proxy@344acaf
03-25 18:05:51.789  1974  2248 D HwMultiWindowEx: isInMultiWindowMode ret: 0
03-25 18:05:51.792  2582  2582 I HwLauncher: Launcher onStart()
03-25 18:05:51.792  2582  2582 I HwLauncher: Launcher  Launcher.onStart() cost 0 ms
03-25 18:05:51.792  1353  1958 E HwActivityManagerService: getProcessRecordFromMTM process info is null ,mUid :23275
03-25 18:05:51.792  1353  1958 E ProcessInfoCollector: recordProcessInfo  failed to get process record
03-25 18:05:51.792  2582  2582 I HwLauncher: Launcher onResume()
03-25 18:05:51.792  2582  2582 I HwLauncher: Launcher doResumeWork()
03-25 18:05:51.793  2002  2002 D CarrierSvcBindHelper: No carrier app for: 0
03-25 18:05:51.793  2582  2802 E HwLauncher: SettingsEx , no such field.
03-25 18:05:51.793  2582  2802 W HwLauncher: Clock getDataFormat the getSystemString failed.
03-25 18:05:51.794  2002  2002 D CarrierSvcBindHelper: No carrier app for: 1
03-25 18:05:51.794  1353  1353 I HwCoreAppHelperService: LocalReceiver receives:android.intent.action.PACKAGE_RESTARTED,pkg:cn.dcpai.auction,uid:10404
03-25 18:05:51.794  1353  2545 I HwNetworkPolicy: onTransact, code = 203
03-25 18:05:51.795   631   691 D bdatd   : [BiDispatcher.cpp] dispatchInfo# level: 6, tag: BDAT_TAG_SCENE_CHANGED, time: 03-25 18:05:51.787, data: name=com.huawei.android.launcher
03-25 18:05:51.795  2582  2582 I HwLauncher: Launcher  onResume mIsToUninstallApp = false
03-25 18:05:51.795  2582  2582 I HwLauncher: Launcher  Launcher hot start cost 3 ms
03-25 18:05:51.795  1353  2009 I HwNetworkPolicy: onTransact, code = 203
03-25 18:05:51.795  1922  2177 I HwNetworkPolicyManager: getHwUidPolicy uid = 10051 policy = 0
03-25 18:05:51.795  5329  5421 I HwNetworkPolicyManager: getHwUidPolicy uid = 10051 policy = 0
03-25 18:05:51.796  2501  2501 D ApduServiceInfo: No com.nxp.nfc.extensions meta-data
03-25 18:05:51.796  1922  1922 W HwSystemManager: AbsRecordInfo:createRecordFromBundle type provider or service
03-25 18:05:51.805   631   691 D bdatd   : [BiDispatcher.cpp] dispatchInfo# level: 6, tag: BDAT_TAG_PROCESS_EXIT, time: 03-25 18:05:51.797, data: uid=10404 pid=23213 utime=5620000 stime=1220000 name=n.dcpai.auction
