03-25 17:45:09.812  1353  2008 I chatty  : uid=1000(system) Binder:1353_7 expire 1 line
03-25 17:45:14.739  1353  2009 I chatty  : uid=1000(system) Binder:1353_8 expire 1 line
03-25 17:45:16.957  1353  1986 I chatty  : uid=1000(system) Binder:1353_6 expire 3 lines
03-25 17:45:17.313 12626 12626 D ActivityThread: Remove activity client record, r= ActivityRecord{1c87e26 token=android.os.BinderProxy@ea0a16 {cn.dcpai.auction/cn.dcpai.auction.activity.LotDetailNewActivity}} token= android.os.BinderProxy@ea0a16
03-25 17:45:17.370  1353  1375 I chatty  : uid=1000(system) android.display expire 7 lines
03-25 17:45:20.336  1353  1594 I chatty  : uid=1000(system) LazyTaskWriterT expire 10 lines
03-25 17:45:20.665  1353  2545 I chatty  : uid=1000(system) Binder:1353_B expire 11 lines
03-25 17:45:20.693 12626 12626 V ActivityThread: ActivityThread,callActivityOnCreate
03-25 17:45:20.743 12626 12626 D ActivityThread: add activity client record, r= ActivityRecord{1d04be6 token=android.os.BinderProxy@a4d07d6 {cn.dcpai.auction/cn.dcpai.auction.activity.LotDetailNewActivity}} token= android.os.BinderProxy@a4d07d6
03-25 17:45:20.789  1353  2016 I chatty  : uid=1000(system) Binder:1353_9 expire 9 lines
03-25 17:45:20.791  1353  3515 I chatty  : uid=1000(system) Binder:1353_1A expire 11 lines
03-25 17:45:21.375  1353  1353 I chatty  : uid=1000 system_server expire 13 lines
03-25 17:45:25.844  1353  1469 I chatty  : uid=1000(system) UEventObserver expire 4 lines
03-25 17:45:27.470  1353  2027 I chatty  : uid=1000(system) Binder:1353_A expire 2 lines
03-25 17:45:27.487  1353  2617 I chatty  : uid=1000(system) Binder:1353_12 expire 4 lines
03-25 17:45:27.512  1353  2615 I chatty  : uid=1000(system) Binder:1353_10 expire 6 lines
03-25 17:45:27.845 12626 12626 D ActivityThread: Remove activity client record, r= ActivityRecord{1d04be6 token=android.os.BinderProxy@a4d07d6 {cn.dcpai.auction/cn.dcpai.auction.activity.LotDetailNewActivity}} token= android.os.BinderProxy@a4d07d6
03-25 17:45:31.212 12626 12626 V ActivityThread: ActivityThread,callActivityOnCreate
03-25 17:45:31.265 12626 12626 D ActivityThread: add activity client record, r= ActivityRecord{8fd5785 token=android.os.BinderProxy@9cdec6c {cn.dcpai.auction/cn.dcpai.auction.activity.LotDetailNewActivity}} token= android.os.BinderProxy@9cdec6c
03-25 17:45:31.310  1353  3515 I chatty  : uid=1000(system) Binder:1353_1A expire 12 lines
03-25 17:45:31.312  1353  1363 I chatty  : uid=1000(system) Binder:1353_1 expire 8 lines
03-25 17:45:31.662  1353  1985 I chatty  : uid=1000(system) Binder:1353_5 expire 5 lines
03-25 17:45:36.675  1353  3454 I chatty  : uid=1000(system) Binder:1353_16 expire 13 lines
03-25 17:45:37.004 12626 12626 D ActivityThread: Remove activity client record, r= ActivityRecord{8fd5785 token=android.os.BinderProxy@9cdec6c {cn.dcpai.auction/cn.dcpai.auction.activity.LotDetailNewActivity}} token= android.os.BinderProxy@9cdec6c
03-25 17:45:39.563  1353  1492 I chatty  : uid=1000(system) NetdConnector expire 4 lines
03-25 17:45:39.563  1353  1478 I chatty  : uid=1000(system) AlarmManager expire 4 lines
03-25 17:45:39.577  1353  1493 I chatty  : uid=1000(system) NetworkStats expire 1 line
03-25 17:45:39.826  1353  1532 I chatty  : uid=1000(system) Binder:1353_3 expire 11 lines
03-25 17:45:39.873  1353  3181 I chatty  : uid=1000(system) Binder:1353_14 expire 3 lines
03-25 17:45:40.324  1353  2614 I chatty  : uid=1000(system) Binder:1353_F expire 11 lines
03-25 17:45:40.346 12626 12626 V ActivityThread: ActivityThread,callActivityOnCreate
03-25 17:45:40.403 12626 12626 D ActivityThread: add activity client record, r= ActivityRecord{b509369 token=android.os.BinderProxy@2582532 {cn.dcpai.auction/cn.dcpai.auction.activity.LotDetailNewActivity}} token= android.os.BinderProxy@2582532
03-25 17:45:40.445  1353  3477 I chatty  : uid=1000(system) Binder:1353_18 expire 13 lines
03-25 17:45:40.798  1353  2552 I chatty  : uid=1000(system) Binder:1353_E expire 2 lines
03-25 17:45:47.250  1353  2546 I chatty  : uid=1000(system) Binder:1353_C expire 2 lines
03-25 17:45:47.625 12626 12626 D ActivityThread: Remove activity client record, r= ActivityRecord{b509369 token=android.os.BinderProxy@2582532 {cn.dcpai.auction/cn.dcpai.auction.activity.LotDetailNewActivity}} token= android.os.BinderProxy@2582532
03-25 17:45:50.369  1353  1364 I chatty  : uid=1000(system) Binder:1353_2 expire 2 lines
03-25 17:45:53.683  1353  3179 I chatty  : uid=1000(system) Binder:1353_13 expire 3 lines
03-25 17:45:53.990 12626 12626 D ActivityThread: Remove activity client record, r= ActivityRecord{ef2950 token=android.os.BinderProxy@cf6263e {cn.dcpai.auction/cn.dcpai.auction.activity.LotDetailNewActivity}} token= android.os.BinderProxy@cf6263e
03-25 17:45:54.483 12626 12626 V ActivityThread: ActivityThread,callActivityOnCreate
03-25 17:45:54.538 12626 12626 D ActivityThread: add activity client record, r= ActivityRecord{5069dbe token=android.os.BinderProxy@fd4f149 {cn.dcpai.auction/cn.dcpai.auction.activity.LotDetailNewActivity}} token= android.os.BinderProxy@fd4f149
03-25 17:45:56.012  1353  1353 I chatty  : uid=1000 system_server expire 5 lines
03-25 17:46:04.107 12626 12626 V ActivityThread: ActivityThread,callActivityOnCreate
03-25 17:46:04.157 12626 12626 D ActivityThread: add activity client record, r= ActivityRecord{ef9af58 token=android.os.BinderProxy@608da74 {cn.dcpai.auction/cn.dcpai.auction.activity.LotDetailNewActivity}} token= android.os.BinderProxy@608da74
03-25 17:46:04.205  1353  2616 I chatty  : uid=1000(system) Binder:1353_11 expire 6 lines
03-25 17:46:08.697  1353  3476 I chatty  : uid=1000(system) Binder:1353_17 expire 2 lines
03-25 17:46:08.753  1353  2009 I chatty  : uid=1000(system) Binder:1353_8 expire 1 line
03-25 17:46:09.083 12626 12626 D ActivityThread: Remove activity client record, r= ActivityRecord{ef9af58 token=android.os.BinderProxy@608da74 {cn.dcpai.auction/cn.dcpai.auction.activity.LotDetailNewActivity}} token= android.os.BinderProxy@608da74
03-25 17:46:12.415 12626 12626 V ActivityThread: ActivityThread,callActivityOnCreate
03-25 17:46:12.438  1353  1366 I chatty  : uid=1000(system) ActivityManager expire 1 line
03-25 17:46:12.473 12626 12626 D ActivityThread: add activity client record, r= ActivityRecord{99cd42c token=android.os.BinderProxy@a5bc92b {cn.dcpai.auction/cn.dcpai.auction.activity.LotDetailNewActivity}} token= android.os.BinderProxy@a5bc92b
03-25 17:46:12.514  1353  1532 I chatty  : uid=1000(system) Binder:1353_3 expire 6 lines
03-25 17:46:12.518  1353  2614 I chatty  : uid=1000(system) Binder:1353_F expire 6 lines
03-25 17:46:15.462  1353  1594 I chatty  : uid=1000(system) LazyTaskWriterT expire 2 lines
03-25 17:46:17.731  1353  2545 I chatty  : uid=1000(system) Binder:1353_B expire 2 lines
03-25 17:46:17.780  1353  2008 I chatty  : uid=1000(system) Binder:1353_7 expire 12 lines
03-25 17:46:18.086 12626 12626 D ActivityThread: Remove activity client record, r= ActivityRecord{99cd42c token=android.os.BinderProxy@a5bc92b {cn.dcpai.auction/cn.dcpai.auction.activity.LotDetailNewActivity}} token= android.os.BinderProxy@a5bc92b
03-25 17:46:21.484 12626 12626 V ActivityThread: ActivityThread,callActivityOnCreate
03-25 17:46:21.534 12626 12626 D ActivityThread: add activity client record, r= ActivityRecord{f74aa54 token=android.os.BinderProxy@bed2d73 {cn.dcpai.auction/cn.dcpai.auction.activity.LotDetailNewActivity}} token= android.os.BinderProxy@bed2d73
03-25 17:46:21.582  1353  1985 I chatty  : uid=1000(system) Binder:1353_5 expire 5 lines
03-25 17:46:21.584  1353  2545 I chatty  : uid=1000(system) Binder:1353_B expire 7 lines
03-25 17:46:21.932  1353  2009 I chatty  : uid=1000(system) Binder:1353_8 expire 3 lines
03-25 17:46:24.488  1353  1594 I chatty  : uid=1000(system) LazyTaskWriterT expire 10 lines
03-25 17:46:26.164  1353  1469 I chatty  : uid=1000(system) UEventObserver expire 6 lines
03-25 17:46:26.179  1353  1353 I chatty  : uid=1000 system_server expire 9 lines
03-25 17:46:28.067  1353  3515 I chatty  : uid=1000(system) Binder:1353_1A expire 14 lines
03-25 17:46:28.085  1353  3179 I chatty  : uid=1000(system) Binder:1353_13 expire 12 lines
03-25 17:46:28.117  1353  2616 I chatty  : uid=1000(system) Binder:1353_11 expire 2 lines
03-25 17:46:28.431 12626 12626 D ActivityThread: Remove activity client record, r= ActivityRecord{f74aa54 token=android.os.BinderProxy@bed2d73 {cn.dcpai.auction/cn.dcpai.auction.activity.LotDetailNewActivity}} token= android.os.BinderProxy@bed2d73
03-25 17:46:28.492  1353  1375 I chatty  : uid=1000(system) android.display expire 8 lines
03-25 17:46:31.735  1353  3183 I chatty  : uid=1000(system) Binder:1353_15 expire 5 lines
03-25 17:46:31.765 12626 12626 V ActivityThread: ActivityThread,callActivityOnCreate
03-25 17:46:31.828 12626 12626 D ActivityThread: add activity client record, r= ActivityRecord{20ee368 token=android.os.BinderProxy@ba8597 {cn.dcpai.auction/cn.dcpai.auction.activity.LotDetailNewActivity}} token= android.os.BinderProxy@ba8597
03-25 17:46:31.864  1353  3454 I chatty  : uid=1000(system) Binder:1353_16 expire 6 lines
03-25 17:46:37.383  1353  1363 I chatty  : uid=1000(system) Binder:1353_1 expire 2 lines
03-25 17:46:37.397  1353  2615 I chatty  : uid=1000(system) Binder:1353_10 expire 9 lines
03-25 17:46:37.772 12626 12626 D ActivityThread: Remove activity client record, r= ActivityRecord{20ee368 token=android.os.BinderProxy@ba8597 {cn.dcpai.auction/cn.dcpai.auction.activity.LotDetailNewActivity}} token= android.os.BinderProxy@ba8597
03-25 17:46:43.621  1353  2546 I chatty  : uid=1000(system) Binder:1353_C expire 4 lines
03-25 17:46:43.686  1353  2016 I chatty  : uid=1000(system) Binder:1353_9 expire 1 line
03-25 17:46:43.988 12626 12626 D ActivityThread: Remove activity client record, r= ActivityRecord{5069dbe token=android.os.BinderProxy@fd4f149 {cn.dcpai.auction/cn.dcpai.auction.activity.LotDetailNewActivity}} token= android.os.BinderProxy@fd4f149
03-25 17:46:44.805 12626 12626 V ActivityThread: ActivityThread,callActivityOnCreate
03-25 17:46:44.855 12626 12626 D ActivityThread: add activity client record, r= ActivityRecord{99f052f token=android.os.BinderProxy@58e8998 {cn.dcpai.auction/cn.dcpai.auction.activity.LotDetailNewActivity}} token= android.os.BinderProxy@58e8998
03-25 17:46:44.904  1353  2617 I chatty  : uid=1000(system) Binder:1353_12 expire 7 lines
03-25 17:46:45.254  1353  1986 I chatty  : uid=1000(system) Binder:1353_6 expire 6 lines
03-25 17:46:51.679  1353  1492 I chatty  : uid=1000(system) NetdConnector expire 2 lines
03-25 17:46:51.688  1353  1373 I chatty  : uid=1000(system) android.fg expire 2 lines
03-25 17:46:55.418 12626 12626 V ActivityThread: ActivityThread,callActivityOnCreate
03-25 17:46:55.470 12626 12626 D ActivityThread: add activity client record, r= ActivityRecord{de248ed token=android.os.BinderProxy@ca75be0 {cn.dcpai.auction/cn.dcpai.auction.activity.LotDetailNewActivity}} token= android.os.BinderProxy@ca75be0
03-25 17:46:55.518  1353  1532 I chatty  : uid=1000(system) Binder:1353_3 expire 12 lines
03-25 17:47:02.514  1353  2552 I chatty  : uid=1000(system) Binder:1353_E expire 5 lines
03-25 17:47:02.897 12626 12626 D ActivityThread: Remove activity client record, r= ActivityRecord{de248ed token=android.os.BinderProxy@ca75be0 {cn.dcpai.auction/cn.dcpai.auction.activity.LotDetailNewActivity}} token= android.os.BinderProxy@ca75be0
03-25 17:47:06.182  1353  3476 I chatty  : uid=1000(system) Binder:1353_17 expire 11 lines
03-25 17:47:06.212 12626 12626 V ActivityThread: ActivityThread,callActivityOnCreate
03-25 17:47:06.271 12626 12626 D ActivityThread: add activity client record, r= ActivityRecord{6109bb7 token=android.os.BinderProxy@b1deca3 {cn.dcpai.auction/cn.dcpai.auction.activity.LotDetailNewActivity}} token= android.os.BinderProxy@b1deca3
03-25 17:47:06.313  1353  2614 I chatty  : uid=1000(system) Binder:1353_F expire 6 lines
03-25 17:47:11.426  1353  3477 I chatty  : uid=1000(system) Binder:1353_18 expire 4 lines
03-25 17:47:11.455  1353  1628 I chatty  : uid=1000(system) Binder:1353_4 expire 1 line
03-25 17:47:11.766 12626 12626 D ActivityThread: Remove activity client record, r= ActivityRecord{6109bb7 token=android.os.BinderProxy@b1deca3 {cn.dcpai.auction/cn.dcpai.auction.activity.LotDetailNewActivity}} token= android.os.BinderProxy@b1deca3
03-25 17:47:15.258 12626 12626 V ActivityThread: ActivityThread,callActivityOnCreate
03-25 17:47:15.308 12626 12626 D ActivityThread: add activity client record, r= ActivityRecord{d9c4b9e token=android.os.BinderProxy@78d6545 {cn.dcpai.auction/cn.dcpai.auction.activity.LotDetailNewActivity}} token= android.os.BinderProxy@78d6545
03-25 17:47:15.360  1353  1364 I chatty  : uid=1000(system) Binder:1353_2 expire 6 lines
03-25 17:47:21.042 12626 12626 D ActivityThread: Remove activity client record, r= ActivityRecord{d9c4b9e token=android.os.BinderProxy@78d6545 {cn.dcpai.auction/cn.dcpai.auction.activity.LotDetailNewActivity}} token= android.os.BinderProxy@78d6545
03-25 17:47:24.067  1353  1594 I chatty  : uid=1000(system) LazyTaskWriterT expire 4 lines
03-25 17:47:24.343  1353  3181 I chatty  : uid=1000(system) Binder:1353_14 expire 11 lines
03-25 17:47:24.369 12626 12626 V ActivityThread: ActivityThread,callActivityOnCreate
03-25 17:47:24.421 12626 12626 D ActivityThread: add activity client record, r= ActivityRecord{a481061 token=android.os.BinderProxy@8d835e4 {cn.dcpai.auction/cn.dcpai.auction.activity.LotDetailNewActivity}} token= android.os.BinderProxy@8d835e4
03-25 17:47:24.945  1353  1532 I chatty  : uid=1000(system) Binder:1353_3 expire 2 lines
03-25 17:47:30.663 12626 12626 D ActivityThread: Remove activity client record, r= ActivityRecord{a481061 token=android.os.BinderProxy@8d835e4 {cn.dcpai.auction/cn.dcpai.auction.activity.LotDetailNewActivity}} token= android.os.BinderProxy@8d835e4
03-25 17:47:36.532  1353  3476 I chatty  : uid=1000(system) Binder:1353_17 expire 2 lines
03-25 17:47:36.552  1353  2008 I chatty  : uid=1000(system) Binder:1353_7 expire 1 line
03-25 17:47:36.613  1353  3179 I chatty  : uid=1000(system) Binder:1353_13 expire 1 line
03-25 17:47:36.949 12626 12626 D ActivityThread: Remove activity client record, r= ActivityRecord{99f052f token=android.os.BinderProxy@58e8998 {cn.dcpai.auction/cn.dcpai.auction.activity.LotDetailNewActivity}} token= android.os.BinderProxy@58e8998
03-25 17:47:41.060  1353  3514 I chatty  : uid=1000(system) Binder:1353_19 expire 10 lines
03-25 17:47:41.084 12626 12626 V ActivityThread: ActivityThread,callActivityOnCreate
03-25 17:47:41.140 12626 12626 D ActivityThread: add activity client record, r= ActivityRecord{fc070fb token=android.os.BinderProxy@1d9297d {cn.dcpai.auction/cn.dcpai.auction.activity.LotDetailNewActivity}} token= android.os.BinderProxy@1d9297d
03-25 17:47:41.184  1353  3476 I chatty  : uid=1000(system) Binder:1353_17 expire 9 lines
03-25 17:47:41.534  1353  2552 I chatty  : uid=1000(system) Binder:1353_E expire 5 lines
03-25 17:47:44.083  1353  1594 I chatty  : uid=1000(system) LazyTaskWriterT expire 8 lines
03-25 17:47:48.180  1353  2614 I chatty  : uid=1000(system) Binder:1353_F expire 2 lines
03-25 17:47:48.192  1353  2016 I chatty  : uid=1000(system) Binder:1353_9 expire 5 lines
03-25 17:47:48.240  1353  3477 I chatty  : uid=1000(system) Binder:1353_18 expire 9 lines
03-25 17:47:48.542 12626 12626 D ActivityThread: Remove activity client record, r= ActivityRecord{fc070fb token=android.os.BinderProxy@1d9297d {cn.dcpai.auction/cn.dcpai.auction.activity.LotDetailNewActivity}} token= android.os.BinderProxy@1d9297d
03-25 17:47:48.612  1353  1375 I chatty  : uid=1000(system) android.display expire 5 lines
03-25 17:47:48.977  1353  2617 I chatty  : uid=1000(system) Binder:1353_12 expire 7 lines
03-25 17:47:48.998 12626 12626 V ActivityThread: ActivityThread,callActivityOnCreate
03-25 17:47:49.046 12626 12626 D ActivityThread: add activity client record, r= ActivityRecord{e1fddc4 token=android.os.BinderProxy@4524659 {cn.dcpai.auction/cn.dcpai.auction.activity.LotDetailNewActivity}} token= android.os.BinderProxy@4524659
03-25 17:47:49.096  1353  2615 I chatty  : uid=1000(system) Binder:1353_10 expire 14 lines
03-25 17:47:49.098  1353  1986 I chatty  : uid=1000(system) Binder:1353_6 expire 12 lines
03-25 17:47:49.443  1353  3181 I chatty  : uid=1000(system) Binder:1353_14 expire 9 lines
03-25 17:47:55.013  1353  3183 I chatty  : uid=1000(system) Binder:1353_15 expire 5 lines
03-25 17:47:55.027  1353  2616 I chatty  : uid=1000(system) Binder:1353_11 expire 1 line
03-25 17:47:55.078  1353  2009 I chatty  : uid=1000(system) Binder:1353_8 expire 13 lines
03-25 17:47:55.372 12626 12626 D ActivityThread: Remove activity client record, r= ActivityRecord{e1fddc4 token=android.os.BinderProxy@4524659 {cn.dcpai.auction/cn.dcpai.auction.activity.LotDetailNewActivity}} token= android.os.BinderProxy@4524659
03-25 17:47:56.179 12626 12626 V ActivityThread: ActivityThread,callActivityOnCreate
03-25 17:47:56.229 12626 12626 D ActivityThread: add activity client record, r= ActivityRecord{8bd532 token=android.os.BinderProxy@7234c6e {cn.dcpai.auction/cn.dcpai.auction.activity.LotDetailNewActivity}} token= android.os.BinderProxy@7234c6e
03-25 17:47:56.642  1353  1469 I chatty  : uid=1000(system) UEventObserver expire 6 lines
03-25 17:47:56.644  1353  1353 I chatty  : uid=1000 system_server expire 11 lines
03-25 17:48:02.286  1353  1364 I chatty  : uid=1000(system) Binder:1353_2 expire 12 lines
03-25 17:48:02.635 12626 12626 D ActivityThread: Remove activity client record, r= ActivityRecord{8bd532 token=android.os.BinderProxy@7234c6e {cn.dcpai.auction/cn.dcpai.auction.activity.LotDetailNewActivity}} token= android.os.BinderProxy@7234c6e
03-25 17:48:06.687 12626 12626 V ActivityThread: ActivityThread,callActivityOnCreate
03-25 17:48:06.774 12626 12626 D ActivityThread: add activity client record, r= ActivityRecord{66785db token=android.os.BinderProxy@752f76e {cn.dcpai.auction/cn.dcpai.auction.activity.LotDetailNewActivity}} token= android.os.BinderProxy@752f76e
03-25 17:48:13.975  1353  2551 I chatty  : uid=1000(system) Binder:1353_D expire 2 lines
03-25 17:48:14.322 12626 12626 D ActivityThread: Remove activity client record, r= ActivityRecord{66785db token=android.os.BinderProxy@752f76e {cn.dcpai.auction/cn.dcpai.auction.activity.LotDetailNewActivity}} token= android.os.BinderProxy@752f76e
03-25 17:48:15.135  1353  3514 I chatty  : uid=1000(system) Binder:1353_19 expire 6 lines
03-25 17:48:15.161 12626 12626 V ActivityThread: ActivityThread,callActivityOnCreate
03-25 17:48:15.212 12626 12626 D ActivityThread: add activity client record, r= ActivityRecord{a492dd5 token=android.os.BinderProxy@d9ec4d0 {cn.dcpai.auction/cn.dcpai.auction.activity.LotDetailNewActivity}} token= android.os.BinderProxy@d9ec4d0
03-25 17:48:15.262  1353  3515 I chatty  : uid=1000(system) Binder:1353_1A expire 6 lines
03-25 17:48:15.721  1353  1364 I chatty  : uid=1000(system) Binder:1353_2 expire 1 line
03-25 17:48:21.066  1353  2008 I chatty  : uid=1000(system) Binder:1353_7 expire 1 line
03-25 17:48:21.367 12626 12626 D ActivityThread: Remove activity client record, r= ActivityRecord{a492dd5 token=android.os.BinderProxy@d9ec4d0 {cn.dcpai.auction/cn.dcpai.auction.activity.LotDetailNewActivity}} token= android.os.BinderProxy@d9ec4d0
03-25 17:48:33.036  1353  2546 I chatty  : uid=1000(system) Binder:1353_C expire 10 lines
03-25 17:48:33.069 12626 12626 V ActivityThread: ActivityThread,callActivityOnCreate
03-25 17:48:33.138 12626 12626 D ActivityThread: add activity client record, r= ActivityRecord{5d09452 token=android.os.BinderProxy@f0e30e8 {cn.dcpai.auction/cn.dcpai.auction.activity.LotDetailNewActivity}} token= android.os.BinderProxy@f0e30e8
03-25 17:48:33.549  1353  1628 I chatty  : uid=1000(system) Binder:1353_4 expire 1 line
03-25 17:48:55.707 15734 15745 E SchedPolicy: open of dev/cpuctl/limit_fg/tasks failed: Permission denied
03-25 17:48:55.707 15734 15745 E SchedPolicy: open of dev/cpuctl/bg_non_interactive/limit_bg/tasks failed: Permission denied
03-25 17:48:56.183 15747 15755 E SchedPolicy: open of dev/cpuctl/limit_fg/tasks failed: Permission denied
03-25 17:48:56.183 15747 15755 E SchedPolicy: open of dev/cpuctl/bg_non_interactive/limit_bg/tasks failed: Permission denied
03-25 17:48:56.226 15757 15757 E SchedPolicy: open of dev/cpuctl/limit_fg/tasks failed: Permission denied
03-25 17:48:56.226 15757 15757 E SchedPolicy: open of dev/cpuctl/bg_non_interactive/limit_bg/tasks failed: Permission denied
03-25 17:48:56.228  1353  2546 I chatty  : uid=1000(system) Binder:1353_C expire 22 lines
03-25 17:48:56.235 15757 15757 D ActivityThread: ActivityThread,attachApplication
03-25 17:48:56.279  1353  1479 I chatty  : uid=1000(system) sManagerService expire 1 line
03-25 17:48:56.310  1353  1985 I chatty  : uid=1000(system) Binder:1353_5 expire 2 lines
03-25 17:48:56.310  1922  2177 I HwNetworkPolicyManager: getHwUidPolicy uid = 10019 policy = 0
03-25 17:48:56.327  1353  1532 I chatty  : uid=1000(system) Binder:1353_3 expire 1 line
03-25 17:48:56.328  5329  5421 I HwNetworkPolicyManager: getHwUidPolicy uid = 10019 policy = 0
03-25 17:48:56.376  1353  2009 I chatty  : uid=1000(system) Binder:1353_8 expire 1 line
03-25 17:48:56.432  1688  2106 I CommandQueue: updateBarBgColor
03-25 17:48:56.433  1688  2106 D CommandQueue: CommandQueue, setBarBackgroundColor
03-25 17:48:56.841 15800 15825 E SchedPolicy: open of dev/cpuctl/limit_fg/tasks failed: Permission denied
03-25 17:48:56.841 15800 15825 E SchedPolicy: open of dev/cpuctl/bg_non_interactive/limit_bg/tasks failed: Permission denied
03-25 17:48:56.862  1353  1482 I chatty  : uid=1000(system) InputDispatcher expire 4 lines
03-25 17:48:56.884 15828 15828 E SchedPolicy: open of dev/cpuctl/limit_fg/tasks failed: Permission denied
03-25 17:48:56.884 15828 15828 E SchedPolicy: open of dev/cpuctl/bg_non_interactive/limit_bg/tasks failed: Permission denied
03-25 17:48:56.892 15828 15828 D ActivityThread: ActivityThread,attachApplication
03-25 17:48:56.894  1353  3454 I chatty  : uid=1000(system) Binder:1353_16 expire 9 lines
03-25 17:48:56.925  1353  1986 I chatty  : uid=1000(system) Binder:1353_6 expire 1 line
03-25 17:48:56.926  1922  2177 I HwNetworkPolicyManager: getHwUidPolicy uid = 10051 policy = 0
03-25 17:48:56.928  5329  5421 I HwNetworkPolicyManager: getHwUidPolicy uid = 10051 policy = 0
03-25 17:48:56.974  1688  1702 I CommandQueue: updateBarBgColor
03-25 17:48:56.974  1688  1702 D CommandQueue: CommandQueue, setBarBackgroundColor
03-25 17:48:57.027  1353  3179 I chatty  : uid=1000(system) Binder:1353_13 expire 8 lines
03-25 17:48:57.051  1353  3514 I chatty  : uid=1000(system) Binder:1353_19 expire 5 lines
03-25 17:48:57.053  1353  1375 I chatty  : uid=1000(system) android.display expire 4 lines
03-25 17:48:57.056  1688  2041 I CommandQueue: updateBarBgColor
03-25 17:48:57.056  1688  2041 D CommandQueue: CommandQueue, setBarBackgroundColor
03-25 17:48:57.056  1688  1839 I CommandQueue: updateBarBgColor
03-25 17:48:57.057  1688  1839 D CommandQueue: CommandQueue, setBarBackgroundColor
03-25 17:48:57.535  1353  1985 I chatty  : uid=1000(system) Binder:1353_5 expire 14 lines
03-25 17:48:57.538  1353  3477 I chatty  : uid=1000(system) Binder:1353_18 expire 9 lines
03-25 17:48:57.548  1353  3181 I chatty  : uid=1000(system) Binder:1353_14 expire 4 lines
03-25 17:48:57.559  1353  1363 I chatty  : uid=1000(system) Binder:1353_1 expire 16 lines
03-25 17:48:57.568 15828 15892 E ActivityThread: Failed to find provider info for com.ludashi.benchmark.DownloadProvider
03-25 17:48:57.572  1353  2016 I chatty  : uid=1000(system) Binder:1353_9 expire 8 lines
03-25 17:48:57.577  1353  3454 I chatty  : uid=1000(system) Binder:1353_16 expire 2 lines
03-25 17:48:57.581 15828 15892 E ActivityThread: Failed to find provider info for com.ss.android.article.news.DownloadProvider
03-25 17:48:57.627 15884 15910 E SchedPolicy: open of dev/cpuctl/limit_fg/tasks failed: Permission denied
03-25 17:48:57.627 15884 15910 E SchedPolicy: open of dev/cpuctl/bg_non_interactive/limit_bg/tasks failed: Permission denied
03-25 17:48:57.660  1353  1353 I chatty  : uid=1000 system_server expire 10 lines
03-25 17:48:57.890  1353  3476 I chatty  : uid=1000(system) Binder:1353_17 expire 6 lines
03-25 17:49:00.907  1353  1594 I chatty  : uid=1000(system) LazyTaskWriterT expire 5 lines
03-25 17:49:05.977  1353  1478 I chatty  : uid=1000(system) AlarmManager expire 1 line
03-25 17:49:21.895  1353  2546 I chatty  : uid=1000(system) Binder:1353_C expire 9 lines
03-25 17:49:21.901  1922  2177 I HwNetworkPolicyManager: getHwUidPolicy uid = 10404 policy = 0
03-25 17:49:21.903  1353  2008 I chatty  : uid=1000(system) Binder:1353_7 expire 2 lines
03-25 17:49:21.903  5329  5421 I HwNetworkPolicyManager: getHwUidPolicy uid = 10404 policy = 0
03-25 17:49:21.911 15757 15757 V ActivityThread: ActivityThread,callActivityOnCreate
03-25 17:49:22.006  1353  1364 I chatty  : uid=1000(system) Binder:1353_2 expire 12 lines
03-25 17:49:22.029 15757 15757 D ActivityThread: add activity client record, r= ActivityRecord{a653f85 token=android.os.BinderProxy@80903b3 {cn.dcpai.auction/cn.dcpai.auction.SplashActivity}} token= android.os.BinderProxy@80903b3
03-25 17:49:22.061  1353  2009 I chatty  : uid=1000(system) Binder:1353_8 expire 3 lines
03-25 17:49:22.063  1688  2039 I CommandQueue: updateBarBgColor
03-25 17:49:22.063  1688  2039 D CommandQueue: CommandQueue, setBarBackgroundColor
03-25 17:49:22.172  1353  2614 I chatty  : uid=1000(system) Binder:1353_F expire 6 lines
03-25 17:49:23.962 15757 15757 V ActivityThread: ActivityThread,callActivityOnCreate
03-25 17:49:23.995  1353  2615 I chatty  : uid=1000(system) Binder:1353_10 expire 7 lines
03-25 17:49:23.996  1353 16150 I chatty  : uid=1000 system_server expire 4 lines
03-25 17:49:24.061  1353  3515 I chatty  : uid=1000(system) Binder:1353_1A expire 12 lines
03-25 17:49:24.063  1353  2616 I chatty  : uid=1000(system) Binder:1353_11 expire 6 lines
03-25 17:49:24.149 15757 15757 D ActivityThread: add activity client record, r= ActivityRecord{b7ea6fb token=android.os.BinderProxy@d278f8f {cn.dcpai.auction/cn.dcpai.auction.MainActivity}} token= android.os.BinderProxy@d278f8f
03-25 17:49:24.251 15757 15757 V ActivityThread: ActivityThread,callActivityOnCreate
03-25 17:49:24.580  1353  1510 I chatty  : uid=1000(system) ConnectivitySer expire 7 lines
03-25 17:49:24.618 15757 15757 D ActivityThread: add activity client record, r= ActivityRecord{ea2dbb4 token=android.os.BinderProxy@2316663 {cn.dcpai.auction/cn.dcpai.auction.activity.WebViewActivity}} token= android.os.BinderProxy@2316663
03-25 17:49:24.825  1353  1532 I chatty  : uid=1000(system) Binder:1353_3 expire 6 lines
03-25 17:49:25.832 15757 15757 D ActivityThread: Remove activity client record, r= ActivityRecord{a653f85 token=android.os.BinderProxy@80903b3 {cn.dcpai.auction/cn.dcpai.auction.SplashActivity}} token= android.os.BinderProxy@80903b3
03-25 17:49:25.835  1353  3183 I chatty  : uid=1000(system) Binder:1353_15 expire 1 line
03-25 17:49:27.122  1353  1469 I chatty  : uid=1000(system) UEventObserver expire 6 lines
03-25 17:49:29.687  1353  1492 I chatty  : uid=1000(system) NetdConnector expire 2 lines
03-25 17:49:29.691  1353  1373 I chatty  : uid=1000(system) android.fg expire 2 lines
03-25 17:49:38.210 15757 15757 D ActivityThread: Remove activity client record, r= ActivityRecord{ea2dbb4 token=android.os.BinderProxy@2316663 {cn.dcpai.auction/cn.dcpai.auction.activity.WebViewActivity}} token= android.os.BinderProxy@2316663
03-25 17:50:16.307 15757 15757 V ActivityThread: ActivityThread,callActivityOnCreate
03-25 17:50:16.408  1353  1986 I chatty  : uid=1000(system) Binder:1353_6 expire 1 line
03-25 17:50:16.422 15757 15757 D ActivityThread: add activity client record, r= ActivityRecord{7f1b910 token=android.os.BinderProxy@2494a4d {cn.dcpai.auction/cn.dcpai.auction.activity.LoginMainActivity}} token= android.os.BinderProxy@2494a4d
03-25 17:50:19.409 15757 15757 V ActivityThread: ActivityThread,callActivityOnCreate
03-25 17:50:19.460 15757 15757 D ActivityThread: add activity client record, r= ActivityRecord{c2da985 token=android.os.BinderProxy@be08d1a {cn.dcpai.auction/cn.dcpai.auction.activity.MobileLoginActivity}} token= android.os.BinderProxy@be08d1a
03-25 17:50:19.509  1353  2552 I chatty  : uid=1000(system) Binder:1353_E expire 7 lines
03-25 17:50:19.851  1353  2545 I chatty  : uid=1000(system) Binder:1353_B expire 1 line
03-25 17:50:21.379  1353  1353 I chatty  : uid=1000 system_server expire 8 lines
03-25 17:50:44.251 16861 16869 E SchedPolicy: open of dev/cpuctl/limit_fg/tasks failed: Permission denied
03-25 17:50:44.251 16861 16869 E SchedPolicy: open of dev/cpuctl/bg_non_interactive/limit_bg/tasks failed: Permission denied
03-25 17:50:44.994 16883 16884 E SchedPolicy: open of dev/cpuctl/limit_fg/tasks failed: Permission denied
03-25 17:50:44.994 16883 16884 E SchedPolicy: open of dev/cpuctl/bg_non_interactive/limit_bg/tasks failed: Permission denied
03-25 17:50:45.669 16890 16901 E SchedPolicy: open of dev/cpuctl/limit_fg/tasks failed: Permission denied
03-25 17:50:45.669 16890 16901 E SchedPolicy: open of dev/cpuctl/bg_non_interactive/limit_bg/tasks failed: Permission denied
03-25 17:50:45.761 16905 16905 E SchedPolicy: open of dev/cpuctl/limit_fg/tasks failed: No such file or directory
03-25 17:50:45.761 16905 16905 E SchedPolicy: open of dev/cpuctl/bg_non_interactive/limit_bg/tasks failed: No such file or directory
03-25 17:50:45.857  1353  1386 I chatty  : uid=1000(system) PackageManager expire 2 lines
03-25 17:50:45.857  1353  1366 I chatty  : uid=1000(system) ActivityManager expire 11 lines
03-25 17:50:46.488 16914 16922 E SchedPolicy: open of dev/cpuctl/limit_fg/tasks failed: Permission denied
03-25 17:50:46.488 16914 16922 E SchedPolicy: open of dev/cpuctl/bg_non_interactive/limit_bg/tasks failed: Permission denied
03-25 17:50:47.059 16927 16935 E SchedPolicy: open of dev/cpuctl/limit_fg/tasks failed: Permission denied
03-25 17:50:47.059 16927 16935 E SchedPolicy: open of dev/cpuctl/bg_non_interactive/limit_bg/tasks failed: Permission denied
03-25 17:50:47.549 16937 16949 E SchedPolicy: open of dev/cpuctl/limit_fg/tasks failed: Permission denied
03-25 17:50:47.549 16937 16949 E SchedPolicy: open of dev/cpuctl/bg_non_interactive/limit_bg/tasks failed: Permission denied
03-25 17:50:48.129 16954 16962 E SchedPolicy: open of dev/cpuctl/limit_fg/tasks failed: Permission denied
03-25 17:50:48.129 16954 16962 E SchedPolicy: open of dev/cpuctl/bg_non_interactive/limit_bg/tasks failed: Permission denied
03-25 17:50:49.193 16974 16982 E SchedPolicy: open of dev/cpuctl/limit_fg/tasks failed: Permission denied
03-25 17:50:49.193 16974 16982 E SchedPolicy: open of dev/cpuctl/bg_non_interactive/limit_bg/tasks failed: Permission denied
03-25 17:50:50.055 16988 16999 E SchedPolicy: open of dev/cpuctl/limit_fg/tasks failed: Permission denied
03-25 17:50:50.055 16988 16999 E SchedPolicy: open of dev/cpuctl/bg_non_interactive/limit_bg/tasks failed: Permission denied
03-25 17:50:52.017 17015 17026 E SchedPolicy: open of dev/cpuctl/limit_fg/tasks failed: Permission denied
03-25 17:50:52.017 17015 17026 E SchedPolicy: open of dev/cpuctl/bg_non_interactive/limit_bg/tasks failed: Permission denied
03-25 17:50:52.792 17034 17046 E SchedPolicy: open of dev/cpuctl/limit_fg/tasks failed: Permission denied
03-25 17:50:52.792 17034 17046 E SchedPolicy: open of dev/cpuctl/bg_non_interactive/limit_bg/tasks failed: Permission denied
03-25 17:50:52.795  1353  2617 I chatty  : uid=1000(system) Binder:1353_12 expire 25 lines
03-25 17:50:52.822 17048 17048 E SchedPolicy: open of dev/cpuctl/limit_fg/tasks failed: Permission denied
03-25 17:50:52.822 17048 17048 E SchedPolicy: open of dev/cpuctl/bg_non_interactive/limit_bg/tasks failed: Permission denied
03-25 17:50:52.839 17048 17048 D ActivityThread: ActivityThread,attachApplication
03-25 17:50:52.863  1353  1985 I chatty  : uid=1000(system) Binder:1353_5 expire 3 lines
03-25 17:50:52.865  1353  1479 I chatty  : uid=1000(system) sManagerService expire 1 line
03-25 17:50:52.868  1353  2545 I chatty  : uid=1000(system) Binder:1353_B expire 8 lines
03-25 17:50:52.868  1922  2177 I HwNetworkPolicyManager: getHwUidPolicy uid = 10019 policy = 0
03-25 17:50:52.870  1353  1628 I chatty  : uid=1000(system) Binder:1353_4 expire 4 lines
03-25 17:50:52.870  5329  5421 I HwNetworkPolicyManager: getHwUidPolicy uid = 10019 policy = 0
03-25 17:50:52.872  1353  1353 I chatty  : uid=1000 system_server expire 16 lines
03-25 17:50:52.882  1353  2009 I chatty  : uid=1000(system) Binder:1353_8 expire 4 lines
03-25 17:50:52.883  1688  1705 I CommandQueue: updateBarBgColor
03-25 17:50:52.883  1688  1705 D CommandQueue: CommandQueue, setBarBackgroundColor
03-25 17:50:52.889  1353  1364 I chatty  : uid=1000(system) Binder:1353_2 expire 3 lines
03-25 17:50:52.899  1353  2546 I chatty  : uid=1000(system) Binder:1353_C expire 3 lines
03-25 17:50:52.899  1353  2008 I chatty  : uid=1000(system) Binder:1353_7 expire 8 lines
03-25 17:50:52.899  1353  1510 I chatty  : uid=1000(system) ConnectivitySer expire 2 lines
03-25 17:50:52.902  1353  2615 I chatty  : uid=1000(system) Binder:1353_10 expire 2 lines
03-25 17:50:52.916 17067 17067 E SchedPolicy: open of dev/cpuctl/limit_fg/tasks failed: Permission denied
03-25 17:50:52.916 17067 17067 E SchedPolicy: open of dev/cpuctl/bg_non_interactive/limit_bg/tasks failed: Permission denied
03-25 17:50:52.942 17067 17067 D ActivityThread: ActivityThread,attachApplication
03-25 17:50:52.942  1353  2616 I chatty  : uid=1000(system) Binder:1353_11 expire 11 lines
03-25 17:50:52.949  1353  1532 I chatty  : uid=1000(system) Binder:1353_3 expire 12 lines
03-25 17:50:52.978  1353  2614 I chatty  : uid=1000(system) Binder:1353_F expire 14 lines
03-25 17:50:53.016  1353  3183 I chatty  : uid=1000(system) Binder:1353_15 expire 4 lines
03-25 17:50:53.116  1353  3515 I chatty  : uid=1000(system) Binder:1353_1A expire 14 lines
03-25 17:50:53.127  1353  2016 I chatty  : uid=1000(system) Binder:1353_9 expire 10 lines
03-25 17:50:53.174  1922  2177 I HwNetworkPolicyManager: getHwUidPolicy uid = 10404 policy = 0
03-25 17:50:53.175  1353  1363 I chatty  : uid=1000(system) Binder:1353_1 expire 3 lines
03-25 17:50:53.175  5329  5421 I HwNetworkPolicyManager: getHwUidPolicy uid = 10404 policy = 0
03-25 17:50:53.284  1353  2027 I chatty  : uid=1000(system) Binder:1353_A expire 12 lines
03-25 17:50:53.312 17127 17127 E SchedPolicy: open of dev/cpuctl/limit_fg/tasks failed: Permission denied
03-25 17:50:53.312 17127 17127 E SchedPolicy: open of dev/cpuctl/bg_non_interactive/limit_bg/tasks failed: Permission denied
03-25 17:50:53.319 17127 17127 D ActivityThread: ActivityThread,attachApplication
03-25 17:50:53.319  1353  3454 I chatty  : uid=1000(system) Binder:1353_16 expire 4 lines
03-25 17:50:53.354  1353  1986 I chatty  : uid=1000(system) Binder:1353_6 expire 3 lines
03-25 17:50:53.388 17048 17048 V ActivityThread: ActivityThread,callActivityOnCreate
03-25 17:50:53.505 17048 17048 D ActivityThread: add activity client record, r= ActivityRecord{4d5ccfc token=android.os.BinderProxy@840e504 {cn.dcpai.auction/cn.dcpai.auction.SplashActivity}} token= android.os.BinderProxy@840e504
03-25 17:50:53.555  1688  2106 I CommandQueue: updateBarBgColor
03-25 17:50:53.555  1688  2106 D CommandQueue: CommandQueue, setBarBackgroundColor
03-25 17:50:53.571  1353  2551 I chatty  : uid=1000(system) Binder:1353_D expire 4 lines
03-25 17:50:53.575  1353  3181 I chatty  : uid=1000(system) Binder:1353_14 expire 9 lines
03-25 17:50:53.597 17127 17182 E ActivityThread: Failed to find provider info for com.ludashi.benchmark.DownloadProvider
03-25 17:50:53.606  1353  3477 I chatty  : uid=1000(system) Binder:1353_18 expire 5 lines
03-25 17:50:53.615 17127 17182 E ActivityThread: Failed to find provider info for com.ss.android.article.news.DownloadProvider
03-25 17:50:53.833  1353  1375 I chatty  : uid=1000(system) android.display expire 7 lines
03-25 17:50:53.898  1353  3514 I chatty  : uid=1000(system) Binder:1353_19 expire 13 lines
03-25 17:50:56.821 17048 17048 V ActivityThread: ActivityThread,callActivityOnCreate
03-25 17:50:56.856  1353 17272 I chatty  : uid=1000 system_server expire 4 lines
03-25 17:50:57.023 17048 17048 D ActivityThread: add activity client record, r= ActivityRecord{8848fe8 token=android.os.BinderProxy@667409f {cn.dcpai.auction/cn.dcpai.auction.MainActivity}} token= android.os.BinderProxy@667409f
03-25 17:50:57.603  1353  1469 I chatty  : uid=1000(system) UEventObserver expire 10 lines
03-25 17:50:57.992  1353  1594 I chatty  : uid=1000(system) LazyTaskWriterT expire 3 lines
03-25 17:50:58.201 17048 17048 D ActivityThread: Remove activity client record, r= ActivityRecord{4d5ccfc token=android.os.BinderProxy@840e504 {cn.dcpai.auction/cn.dcpai.auction.SplashActivity}} token= android.os.BinderProxy@840e504
03-25 17:50:58.203  1353  2552 I chatty  : uid=1000(system) Binder:1353_E expire 4 lines
03-25 17:50:58.583 17048 17048 V ActivityThread: ActivityThread,callActivityOnCreate
03-25 17:50:58.686 17048 17048 D ActivityThread: add activity client record, r= ActivityRecord{98f347a token=android.os.BinderProxy@7b5e3 {cn.dcpai.auction/cn.dcpai.auction.activity.LoginMainActivity}} token= android.os.BinderProxy@7b5e3
03-25 17:51:00.134 17048 17048 V ActivityThread: ActivityThread,callActivityOnCreate
03-25 17:51:00.187 17048 17048 D ActivityThread: add activity client record, r= ActivityRecord{e34338d token=android.os.BinderProxy@7e81a82 {cn.dcpai.auction/cn.dcpai.auction.activity.MobileLoginActivity}} token= android.os.BinderProxy@7e81a82
03-25 17:51:04.548 17370 17381 E SchedPolicy: open of dev/cpuctl/limit_fg/tasks failed: Permission denied
03-25 17:51:04.548 17370 17381 E SchedPolicy: open of dev/cpuctl/bg_non_interactive/limit_bg/tasks failed: Permission denied
03-25 17:51:11.143 17406 17406 E SchedPolicy: open of dev/cpuctl/limit_fg/tasks failed: Permission denied
03-25 17:51:11.143 17406 17406 E SchedPolicy: open of dev/cpuctl/bg_non_interactive/limit_bg/tasks failed: Permission denied
03-25 17:51:11.166 17406 17406 D ActivityThread: ActivityThread,attachApplication
03-25 17:51:11.690 17420 17428 E SchedPolicy: open of dev/cpuctl/limit_fg/tasks failed: Permission denied
03-25 17:51:11.690 17420 17428 E SchedPolicy: open of dev/cpuctl/bg_non_interactive/limit_bg/tasks failed: Permission denied
03-25 17:51:12.557  1353  1365 I chatty  : uid=1000(system) android.bg expire 1 line
03-25 17:51:18.680  1353  2027 I chatty  : uid=1000(system) Binder:1353_A expire 3 lines
03-25 17:51:19.166 17048 17048 D ActivityThread: Remove activity client record, r= ActivityRecord{98f347a token=android.os.BinderProxy@7b5e3 {cn.dcpai.auction/cn.dcpai.auction.activity.LoginMainActivity}} token= android.os.BinderProxy@7b5e3
03-25 17:51:19.175 17048 17048 D ActivityThread: Remove activity client record, r= ActivityRecord{e34338d token=android.os.BinderProxy@7e81a82 {cn.dcpai.auction/cn.dcpai.auction.activity.MobileLoginActivity}} token= android.os.BinderProxy@7e81a82
03-25 17:51:19.465  1353  3514 I chatty  : uid=1000(system) Binder:1353_19 expire 1 line
03-25 17:51:19.778  1353  2614 I chatty  : uid=1000(system) Binder:1353_F expire 2 lines
03-25 17:52:03.304  1353  2016 I chatty  : uid=1000(system) Binder:1353_9 expire 2 lines
03-25 17:52:03.963  1353  3179 I chatty  : uid=1000(system) Binder:1353_13 expire 1 line
03-25 17:52:11.676  1353  1492 I chatty  : uid=1000(system) NetdConnector expire 4 lines
03-25 17:52:11.683  1353  1373 I chatty  : uid=1000(system) android.fg expire 4 lines
03-25 17:52:37.371  1353  1532 I chatty  : uid=1000(system) Binder:1353_3 expire 1 line
03-25 17:53:19.131 17048 17048 V ActivityThread: ActivityThread,callActivityOnCreate
03-25 17:53:19.217 17048 17048 D ActivityThread: add activity client record, r= ActivityRecord{26c0afd token=android.os.BinderProxy@a9c593d {cn.dcpai.auction/cn.dcpai.auction.activity.AuctionGroupDetailNewActivity}} token= android.os.BinderProxy@a9c593d
03-25 17:53:19.219  1353  2616 I chatty  : uid=1000(system) Binder:1353_11 expire 13 lines
03-25 17:53:19.676  1353  2545 I chatty  : uid=1000(system) Binder:1353_B expire 7 lines
03-25 17:53:20.591  1353  2008 I chatty  : uid=1000(system) Binder:1353_7 expire 5 lines
03-25 17:53:20.611 17048 17048 V ActivityThread: ActivityThread,callActivityOnCreate
03-25 17:53:20.643 17048 17048 D ActivityThread: add activity client record, r= ActivityRecord{d1c7f45 token=android.os.BinderProxy@1b0dd94 {cn.dcpai.auction/cn.dcpai.auction.activity.AdmissionReadyNewActivity}} token= android.os.BinderProxy@1b0dd94
03-25 17:53:20.708  1353  3476 I chatty  : uid=1000(system) Binder:1353_17 expire 7 lines
03-25 17:53:20.710  1353  3454 I chatty  : uid=1000(system) Binder:1353_16 expire 6 lines
03-25 17:53:20.785  1353  1375 I chatty  : uid=1000(system) android.display expire 6 lines
03-25 17:53:21.021  1353  3181 I chatty  : uid=1000(system) Binder:1353_14 expire 1 line
03-25 17:53:21.375  1353  1353 I chatty  : uid=1000 system_server expire 12 lines
03-25 17:53:22.031  1353  1364 I chatty  : uid=1000(system) Binder:1353_2 expire 12 lines
03-25 17:53:22.050 17048 17048 V ActivityThread: ActivityThread,callActivityOnCreate
03-25 17:53:22.154  1353  2027 I chatty  : uid=1000(system) Binder:1353_A expire 6 lines
03-25 17:53:22.213 17048 17048 D ActivityThread: add activity client record, r= ActivityRecord{c262ada token=android.os.BinderProxy@35e8567 {cn.dcpai.auction/cn.dcpai.auction.activity.AuctionNewActivity}} token= android.os.BinderProxy@35e8567
03-25 17:53:22.385  1353  3477 I chatty  : uid=1000(system) Binder:1353_18 expire 6 lines
03-25 17:53:22.618 17048 17048 D ActivityThread: Remove activity client record, r= ActivityRecord{d1c7f45 token=android.os.BinderProxy@1b0dd94 {cn.dcpai.auction/cn.dcpai.auction.activity.AdmissionReadyNewActivity}} token= android.os.BinderProxy@1b0dd94
03-25 17:53:22.620  1353  1985 I chatty  : uid=1000(system) Binder:1353_5 expire 1 line
03-25 17:53:22.623  1353  1594 I chatty  : uid=1000(system) LazyTaskWriterT expire 3 lines
03-25 17:53:28.407  1353  1469 I chatty  : uid=1000(system) UEventObserver expire 8 lines
03-25 17:53:28.485  1353  2551 I chatty  : uid=1000(system) Binder:1353_D expire 2 lines
03-25 17:53:28.504  1353  2615 I chatty  : uid=1000(system) Binder:1353_10 expire 16 lines
03-25 17:53:28.842 17048 17048 D ActivityThread: Remove activity client record, r= ActivityRecord{c262ada token=android.os.BinderProxy@35e8567 {cn.dcpai.auction/cn.dcpai.auction.activity.AuctionNewActivity}} token= android.os.BinderProxy@35e8567
03-25 17:53:29.530  1353  1492 I chatty  : uid=1000(system) NetdConnector expire 4 lines
03-25 17:54:06.157  1353  1478 I chatty  : uid=1000(system) AlarmManager expire 1 line
03-25 17:54:51.734  1353  1373 I chatty  : uid=1000(system) android.fg expire 2 lines
03-25 17:55:17.257 18694 18703 E SchedPolicy: open of dev/cpuctl/limit_fg/tasks failed: Permission denied
03-25 17:55:17.257 18694 18703 E SchedPolicy: open of dev/cpuctl/bg_non_interactive/limit_bg/tasks failed: Permission denied
03-25 17:55:17.921 18719 18720 E SchedPolicy: open of dev/cpuctl/limit_fg/tasks failed: Permission denied
03-25 17:55:17.921 18719 18720 E SchedPolicy: open of dev/cpuctl/bg_non_interactive/limit_bg/tasks failed: Permission denied
03-25 17:55:18.585 18727 18736 E SchedPolicy: open of dev/cpuctl/limit_fg/tasks failed: Permission denied
03-25 17:55:18.585 18727 18736 E SchedPolicy: open of dev/cpuctl/bg_non_interactive/limit_bg/tasks failed: Permission denied
03-25 17:55:18.686 18746 18746 E SchedPolicy: open of dev/cpuctl/limit_fg/tasks failed: No such file or directory
03-25 17:55:18.686 18746 18746 E SchedPolicy: open of dev/cpuctl/bg_non_interactive/limit_bg/tasks failed: No such file or directory
03-25 17:55:18.786  1353  1366 I chatty  : uid=1000(system) ActivityManager expire 11 lines
03-25 17:55:18.786  1353  1386 I chatty  : uid=1000(system) PackageManager expire 2 lines
03-25 17:55:18.793  1353  1353 I chatty  : uid=1000 system_server expire 9 lines
03-25 17:55:19.402 18756 18764 E SchedPolicy: open of dev/cpuctl/limit_fg/tasks failed: Permission denied
03-25 17:55:19.402 18756 18764 E SchedPolicy: open of dev/cpuctl/bg_non_interactive/limit_bg/tasks failed: Permission denied
03-25 17:55:19.958 18766 18777 E SchedPolicy: open of dev/cpuctl/limit_fg/tasks failed: Permission denied
03-25 17:55:19.958 18766 18777 E SchedPolicy: open of dev/cpuctl/bg_non_interactive/limit_bg/tasks failed: Permission denied
03-25 17:55:20.423 18779 18787 E SchedPolicy: open of dev/cpuctl/limit_fg/tasks failed: Permission denied
03-25 17:55:20.423 18779 18787 E SchedPolicy: open of dev/cpuctl/bg_non_interactive/limit_bg/tasks failed: Permission denied
03-25 17:55:20.976 18789 18800 E SchedPolicy: open of dev/cpuctl/limit_fg/tasks failed: Permission denied
03-25 17:55:20.977 18789 18800 E SchedPolicy: open of dev/cpuctl/bg_non_interactive/limit_bg/tasks failed: Permission denied
03-25 17:55:22.090 18811 18822 E SchedPolicy: open of dev/cpuctl/limit_fg/tasks failed: Permission denied
03-25 17:55:22.090 18811 18822 E SchedPolicy: open of dev/cpuctl/bg_non_interactive/limit_bg/tasks failed: Permission denied
03-25 17:55:22.952 18828 18839 E SchedPolicy: open of dev/cpuctl/limit_fg/tasks failed: Permission denied
03-25 17:55:22.952 18828 18839 E SchedPolicy: open of dev/cpuctl/bg_non_interactive/limit_bg/tasks failed: Permission denied
03-25 17:55:24.574  1353  3183 I chatty  : uid=1000(system) Binder:1353_15 expire 10 lines
03-25 17:55:25.116 18865 18878 E SchedPolicy: open of dev/cpuctl/limit_fg/tasks failed: Permission denied
03-25 17:55:25.116 18865 18878 E SchedPolicy: open of dev/cpuctl/bg_non_interactive/limit_bg/tasks failed: Permission denied
03-25 17:55:25.668 18880 18890 E SchedPolicy: open of dev/cpuctl/limit_fg/tasks failed: Permission denied
03-25 17:55:25.668 18880 18890 E SchedPolicy: open of dev/cpuctl/bg_non_interactive/limit_bg/tasks failed: Permission denied
03-25 17:55:25.671  1353  3515 I chatty  : uid=1000(system) Binder:1353_1A expire 32 lines
03-25 17:55:25.673  1353  1368 I chatty  : uid=1000(system) ActivityManager expire 4 lines
03-25 17:55:25.703 18892 18892 E SchedPolicy: open of dev/cpuctl/limit_fg/tasks failed: Permission denied
03-25 17:55:25.703 18892 18892 E SchedPolicy: open of dev/cpuctl/bg_non_interactive/limit_bg/tasks failed: Permission denied
03-25 17:55:25.717 18892 18892 D ActivityThread: ActivityThread,attachApplication
03-25 17:55:25.758  1353  1479 I chatty  : uid=1000(system) sManagerService expire 2 lines
03-25 17:55:25.764  1922  2177 I HwNetworkPolicyManager: getHwUidPolicy uid = 10019 policy = 0
03-25 17:55:25.767  5329  5421 I HwNetworkPolicyManager: getHwUidPolicy uid = 10019 policy = 0
03-25 17:55:25.799  1353  2617 I chatty  : uid=1000(system) Binder:1353_12 expire 1 line
03-25 17:55:25.834  1353  2016 I chatty  : uid=1000(system) Binder:1353_9 expire 1 line
03-25 17:55:25.834  1688  2039 I CommandQueue: updateBarBgColor
03-25 17:55:25.834  1688  2039 D CommandQueue: CommandQueue, setBarBackgroundColor
03-25 17:55:25.864 18924 18924 E SchedPolicy: open of dev/cpuctl/limit_fg/tasks failed: Permission denied
03-25 17:55:25.864 18924 18924 E SchedPolicy: open of dev/cpuctl/bg_non_interactive/limit_bg/tasks failed: Permission denied
03-25 17:55:25.885 18924 18924 D ActivityThread: ActivityThread,attachApplication
03-25 17:55:25.886  1353  3179 I chatty  : uid=1000(system) Binder:1353_13 expire 7 lines
03-25 17:55:25.945  1353  1986 I chatty  : uid=1000(system) Binder:1353_6 expire 6 lines
03-25 17:55:26.275 18955 18991 E SchedPolicy: open of dev/cpuctl/limit_fg/tasks failed: Permission denied
03-25 17:55:26.275 18955 18991 E SchedPolicy: open of dev/cpuctl/bg_non_interactive/limit_bg/tasks failed: Permission denied
03-25 17:55:26.298  1353  1482 I chatty  : uid=1000(system) InputDispatcher expire 4 lines
03-25 17:55:26.326  5329  5421 I HwNetworkPolicyManager: getHwUidPolicy uid = 10051 policy = 0
03-25 17:55:26.330  1922  2177 I HwNetworkPolicyManager: getHwUidPolicy uid = 10051 policy = 0
03-25 17:55:26.364  1353  2009 I chatty  : uid=1000(system) Binder:1353_8 expire 4 lines
03-25 17:55:26.367 18995 18995 E SchedPolicy: open of dev/cpuctl/limit_fg/tasks failed: Permission denied
03-25 17:55:26.367 18995 18995 E SchedPolicy: open of dev/cpuctl/bg_non_interactive/limit_bg/tasks failed: Permission denied
03-25 17:55:26.383  1688  2039 I CommandQueue: updateBarBgColor
03-25 17:55:26.383  1688  2039 D CommandQueue: CommandQueue, setBarBackgroundColor
03-25 17:55:26.457 18995 18995 D ActivityThread: ActivityThread,attachApplication
03-25 17:55:26.500  1353  1628 I chatty  : uid=1000(system) Binder:1353_4 expire 7 lines
03-25 17:55:26.575 18973 19036 E SchedPolicy: open of dev/cpuctl/limit_fg/tasks failed: Permission denied
03-25 17:55:26.575 18973 19036 E SchedPolicy: open of dev/cpuctl/bg_non_interactive/limit_bg/tasks failed: Permission denied
03-25 17:55:26.581  1353  1364 I chatty  : uid=1000(system) Binder:1353_2 expire 1 line
03-25 17:55:26.750  1353  2616 I chatty  : uid=1000(system) Binder:1353_11 expire 3 lines
03-25 17:55:26.841 19020 19073 E SchedPolicy: open of dev/cpuctl/limit_fg/tasks failed: Permission denied
03-25 17:55:26.841 19020 19073 E SchedPolicy: open of dev/cpuctl/bg_non_interactive/limit_bg/tasks failed: Permission denied
03-25 17:55:27.061  1353  2546 I chatty  : uid=1000(system) Binder:1353_C expire 2 lines
03-25 17:55:27.086 18995 19090 E ActivityThread: Failed to find provider info for com.ludashi.benchmark.DownloadProvider
03-25 17:55:27.112 18995 19090 E ActivityThread: Failed to find provider info for com.ss.android.article.news.DownloadProvider
03-25 17:55:27.256 19082 19111 E SchedPolicy: open of dev/cpuctl/limit_fg/tasks failed: Permission denied
03-25 17:55:27.256 19082 19111 E SchedPolicy: open of dev/cpuctl/bg_non_interactive/limit_bg/tasks failed: Permission denied
