03-25 17:55:27.259  1353  1363 I chatty  : uid=1000(system) Binder:1353_1 expire 15 lines
03-25 17:55:27.544  1353  3476 I chatty  : uid=1000(system) Binder:1353_17 expire 8 lines
03-25 17:55:27.545 19115 19115 E SchedPolicy: open of dev/cpuctl/limit_fg/tasks failed: Permission denied
03-25 17:55:27.545 19115 19115 E SchedPolicy: open of dev/cpuctl/bg_non_interactive/limit_bg/tasks failed: Permission denied
03-25 17:55:27.555 19115 19115 D ActivityThread: ActivityThread,attachApplication
03-25 17:55:27.555  1353  2008 I chatty  : uid=1000(system) Binder:1353_7 expire 4 lines
03-25 17:55:27.579  1353  1364 I chatty  : uid=1000(system) Binder:1353_2 expire 3 lines
03-25 17:55:27.579  1922  2177 I HwNetworkPolicyManager: getHwUidPolicy uid = 10404 policy = 0
03-25 17:55:27.580  1353  2546 I chatty  : uid=1000(system) Binder:1353_C expire 1 line
03-25 17:55:27.580  5329  5421 I HwNetworkPolicyManager: getHwUidPolicy uid = 10404 policy = 0
03-25 17:55:27.616  1353  2614 I chatty  : uid=1000(system) Binder:1353_F expire 13 lines
03-25 17:55:27.623  1353  2027 I chatty  : uid=1000(system) Binder:1353_A expire 3 lines
03-25 17:55:27.727  1353  3179 I chatty  : uid=1000(system) Binder:1353_13 expire 3 lines
03-25 17:55:27.787  1353  2545 I chatty  : uid=1000(system) Binder:1353_B expire 5 lines
03-25 17:55:27.787 19175 19175 E SchedPolicy: open of dev/cpuctl/limit_fg/tasks failed: Permission denied
03-25 17:55:27.787 19175 19175 E SchedPolicy: open of dev/cpuctl/bg_non_interactive/limit_bg/tasks failed: Permission denied
03-25 17:55:27.794 19175 19175 D ActivityThread: ActivityThread,attachApplication
03-25 17:55:27.858 19115 19115 V ActivityThread: ActivityThread,callActivityOnCreate
03-25 17:55:27.878  1353  2616 I chatty  : uid=1000(system) Binder:1353_11 expire 11 lines
03-25 17:55:27.934  1353  3477 I chatty  : uid=1000(system) Binder:1353_18 expire 26 lines
03-25 17:55:27.999 19115 19115 D ActivityThread: add activity client record, r= ActivityRecord{e80eaed token=android.os.BinderProxy@50a6586 {cn.dcpai.auction/cn.dcpai.auction.SplashActivity}} token= android.os.BinderProxy@50a6586
03-25 17:55:28.060  1353  2551 I chatty  : uid=1000(system) Binder:1353_D expire 3 lines
03-25 17:55:28.061  1688  1705 I CommandQueue: updateBarBgColor
03-25 17:55:28.061  1688  1705 D CommandQueue: CommandQueue, setBarBackgroundColor
03-25 17:55:28.063  1353  2552 I chatty  : uid=1000(system) Binder:1353_E expire 3 lines
03-25 17:55:28.077  1353  1985 I chatty  : uid=1000(system) Binder:1353_5 expire 5 lines
03-25 17:55:28.089 19175 19236 E ActivityThread: Failed to find provider info for com.ludashi.benchmark.DownloadProvider
03-25 17:55:28.111 19175 19236 E ActivityThread: Failed to find provider info for com.ss.android.article.news.DownloadProvider
03-25 17:55:28.139  1353  3181 I chatty  : uid=1000(system) Binder:1353_14 expire 3 lines
03-25 17:55:28.221  1353  3183 I chatty  : uid=1000(system) Binder:1353_15 expire 3 lines
03-25 17:55:28.345  1353  1375 I chatty  : uid=1000(system) android.display expire 2 lines
03-25 17:55:29.124  1353  1469 I chatty  : uid=1000(system) UEventObserver expire 4 lines
03-25 17:55:29.128  1353  1353 I chatty  : uid=1000 system_server expire 12 lines
03-25 17:55:29.286  1353  2016 I chatty  : uid=1000(system) Binder:1353_9 expire 3 lines
03-25 17:55:29.440 19115 19115 V ActivityThread: ActivityThread,callActivityOnCreate
03-25 17:55:29.480  1353 19298 I chatty  : uid=1000 system_server expire 4 lines
03-25 17:55:29.619  1353  3514 I chatty  : uid=1000(system) Binder:1353_19 expire 8 lines
03-25 17:55:29.655 19115 19115 D ActivityThread: add activity client record, r= ActivityRecord{6892bdf token=android.os.BinderProxy@73af333 {cn.dcpai.auction/cn.dcpai.auction.MainActivity}} token= android.os.BinderProxy@73af333
03-25 17:55:29.655  1353 19310 I chatty  : uid=1000 system_server expire 4 lines
03-25 17:55:29.656  1353  1913 I chatty  : uid=1000(system) LocationThread expire 5 lines
03-25 17:55:29.791  1353  2237 I chatty  : uid=1000(system) IPC Thread expire 22 lines
03-25 17:55:30.240 19115 19115 D ActivityThread: Remove activity client record, r= ActivityRecord{e80eaed token=android.os.BinderProxy@50a6586 {cn.dcpai.auction/cn.dcpai.auction.SplashActivity}} token= android.os.BinderProxy@50a6586
03-25 17:55:30.874  1353  1594 I chatty  : uid=1000(system) LazyTaskWriterT expire 2 lines
03-25 17:55:39.553  1353  1478 I chatty  : uid=1000(system) AlarmManager expire 2 lines
03-25 17:55:39.946  1353 19313 I chatty  : uid=1000 system_server expire 1 line
03-25 17:55:51.252 19436 19447 E SchedPolicy: open of dev/cpuctl/limit_fg/tasks failed: Permission denied
03-25 17:55:51.252 19436 19447 E SchedPolicy: open of dev/cpuctl/bg_non_interactive/limit_bg/tasks failed: Permission denied
03-25 17:55:51.746 19449 19457 E SchedPolicy: open of dev/cpuctl/limit_fg/tasks failed: Permission denied
03-25 17:55:51.746 19449 19457 E SchedPolicy: open of dev/cpuctl/bg_non_interactive/limit_bg/tasks failed: Permission denied
03-25 17:55:51.751  1353  1368 I chatty  : uid=1000(system) ActivityManager expire 1 line
03-25 17:55:51.790  1353  1958 I chatty  : uid=1000(system) MultiTaskManage expire 2 lines
03-25 17:55:51.793  1353  2009 I chatty  : uid=1000(system) Binder:1353_8 expire 4 lines
03-25 17:55:51.793  1922  2177 I HwNetworkPolicyManager: getHwUidPolicy uid = 10051 policy = 0
03-25 17:55:51.798  5329  5421 I HwNetworkPolicyManager: getHwUidPolicy uid = 10051 policy = 0
03-25 17:55:51.806  1353  1363 I chatty  : uid=1000(system) Binder:1353_1 expire 3 lines
03-25 17:55:51.807  1688  1839 I CommandQueue: updateBarBgColor
03-25 17:55:51.807  1688  1839 D CommandQueue: CommandQueue, setBarBackgroundColor
03-25 17:55:52.264 19463 19474 E SchedPolicy: open of dev/cpuctl/limit_fg/tasks failed: Permission denied
03-25 17:55:52.264 19463 19474 E SchedPolicy: open of dev/cpuctl/bg_non_interactive/limit_bg/tasks failed: Permission denied
03-25 17:55:52.276  1353  1482 I chatty  : uid=1000(system) InputDispatcher expire 3 lines
03-25 17:55:52.932 19479 19487 E SchedPolicy: open of dev/cpuctl/limit_fg/tasks failed: Permission denied
03-25 17:55:52.932 19479 19487 E SchedPolicy: open of dev/cpuctl/bg_non_interactive/limit_bg/tasks failed: Permission denied
03-25 17:55:52.934  1353  2616 I chatty  : uid=1000(system) Binder:1353_11 expire 14 lines
03-25 17:56:11.448 19589 19597 E SchedPolicy: open of dev/cpuctl/limit_fg/tasks failed: Permission denied
03-25 17:56:11.448 19589 19597 E SchedPolicy: open of dev/cpuctl/bg_non_interactive/limit_bg/tasks failed: Permission denied
03-25 17:56:12.204 19611 19612 E SchedPolicy: open of dev/cpuctl/limit_fg/tasks failed: Permission denied
03-25 17:56:12.204 19611 19612 E SchedPolicy: open of dev/cpuctl/bg_non_interactive/limit_bg/tasks failed: Permission denied
03-25 17:56:12.839 19620 19629 E SchedPolicy: open of dev/cpuctl/limit_fg/tasks failed: Permission denied
03-25 17:56:12.839 19620 19629 E SchedPolicy: open of dev/cpuctl/bg_non_interactive/limit_bg/tasks failed: Permission denied
03-25 17:56:12.941 19633 19633 E SchedPolicy: open of dev/cpuctl/limit_fg/tasks failed: No such file or directory
03-25 17:56:12.941 19633 19633 E SchedPolicy: open of dev/cpuctl/bg_non_interactive/limit_bg/tasks failed: No such file or directory
03-25 17:56:13.018  1353  1366 I chatty  : uid=1000(system) ActivityManager expire 11 lines
03-25 17:56:13.018  1353  1386 I chatty  : uid=1000(system) PackageManager expire 2 lines
03-25 17:56:13.025  1353  1353 I chatty  : uid=1000 system_server expire 5 lines
03-25 17:56:13.694 19642 19654 E SchedPolicy: open of dev/cpuctl/limit_fg/tasks failed: Permission denied
03-25 17:56:13.694 19642 19654 E SchedPolicy: open of dev/cpuctl/bg_non_interactive/limit_bg/tasks failed: Permission denied
03-25 17:56:14.294 19656 19667 E SchedPolicy: open of dev/cpuctl/limit_fg/tasks failed: Permission denied
03-25 17:56:14.294 19656 19667 E SchedPolicy: open of dev/cpuctl/bg_non_interactive/limit_bg/tasks failed: Permission denied
03-25 17:56:14.861 19669 19680 E SchedPolicy: open of dev/cpuctl/limit_fg/tasks failed: Permission denied
03-25 17:56:14.861 19669 19680 E SchedPolicy: open of dev/cpuctl/bg_non_interactive/limit_bg/tasks failed: Permission denied
03-25 17:56:15.452 19682 19690 E SchedPolicy: open of dev/cpuctl/limit_fg/tasks failed: Permission denied
03-25 17:56:15.452 19682 19690 E SchedPolicy: open of dev/cpuctl/bg_non_interactive/limit_bg/tasks failed: Permission denied
03-25 17:56:16.514 19702 19710 E SchedPolicy: open of dev/cpuctl/limit_fg/tasks failed: Permission denied
03-25 17:56:16.514 19702 19710 E SchedPolicy: open of dev/cpuctl/bg_non_interactive/limit_bg/tasks failed: Permission denied
03-25 17:56:17.372 19719 19727 E SchedPolicy: open of dev/cpuctl/limit_fg/tasks failed: Permission denied
03-25 17:56:17.372 19719 19727 E SchedPolicy: open of dev/cpuctl/bg_non_interactive/limit_bg/tasks failed: Permission denied
03-25 17:56:19.378 19756 19767 E SchedPolicy: open of dev/cpuctl/limit_fg/tasks failed: Permission denied
03-25 17:56:19.378 19756 19767 E SchedPolicy: open of dev/cpuctl/bg_non_interactive/limit_bg/tasks failed: Permission denied
03-25 17:56:20.030 19775 19788 E SchedPolicy: open of dev/cpuctl/limit_fg/tasks failed: Permission denied
03-25 17:56:20.030 19775 19788 E SchedPolicy: open of dev/cpuctl/bg_non_interactive/limit_bg/tasks failed: Permission denied
03-25 17:56:20.308  1353  2616 I chatty  : uid=1000(system) Binder:1353_11 expire 1 line
03-25 17:56:20.309 19791 19791 E SchedPolicy: open of dev/cpuctl/limit_fg/tasks failed: Permission denied
03-25 17:56:20.309 19791 19791 E SchedPolicy: open of dev/cpuctl/bg_non_interactive/limit_bg/tasks failed: Permission denied
03-25 17:56:20.318 19791 19791 D ActivityThread: ActivityThread,attachApplication
03-25 17:56:20.337  1353  1532 I chatty  : uid=1000(system) Binder:1353_3 expire 4 lines
03-25 17:56:20.339  1922  2177 I HwNetworkPolicyManager: getHwUidPolicy uid = 10404 policy = 0
03-25 17:56:20.340  5329  5421 I HwNetworkPolicyManager: getHwUidPolicy uid = 10404 policy = 0
03-25 17:56:20.383  1353  1628 I chatty  : uid=1000(system) Binder:1353_4 expire 4 lines
03-25 17:56:20.481  1353  2617 I chatty  : uid=1000(system) Binder:1353_12 expire 5 lines
03-25 17:56:20.481 19828 19828 E SchedPolicy: open of dev/cpuctl/limit_fg/tasks failed: Permission denied
03-25 17:56:20.481 19828 19828 E SchedPolicy: open of dev/cpuctl/bg_non_interactive/limit_bg/tasks failed: Permission denied
03-25 17:56:20.489 19828 19828 D ActivityThread: ActivityThread,attachApplication
03-25 17:56:20.542 19791 19791 V ActivityThread: ActivityThread,callActivityOnCreate
03-25 17:56:20.554  1353  2615 I chatty  : uid=1000(system) Binder:1353_10 expire 5 lines
03-25 17:56:20.656 19791 19791 D ActivityThread: add activity client record, r= ActivityRecord{d65536a token=android.os.BinderProxy@c0794b2 {cn.dcpai.auction/cn.dcpai.auction.SplashActivity}} token= android.os.BinderProxy@c0794b2
03-25 17:56:20.708  1688  1702 I CommandQueue: updateBarBgColor
03-25 17:56:20.708  1688  1702 D CommandQueue: CommandQueue, setBarBackgroundColor
03-25 17:56:20.758  1353  3515 I chatty  : uid=1000(system) Binder:1353_1A expire 2 lines
03-25 17:56:20.785 19828 19893 E ActivityThread: Failed to find provider info for com.ludashi.benchmark.DownloadProvider
03-25 17:56:20.802 19828 19893 E ActivityThread: Failed to find provider info for com.ss.android.article.news.DownloadProvider
03-25 17:56:20.833 19916 19916 E SchedPolicy: open of dev/cpuctl/limit_fg/tasks failed: Permission denied
03-25 17:56:20.833 19916 19916 E SchedPolicy: open of dev/cpuctl/bg_non_interactive/limit_bg/tasks failed: Permission denied
03-25 17:56:20.842 19916 19916 D ActivityThread: ActivityThread,attachApplication
03-25 17:56:20.891  1353  3477 I chatty  : uid=1000(system) Binder:1353_18 expire 5 lines
03-25 17:56:21.375  1353  1353 I chatty  : uid=1000 system_server expire 34 lines
03-25 17:56:23.812  1353  1594 I chatty  : uid=1000(system) LazyTaskWriterT expire 3 lines
03-25 17:56:23.944  1353  3514 I chatty  : uid=1000(system) Binder:1353_19 expire 9 lines
03-25 17:56:23.971 19791 19791 V ActivityThread: ActivityThread,callActivityOnCreate
03-25 17:56:24.006  1353 19975 I chatty  : uid=1000 system_server expire 4 lines
03-25 17:56:24.070  1353  1363 I chatty  : uid=1000(system) Binder:1353_1 expire 9 lines
03-25 17:56:24.073  1353  2546 I chatty  : uid=1000(system) Binder:1353_C expire 11 lines
03-25 17:56:24.169 19791 19791 D ActivityThread: add activity client record, r= ActivityRecord{2521346 token=android.os.BinderProxy@22260ea {cn.dcpai.auction/cn.dcpai.auction.MainActivity}} token= android.os.BinderProxy@22260ea
03-25 17:56:25.338 19791 19791 D ActivityThread: Remove activity client record, r= ActivityRecord{d65536a token=android.os.BinderProxy@c0794b2 {cn.dcpai.auction/cn.dcpai.auction.SplashActivity}} token= android.os.BinderProxy@c0794b2
03-25 17:56:25.343  1353  2027 I chatty  : uid=1000(system) Binder:1353_A expire 15 lines
03-25 17:56:25.892 19999 20007 E SchedPolicy: open of dev/cpuctl/limit_fg/tasks failed: Permission denied
03-25 17:56:25.892 19999 20007 E SchedPolicy: open of dev/cpuctl/bg_non_interactive/limit_bg/tasks failed: Permission denied
03-25 17:56:26.407 20011 20020 E SchedPolicy: open of dev/cpuctl/limit_fg/tasks failed: Permission denied
03-25 17:56:26.407 20011 20020 E SchedPolicy: open of dev/cpuctl/bg_non_interactive/limit_bg/tasks failed: Permission denied
03-25 17:56:26.409  1353  2009 I chatty  : uid=1000(system) Binder:1353_8 expire 24 lines
03-25 17:56:26.453  1353  1958 I chatty  : uid=1000(system) MultiTaskManage expire 2 lines
03-25 17:56:26.456  1353  1985 I chatty  : uid=1000(system) Binder:1353_5 expire 3 lines
03-25 17:56:26.456  1922  2177 I HwNetworkPolicyManager: getHwUidPolicy uid = 10051 policy = 0
03-25 17:56:26.458  1353  2008 I chatty  : uid=1000(system) Binder:1353_7 expire 4 lines
03-25 17:56:26.458  5329  5421 I HwNetworkPolicyManager: getHwUidPolicy uid = 10051 policy = 0
03-25 17:56:26.464  1353  2551 I chatty  : uid=1000(system) Binder:1353_D expire 1 line
03-25 17:56:26.464  1688  1705 I CommandQueue: updateBarBgColor
03-25 17:56:26.465  1688  1705 D CommandQueue: CommandQueue, setBarBackgroundColor
03-25 17:56:26.486  1353  3181 I chatty  : uid=1000(system) Binder:1353_14 expire 2 lines
03-25 17:56:26.942 20026 20034 E SchedPolicy: open of dev/cpuctl/limit_fg/tasks failed: Permission denied
03-25 17:56:26.942 20026 20034 E SchedPolicy: open of dev/cpuctl/bg_non_interactive/limit_bg/tasks failed: Permission denied
03-25 17:56:26.956  1353  1482 I chatty  : uid=1000(system) InputDispatcher expire 3 lines
03-25 17:56:27.626 20042 20050 E SchedPolicy: open of dev/cpuctl/limit_fg/tasks failed: Permission denied
03-25 17:56:27.626 20042 20050 E SchedPolicy: open of dev/cpuctl/bg_non_interactive/limit_bg/tasks failed: Permission denied
03-25 17:56:29.445  1353  1469 I chatty  : uid=1000(system) UEventObserver expire 28 lines
03-25 17:57:31.680  1353  1492 I chatty  : uid=1000(system) NetdConnector expire 10 lines
03-25 17:57:31.686  1353  1373 I chatty  : uid=1000(system) android.fg expire 17 lines
03-25 17:59:06.354  1353  1478 I chatty  : uid=1000(system) AlarmManager expire 4 lines
03-25 18:00:00.047  1353  3454 I chatty  : uid=1000(system) Binder:1353_16 expire 4 lines
03-25 18:01:09.844  1353 21406 I chatty  : uid=1000 system_server expire 3 lines
03-25 18:03:26.013  1353  1986 I chatty  : uid=1000(system) Binder:1353_6 expire 1 line
03-25 18:03:26.015 22040 22040 E SchedPolicy: open of dev/cpuctl/limit_fg/tasks failed: Permission denied
03-25 18:03:26.015 22040 22040 E SchedPolicy: open of dev/cpuctl/bg_non_interactive/limit_bg/tasks failed: Permission denied
03-25 18:03:26.024 22040 22040 D ActivityThread: ActivityThread,attachApplication
03-25 18:03:26.035  5329  5421 I HwNetworkPolicyManager: getHwUidPolicy uid = 10404 policy = 0
03-25 18:03:26.038  1353  2545 I chatty  : uid=1000(system) Binder:1353_B expire 2 lines
03-25 18:03:26.038  1922  2177 I HwNetworkPolicyManager: getHwUidPolicy uid = 10404 policy = 0
03-25 18:03:26.083  1353  2009 I chatty  : uid=1000(system) Binder:1353_8 expire 4 lines
03-25 18:03:26.112  1353  1373 I chatty  : uid=1000(system) android.fg expire 11 lines
03-25 18:03:26.157  1353  2616 I chatty  : uid=1000(system) Binder:1353_11 expire 1 line
03-25 18:03:26.157 22078 22078 E SchedPolicy: open of dev/cpuctl/limit_fg/tasks failed: Permission denied
03-25 18:03:26.157 22078 22078 E SchedPolicy: open of dev/cpuctl/bg_non_interactive/limit_bg/tasks failed: Permission denied
03-25 18:03:26.164 22078 22078 D ActivityThread: ActivityThread,attachApplication
03-25 18:03:26.164  1353  1628 I chatty  : uid=1000(system) Binder:1353_4 expire 1 line
03-25 18:03:26.215  1353  2617 I chatty  : uid=1000(system) Binder:1353_12 expire 1 line
03-25 18:03:26.218 22040 22040 V ActivityThread: ActivityThread,callActivityOnCreate
03-25 18:03:26.229  1353  2552 I chatty  : uid=1000(system) Binder:1353_E expire 3 lines
03-25 18:03:26.335 22040 22040 D ActivityThread: add activity client record, r= ActivityRecord{d65536a token=android.os.BinderProxy@c0794b2 {cn.dcpai.auction/cn.dcpai.auction.SplashActivity}} token= android.os.BinderProxy@c0794b2
03-25 18:03:26.383  1353  2546 I chatty  : uid=1000(system) Binder:1353_C expire 2 lines
03-25 18:03:26.384  1688  2039 I CommandQueue: updateBarBgColor
03-25 18:03:26.384  1688  2039 D CommandQueue: CommandQueue, setBarBackgroundColor
03-25 18:03:26.437  1353  3476 I chatty  : uid=1000(system) Binder:1353_17 expire 2 lines
03-25 18:03:26.452 22078 22144 E ActivityThread: Failed to find provider info for com.ludashi.benchmark.DownloadProvider
03-25 18:03:26.459  1353  3515 I chatty  : uid=1000(system) Binder:1353_1A expire 2 lines
03-25 18:03:26.478 22078 22144 E ActivityThread: Failed to find provider info for com.ss.android.article.news.DownloadProvider
03-25 18:03:26.507  1353  3183 I chatty  : uid=1000(system) Binder:1353_15 expire 1 line
03-25 18:03:26.685  1353  1375 I chatty  : uid=1000(system) android.display expire 1 line
03-25 18:03:28.883 22193 22201 E SchedPolicy: open of dev/cpuctl/limit_fg/tasks failed: Permission denied
03-25 18:03:28.883 22193 22201 E SchedPolicy: open of dev/cpuctl/bg_non_interactive/limit_bg/tasks failed: Permission denied
03-25 18:03:28.891  1353  1353 I chatty  : uid=1000 system_server expire 1 line
03-25 18:03:29.736  1353  1364 I chatty  : uid=1000(system) Binder:1353_2 expire 14 lines
03-25 18:03:29.763 22040 22040 V ActivityThread: ActivityThread,callActivityOnCreate
03-25 18:03:29.797  1353 22213 I chatty  : uid=1000 system_server expire 4 lines
03-25 18:03:29.861  1353  3454 I chatty  : uid=1000(system) Binder:1353_16 expire 6 lines
03-25 18:03:29.863  1353  2008 I chatty  : uid=1000(system) Binder:1353_7 expire 12 lines
03-25 18:03:29.947 22040 22040 D ActivityThread: add activity client record, r= ActivityRecord{72fd97a token=android.os.BinderProxy@89c3f60 {cn.dcpai.auction/cn.dcpai.auction.MainActivity}} token= android.os.BinderProxy@89c3f60
03-25 18:03:30.012  1353  3515 I chatty  : uid=1000(system) Binder:1353_1A expire 10 lines
03-25 18:03:30.048  1353  3183 I chatty  : uid=1000(system) Binder:1353_15 expire 9 lines
03-25 18:03:30.198 22226 22228 E SchedPolicy: open of dev/cpuctl/limit_fg/tasks failed: Permission denied
03-25 18:03:30.198 22226 22228 E SchedPolicy: open of dev/cpuctl/bg_non_interactive/limit_bg/tasks failed: Permission denied
03-25 18:03:31.125 22040 22040 D ActivityThread: Remove activity client record, r= ActivityRecord{d65536a token=android.os.BinderProxy@c0794b2 {cn.dcpai.auction/cn.dcpai.auction.SplashActivity}} token= android.os.BinderProxy@c0794b2
03-25 18:03:31.127  1353  3477 I chatty  : uid=1000(system) Binder:1353_18 expire 4 lines
03-25 18:03:31.844  1353  1469 I chatty  : uid=1000(system) UEventObserver expire 4 lines
03-25 18:03:31.849  1353  1353 I chatty  : uid=1000 system_server expire 9 lines
03-25 18:03:33.284  1353  1594 I chatty  : uid=1000(system) LazyTaskWriterT expire 4 lines
03-25 18:03:35.319  1353  2616 I chatty  : uid=1000(system) Binder:1353_11 expire 6 lines
03-25 18:03:35.341 22040 22040 V ActivityThread: ActivityThread,callActivityOnCreate
03-25 18:03:35.400 22040 22040 D ActivityThread: add activity client record, r= ActivityRecord{a1ab972 token=android.os.BinderProxy@c821ffe {cn.dcpai.auction/cn.dcpai.auction.auction.delayed.ui.DelayedAuctionInfoAcitivity}} token= android.os.BinderProxy@c821ffe
03-25 18:03:35.443  1353  3514 I chatty  : uid=1000(system) Binder:1353_19 expire 12 lines
03-25 18:03:35.969  1353  1628 I chatty  : uid=1000(system) Binder:1353_4 expire 10 lines
03-25 18:03:38.410  1353  1986 I chatty  : uid=1000(system) Binder:1353_6 expire 8 lines
03-25 18:03:38.436 22040 22040 V ActivityThread: ActivityThread,callActivityOnCreate
03-25 18:03:38.534  1353  2614 I chatty  : uid=1000(system) Binder:1353_F expire 12 lines
03-25 18:03:38.536  1353  1532 I chatty  : uid=1000(system) Binder:1353_3 expire 7 lines
03-25 18:03:38.540 22040 22040 D ActivityThread: add activity client record, r= ActivityRecord{87e2e31 token=android.os.BinderProxy@c6799cf {cn.dcpai.auction/cn.dcpai.auction.activity.LoginMainActivity}} token= android.os.BinderProxy@c6799cf
03-25 18:03:40.248  1353  2009 I chatty  : uid=1000(system) Binder:1353_8 expire 10 lines
03-25 18:03:40.274  1353  1985 I chatty  : uid=1000(system) Binder:1353_5 expire 2 lines
03-25 18:03:40.288 22294 22294 D ActivityThread: ActivityThread,attachApplication
03-25 18:03:40.297  1353  3179 I chatty  : uid=1000(system) Binder:1353_13 expire 9 lines
03-25 18:03:40.297  1922  2177 I HwNetworkPolicyManager: getHwUidPolicy uid = 1000 policy = 0
03-25 18:03:40.299  1353  3181 I chatty  : uid=1000(system) Binder:1353_14 expire 9 lines
03-25 18:03:40.299  5329  5421 I HwNetworkPolicyManager: getHwUidPolicy uid = 1000 policy = 0
03-25 18:03:40.357 22294 22294 V ActivityThread: ActivityThread,callActivityOnCreate
03-25 18:03:40.434 22294 22294 D ActivityThread: add activity client record, r= ActivityRecord{ee30075 token=android.os.BinderProxy@fc1a813 {com.huawei.android.internal.app/com.huawei.android.internal.app.HwChooserActivity}} token= android.os.BinderProxy@fc1a813
03-25 18:03:42.793  1353  2546 I chatty  : uid=1000(system) Binder:1353_C expire 2 lines
03-25 18:03:42.909  1353  2016 I chatty  : uid=1000(system) Binder:1353_9 expire 10 lines
03-25 18:03:42.927   416   426 E vold    : Failed to readlink for /proc/16419/ns/mnt
03-25 18:03:42.927  1353  1487 I chatty  : uid=1000(system) VoldConnector expire 2 lines
03-25 18:03:42.928  1353  1486 I chatty  : uid=1000(system) MountService expire 1 line
03-25 18:03:42.934 22294 22294 D ActivityThread: Remove activity client record, r= ActivityRecord{ee30075 token=android.os.BinderProxy@fc1a813 {com.huawei.android.internal.app/com.huawei.android.internal.app.HwChooserActivity}} token= android.os.BinderProxy@fc1a813
03-25 18:03:43.214  1353  1375 I chatty  : uid=1000(system) android.display expire 1 line
03-25 18:03:43.479 22040 22040 V ActivityThread: ActivityThread,callActivityOnCreate
03-25 18:03:43.531 22040 22040 D ActivityThread: add activity client record, r= ActivityRecord{2b9d44 token=android.os.BinderProxy@8c6281c {cn.dcpai.auction/cn.dcpai.auction.activity.MobileLoginActivity}} token= android.os.BinderProxy@8c6281c
03-25 18:03:54.312 22404 22421 E SchedPolicy: open of dev/cpuctl/limit_fg/tasks failed: Permission denied
03-25 18:03:54.312 22404 22421 E SchedPolicy: open of dev/cpuctl/bg_non_interactive/limit_bg/tasks failed: Permission denied
03-25 18:03:55.240 22436 22437 E SchedPolicy: open of dev/cpuctl/limit_fg/tasks failed: Permission denied
03-25 18:03:55.240 22436 22437 E SchedPolicy: open of dev/cpuctl/bg_non_interactive/limit_bg/tasks failed: Permission denied
03-25 18:03:55.886 22443 22454 E SchedPolicy: open of dev/cpuctl/limit_fg/tasks failed: Permission denied
03-25 18:03:55.886 22443 22454 E SchedPolicy: open of dev/cpuctl/bg_non_interactive/limit_bg/tasks failed: Permission denied
03-25 18:03:55.976 22458 22458 E SchedPolicy: open of dev/cpuctl/limit_fg/tasks failed: No such file or directory
03-25 18:03:55.976 22458 22458 E SchedPolicy: open of dev/cpuctl/bg_non_interactive/limit_bg/tasks failed: No such file or directory
03-25 18:03:56.045  1353  1386 I chatty  : uid=1000(system) PackageManager expire 2 lines
03-25 18:03:56.045  1353  1366 I chatty  : uid=1000(system) ActivityManager expire 11 lines
03-25 18:03:56.646 22467 22478 E SchedPolicy: open of dev/cpuctl/limit_fg/tasks failed: Permission denied
03-25 18:03:56.646 22467 22478 E SchedPolicy: open of dev/cpuctl/bg_non_interactive/limit_bg/tasks failed: Permission denied
03-25 18:03:57.202 22480 22488 E SchedPolicy: open of dev/cpuctl/limit_fg/tasks failed: Permission denied
03-25 18:03:57.202 22480 22488 E SchedPolicy: open of dev/cpuctl/bg_non_interactive/limit_bg/tasks failed: Permission denied
03-25 18:03:57.791 22490 22501 E SchedPolicy: open of dev/cpuctl/limit_fg/tasks failed: Permission denied
03-25 18:03:57.791 22490 22501 E SchedPolicy: open of dev/cpuctl/bg_non_interactive/limit_bg/tasks failed: Permission denied
03-25 18:03:58.347 22503 22511 E SchedPolicy: open of dev/cpuctl/limit_fg/tasks failed: Permission denied
03-25 18:03:58.347 22503 22511 E SchedPolicy: open of dev/cpuctl/bg_non_interactive/limit_bg/tasks failed: Permission denied
03-25 18:03:59.363 22526 22534 E SchedPolicy: open of dev/cpuctl/limit_fg/tasks failed: Permission denied
03-25 18:03:59.363 22526 22534 E SchedPolicy: open of dev/cpuctl/bg_non_interactive/limit_bg/tasks failed: Permission denied
03-25 18:04:00.269 22544 22552 E SchedPolicy: open of dev/cpuctl/limit_fg/tasks failed: Permission denied
03-25 18:04:00.269 22544 22552 E SchedPolicy: open of dev/cpuctl/bg_non_interactive/limit_bg/tasks failed: Permission denied
03-25 18:04:02.180 22568 22581 E SchedPolicy: open of dev/cpuctl/limit_fg/tasks failed: Permission denied
03-25 18:04:02.180 22568 22581 E SchedPolicy: open of dev/cpuctl/bg_non_interactive/limit_bg/tasks failed: Permission denied
03-25 18:04:02.938 22589 22600 E SchedPolicy: open of dev/cpuctl/limit_fg/tasks failed: Permission denied
03-25 18:04:02.938 22589 22600 E SchedPolicy: open of dev/cpuctl/bg_non_interactive/limit_bg/tasks failed: Permission denied
03-25 18:04:02.966 22602 22602 E SchedPolicy: open of dev/cpuctl/limit_fg/tasks failed: Permission denied
03-25 18:04:02.966 22602 22602 E SchedPolicy: open of dev/cpuctl/bg_non_interactive/limit_bg/tasks failed: Permission denied
03-25 18:04:02.967  1353  3514 I chatty  : uid=1000(system) Binder:1353_19 expire 15 lines
03-25 18:04:02.976 22602 22602 D ActivityThread: ActivityThread,attachApplication
03-25 18:04:03.014  1353  1479 I chatty  : uid=1000(system) sManagerService expire 1 line
03-25 18:04:03.023  1922  2177 I HwNetworkPolicyManager: getHwUidPolicy uid = 10019 policy = 0
03-25 18:04:03.037  5329  5421 I HwNetworkPolicyManager: getHwUidPolicy uid = 10019 policy = 0
03-25 18:04:03.059  1353  3515 I chatty  : uid=1000(system) Binder:1353_1A expire 2 lines
03-25 18:04:03.063  1353  2552 I chatty  : uid=1000(system) Binder:1353_E expire 2 lines
03-25 18:04:03.163  1688  2041 I CommandQueue: updateBarBgColor
03-25 18:04:03.163  1688  2041 D CommandQueue: CommandQueue, setBarBackgroundColor
03-25 18:04:03.204 22636 22636 E SchedPolicy: open of dev/cpuctl/limit_fg/tasks failed: Permission denied
03-25 18:04:03.204 22636 22636 E SchedPolicy: open of dev/cpuctl/bg_non_interactive/limit_bg/tasks failed: Permission denied
03-25 18:04:03.214 22636 22636 D ActivityThread: ActivityThread,attachApplication
03-25 18:04:03.215  1353  2027 I chatty  : uid=1000(system) Binder:1353_A expire 2 lines
03-25 18:04:03.261  1353  3476 I chatty  : uid=1000(system) Binder:1353_17 expire 5 lines
03-25 18:04:03.400  1922  2177 I HwNetworkPolicyManager: getHwUidPolicy uid = 10404 policy = 0
03-25 18:04:03.402  1353  2617 I chatty  : uid=1000(system) Binder:1353_12 expire 2 lines
03-25 18:04:03.402  5329  5421 I HwNetworkPolicyManager: getHwUidPolicy uid = 10404 policy = 0
03-25 18:04:03.415 22659 22659 E SchedPolicy: open of dev/cpuctl/limit_fg/tasks failed: Permission denied
03-25 18:04:03.415 22659 22659 E SchedPolicy: open of dev/cpuctl/bg_non_interactive/limit_bg/tasks failed: Permission denied
03-25 18:04:03.430 22659 22659 D ActivityThread: ActivityThread,attachApplication
03-25 18:04:03.497  1353  2551 I chatty  : uid=1000(system) Binder:1353_D expire 1 line
03-25 18:04:03.504  1353  2008 I chatty  : uid=1000(system) Binder:1353_7 expire 7 lines
03-25 18:04:03.514 22602 22602 V ActivityThread: ActivityThread,callActivityOnCreate
03-25 18:04:03.640 22602 22602 D ActivityThread: add activity client record, r= ActivityRecord{8c10a07 token=android.os.BinderProxy@f79e62f {cn.dcpai.auction/cn.dcpai.auction.SplashActivity}} token= android.os.BinderProxy@f79e62f
03-25 18:04:03.681  1353  2617 W ActivityManager: Unable to start service Intent { flg=0x20 cmp=com.netease.newsreader.activity/cn.jpush.android.service.DaemonService (has extras) } U=0: not found
03-25 18:04:03.683  1353  2009 W ActivityManager_service: prevent by hsm Will not start service Intent { flg=0x20 cmp=com.netease.newsreader.activity/cn.jpush.android.service.DaemonService (has extras) } U=0: force null
03-25 18:04:03.683  1353  2009 W ActivityManager: Unable to start service Intent { flg=0x20 cmp=com.netease.newsreader.activity/cn.jpush.android.service.DaemonService (has extras) } U=0: not found
03-25 18:04:03.686  1353  2008 W ActivityManager_service: prevent by hsm Will not start service Intent { flg=0x20 cmp=com.ludashi.benchmark/cn.jpush.android.service.DaemonService (has extras) } U=0: force null
03-25 18:04:03.686  1353  2008 W ActivityManager: Unable to start service Intent { flg=0x20 cmp=com.ludashi.benchmark/cn.jpush.android.service.DaemonService (has extras) } U=0: not found
03-25 18:04:03.686  1353  2614 V HwPhoneWindowManager: updateSystemUiColorLw window=Window{752650e u0 cn.dcpai.auction/cn.dcpai.auction.SplashActivity},EmuiStyle=0,StatusBarColor=0x0,NavigationBarColor=0xff000000, mLastIsEmuiLightStyle=-1
03-25 18:04:03.690  1688  2041 I CommandQueue: updateBarBgColor
03-25 18:04:03.690  1688  2041 D CommandQueue: CommandQueue, setBarBackgroundColor
03-25 18:04:03.700  1353  2552 W ActivityManager_service: prevent by hsm Will not start service Intent { flg=0x20 cmp=com.ludashi.benchmark/cn.jpush.android.service.DaemonService (has extras) } U=0: force null
03-25 18:04:03.700  1353  2552 W ActivityManager: Unable to start service Intent { flg=0x20 cmp=com.ludashi.benchmark/cn.jpush.android.service.DaemonService (has extras) } U=0: not found
03-25 18:04:03.718 22659 22714 E ActivityThread: Failed to find provider info for com.ludashi.benchmark.DownloadProvider
03-25 18:04:03.724  1353  2008 W ActivityManager_service: prevent by hsm Will not start service Intent { flg=0x20 cmp=com.ss.android.article.news/com.ss.android.push.jpush.alive.JiPushDaemonService (has extras) } U=0: force null
03-25 18:04:03.724  1353  2008 W ActivityManager: Unable to start service Intent { flg=0x20 cmp=com.ss.android.article.news/com.ss.android.push.jpush.alive.JiPushDaemonService (has extras) } U=0: not found
03-25 18:04:03.726  1353  2617 W ActivityManager_service: prevent by hsm Will not start service Intent { flg=0x20 cmp=com.ss.android.article.news/com.ss.android.push.jpush.alive.JiPushDaemonService (has extras) } U=0: force null
03-25 18:04:03.726  1353  2617 W ActivityManager: Unable to start service Intent { flg=0x20 cmp=com.ss.android.article.news/com.ss.android.push.jpush.alive.JiPushDaemonService (has extras) } U=0: not found
03-25 18:04:03.743 22659 22714 E ActivityThread: Failed to find provider info for com.ss.android.article.news.DownloadProvider
03-25 18:04:03.988  1353  1375 I WindowManager: Destroying surface Surface(name=Starting cn.dcpai.auction) called by com.android.server.wm.WindowStateAnimator.destroySurface:2056 com.android.server.wm.WindowStateAnimator.destroySurfaceLocked:908 com.android.server.wm.WindowState.destroyOrSaveSurface:2201 com.android.server.wm.AppWindowToken.destroySurfaces:366 com.android.server.wm.WindowStateAnimator.finishExit:587 com.android.server.wm.WindowStateAnimator.stepAnimationLocked:513 com.android.server.wm.WindowAnimator.updateWindowsLocked:311 com.android.server.wm.WindowAnimator.animateLocked:738 
03-25 18:04:04.014  1353  2551 D CountryDetector: isValidCountryIso: CN
03-25 18:04:06.601  1353  1478 W ActivityManager: Sending non-protected broadcast com.huawei.intent.action.PUSH from system uid 1000 pkg android
03-25 18:04:06.873  1353  1628 I ActivityManager: START u0 {cmp=cn.dcpai.auction/.MainActivity} from uid 10404 on display 0
03-25 18:04:06.875  1353  1628 I ActivityManager: ActivityRecord info: ActivityInfo{7e08e0b cn.dcpai.auction.MainActivity}, euid: 0
03-25 18:04:06.877  1353  1628 V HwWindowManagerService: moveTaskToTop mTaskChanged:true
03-25 18:04:06.878  1353  1628 V HwWindowManagerService: moveTaskToTop mTaskChanged:true
03-25 18:04:06.879  1353  1628 V HwWindowManagerService: moveTaskToTop mTaskChanged:true
03-25 18:04:06.881  1353  1628 V HwWindowManagerService: setFocusedApp update app ops, mTaskChanged set to:false
03-25 18:04:06.900 22602 22602 V ActivityThread: ActivityThread,callActivityOnCreate
03-25 18:04:06.936  1353  2009 D HwLocalLocationProvider: HwLocalLocationManager requestLocation
03-25 18:04:06.936  1353 22796 D HwLocalLocationProvider: start query Loc Form DB 
03-25 18:04:06.936  1353 22796 I HwLocalLocationProvider: query loc Form Cell Table,cellid == 11314
03-25 18:04:06.937  1353 22796 I HwLocalLocationProvider: query loc Form Recent Cell
03-25 18:04:06.937  1353 22796 W HwLocalLocationProvider: queryLoc cellid is  null
03-25 18:04:07.000  1353  1363 D ActivityManager: Skipping, withExcluded: false, tr.intent:Intent { act=android.intent.action.hwCHOOSER flg=0x18800000 cmp=com.huawei.android.internal.app/.HwChooserActivity (has extras) }
03-25 18:04:07.001  1353  1363 D ActivityManager: Skipping, home stack task: TaskRecord{d827d1c #764 A=com.huawei.android.launcher U=0 StackId=0 sz=1}
03-25 18:04:07.001  1353  1363 D ActivityManager: Skipping, withExcluded: false, tr.intent:Intent { act=android.intent.action.MAIN cat=[android.intent.category.LAUNCHER] flg=0x10a00000 cmp=io.appium.settings/.Settings }
03-25 18:04:07.001  1353  1363 D ActivityManager: Skipping, withExcluded: false, tr.intent:Intent { act=android.intent.action.VIEW dat=content://com.android.browser.fileProvider/external_files/Downloads/app-debug1367379298184866856.apk typ=application/vnd.android.package-archive flg=0x18800000 cmp=com.android.packageinstaller/.PackageInstallerActivity (has extras) }
03-25 18:04:07.001  1353  1363 D ActivityManager: Skipping, withExcluded: false, tr.intent:Intent { flg=0x10804000 cmp=com.android.systemui/.recents.RecentsActivity bnds=[48,336][1032,1596] }
03-25 18:04:07.001  1353  1363 D ActivityManager: Skipping, withExcluded: false, tr.intent:Intent { act=android.deviceinfo.chooser.action.LAUNCH flg=0x10800000 pkg=com.android.settings cmp=com.android.settings/.deviceinfo.UsbConnModeChooserActivity }
03-25 18:04:07.001  1353  1363 D ActivityManager: Skipping, withExcluded: false, tr.intent:Intent { act=android.intent.action.MAIN cat=[android.intent.category.HOME] flg=0x10800300 cmp=com.android.settings/.FallbackHome }
03-25 18:04:07.003  1353  3181 D ActivityManager: Skipping, withExcluded: false, tr.intent:Intent { act=android.intent.action.hwCHOOSER flg=0x18800000 cmp=com.huawei.android.internal.app/.HwChooserActivity (has extras) }
03-25 18:04:07.003  1353  3181 D ActivityManager: Skipping, home stack task: TaskRecord{d827d1c #764 A=com.huawei.android.launcher U=0 StackId=0 sz=1}
03-25 18:04:07.003  1353  3181 D ActivityManager: Skipping, withExcluded: false, tr.intent:Intent { act=android.intent.action.MAIN cat=[android.intent.category.LAUNCHER] flg=0x10a00000 cmp=io.appium.settings/.Settings }
03-25 18:04:07.003  1353  3181 D ActivityManager: Skipping, withExcluded: false, tr.intent:Intent { act=android.intent.action.VIEW dat=content://com.android.browser.fileProvider/external_files/Downloads/app-debug1367379298184866856.apk typ=application/vnd.android.package-archive flg=0x18800000 cmp=com.android.packageinstaller/.PackageInstallerActivity (has extras) }
03-25 18:04:07.003  1353  3181 D ActivityManager: Skipping, withExcluded: false, tr.intent:Intent { flg=0x10804000 cmp=com.android.systemui/.recents.RecentsActivity bnds=[48,336][1032,1596] }
03-25 18:04:07.003  1353  3181 D ActivityManager: Skipping, withExcluded: false, tr.intent:Intent { act=android.deviceinfo.chooser.action.LAUNCH flg=0x10800000 pkg=com.android.settings cmp=com.android.settings/.deviceinfo.UsbConnModeChooserActivity }
03-25 18:04:07.003  1353  3181 D ActivityManager: Skipping, withExcluded: false, tr.intent:Intent { act=android.intent.action.MAIN cat=[android.intent.category.HOME] flg=0x10800300 cmp=com.android.settings/.FallbackHome }
03-25 18:04:07.095 22602 22602 D ActivityThread: add activity client record, r= ActivityRecord{419d041 token=android.os.BinderProxy@d5a1cdf {cn.dcpai.auction/cn.dcpai.auction.MainActivity}} token= android.os.BinderProxy@d5a1cdf
03-25 18:04:07.500  1353  1594 E TaskPersister: File error accessing recents directory (directory doesn't exist?).
03-25 18:04:08.263 22602 22602 D ActivityThread: Remove activity client record, r= ActivityRecord{8c10a07 token=android.os.BinderProxy@f79e62f {cn.dcpai.auction/cn.dcpai.auction.SplashActivity}} token= android.os.BinderProxy@f79e62f
03-25 18:04:08.267  1353  3181 I WindowManager: Destroying surface Surface(name=cn.dcpai.auction/cn.dcpai.auction.SplashActivity) called by com.android.server.wm.WindowStateAnimator.destroySurface:2056 com.android.server.wm.WindowStateAnimator.destroySurfaceLocked:908 com.android.server.wm.WindowState.removeLocked:1534 com.android.server.wm.WindowManagerService.removeWindowInnerLocked:2772 com.android.server.wm.WindowManagerService.removeWindowInnerLocked:2735 com.android.server.wm.WindowManagerService.removeWindowLocked:2724 com.android.server.wm.WindowManagerService.removeWindowLocked:2593 com.android.server.wm.WindowManagerService.removeWindow:2588 
03-25 18:04:08.696  1353  3515 I ActivityManager: START u0 {cmp=cn.dcpai.auction/.activity.LoginMainActivity} from uid 10404 on display 0
03-25 18:04:08.698  1353  3515 I ActivityManager: ActivityRecord info: ActivityInfo{8e7cc27 cn.dcpai.auction.activity.LoginMainActivity}, euid: 0
03-25 18:04:08.699  1353  3515 V HwWindowManagerService: moveTaskToTop mTaskChanged:true
03-25 18:04:08.700  1353  3515 V HwWindowManagerService: moveTaskToTop mTaskChanged:true
03-25 18:04:08.701  1353  3515 V HwWindowManagerService: setFocusedApp update app ops, mTaskChanged set to:false
03-25 18:04:08.719 22602 22602 V ActivityThread: ActivityThread,callActivityOnCreate
03-25 18:04:08.800  1353  1364 W ActivityManager: getRunningAppProcesses: caller 10404 does not hold REAL_GET_TASKS; limiting output
03-25 18:04:08.801  1353  3515 W ActivityManager: getRunningAppProcesses: caller 10404 does not hold REAL_GET_TASKS; limiting output
03-25 18:04:08.804  1353  3476 W ActivityManager: getRunningAppProcesses: caller 10404 does not hold REAL_GET_TASKS; limiting output
03-25 18:04:08.818  1353  2617 D ActivityManager: Skipping, withExcluded: false, tr.intent:Intent { act=android.intent.action.hwCHOOSER flg=0x18800000 cmp=com.huawei.android.internal.app/.HwChooserActivity (has extras) }
03-25 18:04:08.818  1353  2617 D ActivityManager: Skipping, home stack task: TaskRecord{d827d1c #764 A=com.huawei.android.launcher U=0 StackId=0 sz=1}
03-25 18:04:08.818  1353  2617 D ActivityManager: Skipping, withExcluded: false, tr.intent:Intent { act=android.intent.action.MAIN cat=[android.intent.category.LAUNCHER] flg=0x10a00000 cmp=io.appium.settings/.Settings }
03-25 18:04:08.818  1353  2617 D ActivityManager: Skipping, withExcluded: false, tr.intent:Intent { act=android.intent.action.VIEW dat=content://com.android.browser.fileProvider/external_files/Downloads/app-debug1367379298184866856.apk typ=application/vnd.android.package-archive flg=0x18800000 cmp=com.android.packageinstaller/.PackageInstallerActivity (has extras) }
03-25 18:04:08.818  1353  2617 D ActivityManager: Skipping, withExcluded: false, tr.intent:Intent { flg=0x10804000 cmp=com.android.systemui/.recents.RecentsActivity bnds=[48,336][1032,1596] }
03-25 18:04:08.818  1353  2617 D ActivityManager: Skipping, withExcluded: false, tr.intent:Intent { act=android.deviceinfo.chooser.action.LAUNCH flg=0x10800000 pkg=com.android.settings cmp=com.android.settings/.deviceinfo.UsbConnModeChooserActivity }
03-25 18:04:08.818  1353  2617 D ActivityManager: Skipping, withExcluded: false, tr.intent:Intent { act=android.intent.action.MAIN cat=[android.intent.category.HOME] flg=0x10800300 cmp=com.android.settings/.FallbackHome }
03-25 18:04:08.820  1353  2552 D ActivityManager: Skipping, withExcluded: false, tr.intent:Intent { act=android.intent.action.hwCHOOSER flg=0x18800000 cmp=com.huawei.android.internal.app/.HwChooserActivity (has extras) }
03-25 18:04:08.820  1353  2552 D ActivityManager: Skipping, home stack task: TaskRecord{d827d1c #764 A=com.huawei.android.launcher U=0 StackId=0 sz=1}
03-25 18:04:08.820  1353  2552 D ActivityManager: Skipping, withExcluded: false, tr.intent:Intent { act=android.intent.action.MAIN cat=[android.intent.category.LAUNCHER] flg=0x10a00000 cmp=io.appium.settings/.Settings }
03-25 18:04:08.820  1353  2552 D ActivityManager: Skipping, withExcluded: false, tr.intent:Intent { act=android.intent.action.VIEW dat=content://com.android.browser.fileProvider/external_files/Downloads/app-debug1367379298184866856.apk typ=application/vnd.android.package-archive flg=0x18800000 cmp=com.android.packageinstaller/.PackageInstallerActivity (has extras) }
03-25 18:04:08.820  1353  2552 D ActivityManager: Skipping, withExcluded: false, tr.intent:Intent { flg=0x10804000 cmp=com.android.systemui/.recents.RecentsActivity bnds=[48,336][1032,1596] }
03-25 18:04:08.820  1353  2552 D ActivityManager: Skipping, withExcluded: false, tr.intent:Intent { act=android.deviceinfo.chooser.action.LAUNCH flg=0x10800000 pkg=com.android.settings cmp=com.android.settings/.deviceinfo.UsbConnModeChooserActivity }
03-25 18:04:08.820  1353  2552 D ActivityManager: Skipping, withExcluded: false, tr.intent:Intent { act=android.intent.action.MAIN cat=[android.intent.category.HOME] flg=0x10800300 cmp=com.android.settings/.FallbackHome }
03-25 18:04:08.826 22602 22602 D ActivityThread: add activity client record, r= ActivityRecord{b134bc8 token=android.os.BinderProxy@7790d9 {cn.dcpai.auction/cn.dcpai.auction.activity.LoginMainActivity}} token= android.os.BinderProxy@7790d9
03-25 18:04:09.213  1353  3514 I WindowManager: Destroying surface Surface(name=cn.dcpai.auction/cn.dcpai.auction.MainActivity) called by com.android.server.wm.WindowStateAnimator.destroySurface:2056 com.android.server.wm.WindowStateAnimator.destroySurfaceLocked:908 com.android.server.wm.WindowState.destroyOrSaveSurface:2201 com.android.server.wm.WindowManagerService.tryStartExitingAnimation:3332 com.android.server.wm.WindowManagerService.relayoutWindow:3212 com.android.server.wm.Session.relayout:224 android.view.IWindowSession$Stub.onTransact:286 com.android.server.wm.Session.onTransact:145 
03-25 18:04:09.820  1353  1364 I ActivityManager: START u0 {cmp=cn.dcpai.auction/.activity.MobileLoginActivity} from uid 10404 on display 0
03-25 18:04:09.821  1353  1364 I ActivityManager: ActivityRecord info: ActivityInfo{f289cf0 cn.dcpai.auction.activity.MobileLoginActivity}, euid: 0
03-25 18:04:09.822  1353  1364 V HwWindowManagerService: moveTaskToTop mTaskChanged:true
03-25 18:04:09.823  1353  1364 V HwWindowManagerService: moveTaskToTop mTaskChanged:true
03-25 18:04:09.823  1353  1364 V HwWindowManagerService: setFocusedApp update app ops, mTaskChanged set to:false
03-25 18:04:09.842 22602 22602 V ActivityThread: ActivityThread,callActivityOnCreate
03-25 18:04:09.902 22602 22602 D ActivityThread: add activity client record, r= ActivityRecord{8731593 token=android.os.BinderProxy@6d3ed10 {cn.dcpai.auction/cn.dcpai.auction.activity.MobileLoginActivity}} token= android.os.BinderProxy@6d3ed10
03-25 18:04:09.941  1353  3181 D ActivityManager: Skipping, withExcluded: false, tr.intent:Intent { act=android.intent.action.hwCHOOSER flg=0x18800000 cmp=com.huawei.android.internal.app/.HwChooserActivity (has extras) }
03-25 18:04:09.941  1353  3181 D ActivityManager: Skipping, home stack task: TaskRecord{d827d1c #764 A=com.huawei.android.launcher U=0 StackId=0 sz=1}
03-25 18:04:09.941  1353  3181 D ActivityManager: Skipping, withExcluded: false, tr.intent:Intent { act=android.intent.action.MAIN cat=[android.intent.category.LAUNCHER] flg=0x10a00000 cmp=io.appium.settings/.Settings }
03-25 18:04:09.941  1353  3181 D ActivityManager: Skipping, withExcluded: false, tr.intent:Intent { act=android.intent.action.VIEW dat=content://com.android.browser.fileProvider/external_files/Downloads/app-debug1367379298184866856.apk typ=application/vnd.android.package-archive flg=0x18800000 cmp=com.android.packageinstaller/.PackageInstallerActivity (has extras) }
03-25 18:04:09.941  1353  3181 D ActivityManager: Skipping, withExcluded: false, tr.intent:Intent { flg=0x10804000 cmp=com.android.systemui/.recents.RecentsActivity bnds=[48,336][1032,1596] }
03-25 18:04:09.941  1353  3181 D ActivityManager: Skipping, withExcluded: false, tr.intent:Intent { act=android.deviceinfo.chooser.action.LAUNCH flg=0x10800000 pkg=com.android.settings cmp=com.android.settings/.deviceinfo.UsbConnModeChooserActivity }
03-25 18:04:09.941  1353  3181 D ActivityManager: Skipping, withExcluded: false, tr.intent:Intent { act=android.intent.action.MAIN cat=[android.intent.category.HOME] flg=0x10800300 cmp=com.android.settings/.FallbackHome }
03-25 18:04:09.944  1353  2615 D ActivityManager: Skipping, withExcluded: false, tr.intent:Intent { act=android.intent.action.hwCHOOSER flg=0x18800000 cmp=com.huawei.android.internal.app/.HwChooserActivity (has extras) }
03-25 18:04:09.944  1353  2615 D ActivityManager: Skipping, home stack task: TaskRecord{d827d1c #764 A=com.huawei.android.launcher U=0 StackId=0 sz=1}
03-25 18:04:09.944  1353  2615 D ActivityManager: Skipping, withExcluded: false, tr.intent:Intent { act=android.intent.action.MAIN cat=[android.intent.category.LAUNCHER] flg=0x10a00000 cmp=io.appium.settings/.Settings }
03-25 18:04:09.944  1353  2615 D ActivityManager: Skipping, withExcluded: false, tr.intent:Intent { act=android.intent.action.VIEW dat=content://com.android.browser.fileProvider/external_files/Downloads/app-debug1367379298184866856.apk typ=application/vnd.android.package-archive flg=0x18800000 cmp=com.android.packageinstaller/.PackageInstallerActivity (has extras) }
03-25 18:04:09.944  1353  2615 D ActivityManager: Skipping, withExcluded: false, tr.intent:Intent { flg=0x10804000 cmp=com.android.systemui/.recents.RecentsActivity bnds=[48,336][1032,1596] }
03-25 18:04:09.944  1353  2615 D ActivityManager: Skipping, withExcluded: false, tr.intent:Intent { act=android.deviceinfo.chooser.action.LAUNCH flg=0x10800000 pkg=com.android.settings cmp=com.android.settings/.deviceinfo.UsbConnModeChooserActivity }
03-25 18:04:09.944  1353  2615 D ActivityManager: Skipping, withExcluded: false, tr.intent:Intent { act=android.intent.action.MAIN cat=[android.intent.category.HOME] flg=0x10800300 cmp=com.android.settings/.FallbackHome }
03-25 18:04:10.287  1353  2008 I WindowManager: Destroying surface Surface(name=cn.dcpai.auction/cn.dcpai.auction.activity.LoginMainActivity) called by com.android.server.wm.WindowStateAnimator.destroySurface:2056 com.android.server.wm.WindowStateAnimator.destroySurfaceLocked:908 com.android.server.wm.WindowState.destroyOrSaveSurface:2201 com.android.server.wm.AppWindowToken.destroySurfaces:366 com.android.server.wm.AppWindowToken.notifyAppStopped:392 com.android.server.wm.WindowManagerService.notifyAppStopped:4874 com.android.server.am.ActivityStack.activityStoppedLocked:1395 com.android.server.am.ActivityManagerService.activityStopped:7663 
03-25 18:04:11.805  1353  1594 E TaskPersister: File error accessing recents directory (directory doesn't exist?).
03-25 18:04:14.268 22857 22868 E SchedPolicy: open of dev/cpuctl/limit_fg/tasks failed: Permission denied
03-25 18:04:14.268 22857 22868 E SchedPolicy: open of dev/cpuctl/bg_non_interactive/limit_bg/tasks failed: Permission denied
03-25 18:04:20.218  1353  1375 I WindowManager: Destroying surface Surface(name=PopupWindow:d9a1bbc) called by com.android.server.wm.WindowStateAnimator.destroySurface:2056 com.android.server.wm.WindowStateAnimator.destroySurfaceLocked:908 com.android.server.wm.WindowState.destroyOrSaveSurface:2201 com.android.server.wm.AppWindowToken.destroySurfaces:366 com.android.server.wm.WindowStateAnimator.finishExit:587 com.android.server.wm.WindowStateAnimator.stepAnimationLocked:513 com.android.server.wm.WindowAnimator.updateWindowsLocked:311 com.android.server.wm.WindowAnimator.animateLocked:738 
03-25 18:04:20.999  1353  2617 D HwInputMethodManagerService: ------------startInput--------------
03-25 18:04:20.999  1353  2617 D HwInputMethodManagerService: isPasswordType(attribute) == true, using SecurityIMMS
03-25 18:04:21.003  1353  2617 D HwInputMethodManagerService: hideNormalSoftInput = true
03-25 18:04:21.030  1353  2617 I ActivityManager: Start proc 22907:com.huawei.secime/u0a60 for service com.huawei.secime/.SoftKeyboard
03-25 18:04:21.031  1353  2617 V SecInputMethodManagerService: Adding window token: android.os.Binder@2b5b833
03-25 18:04:21.031 22907 22907 E SchedPolicy: open of dev/cpuctl/limit_fg/tasks failed: Permission denied
