03-26 09:53:50.790  2219  2219 W ContextImpl: Calling a method in the system process without a qualified user: android.app.ContextImpl.startService:1531 android.content.ContextWrapper.startService:613 com.huawei.systemmanager.SystemManagerApplication.startAntivirusService:257 com.huawei.systemmanager.SystemManagerApplication.startServices:146 com.huawei.systemmanager.SystemManagerApplication.onCreate:114 
03-26 09:53:50.792  2219  2219 W ContextImpl: Calling a method in the system process without a qualified user: android.app.ContextImpl.startService:1531 android.content.ContextWrapper.startService:613 com.huawei.systemmanager.SystemManagerApplication.startCoreService:167 com.huawei.systemmanager.SystemManagerApplication.startServices:148 com.huawei.systemmanager.SystemManagerApplication.onCreate:114 
03-26 09:53:50.852  1265  2200 I chatty  : uid=1000(system) Binder:1265_8 expire 5 lines
03-26 09:53:50.903  1675  2143 E ActivityThread: Failed to find provider info for com.huawei.android.FloatTasksContentProvider
03-26 09:53:50.909  1962  2277 E ActivityThread: Failed to find provider info for com.android.contacts
03-26 09:53:50.922  1675  2143 E ActivityThread: Failed to find provider info for com.huawei.android.FloatTasksContentProvider
03-26 09:53:50.956  2219  2219 W ContextImpl: Calling a method in the system process without a qualified user: android.app.ContextImpl.startService:1531 android.content.ContextWrapper.startService:613 tmsdk.common.TMSDKContext.start:-1 tmsdk.common.TMSDKContext.init:-1 com.huawei.systemmanager.sdk.tmsdk.TMSdkEngine.init:44 
03-26 09:53:51.112  1675  1675 W PowerUI : unknown intent: Intent { act=android.intent.action.ACTION_POWER_DISCONNECTED flg=0x4000010 }
03-26 09:53:51.112   417   428 D VoldCryptCmdListener: cryptfs getpw
03-26 09:53:51.113  1265  1405 I chatty  : uid=1000(system) CryptdConnector expire 4 lines
03-26 09:53:51.114   417   428 D VoldCryptCmdListener: cryptfs clearpw
03-26 09:53:51.130  1265  1415 I chatty  : uid=1000(system) WifiService expire 1 line
03-26 09:53:51.144  1265  2322 I chatty  : uid=1000(system) Binder:1265_B expire 4 lines
03-26 09:53:51.144  2219  2219 W ContextImpl: Calling a method in the system process without a qualified user: android.app.ContextImpl.bindService:1595 android.content.ContextWrapper.bindService:636 com.huawei.systemmanager.hsmstat.HsmStatProxy.bindService:263 com.huawei.systemmanager.hsmstat.HsmStatProxy.-wrap0:-1 com.huawei.systemmanager.hsmstat.HsmStatProxy$1.handleMessage:65 
03-26 09:53:51.155  2325  2325 E SchedPolicy: open of dev/cpuctl/limit_fg/tasks failed: Permission denied
03-26 09:53:51.155  2325  2325 E SchedPolicy: open of dev/cpuctl/bg_non_interactive/limit_bg/tasks failed: Permission denied
03-26 09:53:51.168  2325  2325 D ActivityThread: ActivityThread,attachApplication
03-26 09:53:51.269  1675  2143 E ActivityThread: Failed to find provider info for com.huawei.android.FloatTasksContentProvider
03-26 09:53:51.312  1675  1675 V KeyguardStatusView: refresh statusview showing:true
03-26 09:53:51.316  1265  1391 I chatty  : uid=1000(system) fingerprintServ expire 8 lines
03-26 09:53:51.318  1675  1675 V KeyguardDisplayManager: show
03-26 09:53:51.322  2346  2346 E SchedPolicy: open of dev/cpuctl/limit_fg/tasks failed: Permission denied
03-26 09:53:51.322  2346  2346 E SchedPolicy: open of dev/cpuctl/bg_non_interactive/limit_bg/tasks failed: Permission denied
03-26 09:53:51.333  2346  2346 D ActivityThread: ActivityThread,attachApplication
03-26 09:53:51.334  1265  2323 I chatty  : uid=1000(system) Binder:1265_C expire 4 lines
03-26 09:53:51.344  1265  2320 I chatty  : uid=1000(system) Binder:1265_9 expire 3 lines
03-26 09:53:51.375  1265  1284 I chatty  : uid=1000(system) android.ui expire 2 lines
03-26 09:53:51.497  1265  2321 I chatty  : uid=1000(system) Binder:1265_A expire 7 lines
03-26 09:53:51.523  2346  2373 E ActivityThread: Failed to find provider info for com.android.contacts
03-26 09:53:51.712  1265  1885 I chatty  : uid=1000(system) LocationThread expire 15 lines
03-26 09:53:51.714  1265  2200 I chatty  : uid=1000(system) Binder:1265_8 expire 10 lines
03-26 09:53:51.715  1265  1265 I chatty  : uid=1000 system_server expire 42 lines
03-26 09:53:51.720  1265  2320 I chatty  : uid=1000(system) Binder:1265_9 expire 11 lines
03-26 09:53:51.729  1265  1280 I chatty  : uid=1000(system) Binder:1265_1 expire 13 lines
03-26 09:53:51.735  1265  1968 I chatty  : uid=1000(system) Binder:1265_5 expire 11 lines
03-26 09:53:51.776  1265  1409 I chatty  : uid=1000(system) Binder:1265_3 expire 1 line
03-26 09:53:51.824  1265  1281 I chatty  : uid=1000(system) Binder:1265_2 expire 6 lines
03-26 09:53:51.867  1265  1977 I chatty  : uid=1000(system) Binder:1265_6 expire 2 lines
03-26 09:53:51.868  2387  2387 E SchedPolicy: open of dev/cpuctl/limit_fg/tasks failed: Permission denied
03-26 09:53:51.868  2387  2387 E SchedPolicy: open of dev/cpuctl/bg_non_interactive/limit_bg/tasks failed: Permission denied
03-26 09:53:51.875  2387  2387 D ActivityThread: ActivityThread,attachApplication
03-26 09:53:51.962  2409  2409 E SchedPolicy: open of dev/cpuctl/limit_fg/tasks failed: Permission denied
03-26 09:53:51.963  2409  2409 E SchedPolicy: open of dev/cpuctl/bg_non_interactive/limit_bg/tasks failed: Permission denied
03-26 09:53:51.977  2409  2409 D ActivityThread: ActivityThread,attachApplication
03-26 09:53:51.982  1265  1410 I chatty  : uid=1000(system) NetdConnector expire 30 lines
03-26 09:53:52.023  2346  2373 E ActivityThread: Failed to find provider info for com.android.contacts
03-26 09:53:52.033  1930  2017 W ContextImpl: Calling a method in the system process without a qualified user: android.app.ContextImpl.bindService:1595 android.content.ContextWrapper.bindService:636 com.huawei.android.location.activityrecognition.HwActivityRecognition.bindService:167 com.huawei.android.location.activityrecognition.HwActivityRecognition.access$2:161 com.huawei.android.location.activityrecognition.HwActivityRecognition$1.handleMessage:81 
03-26 09:53:52.104  1265  1293 I chatty  : uid=1000(system) android.display expire 19 lines
03-26 09:53:52.129  2437  2437 D ActivityThread: ActivityThread,attachApplication
03-26 09:53:52.133  2452  2452 E SchedPolicy: open of dev/cpuctl/limit_fg/tasks failed: Permission denied
03-26 09:53:52.133  2452  2452 E SchedPolicy: open of dev/cpuctl/bg_non_interactive/limit_bg/tasks failed: Permission denied
03-26 09:53:52.142  2452  2452 D ActivityThread: ActivityThread,attachApplication
03-26 09:53:52.307   417   428 D vold    : e4crypt_prepare_user_storage for volume null, user 0, serial 0, flags 2
03-26 09:53:52.307   417   428 D vold    : Preparing: /data/system_ce/0
03-26 09:53:52.308   417   428 D vold    : Preparing: /data/misc_ce/0
03-26 09:53:52.309   417   428 D vold    : Preparing: /data/media/0
03-26 09:53:52.309   417   428 D vold    : Preparing: /data/data
03-26 09:53:52.310  1265  1405 I chatty  : uid=1000(system) CryptdConnector expire 6 lines
03-26 09:53:52.569  1265  1283 I chatty  : uid=1000(system) ActivityManager expire 29 lines
03-26 09:53:52.569  1265  1292 I chatty  : uid=1000(system) android.io expire 1 line
03-26 09:53:52.582   417   427 D VoldCmdListener: volume user_started 0
03-26 09:53:52.582   417   427 D vold    : Linking /storage/emulated/0 to /mnt/user/0/primary
03-26 09:53:52.583   417   427 W         : UNLINK: /data is not mounted or f2fs is not available
03-26 09:53:52.584  1265  1404 I chatty  : uid=1000(system) VoldConnector expire 2 lines
03-26 09:53:52.586  1265  1403 I chatty  : uid=1000(system) MountService expire 1 line
03-26 09:53:52.836  1265  1396 I chatty  : uid=1000(system) AlarmManager expire 4 lines
03-26 09:53:52.962  2515  2515 E SchedPolicy: open of dev/cpuctl/limit_fg/tasks failed: Permission denied
03-26 09:53:52.963  2515  2515 E SchedPolicy: open of dev/cpuctl/bg_non_interactive/limit_bg/tasks failed: Permission denied
03-26 09:53:52.979  1265  1460 I chatty  : uid=1000(system) HwSmartDisplayS expire 1 line
03-26 09:53:52.982  2515  2515 D ActivityThread: ActivityThread,attachApplication
03-26 09:53:53.106  1265  1438 I chatty  : uid=1000(system) ConnectivitySer expire 4 lines
03-26 09:53:53.113  1265  1291 I chatty  : uid=1000(system) android.fg expire 24 lines
03-26 09:53:53.135  1265  1497 I chatty  : uid=1000(system) WifiProStateMac expire 1 line
03-26 09:53:53.232  2546  2546 E SchedPolicy: open of dev/cpuctl/limit_fg/tasks failed: Permission denied
03-26 09:53:53.232  2546  2546 E SchedPolicy: open of dev/cpuctl/bg_non_interactive/limit_bg/tasks failed: Permission denied
03-26 09:53:53.234  1265  1516 I chatty  : uid=1000(system) SceneRecognitio expire 1 line
03-26 09:53:53.240  2546  2546 D ActivityThread: ActivityThread,attachApplication
03-26 09:53:53.308  2564  2564 E SchedPolicy: open of dev/cpuctl/limit_fg/tasks failed: Permission denied
03-26 09:53:53.308  2564  2564 E SchedPolicy: open of dev/cpuctl/bg_non_interactive/limit_bg/tasks failed: Permission denied
03-26 09:53:53.318  2564  2564 D ActivityThread: ActivityThread,attachApplication
03-26 09:53:53.329  2578  2578 E SchedPolicy: open of dev/cpuctl/limit_fg/tasks failed: Permission denied
03-26 09:53:53.330  2578  2578 E SchedPolicy: open of dev/cpuctl/bg_non_interactive/limit_bg/tasks failed: Permission denied
03-26 09:53:53.339  2578  2578 D ActivityThread: ActivityThread,attachApplication
03-26 09:53:53.416  1265  2322 I chatty  : uid=1000(system) Binder:1265_B expire 2 lines
03-26 09:53:53.444  2076  2076 W ContextImpl: Calling a method in the system process without a qualified user: android.app.ContextImpl.startService:1531 android.content.ContextWrapper.startService:613 android.content.ContextWrapper.startService:613 com.huawei.systemmanager.service.MainReceiver.handleBootComplete:50 com.huawei.systemmanager.service.MainReceiver.onReceive:35 
03-26 09:53:53.448  2076  2076 W ContextImpl: Calling a method in the system process without a qualified user: android.app.ContextImpl.startService:1531 android.content.ContextWrapper.startService:613 android.content.ContextWrapper.startService:613 com.huawei.systemmanager.service.MainReceiver.handleBootComplete:55 com.huawei.systemmanager.service.MainReceiver.onReceive:35 
03-26 09:53:53.559  2616  2616 E SchedPolicy: open of dev/cpuctl/limit_fg/tasks failed: Permission denied
03-26 09:53:53.559  2616  2616 E SchedPolicy: open of dev/cpuctl/bg_non_interactive/limit_bg/tasks failed: Permission denied
03-26 09:53:53.567  2616  2616 D ActivityThread: ActivityThread,attachApplication
03-26 09:53:53.622  1265  1632 I chatty  : uid=1000(system) Binder:1265_4 expire 1 line
03-26 09:53:53.662  1265  2323 I chatty  : uid=1000(system) Binder:1265_C expire 1 line
03-26 09:53:53.663  2645  2645 E SchedPolicy: open of dev/cpuctl/limit_fg/tasks failed: Permission denied
03-26 09:53:53.663  2645  2645 E SchedPolicy: open of dev/cpuctl/bg_non_interactive/limit_bg/tasks failed: Permission denied
03-26 09:53:53.696  2645  2645 D ActivityThread: ActivityThread,attachApplication
03-26 09:53:53.696  1265  2600 I chatty  : uid=1000(system) Binder:1265_E expire 1 line
03-26 09:53:53.790  2662  2662 E SchedPolicy: open of dev/cpuctl/limit_fg/tasks failed: Permission denied
03-26 09:53:53.790  2662  2662 E SchedPolicy: open of dev/cpuctl/bg_non_interactive/limit_bg/tasks failed: Permission denied
03-26 09:53:53.801  2662  2662 D ActivityThread: ActivityThread,attachApplication
03-26 09:53:53.810  2676  2676 D ActivityThread: ActivityThread,attachApplication
03-26 09:53:53.824  2690  2690 D ActivityThread: ActivityThread,attachApplication
03-26 09:53:53.839  2704  2704 D ActivityThread: ActivityThread,attachApplication
03-26 09:53:53.893  2730  2730 E SchedPolicy: open of dev/cpuctl/limit_fg/tasks failed: Permission denied
03-26 09:53:53.893  2730  2730 E SchedPolicy: open of dev/cpuctl/bg_non_interactive/limit_bg/tasks failed: Permission denied
03-26 09:53:53.900  2730  2730 D ActivityThread: ActivityThread,attachApplication
03-26 09:53:53.929  2747  2747 E SchedPolicy: open of dev/cpuctl/limit_fg/tasks failed: Permission denied
03-26 09:53:53.929  2747  2747 E SchedPolicy: open of dev/cpuctl/bg_non_interactive/limit_bg/tasks failed: Permission denied
03-26 09:53:53.930  1265  2036 I chatty  : uid=1000 system_server expire 2 lines
03-26 09:53:53.936  2747  2747 D ActivityThread: ActivityThread,attachApplication
03-26 09:53:53.944   417   428 D vold    : e4crypt_prepare_user_storage for volume null, user 10, serial 10, flags 1
03-26 09:53:53.944   417   428 D vold    : Preparing: /data/system/users/10
03-26 09:53:53.945   417   428 D vold    : Preparing: /data/misc/profiles/cur/10
03-26 09:53:53.945   417   428 D vold    : Preparing: /data/misc/profiles/cur/10/foreign-dex
03-26 09:53:53.949   417   428 D vold    : Preparing: /data/system_de/10
03-26 09:53:53.949   417   428 D vold    : Preparing: /data/misc_de/10
03-26 09:53:53.950   417   428 D vold    : Preparing: /data/user_de/10
03-26 09:53:54.035  1930  2017 W ContextImpl: Calling a method in the system process without a qualified user: android.app.ContextImpl.bindService:1595 android.content.ContextWrapper.bindService:636 com.huawei.android.location.activityrecognition.HwActivityRecognition.bindService:167 com.huawei.android.location.activityrecognition.HwActivityRecognition.access$2:161 com.huawei.android.location.activityrecognition.HwActivityRecognition$1.handleMessage:81 
03-26 09:53:54.098   417   428 D vold    : e4crypt_prepare_user_storage for volume null, user 10, serial 10, flags 2
03-26 09:53:54.098   417   428 D vold    : Preparing: /data/system_ce/10
03-26 09:53:54.099   417   428 D vold    : Preparing: /data/misc_ce/10
03-26 09:53:54.099   417   428 D vold    : Preparing: /data/media/10
03-26 09:53:54.100   417   428 D vold    : Preparing: /data/user/10
03-26 09:53:54.102  1265  1283 I chatty  : uid=1000(system) ActivityManager expire 16 lines
03-26 09:53:54.205  1265  1265 I chatty  : uid=1000 system_server expire 51 lines
03-26 09:53:54.206  1265  1280 I chatty  : uid=1000(system) Binder:1265_1 expire 2 lines
03-26 09:53:54.219  1265  2724 I chatty  : uid=1000(system) Binder:1265_11 expire 13 lines
03-26 09:53:54.236  2774  2774 E SchedPolicy: open of dev/cpuctl/limit_fg/tasks failed: Permission denied
03-26 09:53:54.236  2774  2774 E SchedPolicy: open of dev/cpuctl/bg_non_interactive/limit_bg/tasks failed: Permission denied
03-26 09:53:54.241  1265  2600 I chatty  : uid=1000(system) Binder:1265_E expire 4 lines
03-26 09:53:54.243  2774  2774 D ActivityThread: ActivityThread,attachApplication
03-26 09:53:54.251  1265  1416 I chatty  : uid=1000(system) WifiStateMachin expire 2 lines
03-26 09:53:54.267  1265  1282 I chatty  : uid=1000(system) android.bg expire 6 lines
03-26 09:53:54.273  2792  2792 E SchedPolicy: open of dev/cpuctl/limit_fg/tasks failed: Permission denied
03-26 09:53:54.273  2792  2792 E SchedPolicy: open of dev/cpuctl/bg_non_interactive/limit_bg/tasks failed: Permission denied
03-26 09:53:54.294  2792  2792 D ActivityThread: ActivityThread,attachApplication
03-26 09:53:54.314  1265  2766 I chatty  : uid=1000(system) Binder:1265_17 expire 4 lines
03-26 09:53:54.314  1265  1438 I chatty  : uid=1000(system) ConnectivitySer expire 40 lines
03-26 09:53:54.335  1265  1632 I chatty  : uid=1000(system) Binder:1265_4 expire 2 lines
03-26 09:53:54.335  2076  2194 I HwNetworkPolicyManager: getHwUidPolicy uid = 1000 policy = 0
03-26 09:53:54.335  1265  1281 I chatty  : uid=1000(system) Binder:1265_2 expire 1 line
03-26 09:53:54.336  2076  2194 I HwNetworkPolicyManager: getHwUidPolicy uid = 10051 policy = 0
03-26 09:53:54.338  2817  2817 E SchedPolicy: open of dev/cpuctl/limit_fg/tasks failed: Permission denied
03-26 09:53:54.338  2817  2817 E SchedPolicy: open of dev/cpuctl/bg_non_interactive/limit_bg/tasks failed: Permission denied
03-26 09:53:54.342  1265  1413 I chatty  : uid=1000(system) WifiP2pService expire 9 lines
03-26 09:53:54.345  1265  1410 I chatty  : uid=1000(system) NetdConnector expire 38 lines
03-26 09:53:54.352  1265  1291 I chatty  : uid=1000(system) android.fg expire 13 lines
03-26 09:53:54.360  1265  2007 I chatty  : uid=1000 system_server expire 2 lines
03-26 09:53:54.372  2817  2817 D ActivityThread: ActivityThread,attachApplication
03-26 09:53:54.373  1265  2598 I chatty  : uid=1000(system) Binder:1265_D expire 7 lines
03-26 09:53:54.377  2831  2831 D ActivityThread: ActivityThread,attachApplication
03-26 09:53:54.380  1265  1979 I chatty  : uid=1000(system) Binder:1265_7 expire 4 lines
03-26 09:53:54.442  1265  2727 I chatty  : uid=1000(system) Binder:1265_14 expire 2 lines
03-26 09:53:54.454  1265  1292 I chatty  : uid=1000(system) android.io expire 1 line
03-26 09:53:54.454   417   427 D VoldCmdListener: volume user_started 10
03-26 09:53:54.455   417   427 D vold    : Linking /storage/emulated/10 to /mnt/user/10/primary
03-26 09:53:54.456   417   427 W         : UNLINK: /data is not mounted or f2fs is not available
03-26 09:53:54.456  1265  1404 I chatty  : uid=1000(system) VoldConnector expire 2 lines
03-26 09:53:54.459  1265  1403 I chatty  : uid=1000(system) MountService expire 1 line
03-26 09:53:54.481  1905  1905 D ActivityThread: Remove activity client record, r= ActivityRecord{b2a803 token=android.os.BinderProxy@c0728b {com.android.settings/com.android.settings.FallbackHome}} token= android.os.BinderProxy@c0728b
03-26 09:53:54.520  2877  2877 E SchedPolicy: open of dev/cpuctl/limit_fg/tasks failed: Permission denied
03-26 09:53:54.520  2877  2877 E SchedPolicy: open of dev/cpuctl/bg_non_interactive/limit_bg/tasks failed: Permission denied
03-26 09:53:54.528  2877  2877 D ActivityThread: ActivityThread,attachApplication
03-26 09:53:54.529  1265  2723 I chatty  : uid=1000(system) Binder:1265_10 expire 2 lines
03-26 09:53:54.575  2704  2718 W ContextImpl: Calling a method in the system process without a qualified user: android.app.ContextImpl.startService:1531 android.content.ContextWrapper.startService:613 com.huawei.geofence.GeofenceProviderService$HwGeofenceProvider.onGeofenceHardwareChange:52 com.android.location.provider.GeofenceProvider$1.setGeofenceHardware:42 android.location.IGeofenceProvider$Stub.onTransact:55 
03-26 09:53:54.632  2908  2908 E SchedPolicy: open of dev/cpuctl/limit_fg/tasks failed: Permission denied
03-26 09:53:54.632  2908  2908 E SchedPolicy: open of dev/cpuctl/bg_non_interactive/limit_bg/tasks failed: Permission denied
03-26 09:53:54.634  1265  2767 I chatty  : uid=1000(system) Binder:1265_18 expire 4 lines
03-26 09:53:54.647  2908  2908 D ActivityThread: ActivityThread,attachApplication
03-26 09:53:54.648  2926  2926 E SchedPolicy: open of dev/cpuctl/limit_fg/tasks failed: Permission denied
03-26 09:53:54.648  2926  2926 E SchedPolicy: open of dev/cpuctl/bg_non_interactive/limit_bg/tasks failed: Permission denied
03-26 09:53:54.657  1265  2323 I chatty  : uid=1000(system) Binder:1265_C expire 2 lines
03-26 09:53:54.657  2926  2926 D ActivityThread: ActivityThread,attachApplication
03-26 09:53:54.669  2942  2942 E SchedPolicy: open of dev/cpuctl/limit_fg/tasks failed: Permission denied
03-26 09:53:54.669  2942  2942 E SchedPolicy: open of dev/cpuctl/bg_non_interactive/limit_bg/tasks failed: Permission denied
03-26 09:53:54.677  2942  2942 D ActivityThread: ActivityThread,attachApplication
03-26 09:53:54.679  1265  1977 I chatty  : uid=1000(system) Binder:1265_6 expire 3 lines
03-26 09:53:54.685  1265  2725 I chatty  : uid=1000(system) Binder:1265_12 expire 1 line
03-26 09:53:54.719  1265  2200 I chatty  : uid=1000(system) Binder:1265_8 expire 1 line
03-26 09:53:54.727  1265  2728 I chatty  : uid=1000(system) Binder:1265_15 expire 1 line
03-26 09:53:54.881  2774  2774 V ActivityThread: ActivityThread,callActivityOnCreate
03-26 09:53:54.933  2995  2995 E SchedPolicy: open of dev/cpuctl/limit_fg/tasks failed: Permission denied
03-26 09:53:54.933  2995  2995 E SchedPolicy: open of dev/cpuctl/bg_non_interactive/limit_bg/tasks failed: Permission denied
03-26 09:53:54.933  1265  2320 I chatty  : uid=1000(system) Binder:1265_9 expire 2 lines
03-26 09:53:54.942  2995  2995 D ActivityThread: ActivityThread,attachApplication
03-26 09:53:55.037  2774  2774 D ActivityThread: add activity client record, r= ActivityRecord{8f900a4 token=android.os.BinderProxy@4afc2bd {com.huawei.android.launcher/com.huawei.android.launcher.unihome.UniHomeLauncher}} token= android.os.BinderProxy@4afc2bd
03-26 09:53:55.070  1675  1700 I CommandQueue: updateBarBgColor
03-26 09:53:55.070  1675  1700 D CommandQueue: CommandQueue, setBarBackgroundColor
03-26 09:53:55.085  1265  1968 I chatty  : uid=1000(system) Binder:1265_5 expire 1 line
03-26 09:53:55.369  1265  1412 I chatty  : uid=1000(system) NetworkPolicy expire 29 lines
03-26 09:53:51.314  1962  1962 D Mapcon  : MapconBootReceiver: ACTION_LOCKED_BOOT_COMPLETED is received,isMapconOn:false bIsHisi:false
03-26 09:53:51.327  1923  1923 W ContextImpl: Calling a method in the system process without a qualified user: android.app.ContextImpl.startService:1531 android.content.ContextWrapper.startService:613 android.content.ContextWrapper.startService:613 com.huawei.mdlog.MdlogBootReceiver.onReceive:39 android.app.ActivityThread.handleReceiver:3177 
03-26 09:53:51.338  1923  1923 W ContextImpl: Calling a method in the system process without a qualified user: android.app.ContextImpl.startService:1531 android.content.ContextWrapper.startService:613 android.content.ContextWrapper.startService:613 com.huawei.android.chr.hisi.rilchrtunnel.RilMsgTunnelAutoboot.onReceive:35 android.app.ActivityThread.handleReceiver:3177 
03-26 09:53:51.383  1930  1930 W ContextImpl: Calling a method in the system process without a qualified user: android.app.ContextImpl.startService:1531 android.content.ContextWrapper.startService:613 android.content.ContextWrapper.startService:613 com.huawei.android.hwaps.AutoRunReceiver.onReceive:33 android.app.ActivityThread.handleReceiver:3177 
03-26 09:53:51.391  1962  1962 D MccTable: updateMccMncConfiguration mccmnc='46003' fromServiceState=true
03-26 09:53:51.392  1962  1962 D MccTable: updateMccMncConfiguration defaultMccMnc=46003
03-26 09:53:51.392  1962  1962 D MccTable: updateMccMncConfiguration: mcc=460, mnc=3
03-26 09:53:51.392  1962  1962 D MccTable: getLocaleFromMcc(zh, cn, 460
03-26 09:53:51.392  1962  1962 D MccTable: getLocaleForLanguageCountry: skipping already persisted
03-26 09:53:51.392  1962  1962 D MccTable: WIFI_COUNTRY_CODE set to cn
03-26 09:53:51.437  2704  2704 W ContextImpl: Calling a method in the system process without a qualified user: android.app.ContextImpl.startService:1531 android.content.ContextWrapper.startService:613 android.content.ContextWrapper.startService:613 com.huawei.ca.service.AutoBootReceiver.onReceive:29 android.app.ActivityThread.handleReceiver:3177 
03-26 09:53:51.603  2076  2076 W ContextImpl: Calling a method in the system process without a qualified user: android.app.ContextImpl.startService:1531 android.content.ContextWrapper.startService:613 com.huawei.systemmanager.rainbow.client.background.service.CloudBroadcastHandlerService$1.onReceive:58 android.app.LoadedApk$ReceiverDispatcher$Args.run:1218 android.os.Handler.handleCallback:761 
03-26 09:53:51.713  1265  1265 I chatty  : uid=1000 system_server expire 53 lines
03-26 09:53:51.715  1265  1288 I chatty  : uid=1000(system) batterystats-sy expire 1 line
03-26 09:53:51.737  1265  1282 I chatty  : uid=1000(system) android.bg expire 7 lines
03-26 09:53:51.917  1265  2600 I chatty  : uid=1000(system) Binder:1265_E expire 4 lines
03-26 09:53:52.013  2877  2877 E ActivityThread: Failed to find provider info for com.tencent.mm.coolassist.debugprovider
03-26 09:53:53.008  1265  2724 I chatty  : uid=1000(system) Binder:1265_11 expire 11 lines
03-26 09:53:53.008  1265  2725 I chatty  : uid=1000(system) Binder:1265_12 expire 7 lines
03-26 09:53:53.024  1265  2729 I chatty  : uid=1000(system) Binder:1265_16 expire 1 line
03-26 09:53:53.081  2437  2437 W ContextImpl: Calling a method in the system process without a qualified user: android.app.ContextImpl.startService:1531 android.content.ContextWrapper.startService:613 android.content.ContextWrapper.startService:613 com.huawei.lcagent.service.LogBroadcastReceiver.onReceive:166 android.app.ActivityThread.handleReceiver:3177 
03-26 09:53:53.082  2437  2437 W ContextImpl: Calling a method in the system process without a qualified user: android.app.ContextImpl.startService:1531 android.content.ContextWrapper.startService:613 android.content.ContextWrapper.startService:613 com.huawei.lcagent.service.LogBroadcastReceiver.onReceive:170 android.app.ActivityThread.handleReceiver:3177 
03-26 09:53:53.083  1265  2767 I chatty  : uid=1000(system) Binder:1265_18 expire 3 lines
03-26 09:53:53.156  1265  2320 I chatty  : uid=1000(system) Binder:1265_9 expire 7 lines
03-26 09:53:53.238  1265  1968 I chatty  : uid=1000(system) Binder:1265_5 expire 2 lines
03-26 09:53:53.269  1265  1281 I chatty  : uid=1000(system) Binder:1265_2 expire 4 lines
03-26 09:53:53.498  1265  1283 I chatty  : uid=1000(system) ActivityManager expire 6 lines
03-26 09:53:53.837  1265  3197 I chatty  : uid=1000 system_server expire 21 lines
03-26 09:53:53.910  1265  2200 I chatty  : uid=1000(system) Binder:1265_8 expire 2 lines
03-26 09:53:54.085  1265  2726 I chatty  : uid=1000(system) Binder:1265_13 expire 9 lines
03-26 09:53:54.093  1265  1410 I chatty  : uid=1000(system) NetdConnector expire 6 lines
03-26 09:53:54.103  2437  2437 W ContextImpl: Calling a method in the system process without a qualified user: android.app.ContextImpl.startService:1531 android.content.ContextWrapper.startService:613 android.content.ContextWrapper.startService:613 com.huawei.ptm.PTMReceiver.onReceive:21 android.app.ActivityThread.handleReceiver:3177 
03-26 09:53:54.126  1265  2321 I chatty  : uid=1000(system) Binder:1265_A expire 2 lines
03-26 09:53:54.129  1265  1280 I chatty  : uid=1000(system) Binder:1265_1 expire 1 line
03-26 09:53:54.211  2437  2437 W ContextImpl: Calling a method in the system process without a qualified user: android.app.ContextImpl.sendBroadcast:1000 android.content.ContextWrapper.sendBroadcast:426 com.huawei.ptm.PTMService.onStartCommand:57 android.app.ActivityThread.handleServiceArgs:3476 android.app.ActivityThread.-wrap23:-1 
03-26 09:53:54.212  1265  2766 I chatty  : uid=1000(system) Binder:1265_17 expire 3 lines
03-26 09:53:54.222  1265  1632 I chatty  : uid=1000(system) Binder:1265_4 expire 3 lines
03-26 09:53:54.316  3250  3250 E SchedPolicy: open of dev/cpuctl/limit_fg/tasks failed: Permission denied
03-26 09:53:54.316  3250  3250 E SchedPolicy: open of dev/cpuctl/bg_non_interactive/limit_bg/tasks failed: Permission denied
03-26 09:53:54.328  3250  3250 D ActivityThread: ActivityThread,attachApplication
03-26 09:53:54.330  1265  2723 I chatty  : uid=1000(system) Binder:1265_10 expire 5 lines
03-26 09:53:54.352  1265  3266 I chatty  : uid=1000 system_server expire 3 lines
03-26 09:53:54.500  1265  1438 I chatty  : uid=1000(system) ConnectivitySer expire 8 lines
03-26 09:53:54.515  3292  3292 E SchedPolicy: open of dev/cpuctl/limit_fg/tasks failed: Permission denied
03-26 09:53:54.515  3292  3292 E SchedPolicy: open of dev/cpuctl/bg_non_interactive/limit_bg/tasks failed: Permission denied
03-26 09:53:54.524  3292  3292 D ActivityThread: ActivityThread,attachApplication
03-26 09:53:54.592  3317  3317 E SchedPolicy: open of dev/cpuctl/limit_fg/tasks failed: Permission denied
03-26 09:53:54.592  3317  3317 E SchedPolicy: open of dev/cpuctl/bg_non_interactive/limit_bg/tasks failed: Permission denied
03-26 09:53:54.595  1265  1398 I chatty  : uid=1000(system) sManagerService expire 3 lines
03-26 09:53:54.602  3317  3317 D ActivityThread: ActivityThread,attachApplication
03-26 09:53:54.705  1265  2322 I chatty  : uid=1000(system) Binder:1265_B expire 4 lines
03-26 09:53:54.718  3342  3342 E SchedPolicy: open of dev/cpuctl/limit_fg/tasks failed: Permission denied
03-26 09:53:54.718  3342  3342 E SchedPolicy: open of dev/cpuctl/bg_non_interactive/limit_bg/tasks failed: Permission denied
03-26 09:53:54.726  3342  3342 D ActivityThread: ActivityThread,attachApplication
03-26 09:53:54.785  1265  1405 I chatty  : uid=1000(system) CryptdConnector expire 2 lines
03-26 09:53:54.818  1265  2601 I chatty  : uid=1000(system) Binder:1265_F expire 4 lines
03-26 09:53:54.927  3370  3370 E SchedPolicy: open of dev/cpuctl/limit_fg/tasks failed: Permission denied
03-26 09:53:54.927  3370  3370 E SchedPolicy: open of dev/cpuctl/bg_non_interactive/limit_bg/tasks failed: Permission denied
03-26 09:53:54.939  3370  3370 D ActivityThread: ActivityThread,attachApplication
03-26 09:53:54.939  1265  1409 I chatty  : uid=1000(system) Binder:1265_3 expire 1 line
03-26 09:53:54.971  1962  1962 D MccTable: updateMccMncConfiguration mccmnc='null' fromServiceState=true
03-26 09:53:54.971  1962  1962 D MccTable: WIFI_COUNTRY_CODE set to 
03-26 09:53:54.971  1265  1977 I chatty  : uid=1000(system) Binder:1265_6 expire 3 lines
03-26 09:53:55.000  3388  3388 E SchedPolicy: open of dev/cpuctl/limit_fg/tasks failed: Permission denied
03-26 09:53:55.000  3388  3388 E SchedPolicy: open of dev/cpuctl/bg_non_interactive/limit_bg/tasks failed: Permission denied
03-26 09:53:55.006  3388  3388 D ActivityThread: ActivityThread,attachApplication
03-26 09:53:55.029  1265  2323 I chatty  : uid=1000(system) Binder:1265_C expire 5 lines
03-26 09:53:55.047  3404  3404 E SchedPolicy: open of dev/cpuctl/limit_fg/tasks failed: Permission denied
03-26 09:53:55.047  3404  3404 E SchedPolicy: open of dev/cpuctl/bg_non_interactive/limit_bg/tasks failed: Permission denied
03-26 09:53:55.054  3404  3404 D ActivityThread: ActivityThread,attachApplication
03-26 09:53:55.353  3292  3292 E ActivityThread: Failed to find provider info for com.tencent.mm.coolassist.debugprovider
03-26 09:53:55.406  3448  3448 E SchedPolicy: open of dev/cpuctl/limit_fg/tasks failed: Permission denied
03-26 09:53:55.406  3448  3448 E SchedPolicy: open of dev/cpuctl/bg_non_interactive/limit_bg/tasks failed: Permission denied
03-26 09:53:55.417  3448  3448 D ActivityThread: ActivityThread,attachApplication
03-26 09:53:55.420  1265  2728 I chatty  : uid=1000(system) Binder:1265_15 expire 1 line
03-26 09:53:55.846  1265  2598 I chatty  : uid=1000(system) Binder:1265_D expire 1 line
03-26 09:53:56.111  3540  3540 E SchedPolicy: open of dev/cpuctl/limit_fg/tasks failed: Permission denied
03-26 09:53:56.111  3540  3540 E SchedPolicy: open of dev/cpuctl/bg_non_interactive/limit_bg/tasks failed: Permission denied
03-26 09:53:56.111  1265  2727 I chatty  : uid=1000(system) Binder:1265_14 expire 1 line
03-26 09:53:56.119  3540  3540 D ActivityThread: ActivityThread,attachApplication
03-26 09:53:56.393  1265  3273 I chatty  : uid=1000 system_server expire 20 lines
03-26 09:53:56.455  1962  1962 D MccTable: updateMccMncConfiguration mccmnc='46003' fromServiceState=true
03-26 09:53:56.458  1962  1962 D MccTable: updateMccMncConfiguration defaultMccMnc=46003
03-26 09:53:56.460  1962  1962 D MccTable: updateMccMncConfiguration: mcc=460, mnc=3
03-26 09:53:56.460  1962  1962 D MccTable: getLocaleFromMcc(zh, cn, 460
03-26 09:53:56.460  1962  1962 D MccTable: getLocaleForLanguageCountry: skipping already persisted
03-26 09:53:56.460  1962  1962 D MccTable: WIFI_COUNTRY_CODE set to cn
03-26 09:53:56.586  1265  1265 I chatty  : uid=1000 system_server expire 14 lines
03-26 09:53:57.005  1265  1968 I chatty  : uid=1000(system) Binder:1265_5 expire 7 lines
03-26 09:53:57.470  1265  1412 I chatty  : uid=1000(system) NetworkPolicy expire 7 lines
03-26 09:53:57.948  1265  1297 I chatty  : uid=1000(system) PowerManagerSer expire 5 lines
03-26 09:53:58.070  1265  2727 I chatty  : uid=1000(system) Binder:1265_14 expire 9 lines
03-26 09:53:58.083  1265  1410 I chatty  : uid=1000(system) NetdConnector expire 8 lines
03-26 09:53:58.085  1265  1291 I chatty  : uid=1000(system) android.fg expire 2 lines
03-26 09:53:58.122  3540  3540 E ActivityThread: Failed to find provider info for com.tencent.mm.coolassist.debugprovider
03-26 09:53:58.209  1265  1293 I chatty  : uid=1000(system) android.display expire 1 line
03-26 09:53:58.390  1265  2723 I chatty  : uid=1000(system) Binder:1265_10 expire 3 lines
03-26 09:53:58.404  1265  2200 I chatty  : uid=1000(system) Binder:1265_8 expire 4 lines
03-26 09:53:58.434  1265  2600 I chatty  : uid=1000(system) Binder:1265_E expire 7 lines
03-26 09:53:58.441  1265  1280 I chatty  : uid=1000(system) Binder:1265_1 expire 4 lines
03-26 09:53:58.473  1265  2320 I chatty  : uid=1000(system) Binder:1265_9 expire 5 lines
03-26 09:53:58.495  3638  3638 E SchedPolicy: open of dev/cpuctl/limit_fg/tasks failed: Permission denied
03-26 09:53:58.495  3638  3638 E SchedPolicy: open of dev/cpuctl/bg_non_interactive/limit_bg/tasks failed: Permission denied
03-26 09:53:58.502  3638  3638 D ActivityThread: ActivityThread,attachApplication
03-26 09:53:58.531  1265  1284 I chatty  : uid=1000(system) android.ui expire 2 lines
03-26 09:53:58.532  1265  1409 I chatty  : uid=1000(system) Binder:1265_3 expire 4 lines
03-26 09:53:58.540  1265  1398 I chatty  : uid=1000(system) sManagerService expire 10 lines
03-26 09:53:58.549  1265  2321 I chatty  : uid=1000(system) Binder:1265_A expire 5 lines
03-26 09:53:58.576  1265  2725 I chatty  : uid=1000(system) Binder:1265_12 expire 2 lines
03-26 09:53:58.814  1265  1281 I chatty  : uid=1000(system) Binder:1265_2 expire 5 lines
03-26 09:53:58.816  1265  2724 I chatty  : uid=1000(system) Binder:1265_11 expire 5 lines
03-26 09:53:58.969  1265  2322 I chatty  : uid=1000(system) Binder:1265_B expire 4 lines
03-26 09:53:58.970  3684  3684 E SchedPolicy: open of dev/cpuctl/limit_fg/tasks failed: Permission denied
03-26 09:53:58.970  3684  3684 E SchedPolicy: open of dev/cpuctl/bg_non_interactive/limit_bg/tasks failed: Permission denied
03-26 09:53:58.979  3684  3684 D ActivityThread: ActivityThread,attachApplication
03-26 09:53:59.006  1265  1977 I chatty  : uid=1000(system) Binder:1265_6 expire 3 lines
03-26 09:53:59.011  1265  2729 I chatty  : uid=1000(system) Binder:1265_16 expire 10 lines
03-26 09:53:59.013  1265  2728 I chatty  : uid=1000(system) Binder:1265_15 expire 4 lines
03-26 09:53:59.015  1265  2767 I chatty  : uid=1000(system) Binder:1265_18 expire 3 lines
03-26 09:53:59.173  1265  1632 I chatty  : uid=1000(system) Binder:1265_4 expire 7 lines
03-26 09:53:59.178  1265  2766 I chatty  : uid=1000(system) Binder:1265_17 expire 8 lines
03-26 09:53:59.325  3711  3711 E SchedPolicy: open of dev/cpuctl/limit_fg/tasks failed: Permission denied
03-26 09:53:59.325  3711  3711 E SchedPolicy: open of dev/cpuctl/bg_non_interactive/limit_bg/tasks failed: Permission denied
03-26 09:53:59.333  3711  3711 D ActivityThread: ActivityThread,attachApplication
03-26 09:53:59.337  1265  2601 I chatty  : uid=1000(system) Binder:1265_F expire 6 lines
03-26 09:54:00.228  1265  1283 I chatty  : uid=1000(system) ActivityManager expire 6 lines
03-26 09:54:06.375  1265  1282 I chatty  : uid=1000(system) android.bg expire 16 lines
03-26 09:54:06.458   417   427 D VoldCmdListener: sdlock poll
03-26 09:54:06.459   417   427 I         : poll
03-26 09:54:06.459   417   427 E         : failed to get lockable path
03-26 09:54:06.501  1265  1979 I chatty  : uid=1000(system) Binder:1265_7 expire 2 lines
03-26 09:54:06.537  3800  3800 E SchedPolicy: open of dev/cpuctl/limit_fg/tasks failed: Permission denied
03-26 09:54:06.537  3800  3800 E SchedPolicy: open of dev/cpuctl/bg_non_interactive/limit_bg/tasks failed: Permission denied
03-26 09:54:06.554  3800  3800 D ActivityThread: ActivityThread,attachApplication
03-26 09:54:06.627  3815  3815 D ActivityThread: ActivityThread,attachApplication
03-26 09:54:06.890  1265  3799 I chatty  : uid=1000 system_server expire 2 lines
03-26 09:54:06.907  1265  2298 I chatty  : uid=1000 system_server expire 1 line
03-26 09:54:06.926  3844  3844 E SchedPolicy: open of dev/cpuctl/limit_fg/tasks failed: Permission denied
03-26 09:54:06.927  3844  3844 E SchedPolicy: open of dev/cpuctl/bg_non_interactive/limit_bg/tasks failed: Permission denied
03-26 09:54:06.939  3844  3844 D ActivityThread: ActivityThread,attachApplication
03-26 09:54:07.068  1265  1438 I chatty  : uid=1000(system) ConnectivitySer expire 6 lines
03-26 09:54:07.124  1265  2598 I chatty  : uid=1000(system) Binder:1265_D expire 5 lines
03-26 09:54:07.212   417   427 D VoldCmdListener: volume bootcompleted
03-26 09:54:07.212   417   427 I         : receive bootcompleted and report_sd_error()  startup_notified=0 kMajorBlockSd=0 kMinorBlockSd=0.
03-26 09:54:07.213  1265  1404 I chatty  : uid=1000(system) VoldConnector expire 2 lines
03-26 09:54:07.223  1265  1265 I chatty  : uid=1000 system_server expire 8 lines
03-26 09:54:07.242  1265  1456 I chatty  : uid=1000(system) PFW Handler expire 6 lines
03-26 09:54:07.247  3815  3840 W ActivityThread: ClassLoader.getResources: The class loader returned by Thread.getContextClassLoader() may fail for processes that host multiple applications. You should explicitly specify a context class loader. For example: Thread.setContextClassLoader(getClass().getClassLoader());
03-26 09:54:07.321  3894  3894 E SchedPolicy: open of dev/cpuctl/limit_fg/tasks failed: Permission denied
03-26 09:54:07.321  3894  3894 E SchedPolicy: open of dev/cpuctl/bg_non_interactive/limit_bg/tasks failed: Permission denied
03-26 09:54:07.329  3894  3894 D ActivityThread: ActivityThread,attachApplication
03-26 09:54:07.415  1265  2726 I chatty  : uid=1000(system) Binder:1265_13 expire 7 lines
03-26 09:54:07.415  3911  3911 E SchedPolicy: open of dev/cpuctl/limit_fg/tasks failed: Permission denied
03-26 09:54:07.415  3911  3911 E SchedPolicy: open of dev/cpuctl/bg_non_interactive/limit_bg/tasks failed: Permission denied
03-26 09:54:07.423  3911  3911 D ActivityThread: ActivityThread,attachApplication
03-26 09:54:08.011  3317  3961 E ActivityThread: Failed to find provider info for service_oversea_rom
03-26 09:54:08.025  3964  3964 E SchedPolicy: open of dev/cpuctl/limit_fg/tasks failed: Permission denied
03-26 09:54:08.025  3964  3964 E SchedPolicy: open of dev/cpuctl/bg_non_interactive/limit_bg/tasks failed: Permission denied
03-26 09:54:08.035  3964  3964 D ActivityThread: ActivityThread,attachApplication
03-26 09:54:08.117  1265  1921 I chatty  : uid=1000(system) MultiTaskManage expire 2 lines
03-26 09:54:08.137  3978  3978 E SchedPolicy: open of dev/cpuctl/limit_fg/tasks failed: Permission denied
03-26 09:54:08.137  3978  3978 E SchedPolicy: open of dev/cpuctl/bg_non_interactive/limit_bg/tasks failed: Permission denied
03-26 09:54:08.145  3978  3978 D ActivityThread: ActivityThread,attachApplication
03-26 09:54:08.261  4001  4001 E SchedPolicy: open of dev/cpuctl/limit_fg/tasks failed: Permission denied
03-26 09:54:08.261  4001  4001 E SchedPolicy: open of dev/cpuctl/bg_non_interactive/limit_bg/tasks failed: Permission denied
03-26 09:54:08.267  4001  4001 D ActivityThread: ActivityThread,attachApplication
03-26 09:54:08.268  1265  2323 I chatty  : uid=1000(system) Binder:1265_C expire 3 lines
03-26 09:54:09.016  4037  4037 E SchedPolicy: open of dev/cpuctl/limit_fg/tasks failed: Permission denied
03-26 09:54:09.016  4037  4037 E SchedPolicy: open of dev/cpuctl/bg_non_interactive/limit_bg/tasks failed: Permission denied
03-26 09:54:09.026  4037  4037 D ActivityThread: ActivityThread,attachApplication
03-26 09:54:09.130  4055  4055 E SchedPolicy: open of dev/cpuctl/limit_fg/tasks failed: Permission denied
03-26 09:54:09.131  4055  4055 E SchedPolicy: open of dev/cpuctl/bg_non_interactive/limit_bg/tasks failed: Permission denied
03-26 09:54:09.145  4055  4055 D ActivityThread: ActivityThread,attachApplication
03-26 09:54:09.155  1265  1398 I chatty  : uid=1000(system) sManagerService expire 3 lines
03-26 09:54:09.256  4078  4078 E SchedPolicy: open of dev/cpuctl/limit_fg/tasks failed: Permission denied
03-26 09:54:09.256  4078  4078 E SchedPolicy: open of dev/cpuctl/bg_non_interactive/limit_bg/tasks failed: Permission denied
03-26 09:54:09.276  4078  4078 D ActivityThread: ActivityThread,attachApplication
03-26 09:54:09.322  1265  3892 I chatty  : uid=1000 system_server expire 20 lines
03-26 09:54:09.437  1905  1905 W ContextImpl: Calling a method in the system process without a qualified user: android.app.ContextImpl.startService:1531 android.content.ContextWrapper.startService:613 android.content.ContextWrapper.startService:613 com.android.settings.applications.BlackListReceiver.onReceive:27 android.app.ActivityThread.handleReceiver:3177 
03-26 09:54:09.510  4106  4106 E SchedPolicy: open of dev/cpuctl/limit_fg/tasks failed: Permission denied
03-26 09:54:09.510  4106  4106 E SchedPolicy: open of dev/cpuctl/bg_non_interactive/limit_bg/tasks failed: Permission denied
03-26 09:54:09.519  4106  4106 D ActivityThread: ActivityThread,attachApplication
03-26 09:54:09.558  4126  4126 E SchedPolicy: open of dev/cpuctl/limit_fg/tasks failed: Permission denied
03-26 09:54:09.558  4126  4126 E SchedPolicy: open of dev/cpuctl/bg_non_interactive/limit_bg/tasks failed: Permission denied
03-26 09:54:09.567  4126  4126 D ActivityThread: ActivityThread,attachApplication
03-26 09:54:09.583  4139  4139 D ActivityThread: ActivityThread,attachApplication
03-26 09:54:09.622  4156  4156 E SchedPolicy: open of dev/cpuctl/limit_fg/tasks failed: Permission denied
03-26 09:54:09.622  4156  4156 E SchedPolicy: open of dev/cpuctl/bg_non_interactive/limit_bg/tasks failed: Permission denied
03-26 09:54:09.651  4156  4156 D ActivityThread: ActivityThread,attachApplication
03-26 09:54:09.702  4139  4139 I         : RegisterNatives OK!
03-26 09:54:09.974  1265  2724 I chatty  : uid=1000(system) Binder:1265_11 expire 8 lines
03-26 09:54:09.979  1265  1281 I chatty  : uid=1000(system) Binder:1265_2 expire 11 lines
03-26 09:54:09.982  1265  2320 I chatty  : uid=1000(system) Binder:1265_9 expire 6 lines
03-26 09:54:10.036  1265  2598 I chatty  : uid=1000(system) Binder:1265_D expire 5 lines
03-26 09:54:10.036  1265  2600 I chatty  : uid=1000(system) Binder:1265_E expire 7 lines
03-26 09:54:10.036  1265  2601 I chatty  : uid=1000(system) Binder:1265_F expire 2 lines
03-26 09:54:10.036  1265  1977 I chatty  : uid=1000(system) Binder:1265_6 expire 8 lines
03-26 09:54:10.036  1265  1438 I chatty  : uid=1000(system) ConnectivitySer expire 17 lines
03-26 09:54:10.036  1265  2725 I chatty  : uid=1000(system) Binder:1265_12 expire 7 lines
03-26 09:54:10.084  1265  1409 I chatty  : uid=1000(system) Binder:1265_3 expire 10 lines
03-26 09:54:10.094  1265  2766 I chatty  : uid=1000(system) Binder:1265_17 expire 11 lines
03-26 09:54:10.107  4179  4179 E SchedPolicy: open of dev/cpuctl/limit_fg/tasks failed: Permission denied
03-26 09:54:10.107  4179  4179 E SchedPolicy: open of dev/cpuctl/bg_non_interactive/limit_bg/tasks failed: Permission denied
03-26 09:54:10.116  4179  4179 D ActivityThread: ActivityThread,attachApplication
03-26 09:54:10.117  1265  2200 I chatty  : uid=1000(system) Binder:1265_8 expire 8 lines
03-26 09:54:10.145  1265  2322 I chatty  : uid=1000(system) Binder:1265_B expire 4 lines
03-26 09:54:10.205  4179  4179 E ActivityThread: Failed to find provider info for com.google.settings
03-26 09:54:10.329  1265  1632 I chatty  : uid=1000(system) Binder:1265_4 expire 8 lines
03-26 09:54:10.403  1265  1280 I chatty  : uid=1000(system) Binder:1265_1 expire 7 lines
03-26 09:54:10.405  4201  4201 E SchedPolicy: open of dev/cpuctl/limit_fg/tasks failed: Permission denied
03-26 09:54:10.405  4201  4201 E SchedPolicy: open of dev/cpuctl/bg_non_interactive/limit_bg/tasks failed: Permission denied
03-26 09:54:10.420  4201  4201 D ActivityThread: ActivityThread,attachApplication
03-26 09:54:10.421  1265  2726 I chatty  : uid=1000(system) Binder:1265_13 expire 7 lines
03-26 09:54:10.427  1265  1398 I chatty  : uid=1000(system) sManagerService expire 18 lines
03-26 09:54:10.517  1265  2723 I chatty  : uid=1000(system) Binder:1265_10 expire 9 lines
03-26 09:54:10.729  4232  4232 E SchedPolicy: open of dev/cpuctl/limit_fg/tasks failed: Permission denied
03-26 09:54:10.729  4232  4232 E SchedPolicy: open of dev/cpuctl/bg_non_interactive/limit_bg/tasks failed: Permission denied
03-26 09:54:10.748  4232  4232 D ActivityThread: ActivityThread,attachApplication
03-26 09:54:10.749  1265  2767 I chatty  : uid=1000(system) Binder:1265_18 expire 4 lines
03-26 09:54:10.771  1265  2728 I chatty  : uid=1000(system) Binder:1265_15 expire 5 lines
03-26 09:54:10.889  1265  2321 I chatty  : uid=1000(system) Binder:1265_A expire 7 lines
03-26 09:54:11.263  1265  1968 I chatty  : uid=1000(system) Binder:1265_5 expire 6 lines
03-26 09:54:11.331  4280  4280 E SchedPolicy: open of dev/cpuctl/limit_fg/tasks failed: Permission denied
03-26 09:54:11.331  4280  4280 E SchedPolicy: open of dev/cpuctl/bg_non_interactive/limit_bg/tasks failed: Permission denied
03-26 09:54:11.340  4280  4280 D ActivityThread: ActivityThread,attachApplication
03-26 09:54:11.466  4299  4299 E SchedPolicy: open of dev/cpuctl/limit_fg/tasks failed: Permission denied
03-26 09:54:11.466  4299  4299 E SchedPolicy: open of dev/cpuctl/bg_non_interactive/limit_bg/tasks failed: Permission denied
03-26 09:54:11.477  4299  4299 D ActivityThread: ActivityThread,attachApplication
03-26 09:54:11.491  4312  4312 E SchedPolicy: open of dev/cpuctl/limit_fg/tasks failed: Permission denied
03-26 09:54:11.491  4312  4312 E SchedPolicy: open of dev/cpuctl/bg_non_interactive/limit_bg/tasks failed: Permission denied
03-26 09:54:11.493  1265  1283 I chatty  : uid=1000(system) ActivityManager expire 4 lines
03-26 09:54:11.502  4312  4312 D ActivityThread: ActivityThread,attachApplication
03-26 09:54:11.692  1265  1265 I chatty  : uid=1000 system_server expire 18 lines
03-26 09:54:11.705  1265  1413 I chatty  : uid=1000(system) WifiP2pService expire 10 lines
03-26 09:54:11.767  4336  4336 E SchedPolicy: open of dev/cpuctl/limit_fg/tasks failed: Permission denied
03-26 09:54:11.767  4336  4336 E SchedPolicy: open of dev/cpuctl/bg_non_interactive/limit_bg/tasks failed: Permission denied
03-26 09:54:11.777  4336  4336 D ActivityThread: ActivityThread,attachApplication
03-26 09:54:11.786  1265  2729 I chatty  : uid=1000(system) Binder:1265_16 expire 9 lines
03-26 09:54:11.937  1265  1410 I chatty  : uid=1000(system) NetdConnector expire 4 lines
03-26 09:54:11.939  1265  1291 I chatty  : uid=1000(system) android.fg expire 2 lines
03-26 09:54:12.028  4356  4356 D ActivityThread: ActivityThread,attachApplication
03-26 09:54:12.217  4356  4356 W ContextImpl: Calling a method in the system process without a qualified user: android.app.ContextImpl.startService:1531 android.content.ContextWrapper.startService:613 android.content.ContextWrapper.startService:613 com.huawei.android.UEInfoCheck.UEInfoCheckReceiver.onReceive:29 android.app.ActivityThread.handleReceiver:3177 
03-26 09:54:12.440  1265  2727 I chatty  : uid=1000(system) Binder:1265_14 expire 5 lines
03-26 09:54:12.573  4393  4393 E SchedPolicy: open of dev/cpuctl/limit_fg/tasks failed: Permission denied
03-26 09:54:12.573  4393  4393 E SchedPolicy: open of dev/cpuctl/bg_non_interactive/limit_bg/tasks failed: Permission denied
03-26 09:54:12.596  4393  4393 D ActivityThread: ActivityThread,attachApplication
03-26 09:54:12.718  1265  1979 I chatty  : uid=1000(system) Binder:1265_7 expire 4 lines
03-26 09:54:12.840  4413  4413 E SchedPolicy: open of dev/cpuctl/limit_fg/tasks failed: Permission denied
03-26 09:54:12.840  4413  4413 E SchedPolicy: open of dev/cpuctl/bg_non_interactive/limit_bg/tasks failed: Permission denied
03-26 09:54:12.857  4413  4413 D ActivityThread: ActivityThread,attachApplication
03-26 09:54:13.334  4446  4446 E SchedPolicy: open of dev/cpuctl/limit_fg/tasks failed: Permission denied
03-26 09:54:13.334  4446  4446 E SchedPolicy: open of dev/cpuctl/bg_non_interactive/limit_bg/tasks failed: Permission denied
03-26 09:54:13.347  4446  4446 D ActivityThread: ActivityThread,attachApplication
03-26 09:54:14.040  4473  4473 E SchedPolicy: open of dev/cpuctl/limit_fg/tasks failed: Permission denied
03-26 09:54:14.040  4473  4473 E SchedPolicy: open of dev/cpuctl/bg_non_interactive/limit_bg/tasks failed: Permission denied
03-26 09:54:14.048  4473  4473 D ActivityThread: ActivityThread,attachApplication
03-26 09:54:14.538  4491  4491 E SchedPolicy: open of dev/cpuctl/limit_fg/tasks failed: Permission denied
03-26 09:54:14.538  4491  4491 E SchedPolicy: open of dev/cpuctl/bg_non_interactive/limit_bg/tasks failed: Permission denied
03-26 09:54:14.549  4491  4491 D ActivityThread: ActivityThread,attachApplication
03-26 09:54:14.652  1265  2323 I chatty  : uid=1000(system) Binder:1265_C expire 5 lines
03-26 09:54:14.892  2437  2437 W ContextImpl: Calling a method in the system process without a qualified user: android.app.ContextImpl.startService:1531 android.content.ContextWrapper.startService:613 android.content.ContextWrapper.startService:613 com.huawei.lcagent.service.LogBroadcastReceiver.onReceive:176 android.app.ActivityThread.handleReceiver:3177 
03-26 09:54:14.945  4535  4535 E SchedPolicy: open of dev/cpuctl/limit_fg/tasks failed: Permission denied
03-26 09:54:14.945  4535  4535 E SchedPolicy: open of dev/cpuctl/bg_non_interactive/limit_bg/tasks failed: Permission denied
03-26 09:54:14.953  4535  4535 D ActivityThread: ActivityThread,attachApplication
03-26 09:54:14.958  1265  1285 I chatty  : uid=1000(system) ActivityManager expire 1 line
03-26 09:54:15.451  4562  4562 D ActivityThread: ActivityThread,attachApplication
03-26 09:54:15.585  4579  4579 D ActivityThread: ActivityThread,attachApplication
03-26 09:54:15.738  4595  4595 E SchedPolicy: open of dev/cpuctl/limit_fg/tasks failed: Permission denied
03-26 09:54:15.738  4595  4595 E SchedPolicy: open of dev/cpuctl/bg_non_interactive/limit_bg/tasks failed: Permission denied
