03-26 13:56:14.530  1265  1285 I libprocessgroup: Killing pid 28477 in uid 10404 as part of process group 7905
03-26 13:56:14.533  1265  2601 W ActivityManager: Force removing ActivityRecord{56ba8e6 u0 cn.dcpai.auction/.shop.goods.ui.GoodsListActivity t840}: app died, no saved state
03-26 13:56:14.544  1265  2601 I WindowManager: Destroying surface Surface(name=cn.dcpai.auction/cn.dcpai.auction.shop.goods.ui.GoodsListActivity) called by com.android.server.wm.WindowStateAnimator.destroySurface:2056 com.android.server.wm.WindowStateAnimator.destroySurfaceLocked:908 com.android.server.wm.WindowState.removeLocked:1534 com.android.server.wm.WindowManagerService.removeWindowInnerLocked:2772 com.android.server.wm.WindowManagerService.removeWindowInnerLocked:2735 com.android.server.wm.WindowManagerService.removeWindowLocked:2724 com.android.server.wm.WindowManagerService.removeWindowLocked:2593 com.android.server.wm.AppWindowToken.removeAllWindows:534 
03-26 13:56:14.565  1265  2601 I ActivityManager: Start proc 29044:cn.dcpai.auction/u0a404 for activity cn.dcpai.auction/.activity.MyStoreActivity
03-26 13:56:14.565 29044 29044 E SchedPolicy: open of dev/cpuctl/limit_fg/tasks failed: Permission denied
03-26 13:56:14.565 29044 29044 E SchedPolicy: open of dev/cpuctl/bg_non_interactive/limit_bg/tasks failed: Permission denied
03-26 13:56:14.566  1265  2601 I ActivityManager: Killing 7963:cn.dcpai.auction:pushcore/u0a404 (adj 100): stop cn.dcpai.auctionfrom pid 29034by app
03-26 13:56:14.566  1265  2601 D ActivityManager: cleanUpApplicationRecord -- 7963
03-26 13:56:14.567  1265  2601 W ActivityManager: Scheduling restart of crashed service cn.dcpai.auction/cn.jpush.android.service.PushService in 20952ms
03-26 13:56:14.573  1265  2601 I ActivityManager:   Force finishing activity ActivityRecord{8971d42 u0 cn.dcpai.auction/.MainActivity t840}
03-26 13:56:14.575  1265  2601 I ActivityManager:   Force finishing activity ActivityRecord{c598fc2 u0 cn.dcpai.auction/.activity.MyStoreActivity t840}
03-26 13:56:14.577 29044 29044 D ActivityThread: ActivityThread,attachApplication
03-26 13:56:14.582  1265  2601 V HwWindowManagerService: moveTaskToTop mTaskChanged:true
03-26 13:56:14.582  1265  2601 V HwWindowManagerService: setFocusedApp update app ops, mTaskChanged set to:false
03-26 13:56:14.583  1265  2601 I ActivityManager:   Force finishing activity ActivityRecord{8971d42 u0 cn.dcpai.auction/.MainActivity t840 f}
03-26 13:56:14.583  1265  2601 W ActivityManager: Duplicate finish request for ActivityRecord{8971d42 u0 cn.dcpai.auction/.MainActivity t840 f}
03-26 13:56:14.583  1265  2601 I ActivityManager:   Force finishing activity ActivityRecord{c598fc2 u0 cn.dcpai.auction/.activity.MyStoreActivity t840 f}
03-26 13:56:14.583  1265  2601 W ActivityManager: Duplicate finish request for ActivityRecord{c598fc2 u0 cn.dcpai.auction/.activity.MyStoreActivity t840 f}
03-26 13:56:14.583  1265  2601 I ActivityManager:   Force stopping service ServiceRecord{1d481c7 u0 euid: 0 cn.dcpai.auction/com.hyphenate.chat.EMChatService}
03-26 13:56:14.583  1265  2601 I ActivityManager:   Force stopping service ServiceRecord{f8ce191 u0 euid: 0 cn.dcpai.auction/cn.jpush.android.service.PushService}
03-26 13:56:14.583  1265  2601 I ActivityManager:   Force stopping service ServiceRecord{40f3d93 u0 euid: 0 cn.dcpai.auction/com.hyphenate.chat.EMJobService}
03-26 13:56:14.583  1265  2601 D HwBroadcastQueue: cleanupDisabledPackageReceiversLocked for userId 0
03-26 13:56:14.583  1265  2601 D HwBroadcastQueue: cleanupDisabledPackageReceiversLocked for userId 0
03-26 13:56:14.583  1265  2601 D HwBroadcastQueue: cleanupDisabledPackageReceiversLocked for userId 0
03-26 13:56:14.583  1265  2601 D HwBroadcastQueue: cleanupDisabledPackageReceiversLocked for userId 0
03-26 13:56:14.583  1265  2601 D HwBroadcastQueue: cleanupDisabledPackageReceiversLocked for userId 0
03-26 13:56:14.583  1265  2601 D HwBroadcastQueue: cleanupDisabledPackageReceiversLocked for userId 0
03-26 13:56:14.598  1265  1281 D ActivityManager: ActivityManagerService,attachApplication,callingPid = 29044
03-26 13:56:14.600  1265  1398 E ProcessInfoCollector: getProcessInfo: failed to find this proc 
03-26 13:56:14.601  1265  1281 I ActivityManager: Killing 8157:com.huawei.cryptosms.service/1000 (adj 906): empty #25
03-26 13:56:14.611  1265  1265 I HwCoreAppHelperService: LocalReceiver receives:android.intent.action.PACKAGE_RESTARTED,pkg:cn.dcpai.auction,uid:10404
03-26 13:56:14.611  1265  2729 I HwNetworkPolicy: onTransact, code = 203
03-26 13:56:14.611  2076  2194 I HwNetworkPolicyManager: getHwUidPolicy uid = 10051 policy = 0
03-26 13:56:14.614  1265  2600 I HwNetworkPolicy: onTransact, code = 203
03-26 13:56:14.614  4786  4916 I HwNetworkPolicyManager: getHwUidPolicy uid = 10051 policy = 0
03-26 13:56:14.630  1265  2321 V HwPhoneWindowManager: updateSystemUiColorLw window=Window{5876cba u0 com.huawei.android.launcher/com.huawei.android.launcher.unihome.UniHomeLauncher},EmuiStyle=-1,StatusBarColor=0xfffcfcfc,NavigationBarColor=0x0, mLastIsEmuiLightStyle=-1
03-26 13:56:14.630  1675  1991 I CommandQueue: updateBarBgColor
03-26 13:56:14.630  1675  1991 D CommandQueue: CommandQueue, setBarBackgroundColor
03-26 13:56:14.650  1265  2723 I WindowManager: WIN DEATH: Window{f3317c5 u0 cn.dcpai.auction/cn.dcpai.auction.activity.MyStoreActivity}
03-26 13:56:14.651  1265  2766 I WindowManager: WIN DEATH: Window{e5755a7 u0 cn.dcpai.auction/cn.dcpai.auction.MainActivity}
03-26 13:56:14.651  1265  2601 D ActivityManager: cleanUpApplicationRecord -- 8157
03-26 13:56:14.687  1265  2728 W ActivityManager: getRunningAppProcesses: caller 10404 does not hold REAL_GET_TASKS; limiting output
03-26 13:56:14.689  1265  1293 W WindowManager: On display=0 Rebuild removed 4 windows but added 2 rebuildAppWindowListLocked()  callers=com.android.server.wm.WindowManagerService.rebuildAppWindowListLocked:9746 com.android.server.wm.WindowSurfacePlacer.handleAppTransitionReadyLocked:1226 com.android.server.wm.WindowSurfacePlacer.performSurfacePlacementInner:388 com.android.server.wm.WindowSurfacePlacer.performSurfacePlacementLoop:288 com.android.server.wm.WindowSurfacePlacer.performSurfacePlacement:230 com.android.server.wm.WindowManagerService$H.handleMessage:8673 android.os.Handler.dispatchMessage:105 android.os.Looper.loop:156 android.os.HandlerThread.run:61 com.android.server.ServiceThread.run:46 
03-26 13:56:14.689  1265  1293 W WindowManager: This window was lost: Window{e5755a7 u0 cn.dcpai.auction/cn.dcpai.auction.MainActivity}
03-26 13:56:14.690  1265  1293 W WindowManager: mDisplayId=-1 stackId=1 mSession=Session{97ba35c 7905:u0a10404} mClient=android.os.BinderProxy@83bbe66
03-26 13:56:14.690  1265  1293 W WindowManager: mOwnerUid=10404 mShowToOwnerOnly=true package=cn.dcpai.auction appop=NONE
03-26 13:56:14.690  1265  1293 W WindowManager: mAttrs=WM.LayoutParams{(0,0)(fillxfill) sim=#20 ty=1 fl=#81810100 hwFlags=#0 isEmuiStyle=0 statusBarColor=#0 navigationBarColor=#ff000000 pfl=0x20000 wanim=0x1030464 vsysui=0x700 needsMenuKey=2}
03-26 13:56:14.690  1265  1293 W WindowManager: Requested w=1080 h=1920 mLayoutSeq=1268
03-26 13:56:14.690  1265  1293 W WindowManager: mBaseLayer=21000 mSubLayer=0 mAnimLayer=21005+0=21005 mLastLayer=21015
03-26 13:56:14.690  1265  1293 W WindowManager: mToken=AppWindowToken{934ca90 token=Token{64dc153 ActivityRecord{8971d42 u0 cn.dcpai.auction/.MainActivity t840}}}
03-26 13:56:14.690  1265  1293 W WindowManager: mRootToken=AppWindowToken{934ca90 token=Token{64dc153 ActivityRecord{8971d42 u0 cn.dcpai.auction/.MainActivity t840}}}
03-26 13:56:14.690  1265  1293 W WindowManager: mAppToken=AppWindowToken{934ca90 token=Token{64dc153 ActivityRecord{8971d42 u0 cn.dcpai.auction/.MainActivity t840}}}
03-26 13:56:14.690  1265  1293 W WindowManager:  isAnimatingWithSavedSurface()=false mAppDied=false
03-26 13:56:14.690  1265  1293 W WindowManager: mViewVisibility=0x8 mHaveFrame=true mObscured=false
03-26 13:56:14.690  1265  1293 W WindowManager: mSeq=0 mSystemUiVisibility=0x700
03-26 13:56:14.690  1265  1293 W WindowManager: mGivenContentInsets=[0,0][0,0] mGivenVisibleInsets=[0,0][0,0]
03-26 13:56:14.690  1265  1293 W WindowManager: mMergedConfiguration={1.0 ?mcc?mnc [zh_CN] ldltr sw360dp w360dp h580dp 480dpi nrml long port finger -keyb/v/h -nav/h suim:1 s.5}
03-26 13:56:14.690  1265  1293 W WindowManager: mHasSurface=false mShownPosition=[0,0] isReadyForDisplay()=false hasSavedSurface()=false mWindowRemovalAllowed=true
03-26 13:56:14.690  1265  1293 W WindowManager: mFrame=[0,0][1080,1920] last=[0,0][1080,1920]
03-26 13:56:14.690  1265  1293 W WindowManager: Frames: containing=[0,0][1080,1920] parent=[0,0][1080,1920]
03-26 13:56:14.690  1265  1293 W WindowManager:     display=[0,0][1080,1920] overscan=[0,0][1080,1920]
03-26 13:56:14.690  1265  1293 W WindowManager:     content=[0,72][1080,1812] visible=[0,72][1080,1812]
03-26 13:56:14.690  1265  1293 W WindowManager:     decor=[0,0][1080,1920]
03-26 13:56:14.690  1265  1293 W WindowManager:     outset=[0,0][0,0]
03-26 13:56:14.690  1265  1293 W WindowManager: Cur insets: overscan=[0,0][0,0] content=[0,72][0,108] visible=[0,72][0,108] stable=[0,72][0,108] surface=[0,0][0,0] outsets=[0,0][0,0]
03-26 13:56:14.690  1265  1293 W WindowManager: Lst insets: overscan=[0,0][0,0] content=[0,72][0,108] visible=[0,72][0,108] stable=[0,72][0,108] physical=[0,0][0,0] outset=[0,0][0,0]
03-26 13:56:14.690  1265  1293 W WindowManager: WindowStateAnimator{6e59fe7 cn.dcpai.auction/cn.dcpai.auction.MainActivity}:
03-26 13:56:14.690  1265  1293 W WindowManager:   mDrawState=NO_SURFACE   mLastHidden=true
03-26 13:56:14.690  1265  1293 W WindowManager:   mSystemDecorRect=[0,0][1080,1920] last=[0,0][0,0] mHasClipRect=false mLastClipRect=[0,0][1080,1920]
03-26 13:56:14.690  1265  1293 W WindowManager:   mShownAlpha=1.0 mAlpha=1.0 mLastAlpha=0.5
03-26 13:56:14.690  1265  1293 W WindowManager:   mGlobalScale=1.0 mDsDx=1.0 mDtDx=0.0 mDsDy=0.0 mDtDy=1.0
03-26 13:56:14.690  1265  1293 W WindowManager: mAnimatingExit=false mRemoveOnExit=false mDestroying=false mRemoved=true
03-26 13:56:14.690  1265  1293 W WindowManager: This window was lost: Window{f3317c5 u0 cn.dcpai.auction/cn.dcpai.auction.activity.MyStoreActivity}
03-26 13:56:14.690  1265  1293 W WindowManager: mDisplayId=-1 stackId=1 mSession=Session{97ba35c 7905:u0a10404} mClient=android.os.BinderProxy@5cede3c
03-26 13:56:14.690  1265  1293 W WindowManager: mOwnerUid=10404 mShowToOwnerOnly=true package=cn.dcpai.auction appop=NONE
03-26 13:56:14.690  1265  1293 W WindowManager: mAttrs=WM.LayoutParams{(0,0)(fillxfill) sim=#20 ty=1 fl=#81810100 hwFlags=#0 isEmuiStyle=0 statusBarColor=#0 navigationBarColor=#ff000000 pfl=0x20000 wanim=0x1030464 vsysui=0x700 needsMenuKey=2}
03-26 13:56:14.690  1265  1293 W WindowManager: Requested w=1080 h=1740 mLayoutSeq=1276
03-26 13:56:14.690  1265  1293 W WindowManager: mBaseLayer=21000 mSubLayer=0 mAnimLayer=21010+0=21010 mLastLayer=21020
03-26 13:56:14.690  1265  1293 W WindowManager: mToken=AppWindowToken{1d6c110 token=Token{dfb81d3 ActivityRecord{c598fc2 u0 cn.dcpai.auction/.activity.MyStoreActivity t840}}}
03-26 13:56:14.690  1265  1293 W WindowManager: mRootToken=AppWindowToken{1d6c110 token=Token{dfb81d3 ActivityRecord{c598fc2 u0 cn.dcpai.auction/.activity.MyStoreActivity t840}}}
03-26 13:56:14.690  1265  1293 W WindowManager: mAppToken=AppWindowToken{1d6c110 token=Token{dfb81d3 ActivityRecord{c598fc2 u0 cn.dcpai.auction/.activity.MyStoreActivity t840}}}
03-26 13:56:14.690  1265  1293 W WindowManager:  isAnimatingWithSavedSurface()=false mAppDied=false
03-26 13:56:14.690  1265  1293 W WindowManager: mViewVisibility=0x8 mHaveFrame=true mObscured=false
03-26 13:56:14.690  1265  1293 W WindowManager: mSeq=0 mSystemUiVisibility=0x700
03-26 13:56:14.690  1265  1293 W WindowManager: mGivenContentInsets=[0,0][0,0] mGivenVisibleInsets=[0,0][0,0]
03-26 13:56:14.690  1265  1293 W WindowManager: mMergedConfiguration={1.0 ?mcc?mnc [zh_CN] ldltr sw360dp w360dp h580dp 480dpi nrml long port finger -keyb/v/h -nav/h suim:1 s.5}
03-26 13:56:14.690  1265  1293 W WindowManager: mHasSurface=false mShownPosition=[0,0] isReadyForDisplay()=false hasSavedSurface()=false mWindowRemovalAllowed=true
03-26 13:56:14.690  1265  1293 W WindowManager: mFrame=[0,0][1080,1920] last=[0,0][1080,1920]
03-26 13:56:14.690  1265  1293 W WindowManager: Frames: containing=[0,0][1080,1920] parent=[0,0][1080,1920]
03-26 13:56:14.690  1265  1293 W WindowManager:     display=[0,0][1080,1920] overscan=[0,0][1080,1920]
03-26 13:56:14.690  1265  1293 W WindowManager:     content=[0,72][1080,1812] visible=[0,72][1080,1812]
03-26 13:56:14.690  1265  1293 W WindowManager:     decor=[0,0][1080,1920]
03-26 13:56:14.690  1265  1293 W WindowManager:     outset=[0,0][0,0]
03-26 13:56:14.690  1265  1293 W WindowManager: Cur insets: overscan=[0,0][0,0] content=[0,72][0,108] visible=[0,72][0,108] stable=[0,72][0,108] surface=[0,0][0,0] outsets=[0,0][0,0]
03-26 13:56:14.690  1265  1293 W WindowManager: Lst insets: overscan=[0,0][0,0] content=[0,72][0,108] visible=[0,72][0,108] stable=[0,72][0,108] physical=[0,0][0,0] outset=[0,0][0,0]
03-26 13:56:14.690  1265  1293 W WindowManager: WindowStateAnimator{a27a794 cn.dcpai.auction/cn.dcpai.auction.activity.MyStoreActivity}:
03-26 13:56:14.690  1265  1293 W WindowManager:   mDrawState=NO_SURFACE   mLastHidden=true
03-26 13:56:14.690  1265  1293 W WindowManager:   mSystemDecorRect=[0,0][1080,1920] last=[0,0][0,0] mHasClipRect=false mLastClipRect=[0,0][1080,1920]
03-26 13:56:14.690  1265  1293 W WindowManager:   mShownAlpha=1.0 mAlpha=1.0 mLastAlpha=0.5
03-26 13:56:14.690  1265  1293 W WindowManager:   mGlobalScale=1.0 mDsDx=1.0 mDtDx=0.0 mDsDy=0.0 mDtDy=1.0
03-26 13:56:14.690  1265  1293 W WindowManager: mAnimatingExit=false mRemoveOnExit=false mDestroying=false mRemoved=true
03-26 13:56:14.690  1265  1293 W WindowManager: Current app token list:
03-26 13:56:14.690  1265  1293 V WindowManager:   Stack #0 tasks from bottom to top:
03-26 13:56:14.690  1265  1293 V WindowManager:     Task #843 activities from bottom to top:
03-26 13:56:14.690  1265  1293 V WindowManager:       activity #0: Token{105624e ActivityRecord{3330949 u0 com.android.systemui/.recents.RecentsActivity t843}}
03-26 13:56:14.690  1265  1293 V WindowManager:     Task #839 activities from bottom to top:
03-26 13:56:14.690  1265  1293 V WindowManager:       activity #0: Token{e07f242 ActivityRecord{eaed08d u0 com.huawei.android.launcher/.unihome.UniHomeLauncher t839}}
03-26 13:56:14.690  1265  1293 W WindowManager: Final window list:
03-26 13:56:14.690  1265  1293 V WindowManager:  Display #0
03-26 13:56:14.690  1265  1293 V WindowManager:   #9: Window{c91eefb u0 SearchPanel}
03-26 13:56:14.690  1265  1293 V WindowManager:   #8: Window{6131fb6 u0 NavigationBar}
03-26 13:56:14.690  1265  1293 V WindowManager:   #7: Window{409293d u0 com.android.systemui}
03-26 13:56:14.690  1265  1293 V WindowManager:   #6: Window{eb861cf u0 StatusBar}
03-26 13:56:14.690  1265  1293 V WindowManager:   #5: Window{a11894c u0 KeyguardScrim}
03-26 13:56:14.690  1265  1293 V WindowManager:   #4: Window{c94b8fa u0 DockedStackDivider}
03-26 13:56:14.690  1265  1293 V WindowManager:   #3: Window{b0c9d8 u0 com.android.systemui}
03-26 13:56:14.690  1265  1293 V WindowManager:   #2: Window{5876cba u0 com.huawei.android.launcher/com.huawei.android.launcher.unihome.UniHomeLauncher}
03-26 13:56:14.690  1265  1293 V WindowManager:   #1: Window{3ad35b2 u0 com.android.systemui/com.android.systemui.recents.RecentsActivity}
03-26 13:56:14.690  1265  1293 V WindowManager:   #0: Window{530c247 u0 com.android.systemui.HwImageWallpaper}
03-26 13:56:14.722  1265  2601 W ActivityManager: Unable to start service Intent { cmp=com.huawei.android.totemweather/com.amap.api.location.APSService (has extras) } U=0: not found
03-26 13:56:14.729  1265  2727 W ActivityManager: getRunningAppProcesses: caller 10404 does not hold REAL_GET_TASKS; limiting output
03-26 13:56:14.784  1265  2320 W ActivityManager: getRunningAppProcesses: caller 10025 does not hold REAL_GET_TASKS; limiting output
03-26 13:56:14.829  1265  2320 I ActivityManager: Start proc 29102:com.android.mms/u0a31 for start application com.android.mms
03-26 13:56:14.830 29102 29102 E SchedPolicy: open of dev/cpuctl/limit_fg/tasks failed: Permission denied
03-26 13:56:14.830 29102 29102 E SchedPolicy: open of dev/cpuctl/bg_non_interactive/limit_bg/tasks failed: Permission denied
03-26 13:56:14.838 29102 29102 D ActivityThread: ActivityThread,attachApplication
03-26 13:56:14.839  1265  1968 D ActivityManager: ActivityManagerService,attachApplication,callingPid = 29102
03-26 13:56:14.845  1265  1398 E ProcessInfoCollector: getProcessInfo: failed to find this proc 
03-26 13:56:14.847  1265  1968 I ActivityManager: Killing 8343:com.huawei.android.dsdscardmanager/1001 (adj 906): empty #25
03-26 13:56:14.853  1265  1979 I ActivityManager: START u0 {flg=0x10000000 cmp=cn.dcpai.auction/.SplashActivity} from uid 2000 on display 0
03-26 13:56:14.855  1265  1979 I ActivityManager: ActivityRecord info: ActivityInfo{c5088ea cn.dcpai.auction.SplashActivity}, euid: 0
03-26 13:56:14.856  1265  1979 V HwWindowManagerService: moveTaskToTop mTaskChanged:true
03-26 13:56:14.857  1265  1979 V HwWindowManagerService: moveTaskToTop mTaskChanged:true
03-26 13:56:14.859  1265  1979 V HwWindowManagerService: setFocusedApp update app ops, mTaskChanged set to:false
03-26 13:56:14.863  1265  1977 D ActivityManager: cleanUpApplicationRecord -- 8343
03-26 13:56:14.891  1265  2320 I HwNetworkPolicy: onTransact, code = 203
03-26 13:56:14.891  2076  2194 I HwNetworkPolicyManager: getHwUidPolicy uid = 10404 policy = 0
03-26 13:56:14.894  1265  1968 I HwNetworkPolicy: onTransact, code = 203
03-26 13:56:14.894  4786  4916 I HwNetworkPolicyManager: getHwUidPolicy uid = 10404 policy = 0
03-26 13:56:14.990  1265  2725 D ActivityManager: Skipping, home stack task: TaskRecord{cc65d24 #839 A=com.huawei.android.launcher U=0 StackId=0 sz=1}
03-26 13:56:14.990  1265  2725 D ActivityManager: Skipping, withExcluded: false, tr.intent:Intent { act=android.intent.action.MAIN cat=[android.intent.category.LAUNCHER] flg=0x10a00000 cmp=io.appium.settings/.Settings }
03-26 13:56:14.990  1265  2725 D ActivityManager: Skipping, withExcluded: false, tr.intent:Intent { act=android.deviceinfo.chooser.action.LAUNCH flg=0x10800000 pkg=com.android.settings cmp=com.android.settings/.deviceinfo.UsbConnModeChooserActivity }
03-26 13:56:14.990  1265  2725 D ActivityManager: Skipping, withExcluded: false, tr.intent:Intent { flg=0x10804000 cmp=com.android.systemui/.recents.RecentsActivity bnds=[48,1287][1032,2547] }
03-26 13:56:14.990  1265  2725 D ActivityManager: Skipping, withExcluded: false, tr.intent:Intent { act=android.intent.action.MAIN cat=[android.intent.category.HOME] flg=0x10800300 cmp=com.android.settings/.FallbackHome }
03-26 13:56:14.992  1265  2200 D ActivityManager: Skipping, home stack task: TaskRecord{cc65d24 #839 A=com.huawei.android.launcher U=0 StackId=0 sz=1}
03-26 13:56:14.992  1265  2200 D ActivityManager: Skipping, withExcluded: false, tr.intent:Intent { act=android.intent.action.MAIN cat=[android.intent.category.LAUNCHER] flg=0x10a00000 cmp=io.appium.settings/.Settings }
03-26 13:56:14.992  1265  2200 D ActivityManager: Skipping, withExcluded: false, tr.intent:Intent { act=android.deviceinfo.chooser.action.LAUNCH flg=0x10800000 pkg=com.android.settings cmp=com.android.settings/.deviceinfo.UsbConnModeChooserActivity }
03-26 13:56:14.992  1265  2200 D ActivityManager: Skipping, withExcluded: false, tr.intent:Intent { flg=0x10804000 cmp=com.android.systemui/.recents.RecentsActivity bnds=[48,1287][1032,2547] }
03-26 13:56:14.992  1265  2200 D ActivityManager: Skipping, withExcluded: false, tr.intent:Intent { act=android.intent.action.MAIN cat=[android.intent.category.HOME] flg=0x10800300 cmp=com.android.settings/.FallbackHome }
03-26 13:56:15.116  1265  2766 D CountryDetector: The first listener is added
03-26 13:56:15.119  1265  2724 D CountryDetector: isValidCountryIso: CN
03-26 13:56:15.164  1265  2729 W ActivityManager: getRunningAppProcesses: caller 10404 does not hold REAL_GET_TASKS; limiting output
03-26 13:56:15.173  1265  1632 W ActivityManager: getRunningAppProcesses: caller 10404 does not hold REAL_GET_TASKS; limiting output
03-26 13:56:15.329 29150 29150 E SchedPolicy: open of dev/cpuctl/limit_fg/tasks failed: Permission denied
03-26 13:56:15.329 29150 29150 E SchedPolicy: open of dev/cpuctl/bg_non_interactive/limit_bg/tasks failed: Permission denied
03-26 13:56:15.329  1265  2723 I ActivityManager: Start proc 29150:cn.dcpai.auction:pushcore/u0a404 for service cn.dcpai.auction/cn.jpush.android.service.PushService
03-26 13:56:15.337 29150 29150 D ActivityThread: ActivityThread,attachApplication
03-26 13:56:15.337  1265  1977 D ActivityManager: ActivityManagerService,attachApplication,callingPid = 29150
03-26 13:56:15.376  1265  2320 I ActivityManager: Start proc 29174:com.huawei.cryptosms.service/1000 for service com.huawei.cryptosms.service/.CryptoService
03-26 13:56:15.377  1265  2320 W ActivityManager: getRunningAppProcesses: caller 10404 does not hold REAL_GET_TASKS; limiting output
03-26 13:56:15.387  1265  2723 W ActivityManager: getRunningAppProcesses: caller 10404 does not hold REAL_GET_TASKS; limiting output
03-26 13:56:15.394 29174 29174 D ActivityThread: ActivityThread,attachApplication
03-26 13:56:15.395  1265  2322 D ActivityManager: ActivityManagerService,attachApplication,callingPid = 29174
03-26 13:56:15.400  1265  1398 E ProcessInfoCollector: getProcessInfo: failed to find this proc 
03-26 13:56:15.412 29044 29044 V ActivityThread: ActivityThread,callActivityOnCreate
03-26 13:56:15.425  1265  2322 D HwNetworkManagementService: code == CODE_GET_AD_KEY_LIST
03-26 13:56:15.425  1265  2322 D HwNetworkManagementService: appName = cn.dcpai.auction  is not in the mAdViewMap! reply none
03-26 13:56:15.425  1265  2322 D HwNetworkManagementService: appName = cn.dcpai.auction  is not in the mAdIdMap! reply none
03-26 13:56:15.459  1265  1281 W ActivityManager: getRunningAppProcesses: caller 10404 does not hold REAL_GET_TASKS; limiting output
03-26 13:56:15.461 29174 29174 I         : RegisterNatives OK!
03-26 13:56:15.555 29044 29044 D ActivityThread: add activity client record, r= ActivityRecord{32c9239 token=android.os.BinderProxy@688832b {cn.dcpai.auction/cn.dcpai.auction.SplashActivity}} token= android.os.BinderProxy@688832b
03-26 13:56:15.596  1265  2600 V HwPhoneWindowManager: updateSystemUiColorLw window=Window{5ddcfe u0 cn.dcpai.auction/cn.dcpai.auction.SplashActivity},EmuiStyle=0,StatusBarColor=0x0,NavigationBarColor=0xff000000, mLastIsEmuiLightStyle=-1
03-26 13:56:15.598  1675  1697 I CommandQueue: updateBarBgColor
03-26 13:56:15.598  1675  1697 D CommandQueue: CommandQueue, setBarBackgroundColor
03-26 13:56:15.621  1265  1281 W ActivityManager: getRunningAppProcesses: caller 10404 does not hold REAL_GET_TASKS; limiting output
03-26 13:56:15.627  1265  1409 W ActivityManager_service: prevent by hsm Will not start service Intent { flg=0x20 cmp=com.netease.newsreader.activity/cn.jpush.android.service.DaemonService (has extras) } U=0: force null
03-26 13:56:15.627  1265  1409 W ActivityManager: Unable to start service Intent { flg=0x20 cmp=com.netease.newsreader.activity/cn.jpush.android.service.DaemonService (has extras) } U=0: not found
03-26 13:56:15.638  1265  2320 W ActivityManager_service: prevent by hsm Will not start service Intent { flg=0x20 cmp=com.netease.newsreader.activity/cn.jpush.android.service.DaemonService (has extras) } U=0: force null
03-26 13:56:15.638  1265  2320 W ActivityManager: Unable to start service Intent { flg=0x20 cmp=com.netease.newsreader.activity/cn.jpush.android.service.DaemonService (has extras) } U=0: not found
03-26 13:56:15.653  1265  2766 W ActivityManager_service: prevent by hsm Will not start service Intent { flg=0x20 cmp=com.ludashi.benchmark/cn.jpush.android.service.DaemonService (has extras) } U=0: force null
03-26 13:56:15.653  1265  2766 W ActivityManager: Unable to start service Intent { flg=0x20 cmp=com.ludashi.benchmark/cn.jpush.android.service.DaemonService (has extras) } U=0: not found
03-26 13:56:15.657  1265  2725 W ActivityManager_service: prevent by hsm Will not start service Intent { flg=0x20 cmp=com.ludashi.benchmark/cn.jpush.android.service.DaemonService (has extras) } U=0: force null
03-26 13:56:15.657  1265  2725 W ActivityManager: Unable to start service Intent { flg=0x20 cmp=com.ludashi.benchmark/cn.jpush.android.service.DaemonService (has extras) } U=0: not found
03-26 13:56:15.662 29150 29222 E ActivityThread: Failed to find provider info for com.ludashi.benchmark.DownloadProvider
03-26 13:56:15.662  1265  1282 D CountryDetector: isValidCountryIso: CN
03-26 13:56:15.664  1265  1282 D CountryDetector: isValidCountryIso: CN
03-26 13:56:15.665  1265  2600 W ActivityManager_service: prevent by hsm Will not start service Intent { flg=0x20 cmp=com.ss.android.article.news/com.ss.android.push.jpush.alive.JiPushDaemonService (has extras) } U=0: force null
03-26 13:56:15.665  1265  2600 W ActivityManager: Unable to start service Intent { flg=0x20 cmp=com.ss.android.article.news/com.ss.android.push.jpush.alive.JiPushDaemonService (has extras) } U=0: not found
03-26 13:56:15.671  1265  2723 W ActivityManager_service: prevent by hsm Will not start service Intent { flg=0x20 cmp=com.ss.android.article.news/com.ss.android.push.jpush.alive.JiPushDaemonService (has extras) } U=0: force null
03-26 13:56:15.671  1265  2723 W ActivityManager: Unable to start service Intent { flg=0x20 cmp=com.ss.android.article.news/com.ss.android.push.jpush.alive.JiPushDaemonService (has extras) } U=0: not found
03-26 13:56:15.676 29150 29222 E ActivityThread: Failed to find provider info for com.ss.android.article.news.DownloadProvider
03-26 13:56:15.726  1265  2766 W ActivityManager: getRunningAppProcesses: caller 10404 does not hold REAL_GET_TASKS; limiting output
03-26 13:56:15.767  1265  1968 I WindowManager: Destroying surface Surface(name=com.huawei.android.launcher/com.huawei.android.launcher.unihome.UniHomeLauncher) called by com.android.server.wm.WindowStateAnimator.destroySurface:2056 com.android.server.wm.WindowStateAnimator.destroySurfaceLocked:908 com.android.server.wm.WindowState.destroyOrSaveSurface:2201 com.android.server.wm.AppWindowToken.destroySurfaces:366 com.android.server.wm.AppWindowToken.notifyAppStopped:392 com.android.server.wm.WindowManagerService.notifyAppStopped:4874 com.android.server.am.ActivityStack.activityStoppedLocked:1395 com.android.server.am.ActivityManagerService.activityStopped:7663 
03-26 13:56:15.915  1265  1293 I WindowManager: Destroying surface Surface(name=Starting cn.dcpai.auction) called by com.android.server.wm.WindowStateAnimator.destroySurface:2056 com.android.server.wm.WindowStateAnimator.destroySurfaceLocked:908 com.android.server.wm.WindowState.destroyOrSaveSurface:2201 com.android.server.wm.AppWindowToken.destroySurfaces:366 com.android.server.wm.WindowStateAnimator.finishExit:587 com.android.server.wm.WindowStateAnimator.stepAnimationLocked:513 com.android.server.wm.WindowAnimator.updateWindowsLocked:311 com.android.server.wm.WindowAnimator.animateLocked:738 
03-26 13:56:16.296  1265  2728 D CountryDetector: isValidCountryIso: CN
--------- beginning of main
03-26 13:56:16.297  1962  1976 I PhoneInterfaceManager: shouldBlockLocation  ret:false
03-26 13:56:16.317  1265  1281 W ActivityManager: getRunningAppProcesses: caller 10404 does not hold REAL_GET_TASKS; limiting output
03-26 13:56:16.368   616   616 I Pged-IPgedBinderService: ****action is 2, pid num is 3***
03-26 13:56:16.368   616   616 I Pged-Freezer: thawPids
03-26 13:56:16.369  1930  2121 D PgedBinderAdapter: unfrz ok, pid: [6792, 28798]
03-26 13:56:16.502  1993 29084 D HwCust  : Create obj success use class com.huawei.android.totemweather.parser.accu.HwCustJAccuCityParserImpl
03-26 13:56:16.517  1265  1409 I ActivityManager: Killing 8390:com.huawei.vassistant/u0a68 (adj 906): empty #25
03-26 13:56:16.570  1265  2323 D ActivityManager: cleanUpApplicationRecord -- 8390
03-26 13:56:16.680 29150 29219 I chatty  : uid=10404 cn.dcpai.auction:pushcore expire 1 line
03-26 13:56:16.688 29102 29127 D SmartArchiveSettingUtils: updateArchiveNumPrefixs:Bundle[{type_hw_serv_num=[1065796709, 1065502043, 1065902090, 106575550211, 10690133830, 1069055999, 106550200271, 1065902002801], type_common_serv_num=[106, 400, 12306, 111, 12329, 12345, 95, 96, 100, 118, 116, 10198, 12580]}]
03-26 13:56:16.693  1675  1700 I MonitorImpl: onChange com.huawei.keyguard.events.MessageMonitor@4f631e6
03-26 13:56:16.694 29102 29102 I NewMessageContentObserver : onChange() : selfChange = false
03-26 13:56:16.726 29150 29211 I chatty  : uid=10404 cn.dcpai.auction:pushcore expire 1 line
03-26 13:56:16.736 29150 29276 I chatty  : uid=10404 cn.dcpai.auction:pushcore expire 1 line
03-26 13:56:16.746   615   615 E Thermal-daemon: [charger_ic] temp_new :28  temp_old :27
03-26 13:56:16.746   615   615 E Thermal-daemon: Report temperature: [charger_ic] temp :28  report_threshold:1
03-26 13:56:16.747   615   615 E Thermal-daemon: [flash_led] temp_new :29  temp_old :28
03-26 13:56:16.747   615   615 E Thermal-daemon: Report temperature: [flash_led] temp :29  report_threshold:1
03-26 13:56:16.748   615   615 E Thermal-daemon: [ap] temp_new :29  temp_old :28
03-26 13:56:16.748   615   615 E Thermal-daemon: Report temperature: [ap] temp :29  report_threshold:1
03-26 13:56:16.749 29044 29277 I chatty  : uid=10404(cn.dcpai.auction) expire 1 line
03-26 13:56:16.828  1962  1976 W PhoneInterfaceManager: shouldBlockLocation running ...
03-26 13:56:16.834  1962  1976 I PhoneInterfaceManager: shouldBlockLocation  ret:false
03-26 13:56:16.850  1962  2208 W PhoneInterfaceManager: shouldBlockLocation running ...
03-26 13:56:16.858  1962  2208 I PhoneInterfaceManager: shouldBlockLocation  ret:false
03-26 13:56:16.861  1265  2600 W ActivityManager: getRunningAppProcesses: caller 10404 does not hold REAL_GET_TASKS; limiting output
03-26 13:56:16.862 29150 29278 I chatty  : uid=10404 cn.dcpai.auction:pushcore expire 1 line
03-26 13:56:16.863  1962  2209 W PhoneInterfaceManager: shouldBlockLocation running ...
03-26 13:56:16.871  1962  2209 I PhoneInterfaceManager: shouldBlockLocation  ret:false
03-26 13:56:16.876  1265  2766 W ActivityManager: getRunningAppProcesses: caller 10404 does not hold REAL_GET_TASKS; limiting output
03-26 13:56:16.925   632   680 D bdatd   : [BiDispatcher.cpp] dispatchInfo# level: 6, tag: BDAT_TAG_GPS_START, time: 03-26 13:56:16.910, data: uid=10404 name=cn.dcpai.auction
03-26 13:56:16.925  1265  1885 D libgps  : proxy_gps_set_position_mode: mode = 0, recurrence = 0, min_interval = 1000, preferred_accuracy = 0, preferred_time = 0
03-26 13:56:16.925  1265  2725 D HwLocalLocationProvider: HwLocalLocationManager requestLocation
03-26 13:56:16.925  1265  1885 D libgps  : proxy_gps_start: called.
03-26 13:56:16.926  1265  1885 D libgps  : proxy_gps_start: return = 0.
03-26 13:56:16.926  1265 29285 D HwLocalLocationProvider: start query Loc Form DB 
03-26 13:56:16.926  1265 29285 I HwLocalLocationProvider: query loc Form Cell Table,cellid == 11314
03-26 13:56:16.927  2437  8194 I NCCHR_NcLogCollectServiceImpl: getUserType = 1
03-26 13:56:16.927  1265 29285 I HwLocalLocationProvider: query loc Form Recent Cell
03-26 13:56:16.928  1265 29285 W HwLocalLocationProvider: queryLoc cellid is  null
03-26 13:56:16.929  1265  1886 I chatty  : uid=1000(system) LocationManager expire 4 lines
03-26 13:56:16.930  1930  2017 I PGServer: report state:3 event type:1 pid:0 uid:10404 pkg:null to pid: 1265
03-26 13:56:17.058   777   777 D gpsd    : CALL_SENTRY(main()): GlEngine::OnStart took 131 ms (from 14569732 to 14569863) (logOverhead=0,0,0,0,0,0,0), start: 13:56:16.927
03-26 13:56:17.060   777   777 D gpsd    : CALL_SENTRY(main()): marshal_gps_start took 133 ms (from 14569732 to 14569865) (logOverhead=0,0,0,0,0,0,0), start: 13:56:16.927
03-26 13:56:17.060   777   777 D gpsd    : CALL_SENTRY(main()): ProcessEvent took 133 ms (from 14569732 to 14569865) (logOverhead=0,0,0,0,0,0,0), start: 13:56:16.927
03-26 13:56:17.061  1265  2176 I chatty  : uid=1000(system) IPC Thread expire 115 lines
03-26 13:56:17.062  1265  2176 D libgps  : proxy_agps_ril_request_setid_cb: called.
03-26 13:56:17.064  1265 29288 I chatty  : uid=1000 system_server expire 8 lines
03-26 13:56:17.067  1265  2176 D libgps  : proxy_agps_ril_set_set_id: called.
03-26 13:56:17.091 29102 29102 D Mms::HwDualCardNameHelper: The action of receiver is: android.intent.action.ACTION_DSDS_SUB1_OPERATOR_CHANGED
03-26 13:56:17.092 29102 29102 D Mms::HwDualCardNameHelper: The action of receiver is: android.intent.action.ACTION_DSDS_SUB2_OPERATOR_CHANGED
03-26 13:56:17.094 29102 29127 V Mms::HwDualCardNameHelper: name of card0 from Broadcast is 
03-26 13:56:17.097 29102 29127 V Mms::HwDualCardNameHelper: readCardName current card0 name is empty, get card name string: 
03-26 13:56:17.097 29102 29127 V Mms::HwDualCardNameHelper: handleSpnStateChanged::card0 needUpdate or not:true
03-26 13:56:17.101 29102 29127 V Mms::HwDualCardNameHelper: name of card1 from Broadcast is 
03-26 13:56:17.104 29102 29127 V Mms::HwDualCardNameHelper: readCardName current card1 name is empty, get card name string: 
03-26 13:56:17.104 29102 29127 V Mms::HwDualCardNameHelper: handleSpnStateChanged::card1 needUpdate or not:true
03-26 13:56:17.109   627 29290 D DnsProxyListener: GetAddrInfoHandler addr: connectivitycheck.android.com {101, 983141, 1000} 216.58.200.46
03-26 13:56:17.194 29102 29102 I NewMessageContentObserver :  handle update icon message
03-26 13:56:17.198  1981  1981 D wpa_supp: nl80211: Drv Event 34 (NL80211_CMD_NEW_SCAN_RESULTS) received for wlan0
03-26 13:56:17.199  1981  1981 D wpa_supp: wlan0: nl80211: New scan results available
03-26 13:56:17.199  1981  1981 D wpa_supp: nl80211: Scan probed for SSID ''
03-26 13:56:17.199  1981  1981 D wpa_supp: nl80211: Scan included frequencies: 2412 2417 2422 2427 2432 2437 2442 2447 2452 2457 2462 2467 2472 5180 5200 5220 5240 5260 5280 5300 5320 5745 5765 5785 5805 5825
03-26 13:56:17.199  1981  1981 D wpa_supp: wlan0: Event SCAN_RESULTS (3) received
03-26 13:56:17.199  1981  1981 D wpa_supp: wlan0: Scan completed in 2.263170 seconds
03-26 13:56:17.199  1981  1981 D wpa_supp: nl80211: Associated on 5220 MHz
03-26 13:56:17.199  1981  1981 D wpa_supp: nl80211: Associated with 30:7b:ac:b2:97:20
03-26 13:56:17.199  1981  1981 D wpa_supp: nl80211: Received scan results (16 BSSes)
03-26 13:56:17.199  1981  1981 D wpa_supp: nl80211: Scan results indicate BSS status with 30:7b:ac:b2:97:20 as associated
03-26 13:56:17.200  1981  1981 D wpa_supp: wlan0: BSS: Start scan result update 43
03-26 13:56:17.200  1981  1981 D wpa_supp: WPS: AP vendor specific ies
03-26 13:56:17.200  1265  1410 D NetdConnector: RCV <- {pattern.matcher(rawEventLog) fail}
03-26 13:56:17.200  1981  1981 D wpa_supp: WPS: AP SSID=ChinaNet-rrHq-5G, MAC=9c:61:21:df:e9:5d, manufacturer=Broadcom, mode name=Broadcom, model number=123456, device name=BroadcomAP
03-26 13:56:17.200  1981  1981 D wpa_supp: wlan0: BSS: Add new id 171 BSSID 9c:61:21:df:e9:5d SSID 'ChinaNet-rrHq-5G' freq 5180
03-26 13:56:17.200  1981  1981 D wpa_supp: WPS: AP vendor specific ies
03-26 13:56:17.200  1981  1981 D wpa_supp: WPS: AP SSID=ChinaNet-raWt, MAC=ec:38:8f:8f:ee:d8, manufacturer=Realtek Semiconductor Corp., mode name=RTL8xxx, model number=EV-2010-09-20, device name=RTK_AP
03-26 13:56:17.200  1981  1981 D wpa_supp: wlan0: BSS: Add new id 172 BSSID ec:38:8f:8f:ee:d8 SSID 'ChinaNet-raWt' freq 2412
03-26 13:56:17.200  1981  1981 D wpa_supp: BSS: last_scan_res_used=16/32
03-26 13:56:17.200  1981  1981 D wpa_supp: wlan0: Scan-only results received
03-26 13:56:17.200  1981  1981 D wpa_supp: wlan0: Radio work 'scan'@0x7dfc02e3c0 done in 2.266223 seconds
03-26 13:56:17.200  1981  1981 D wpa_supp: wlan0: radio_work_free('scan'@0x7dfc02e3c0: num_active_works --> 0
03-26 13:56:17.201  1265  1410 D NetdConnector: RCV <- {pattern.matcher(eventLog) fail}
03-26 13:56:17.206  1265  1291 D NetdConnector: RCV unsolicited event from native daemon, event = 600
03-26 13:56:17.207  1265  1291 D NetworkManagement: notifyInterfaceLinkStateChanged 10
03-26 13:56:17.209  1265  1265 W HwAlarmManagerService: isContainsAppUidInWorksource-->happend NameNotFoundException
03-26 13:56:17.210  1265  1265 I JobScheduler.Time: mNextDelayExpiredElapsedMillis: 16315693
03-26 13:56:17.219   632   680 D bdatd   : [BiDispatcher.cpp] dispatchInfo# level: 6, tag: BDAT_TAG_ALARM_TRIGGER, time: 03-26 13:56:17.200, data: uid=1000 name=android type=2 tag=*walarm*:*job.delay* size=1
03-26 13:56:17.220  2437 12607 D PTM.ObserverManager: onBdatUpload, get message from bdat service...
03-26 13:56:17.229   632   680 D bdatd   : [BiDispatcher.cpp] dispatchInfo# level: 6, tag: BDAT_TAG_WIFI_SCAN_STOPPED, time: 03-26 13:56:17.220, data: uid=1010
03-26 13:56:17.230  1265  1265 W BackupManagerService: Backup pass but e=false p=true
03-26 13:56:17.234 29102 29102 W NewMessageContentObserver : newUnreadCount:0,oldUnreadCount:-1
03-26 13:56:17.234 29102 29102 I NewMessageContentObserver :  updateLuancherUnreadCount unreadCount = 0
03-26 13:56:17.241  2774  2786 I HwLauncher: Launcher.LauncherProvider  launcher call - method:change_badge arg: extras:[package=com.android.mms][badgenumber=0][class=com.android.mms.ui.ConversationList] uid =10031 pid =29102
03-26 13:56:17.242  2774  2786 I HwLauncher: ProviderCallUtils callBadge isCloned = false
03-26 13:56:17.248  1265  2725 I ActivityManager: START u0 {cmp=cn.dcpai.auction/.MainActivity} from uid 10404 on display 0
03-26 13:56:17.250  1265  2725 I ActivityManager: ActivityRecord info: ActivityInfo{8a3c78d cn.dcpai.auction.MainActivity}, euid: 0
03-26 13:56:17.252  1265  2725 V HwWindowManagerService: moveTaskToTop mTaskChanged:true
03-26 13:56:17.252  1265  2725 V HwWindowManagerService: moveTaskToTop mTaskChanged:true
03-26 13:56:17.253  1930  2797 I PGServer: android calls fast hibernateApps
03-26 13:56:17.253  1930  2797 I AppFastHibernation: fast hibernate duration: 1500 reason: start activity
03-26 13:56:17.254  1265  2725 V HwWindowManagerService: moveTaskToTop mTaskChanged:true
03-26 13:56:17.255   616  7150 I Pged-IPgedBinderService: ****action is 1, pid num is 3***
03-26 13:56:17.255   616  7150 I Pged-Freezer: freezePids
03-26 13:56:17.255   616  7150 I Pged-Freezer: Freeze process: 6792
03-26 13:56:17.255   616  7150 I Pged-Freezer: Freeze process: 28798
03-26 13:56:17.255  1930  2121 D PgedBinderAdapter: frz ok, pid: [6792, 28798]
03-26 13:56:17.255  1265  2725 V HwWindowManagerService: setFocusedApp update app ops, mTaskChanged set to:false
03-26 13:56:17.267 29102 29102 I NewMessageContentObserver : updateUnreadCountToLuancher end ================
03-26 13:56:17.272 29044 29044 V ActivityThread: ActivityThread,callActivityOnCreate
03-26 13:56:17.314  1265  2728 D HwLocalLocationProvider: HwLocalLocationManager requestLocation
03-26 13:56:17.315  1265 29295 D HwLocalLocationProvider: start query Loc Form DB 
03-26 13:56:17.315  1265 29295 I HwLocalLocationProvider: query loc Form Cell Table,cellid == 11314
03-26 13:56:17.315  1265 29295 I HwLocalLocationProvider: query loc Form Recent Cell
03-26 13:56:17.316  1265 29295 W HwLocalLocationProvider: queryLoc cellid is  null
03-26 13:56:17.367  1675  1675 D HwRecentsLockUtils: search
03-26 13:56:17.369  1675  1675 D HwRecentsLockUtils: search
03-26 13:56:17.370  1265  2726 D ActivityManager: Skipping, home stack task: TaskRecord{cc65d24 #839 A=com.huawei.android.launcher U=0 StackId=0 sz=1}
03-26 13:56:17.370  1265  2726 D ActivityManager: Skipping, withExcluded: false, tr.intent:Intent { act=android.intent.action.MAIN cat=[android.intent.category.LAUNCHER] flg=0x10a00000 cmp=io.appium.settings/.Settings }
03-26 13:56:17.370  1265  2726 D ActivityManager: Skipping, withExcluded: false, tr.intent:Intent { act=android.deviceinfo.chooser.action.LAUNCH flg=0x10800000 pkg=com.android.settings cmp=com.android.settings/.deviceinfo.UsbConnModeChooserActivity }
03-26 13:56:17.370  1265  2726 D ActivityManager: Skipping, withExcluded: false, tr.intent:Intent { flg=0x10804000 cmp=com.android.systemui/.recents.RecentsActivity bnds=[48,1287][1032,2547] }
03-26 13:56:17.370  1265  2726 D ActivityManager: Skipping, withExcluded: false, tr.intent:Intent { act=android.intent.action.MAIN cat=[android.intent.category.HOME] flg=0x10800300 cmp=com.android.settings/.FallbackHome }
03-26 13:56:17.371  1265  2200 D ActivityManager: Skipping, home stack task: TaskRecord{cc65d24 #839 A=com.huawei.android.launcher U=0 StackId=0 sz=1}
03-26 13:56:17.371  1265  2200 D ActivityManager: Skipping, withExcluded: false, tr.intent:Intent { act=android.intent.action.MAIN cat=[android.intent.category.LAUNCHER] flg=0x10a00000 cmp=io.appium.settings/.Settings }
03-26 13:56:17.371  1265  2200 D ActivityManager: Skipping, withExcluded: false, tr.intent:Intent { act=android.deviceinfo.chooser.action.LAUNCH flg=0x10800000 pkg=com.android.settings cmp=com.android.settings/.deviceinfo.UsbConnModeChooserActivity }
03-26 13:56:17.372  1265  2200 D ActivityManager: Skipping, withExcluded: false, tr.intent:Intent { flg=0x10804000 cmp=com.android.systemui/.recents.RecentsActivity bnds=[48,1287][1032,2547] }
03-26 13:56:17.372  1265  2200 D ActivityManager: Skipping, withExcluded: false, tr.intent:Intent { act=android.intent.action.MAIN cat=[android.intent.category.HOME] flg=0x10800300 cmp=com.android.settings/.FallbackHome }
03-26 13:56:17.375 29044 29297 I chatty  : uid=10404(cn.dcpai.auction) expire 62 lines
03-26 13:56:17.376 29044 29298 I chatty  : uid=10404(cn.dcpai.auction) expire 19 lines
03-26 13:56:17.377   627 29299 D DnsProxyListener: GetAddrInfoHandler addr: testapp.dcpai.cn {101, 917605, 10404} 139.196.57.60
03-26 13:56:17.377   627 29300 D DnsProxyListener: GetAddrInfoHandler addr: testapp.dcpai.cn {101, 917605, 10404} 139.196.57.60
03-26 13:56:17.377 29044 29301 I chatty  : uid=10404(cn.dcpai.auction) expire 38 lines
03-26 13:56:17.381 29044 29302 I chatty  : uid=10404(cn.dcpai.auction) expire 62 lines
03-26 13:56:17.384 29044 29303 I chatty  : uid=10404(cn.dcpai.auction) expire 19 lines
03-26 13:56:17.465 29044 29044 D ActivityThread: add activity client record, r= ActivityRecord{b773b01 token=android.os.BinderProxy@8ad42b5 {cn.dcpai.auction/cn.dcpai.auction.MainActivity}} token= android.os.BinderProxy@8ad42b5
03-26 13:56:17.466 29044 29306 I chatty  : uid=10404(cn.dcpai.auction) expire 19 lines
03-26 13:56:17.467  1993  2081 I SendBroadcastPermission: action:com.huawei.android.action.WEATHER_CHANGE, mPermissionType:0
03-26 13:56:17.471  1675  1675 I EventCenter: EventCenter Get :com.huawei.android.action.WEATHER_CHANGE
03-26 13:56:17.480  1993  2081 I SendBroadcastPermission: action:com.huawei.android.action.launcher_weather_icon_change, mPermissionType:0
03-26 13:56:17.496  2774  2774 I HwLauncher: WeatherDynamicUpdater receive action = com.huawei.android.action.launcher_weather_icon_change
03-26 13:56:17.496  1993  2081 I SendBroadcastPermission: action:com.huawei.android.action.action_home_city_weather, mPermissionType:0
03-26 13:56:17.503  1675 29307 I WeatherUtils: getCurrentWeatherInfo currentTemperature is :12.0 mWeatherIcon Id is: 7
03-26 13:56:17.518  1675 29307 I WeatherUtils: getCurrentWeatherInfo currentTemperature is :19.0 mWeatherIcon Id is: 8
03-26 13:56:17.518  1675 29307 D WeatherHelper: homeWeatherInfo = com.huawei.keyguard.events.weather.WeatherInfo@4a9251e
03-26 13:56:17.522  1675  1675 D DateTimeView: onClockLocationChange
03-26 13:56:17.522  1675  1675 D DateTimeView: onClockLocationChange
03-26 13:56:17.523  1675  1675 D DateTimeView: Change to single clock mode!
03-26 13:56:17.528  1675  1675 D DateTimeView: Change to single clock mode!
03-26 13:56:17.537  1675 29308 I WeatherUtils: getCurrentWeatherInfo currentTemperature is :12.0 mWeatherIcon Id is: 7
03-26 13:56:17.575   777   777 D gpsd    : $PGLOR,0,RID,47531,64,19,20,280297*3F
03-26 13:56:17.576   632   680 D bdatd   : [BiDispatcher.cpp] dispatchInfo# level: 6, tag: BDAT_TAG_SENSOR_ENABLE, time: 03-26 13:56:17.560, data: uid=1021 name=Brcm HULA type=1 period=200000000 connection=
03-26 13:56:17.576  1265  2176 D libgps  : proxy_gnss_sv_status_cb: called. num_svs(0)
03-26 13:56:17.577   632   680 D bdatd   : [BiDispatcher.cpp] dispatchInfo# level: 6, tag: BDAT_TAG_SENSOR_ENABLE, time: 03-26 13:56:17.560, data: uid=1021 name=Brcm HULA type=2 period=200000000 connection=
03-26 13:56:17.579   632   680 D bdatd   : [BiDispatcher.cpp] dispatchInfo# level: 6, tag: BDAT_TAG_SENSOR_ENABLE, time: 03-26 13:56:17.570, data: uid=1021 name=Brcm HULA type=6 period=200000000 connection=
03-26 13:56:17.581   438  2811 E ion     : set flags ioctrl failed!
03-26 13:56:17.581   632   680 D bdatd   : [BiDispatcher.cpp] dispatchInfo# level: 6, tag: BDAT_TAG_SENSOR_ENABLE, time: 03-26 13:56:17.570, data: uid=1021 name=Brcm HULA type=3 period=200000000 connection=
03-26 13:56:17.582   627 29311 D DnsProxyListener: GetAddrInfoHandler addr: gllto.glpals.com {101, 917605, 1021} 99.84.239.53
03-26 13:56:17.583   438  2811 I gralloc : alloc_device_alloc:564: Alloc handle(0x7da4e0f300): interfmt=200000001, stride=1088, size=8486912, usage=0xb00
03-26 13:56:17.583   438  2811 E ion     : set flags ioctrl failed!
03-26 13:56:17.585   438  2811 I gralloc : alloc_device_alloc:564: Alloc handle(0x7da4e0fb00): interfmt=200000001, stride=1088, size=8486912, usage=0xb00
03-26 13:56:17.585   438  2811 E ion     : set flags ioctrl failed!
03-26 13:56:17.586   438  2811 I gralloc : alloc_device_alloc:564: Alloc handle(0x7da4e35f00): interfmt=200000001, stride=1088, size=8486912, usage=0xb00
03-26 13:56:17.605 29102 29102 V Mms::HwDualCardNameHelper: mNotifyUIWhenCardNameChanged the listener is empty!!
03-26 13:56:17.617 28915 28915 I AppiumUnicodeIME: onFinishInput
03-26 13:56:17.617 28915 28915 I AppiumUnicodeIME: onStartInput
03-26 13:56:17.656   438   453 I gralloc : alloc_device_free:586: Free handle(0x7d8da2d900)
03-26 13:56:17.656   438   453 I gralloc : alloc_device_free:586: Free handle(0x7da4e35c00)
03-26 13:56:17.692 29044 29314 I chatty  : uid=10404(cn.dcpai.auction) expire 40 lines
03-26 13:56:17.768  2774  2967 D HwLauncher: Launcher.LauncherProvider  launcher-restore query - uri:content://com.huawei.android.launcher.settings/badge
03-26 13:56:17.770  2774  2967 I HwLauncher: Launcher.LauncherProvider  queried count: 1
03-26 13:56:17.772  2774  2967 I HwLauncher: BadgeContentObserver  getBadgeNumber: 0 mComponentName :ComponentInfo{com.android.mms/com.android.mms.ui.ConversationList}
03-26 13:56:17.772  2774  2967 I HwLauncher: BadgeContentObserver newBadgeNumber:0,oldBadgeNumber:0 mComponentName : ComponentInfo{com.android.mms/com.android.mms.ui.ConversationList}
03-26 13:56:17.980  1930  7651 I DownloadState: @@@@@@@@@@@@ uid :10404 download :true
03-26 13:56:17.981  1930  7651 I PGServer: report state:5 event type:1 pid:0 uid:10404 pkg:null to pid: 1265
03-26 13:56:17.989  1265  2723 W ActivityManager: getRunningAppProcesses: caller 10025 does not hold REAL_GET_TASKS; limiting output
03-26 13:56:17.995  1962  2208 W PhoneInterfaceManager: shouldBlockLocation running ...
03-26 13:56:17.995  1962  2208 I PhoneInterfaceManager: shouldBlockLocation  ret:false
03-26 13:56:18.001  1993 29078 W System.err: java.io.IOException: Couldn't open file:///storage/emulated/0/.UTSystemConfig/Global/Alvin2.xml
03-26 13:56:18.002  1993  2081 I GaoDeLocation: GaoDeLocation is stop.
03-26 13:56:18.003  1265  2321 W ActivityManager: Unbind failed: could not find connection for android.os.BinderProxy@7ea51e6
03-26 13:56:18.006  1993  3957 E SQLiteLog: (14) cannot open file at line 32735 of [69906880ce]
03-26 13:56:18.006  1993  3957 E SQLiteLog: (14) os_unix.c:32735: (13) open(/storage/emulated/0/amap/openamaplocationsdk/als.db) - 
03-26 13:56:18.009  1993 29078 W System.err: 	at org.apache.harmony.xml.ExpatParser.openUrl(ExpatParser.java:755)
03-26 13:56:18.009  1993 29078 W System.err: 	at org.apache.harmony.xml.ExpatReader.parse(ExpatReader.java:292)
03-26 13:56:18.009  1993 29078 W System.err: 	at javax.xml.parsers.SAXParser.parse(SAXParser.java:390)
03-26 13:56:18.009  1993 29078 W System.err: 	at javax.xml.parsers.SAXParser.parse(SAXParser.java:326)
03-26 13:56:18.009  1993 29078 W System.err: 	at com.loc.m.f(DeviceInfo.java)
03-26 13:56:18.009  1993 29078 W System.err: 	at com.loc.l.a(ClientInfo.java)
03-26 13:56:18.009  1993 29078 W System.err: 	at com.loc.cg.a(LocNetManager.java)
03-26 13:56:18.009  1993 29078 W System.err: 	at com.loc.br.a(APS.java)
03-26 13:56:18.009  1993 29078 W System.err: 	at com.loc.a.a(AMapLocationManager.java)
03-26 13:56:18.009  1993 29078 W System.err: 	at com.loc.a.n(AMapLocationManager.java)
03-26 13:56:18.009  1993 29078 W System.err: 	at com.loc.a.b(AMapLocationManager.java)
03-26 13:56:18.009  1993 29078 W System.err: 	at com.loc.a$d.run(AMapLocationManager.java)
03-26 13:56:18.009  1993 29078 W System.err: 	at java.util.concurrent.Executors$RunnableAdapter.call(Executors.java:428)
03-26 13:56:18.009  1993 29078 W System.err: 	at java.util.concurrent.FutureTask.runAndReset(FutureTask.java:278)
03-26 13:56:18.009  1993 29078 W System.err: 	at java.util.concurrent.ScheduledThreadPoolExecutor$ScheduledFutureTask.run(ScheduledThreadPoolExecutor.java:273)
03-26 13:56:18.009  1993 29078 W System.err: 	at java.util.concurrent.ThreadPoolExecutor.runWorker(ThreadPoolExecutor.java:1133)
03-26 13:56:18.009  1993 29078 W System.err: 	at java.util.concurrent.ThreadPoolExecutor$Worker.run(ThreadPoolExecutor.java:607)
03-26 13:56:18.009  1993 29078 W System.err: 	at java.lang.Thread.run(Thread.java:776)
