03-26 12:20:48.617  1265  1265 I chatty  : uid=1000 system_server expire 12 lines
03-26 12:21:04.715  1265  2723 I chatty  : uid=1000(system) Binder:1265_10 expire 1 line
03-26 12:21:04.752  1265  1885 I chatty  : uid=1000(system) LocationThread expire 5 lines
03-26 12:21:04.758  1265  2724 I chatty  : uid=1000(system) Binder:1265_11 expire 1 line
03-26 12:21:04.760  1265 32500 I chatty  : uid=1000 system_server expire 4 lines
03-26 12:21:04.886  1265  2176 I chatty  : uid=1000(system) IPC Thread expire 22 lines
03-26 12:21:14.919  1265 32503 I chatty  : uid=1000 system_server expire 1 line
03-26 12:21:44.514  1265  1282 I chatty  : uid=1000(system) android.bg expire 1 line
03-26 12:23:50.127  1265  1396 I chatty  : uid=1000(system) AlarmManager expire 1 line
03-26 12:24:54.648 32174  1571 E SchedPolicy: open of dev/cpuctl/limit_fg/tasks failed: Permission denied
03-26 12:24:54.648 32174  1571 E SchedPolicy: open of dev/cpuctl/bg_non_interactive/limit_bg/tasks failed: Permission denied
03-26 12:25:20.047  1265  1389 I chatty  : uid=1000(system) UEventObserver expire 2 lines
03-26 12:25:25.735  1265  1410 I chatty  : uid=1000(system) NetdConnector expire 7 lines
03-26 12:25:25.745  1265  1291 I chatty  : uid=1000(system) android.fg expire 154 lines
03-26 12:25:44.192  1265  1410 I chatty  : uid=1000(system) NetdConnector expire 25 lines
03-26 12:25:50.208  1265  1389 I chatty  : uid=1000(system) UEventObserver expire 18 lines
03-26 12:25:54.556  1265  1265 I chatty  : uid=1000 system_server expire 11 lines
03-26 12:28:50.337  1265  1396 I chatty  : uid=1000(system) AlarmManager expire 6 lines
03-26 12:29:34.575  1265  1281 I chatty  : uid=1000(system) Binder:1265_2 expire 2 lines
03-26 12:29:34.587  1265  1968 I chatty  : uid=1000(system) Binder:1265_5 expire 1 line
03-26 12:29:34.587  1265  2321 I chatty  : uid=1000(system) Binder:1265_A expire 1 line
03-26 12:29:34.592  1265  2200 I chatty  : uid=1000(system) Binder:1265_8 expire 2 lines
03-26 12:29:34.592  1265  2601 I chatty  : uid=1000(system) Binder:1265_F expire 5 lines
03-26 12:29:34.592  1265  2767 I chatty  : uid=1000(system) Binder:1265_18 expire 2 lines
03-26 12:29:34.596  1265  2729 I chatty  : uid=1000(system) Binder:1265_16 expire 1 line
03-26 12:29:44.604  1265  2725 I chatty  : uid=1000(system) Binder:1265_12 expire 2 lines
03-26 12:29:53.220  1265  1977 I chatty  : uid=1000(system) Binder:1265_6 expire 1 line
03-26 12:29:53.247  1265  2320 I chatty  : uid=1000(system) Binder:1265_9 expire 1 line
03-26 12:29:53.259  1265  1979 I chatty  : uid=1000(system) Binder:1265_7 expire 1 line
03-26 12:29:55.175  1573  3520 E SchedPolicy: open of dev/cpuctl/limit_fg/tasks failed: Permission denied
03-26 12:29:55.175  1573  3520 E SchedPolicy: open of dev/cpuctl/bg_non_interactive/limit_bg/tasks failed: Permission denied
03-26 12:30:00.654  1265  1410 I chatty  : uid=1000(system) NetdConnector expire 14 lines
03-26 12:30:00.664  1265  1411 I chatty  : uid=1000(system) NetworkStats expire 1 line
03-26 12:30:00.804  3551  3551 E SchedPolicy: open of dev/cpuctl/limit_fg/tasks failed: Permission denied
03-26 12:30:00.804  3551  3551 E SchedPolicy: open of dev/cpuctl/bg_non_interactive/limit_bg/tasks failed: Permission denied
03-26 12:30:00.821  3551  3551 D ActivityThread: ActivityThread,attachApplication
03-26 12:30:00.834  1265  1398 I chatty  : uid=1000(system) sManagerService expire 1 line
03-26 12:30:00.899  1265  1632 I chatty  : uid=1000(system) Binder:1265_4 expire 3 lines
03-26 12:30:00.941  1265  2322 I chatty  : uid=1000(system) Binder:1265_B expire 3 lines
03-26 12:30:21.650  1265  1389 I chatty  : uid=1000(system) UEventObserver expire 4 lines
03-26 12:30:25.253  1265  1296 I chatty  : uid=1000(system) CpuTracker expire 1 line
03-26 12:30:25.262  1265  1288 I chatty  : uid=1000(system) batterystats-sy expire 3 lines
03-26 12:30:42.338  1265  1291 I chatty  : uid=1000(system) android.fg expire 22 lines
03-26 12:30:52.894  1265  1409 I chatty  : uid=1000(system) Binder:1265_3 expire 3 lines
03-26 12:31:14.425  1265  1291 I chatty  : uid=1000(system) android.fg expire 110 lines
03-26 12:31:21.967  1265  1389 I chatty  : uid=1000(system) UEventObserver expire 16 lines
03-26 12:31:21.978  1265  1265 I chatty  : uid=1000 system_server expire 8 lines
03-26 12:31:44.172  1265  1410 I chatty  : uid=1000(system) NetdConnector expire 18 lines
03-26 12:33:24.031  1265  1283 I chatty  : uid=1000(system) ActivityManager expire 1 line
03-26 12:33:50.499  1265  1396 I chatty  : uid=1000(system) AlarmManager expire 4 lines
03-26 12:33:50.553  1265  4706 I chatty  : uid=1000 system_server expire 3 lines
03-26 12:33:50.589  1265  4707 I chatty  : uid=1000 system_server expire 3 lines
03-26 12:34:41.008  1265  5094 I chatty  : uid=1000 system_server expire 20 lines
03-26 12:34:55.699  3522  5205 E SchedPolicy: open of dev/cpuctl/limit_fg/tasks failed: Permission denied
03-26 12:34:55.699  3522  5205 E SchedPolicy: open of dev/cpuctl/bg_non_interactive/limit_bg/tasks failed: Permission denied
03-26 12:35:20.712  1265  1410 I chatty  : uid=1000(system) NetdConnector expire 12 lines
03-26 12:35:23.247  1265  1389 I chatty  : uid=1000(system) UEventObserver expire 14 lines
03-26 12:35:34.905  1265  2728 I chatty  : uid=1000(system) Binder:1265_15 expire 2 lines
03-26 12:35:34.909  1265  1977 I chatty  : uid=1000(system) Binder:1265_6 expire 4 lines
03-26 12:35:34.918  1265  2766 I chatty  : uid=1000(system) Binder:1265_17 expire 2 lines
03-26 12:35:34.932  1265  1632 I chatty  : uid=1000(system) Binder:1265_4 expire 2 lines
03-26 12:35:34.938  7963  5411 E ActivityThread: Failed to find provider info for com.ludashi.benchmark.DownloadProvider
03-26 12:35:34.952  1265  2320 I chatty  : uid=1000(system) Binder:1265_9 expire 2 lines
03-26 12:35:34.956  7963  5411 E ActivityThread: Failed to find provider info for com.ss.android.article.news.DownloadProvider
03-26 12:37:09.183  1265  1291 I chatty  : uid=1000(system) android.fg expire 66 lines
03-26 12:38:50.686  1265  1396 I chatty  : uid=1000(system) AlarmManager expire 2 lines
03-26 12:38:54.368  1265  1389 I chatty  : uid=1000(system) UEventObserver expire 10 lines
03-26 12:39:05.854  1265  1410 I chatty  : uid=1000(system) NetdConnector expire 12 lines
03-26 12:39:51.833  1265  1265 I chatty  : uid=1000 system_server expire 19 lines
03-26 12:39:56.176  5207  6760 E SchedPolicy: open of dev/cpuctl/limit_fg/tasks failed: Permission denied
03-26 12:39:56.176  5207  6760 E SchedPolicy: open of dev/cpuctl/bg_non_interactive/limit_bg/tasks failed: Permission denied
03-26 12:40:25.153  1265  2727 I chatty  : uid=1000(system) Binder:1265_14 expire 1 line
03-26 12:40:25.205  1265  1885 I chatty  : uid=1000(system) LocationThread expire 5 lines
03-26 12:40:25.215  1265  1632 I chatty  : uid=1000(system) Binder:1265_4 expire 1 line
03-26 12:40:25.217  1265  6920 I chatty  : uid=1000 system_server expire 4 lines
03-26 12:40:25.342  1265  2176 I chatty  : uid=1000(system) IPC Thread expire 22 lines
03-26 12:40:35.380  1265  6924 I chatty  : uid=1000 system_server expire 1 line
03-26 12:40:45.285  1265  1296 I chatty  : uid=1000(system) CpuTracker expire 2 lines
03-26 12:40:59.345  1265  1291 I chatty  : uid=1000(system) android.fg expire 22 lines
03-26 12:41:09.365  3342  3435 D DownloadManager: Removed 0 stale downloads
03-26 12:41:09.382  3342  3435 D DownloadManager: Found 0 files in database
03-26 12:41:09.382  3342  3435 D DownloadManager: Found 0 files on disk
03-26 12:41:09.695  1930  2502 W ContextImpl: Calling a method in the system process without a qualified user: android.app.ContextImpl.sendBroadcast:1000 android.content.ContextWrapper.sendBroadcast:426 com.huawei.iaware.userhabit.NRTUserHabitTrainManager$NRTUserHabitHandler.handleTrain:363 com.huawei.iaware.userhabit.NRTUserHabitTrainManager$NRTUserHabitHandler.handleMessage:234 android.os.Handler.dispatchMessage:105 
03-26 12:41:09.696  1265  2767 I chatty  : uid=1000(system) Binder:1265_18 expire 1 line
03-26 12:41:10.419  7176  7176 E SchedPolicy: open of dev/cpuctl/limit_fg/tasks failed: Permission denied
03-26 12:41:10.419  7176  7176 E SchedPolicy: open of dev/cpuctl/bg_non_interactive/limit_bg/tasks failed: Permission denied
03-26 12:41:15.371  1265  1410 I chatty  : uid=1000(system) NetdConnector expire 19 lines
03-26 12:41:15.376  1265  1291 I chatty  : uid=1000(system) android.fg expire 88 lines
03-26 12:41:19.603  7364  7364 E SchedPolicy: open of dev/cpuctl/limit_fg/tasks failed: Permission denied
03-26 12:41:19.603  7364  7364 E SchedPolicy: open of dev/cpuctl/bg_non_interactive/limit_bg/tasks failed: Permission denied
03-26 12:41:25.165  1265  1389 I chatty  : uid=1000(system) UEventObserver expire 16 lines
03-26 12:44:33.092  1265  1410 I chatty  : uid=1000(system) NetdConnector expire 33 lines
03-26 12:44:39.181  1265  1291 I chatty  : uid=1000(system) android.fg expire 22 lines
03-26 12:44:56.457  1265  1265 I chatty  : uid=1000 system_server expire 27 lines
03-26 12:44:56.828  6762  8725 E SchedPolicy: open of dev/cpuctl/limit_fg/tasks failed: Permission denied
03-26 12:44:56.828  6762  8725 E SchedPolicy: open of dev/cpuctl/bg_non_interactive/limit_bg/tasks failed: Permission denied
03-26 12:45:26.606  1265  1389 I chatty  : uid=1000(system) UEventObserver expire 18 lines
03-26 12:45:43.984  1265  1291 I chatty  : uid=1000(system) android.fg expire 132 lines
03-26 12:48:51.046  1265  1396 I chatty  : uid=1000(system) AlarmManager expire 3 lines
03-26 12:49:08.057  1265  1282 I chatty  : uid=1000(system) android.bg expire 6 lines
03-26 12:49:57.292  8727 10118 E SchedPolicy: open of dev/cpuctl/limit_fg/tasks failed: Permission denied
03-26 12:49:57.292  8727 10118 E SchedPolicy: open of dev/cpuctl/bg_non_interactive/limit_bg/tasks failed: Permission denied
03-26 12:49:58.299  1265  1389 I chatty  : uid=1000(system) UEventObserver expire 2 lines
03-26 12:49:58.309  1265  1265 I chatty  : uid=1000 system_server expire 3 lines
03-26 12:50:12.206  1265  2725 I chatty  : uid=1000(system) Binder:1265_12 expire 1 line
03-26 12:50:12.225  1265  1280 I chatty  : uid=1000(system) Binder:1265_1 expire 1 line
03-26 12:50:12.231  1265  2767 I chatty  : uid=1000(system) Binder:1265_18 expire 1 line
03-26 12:50:12.235  1265  2320 I chatty  : uid=1000(system) Binder:1265_9 expire 1 line
03-26 12:50:12.882  1265  1409 I chatty  : uid=1000(system) Binder:1265_3 expire 1 line
03-26 12:50:12.888  1265  1968 I chatty  : uid=1000(system) Binder:1265_5 expire 1 line
03-26 12:50:13.032  1265  2726 I chatty  : uid=1000(system) Binder:1265_13 expire 1 line
03-26 12:50:22.199  1265  2600 I chatty  : uid=1000(system) Binder:1265_E expire 1 line
03-26 12:50:28.541  1265  1389 I chatty  : uid=1000(system) UEventObserver expire 18 lines
03-26 12:50:59.333  1265  1410 I chatty  : uid=1000(system) NetdConnector expire 36 lines
03-26 12:50:59.343  1265  1291 I chatty  : uid=1000(system) android.fg expire 154 lines
03-26 12:51:29.032  1265  1265 I chatty  : uid=1000 system_server expire 13 lines
03-26 12:53:51.220  1265  1396 I chatty  : uid=1000(system) AlarmManager expire 5 lines
03-26 12:54:12.756  1265  1411 I chatty  : uid=1000(system) NetworkStats expire 1 line
03-26 12:54:13.008  1265  1281 I chatty  : uid=1000(system) Binder:1265_2 expire 3 lines
03-26 12:54:13.049  1265  1977 I chatty  : uid=1000(system) Binder:1265_6 expire 3 lines
03-26 12:54:57.738 10120 11592 E SchedPolicy: open of dev/cpuctl/limit_fg/tasks failed: Permission denied
03-26 12:54:57.738 10120 11592 E SchedPolicy: open of dev/cpuctl/bg_non_interactive/limit_bg/tasks failed: Permission denied
03-26 12:55:00.370  1265  1389 I chatty  : uid=1000(system) UEventObserver expire 2 lines
03-26 12:55:00.380  1265  1265 I chatty  : uid=1000 system_server expire 2 lines
03-26 12:55:28.813  1265  1410 I chatty  : uid=1000(system) NetdConnector expire 4 lines
03-26 12:55:28.823  1265  1291 I chatty  : uid=1000(system) android.fg expire 154 lines
03-26 12:55:30.543  1265  1389 I chatty  : uid=1000(system) UEventObserver expire 18 lines
03-26 12:55:30.556  1265  1265 I chatty  : uid=1000 system_server expire 13 lines
03-26 12:55:34.306  1265  2601 I chatty  : uid=1000(system) Binder:1265_F expire 1 line
03-26 12:55:34.319  1265  1632 I chatty  : uid=1000(system) Binder:1265_4 expire 2 lines
03-26 12:55:34.325  1265  1977 I chatty  : uid=1000(system) Binder:1265_6 expire 2 lines
03-26 12:55:34.329  1265  2600 I chatty  : uid=1000(system) Binder:1265_E expire 2 lines
03-26 12:55:44.333  1265  2726 I chatty  : uid=1000(system) Binder:1265_13 expire 2 lines
03-26 12:55:59.295  1265  1410 I chatty  : uid=1000(system) NetdConnector expire 28 lines
03-26 12:58:51.428  1265  1396 I chatty  : uid=1000(system) AlarmManager expire 1 line
03-26 12:59:45.600  1265  2323 I chatty  : uid=1000(system) Binder:1265_C expire 1 line
03-26 12:59:45.638  1265  1885 I chatty  : uid=1000(system) LocationThread expire 5 lines
03-26 12:59:45.646  1265 12935 I chatty  : uid=1000 system_server expire 4 lines
03-26 12:59:45.773  1265  2176 I chatty  : uid=1000(system) IPC Thread expire 14 lines
03-26 12:59:55.812  1265 12937 I chatty  : uid=1000 system_server expire 1 line
03-26 12:59:58.181 11594 13005 E SchedPolicy: open of dev/cpuctl/limit_fg/tasks failed: Permission denied
03-26 12:59:58.181 11594 13005 E SchedPolicy: open of dev/cpuctl/bg_non_interactive/limit_bg/tasks failed: Permission denied
03-26 12:59:58.268  1265  2176 I chatty  : uid=1000(system) IPC Thread expire 8 lines
03-26 13:00:02.286  1265  1389 I chatty  : uid=1000(system) UEventObserver expire 4 lines
03-26 13:00:04.692  1265  2767 I chatty  : uid=1000(system) Binder:1265_18 expire 1 line
03-26 13:00:04.694  1265  1968 I chatty  : uid=1000(system) Binder:1265_5 expire 1 line
03-26 13:00:04.699  1265  1280 I chatty  : uid=1000(system) Binder:1265_1 expire 1 line
03-26 13:00:25.321  1265  1288 I chatty  : uid=1000(system) batterystats-sy expire 3 lines
03-26 13:00:32.472  1265  1265 I chatty  : uid=1000 system_server expire 14 lines
03-26 13:00:43.063  1265  1396 I chatty  : uid=1000(system) AlarmManager expire 3 lines
03-26 13:00:43.120  1265  2200 I chatty  : uid=1000(system) Binder:1265_8 expire 3 lines
03-26 13:00:43.274  1265  2725 I chatty  : uid=1000(system) Binder:1265_12 expire 3 lines
03-26 13:00:52.866  1265  2323 I chatty  : uid=1000(system) Binder:1265_C expire 3 lines
03-26 13:00:52.905  1265  1281 I chatty  : uid=1000(system) Binder:1265_2 expire 3 lines
03-26 13:00:59.455  1265  1410 I chatty  : uid=1000(system) NetdConnector expire 28 lines
03-26 13:00:59.466  1265  1291 I chatty  : uid=1000(system) android.fg expire 132 lines
03-26 13:01:02.610  1265  1389 I chatty  : uid=1000(system) UEventObserver expire 16 lines
03-26 13:03:51.682  1265  1283 I chatty  : uid=1000(system) ActivityManager expire 1 line
03-26 13:03:52.138  1265  1282 I chatty  : uid=1000(system) android.bg expire 1 line
03-26 13:04:34.011  1265  1296 I chatty  : uid=1000(system) CpuTracker expire 2 lines
03-26 13:04:41.038  1265 14364 I chatty  : uid=1000 system_server expire 20 lines
03-26 13:04:58.628 13007 14463 E SchedPolicy: open of dev/cpuctl/limit_fg/tasks failed: Permission denied
03-26 13:04:58.628 13007 14463 E SchedPolicy: open of dev/cpuctl/bg_non_interactive/limit_bg/tasks failed: Permission denied
03-26 13:05:04.134  1265  1389 I chatty  : uid=1000(system) UEventObserver expire 2 lines
03-26 13:05:04.139  1265  1265 I chatty  : uid=1000 system_server expire 2 lines
03-26 13:05:29.733  1265  1410 I chatty  : uid=1000(system) NetdConnector expire 4 lines
03-26 13:05:29.739  1265  1291 I chatty  : uid=1000(system) android.fg expire 176 lines
03-26 13:05:34.286  1265  1389 I chatty  : uid=1000(system) UEventObserver expire 18 lines
03-26 13:05:34.301  1265  1265 I chatty  : uid=1000 system_server expire 11 lines
03-26 13:05:59.293  1265  1410 I chatty  : uid=1000(system) NetdConnector expire 32 lines
03-26 13:06:58.863  1265  1296 I chatty  : uid=1000(system) CpuTracker expire 1 line
03-26 13:08:27.248  1265  1396 I chatty  : uid=1000(system) AlarmManager expire 4 lines
03-26 13:08:27.302  1265 15427 I chatty  : uid=1000 system_server expire 3 lines
03-26 13:08:27.344  1265 15428 I chatty  : uid=1000 system_server expire 3 lines
03-26 13:09:59.139 14465 15853 E SchedPolicy: open of dev/cpuctl/limit_fg/tasks failed: Permission denied
03-26 13:09:59.139 14465 15853 E SchedPolicy: open of dev/cpuctl/bg_non_interactive/limit_bg/tasks failed: Permission denied
03-26 13:10:05.821  1265  1389 I chatty  : uid=1000(system) UEventObserver expire 6 lines
03-26 13:10:05.835  1265  1265 I chatty  : uid=1000 system_server expire 3 lines
03-26 13:10:31.156  1265  1409 I chatty  : uid=1000(system) Binder:1265_3 expire 1 line
03-26 13:10:31.177  1265  2320 I chatty  : uid=1000(system) Binder:1265_9 expire 1 line
03-26 13:10:31.182  1265  2727 I chatty  : uid=1000(system) Binder:1265_14 expire 1 line
03-26 13:10:31.186  1265  1968 I chatty  : uid=1000(system) Binder:1265_5 expire 2 lines
03-26 13:10:31.869  1265  2321 I chatty  : uid=1000(system) Binder:1265_A expire 1 line
03-26 13:10:31.874  1265  2598 I chatty  : uid=1000(system) Binder:1265_D expire 1 line
03-26 13:10:32.077  1265  1281 I chatty  : uid=1000(system) Binder:1265_2 expire 1 line
03-26 13:11:18.338  1265  1410 I chatty  : uid=1000(system) NetdConnector expire 2 lines
03-26 13:11:18.348  1265  1291 I chatty  : uid=1000(system) android.fg expire 88 lines
03-26 13:11:27.291  1265  1410 I chatty  : uid=1000(system) NetdConnector expire 18 lines
03-26 13:11:29.980  1265  1265 I chatty  : uid=1000 system_server expire 13 lines
03-26 13:11:36.365  1265  1389 I chatty  : uid=1000(system) UEventObserver expire 14 lines
03-26 13:13:03.328  1265  1283 I chatty  : uid=1000(system) ActivityManager expire 1 line
03-26 13:13:52.022  1265  1396 I chatty  : uid=1000(system) AlarmManager expire 3 lines
03-26 13:14:59.647 15855 17235 E SchedPolicy: open of dev/cpuctl/limit_fg/tasks failed: Permission denied
03-26 13:14:59.647 15855 17235 E SchedPolicy: open of dev/cpuctl/bg_non_interactive/limit_bg/tasks failed: Permission denied
03-26 13:15:07.579  1265  1389 I chatty  : uid=1000(system) UEventObserver expire 10 lines
03-26 13:15:07.592  1265  1265 I chatty  : uid=1000 system_server expire 6 lines
03-26 13:15:30.735  1265  1410 I chatty  : uid=1000(system) NetdConnector expire 20 lines
03-26 13:15:30.745  1265  1291 I chatty  : uid=1000(system) android.fg expire 85 lines
03-26 13:16:01.290  1265  2598 I chatty  : uid=1000(system) Binder:1265_D expire 1 line
03-26 13:16:01.291  1265  1438 I chatty  : uid=1000(system) ConnectivitySer expire 4 lines
03-26 13:17:32.117  1265  1291 I chatty  : uid=1000(system) android.fg expire 91 lines
03-26 13:17:38.779  1265  1389 I chatty  : uid=1000(system) UEventObserver expire 10 lines
03-26 13:17:38.788  1265  1265 I chatty  : uid=1000 system_server expire 10 lines
03-26 13:17:59.253  1265  1410 I chatty  : uid=1000(system) NetdConnector expire 16 lines
03-26 13:18:20.154  1265  1979 I chatty  : uid=1000(system) Binder:1265_7 expire 1 line
03-26 13:18:20.216  1265  2766 I chatty  : uid=1000(system) Binder:1265_17 expire 2 lines
03-26 13:19:05.880  1265  2320 I chatty  : uid=1000(system) Binder:1265_9 expire 1 line
03-26 13:19:05.913  1265  1885 I chatty  : uid=1000(system) LocationThread expire 5 lines
03-26 13:19:05.919  1265  1280 I chatty  : uid=1000(system) Binder:1265_1 expire 1 line
03-26 13:19:05.920  1265 18403 I chatty  : uid=1000 system_server expire 4 lines
03-26 13:19:06.052  1265  2176 I chatty  : uid=1000(system) IPC Thread expire 22 lines
03-26 13:19:16.086  1265 18405 I chatty  : uid=1000 system_server expire 1 line
03-26 13:20:00.109 17237 18675 E SchedPolicy: open of dev/cpuctl/limit_fg/tasks failed: Permission denied
03-26 13:20:00.109 17237 18675 E SchedPolicy: open of dev/cpuctl/bg_non_interactive/limit_bg/tasks failed: Permission denied
03-26 13:20:09.741  1265  1389 I chatty  : uid=1000(system) UEventObserver expire 6 lines
03-26 13:20:09.749  1265  1265 I chatty  : uid=1000 system_server expire 4 lines
03-26 13:20:31.212  1265  1410 I chatty  : uid=1000(system) NetdConnector expire 16 lines
03-26 13:20:31.218  1265  1291 I chatty  : uid=1000(system) android.fg expire 64 lines
03-26 13:20:43.191  1265  1282 I chatty  : uid=1000(system) android.bg expire 1 line
03-26 13:21:29.067  1265  1291 I chatty  : uid=1000(system) android.fg expire 112 lines
03-26 13:21:40.208  1265  1389 I chatty  : uid=1000(system) UEventObserver expire 14 lines
03-26 13:21:44.134  1265  1410 I chatty  : uid=1000(system) NetdConnector expire 24 lines
03-26 13:23:20.076  1265  1265 I chatty  : uid=1000 system_server expire 4 lines
03-26 13:23:20.079  1265  1396 I chatty  : uid=1000(system) AlarmManager expire 5 lines
03-26 13:23:44.939  1265  1411 I chatty  : uid=1000(system) NetworkStats expire 1 line
03-26 13:23:44.997  1265  2729 I chatty  : uid=1000(system) Binder:1265_16 expire 3 lines
03-26 13:23:45.040  1265  1979 I chatty  : uid=1000(system) Binder:1265_7 expire 3 lines
03-26 13:25:00.565 18677 20054 E SchedPolicy: open of dev/cpuctl/limit_fg/tasks failed: Permission denied
03-26 13:25:00.565 18677 20054 E SchedPolicy: open of dev/cpuctl/bg_non_interactive/limit_bg/tasks failed: Permission denied
03-26 13:25:03.508  1265  1410 I chatty  : uid=1000(system) NetdConnector expire 16 lines
03-26 13:25:11.569  1265  1389 I chatty  : uid=1000(system) UEventObserver expire 12 lines
03-26 13:25:59.345  1265  1291 I chatty  : uid=1000(system) android.fg expire 132 lines
03-26 13:27:59.251  1265  1410 I chatty  : uid=1000(system) NetdConnector expire 16 lines
03-26 13:28:12.611  1265  1389 I chatty  : uid=1000(system) UEventObserver expire 22 lines
03-26 13:28:18.445  1265  1265 I chatty  : uid=1000 system_server expire 13 lines
03-26 13:28:20.289  1265  1396 I chatty  : uid=1000(system) AlarmManager expire 3 lines
03-26 13:30:01.014 20056 21440 E SchedPolicy: open of dev/cpuctl/limit_fg/tasks failed: Permission denied
03-26 13:30:01.014 20056 21440 E SchedPolicy: open of dev/cpuctl/bg_non_interactive/limit_bg/tasks failed: Permission denied
03-26 13:30:25.382  1265  1288 I chatty  : uid=1000(system) batterystats-sy expire 3 lines
03-26 13:30:32.089  1265  1410 I chatty  : uid=1000(system) NetdConnector expire 18 lines
03-26 13:30:32.093  1265  1291 I chatty  : uid=1000(system) android.fg expire 89 lines
03-26 13:30:34.782  1265  2767 I chatty  : uid=1000(system) Binder:1265_18 expire 1 line
03-26 13:30:34.789  1265  2323 I chatty  : uid=1000(system) Binder:1265_C expire 1 line
03-26 13:30:34.792  1265  1280 I chatty  : uid=1000(system) Binder:1265_1 expire 2 lines
03-26 13:30:34.796  1265  2322 I chatty  : uid=1000(system) Binder:1265_B expire 2 lines
03-26 13:30:34.797  1265  2200 I chatty  : uid=1000(system) Binder:1265_8 expire 1 line
03-26 13:30:34.800  1265  2729 I chatty  : uid=1000(system) Binder:1265_16 expire 1 line
03-26 13:30:50.208  1265  2766 I chatty  : uid=1000(system) Binder:1265_17 expire 1 line
03-26 13:30:50.235  1265  2727 I chatty  : uid=1000(system) Binder:1265_14 expire 1 line
03-26 13:30:50.241  1265  1409 I chatty  : uid=1000(system) Binder:1265_3 expire 1 line
03-26 13:30:50.245  1265  1632 I chatty  : uid=1000(system) Binder:1265_4 expire 1 line
03-26 13:30:51.114  1265  1281 I chatty  : uid=1000(system) Binder:1265_2 expire 1 line
03-26 13:30:52.884  1265  2728 I chatty  : uid=1000(system) Binder:1265_15 expire 4 lines
03-26 13:30:52.927  1265  2598 I chatty  : uid=1000(system) Binder:1265_D expire 3 lines
03-26 13:33:35.789  1265  1291 I chatty  : uid=1000(system) android.fg expire 65 lines
03-26 13:33:35.829  1265  1396 I chatty  : uid=1000(system) AlarmManager expire 3 lines
03-26 13:33:35.963  1265  1410 I chatty  : uid=1000(system) NetdConnector expire 14 lines
03-26 13:33:44.381  1265  1389 I chatty  : uid=1000(system) UEventObserver expire 20 lines
03-26 13:34:05.768  1265  1265 I chatty  : uid=1000 system_server expire 9 lines
03-26 13:34:05.829  1265  1283 I chatty  : uid=1000(system) ActivityManager expire 6 lines
03-26 13:34:41.038  1265 22716 I chatty  : uid=1000 system_server expire 20 lines
03-26 13:35:01.462 21442 22825 E SchedPolicy: open of dev/cpuctl/limit_fg/tasks failed: Permission denied
03-26 13:35:01.462 21442 22825 E SchedPolicy: open of dev/cpuctl/bg_non_interactive/limit_bg/tasks failed: Permission denied
03-26 13:35:32.534  1265  1410 I chatty  : uid=1000(system) NetdConnector expire 19 lines
03-26 13:35:32.544  1265  1291 I chatty  : uid=1000(system) android.fg expire 110 lines
03-26 13:38:20.870  1265  1410 I chatty  : uid=1000(system) NetdConnector expire 31 lines
03-26 13:38:26.060  1265  2725 I chatty  : uid=1000(system) Binder:1265_12 expire 6 lines
03-26 13:38:26.064  1265  1409 I chatty  : uid=1000(system) Binder:1265_3 expire 2 lines
03-26 13:38:26.072  1265  2200 I chatty  : uid=1000(system) Binder:1265_8 expire 2 lines
03-26 13:38:26.076  1265  1977 I chatty  : uid=1000(system) Binder:1265_6 expire 2 lines
03-26 13:38:26.081  7963 23766 E ActivityThread: Failed to find provider info for com.ludashi.benchmark.DownloadProvider
03-26 13:38:26.089  1265  2726 I chatty  : uid=1000(system) Binder:1265_13 expire 2 lines
03-26 13:38:26.111  7963 23766 E ActivityThread: Failed to find provider info for com.ss.android.article.news.DownloadProvider
03-26 13:38:26.162  1265  2724 I chatty  : uid=1000(system) Binder:1265_11 expire 2 lines
03-26 13:38:26.239  1265  1885 I chatty  : uid=1000(system) LocationThread expire 5 lines
03-26 13:38:26.246  1265  2729 I chatty  : uid=1000(system) Binder:1265_16 expire 1 line
03-26 13:38:26.252  1265 23776 I chatty  : uid=1000 system_server expire 4 lines
03-26 13:38:26.376  1265  2176 I chatty  : uid=1000(system) IPC Thread expire 22 lines
03-26 13:38:27.402  1265  2766 I chatty  : uid=1000(system) Binder:1265_17 expire 1 line
03-26 13:38:27.415  1265  2767 I chatty  : uid=1000(system) Binder:1265_18 expire 1 line
03-26 13:38:27.426  1265  2728 I chatty  : uid=1000(system) Binder:1265_15 expire 2 lines
03-26 13:38:36.425  1265 23778 I chatty  : uid=1000 system_server expire 1 line
03-26 13:38:36.983  1265  1296 I chatty  : uid=1000(system) CpuTracker expire 2 lines
03-26 13:38:37.435  1265  1979 I chatty  : uid=1000(system) Binder:1265_7 expire 1 line
03-26 13:38:40.565  1265  1265 I chatty  : uid=1000 system_server expire 16 lines
03-26 13:38:46.126  1265  1389 I chatty  : uid=1000(system) UEventObserver expire 20 lines
03-26 13:40:01.940 22827 24244 E SchedPolicy: open of dev/cpuctl/limit_fg/tasks failed: Permission denied
03-26 13:40:01.940 22827 24244 E SchedPolicy: open of dev/cpuctl/bg_non_interactive/limit_bg/tasks failed: Permission denied
03-26 13:40:59.385  1265  1291 I chatty  : uid=1000(system) android.fg expire 110 lines
03-26 13:41:09.172  1265  1396 I chatty  : uid=1000(system) AlarmManager expire 1 line
03-26 13:41:09.256  1265 24563 I chatty  : uid=1000 system_server expire 3 lines
03-26 13:41:09.299  1265 24564 I chatty  : uid=1000 system_server expire 3 lines
03-26 13:43:31.263  1265  1291 D NetdConnector: RCV unsolicited event from native daemon, event = 613
03-26 13:43:31.267  1265  1291 D NetworkManagement: notifyInterfaceClassActivity: client is com.android.server.ConnectivityService$1@94caaf
03-26 13:43:31.270  1265  1291 D NetworkManagement: notifyInterfaceClassActivity: client is com.android.server.net.NetworkStatsService$6@12d247f
03-26 13:43:31.270  1265  1291 D NetworkManagement: notifyInterfaceClassActivity: client is android.net.INetworkManagementEventObserver$Stub$Proxy@64f9ba2
03-26 13:43:31.273  1265  1291 D NetworkManagement: notifyInterfaceClassActivity: client is com.android.server.connectivity.Vpn$2@6f7be21
03-26 13:43:31.273  1265  1291 D NetworkManagement: notifyInterfaceClassActivity: client is android.net.INetworkManagementEventObserver$Stub$Proxy@5f8ec61
03-26 13:43:31.275  1265  1291 D NetworkManagement: notifyInterfaceClassActivity: client is android.net.ip.IpManager$2@7284599
03-26 13:43:31.275  1265  1291 D NetworkManagement: notifyInterfaceClassActivity: client is com.android.server.connectivity.Tethering@7b1428e
03-26 13:43:31.275  1265  1291 D NetworkManagement: notifyInterfaceClassActivity: client is com.android.server.ethernet.EthernetNetworkFactory$InterfaceObserver@90f9e43
03-26 13:43:31.275  1265  1291 D NetworkManagement: notifyInterfaceClassActivity: client is com.android.server.net.NetworkPolicyManagerService$13@abcaa41
03-26 13:43:31.275  1265  1291 D NetworkManagement: notifyInterfaceClassActivity: client is com.android.server.connectivity.Vpn$2@d5b36a1
03-26 13:43:40.408  1265  1396 W ActivityManager: Sending non-protected broadcast com.huawei.intent.action.PUSH from system uid 1000 pkg android
03-26 13:43:40.435  1265  1396 W ActivityManager: Sending non-protected broadcast com.huawei.hwsystemmanager.power.SCHEDULE_RECORD_REMAING_TIME_SCENE from system uid 1000 pkg com.huawei.systemmanager
03-26 13:43:40.437  1265  1396 W ActivityManager: Sending non-protected broadcast com.huawei.hwsystemmanager.power.SCHEDULE_RECORD_REMAING_TIME_SCENE from system uid u10s1000 pkg com.huawei.systemmanager
03-26 13:43:40.504  1265  1410 D NetdConnector: RCV <- {pattern.matcher(rawEventLog) fail}
03-26 13:43:40.505  1265  1410 D NetdConnector: RCV <- {pattern.matcher(eventLog) fail}
03-26 13:43:40.507  1265  1291 D NetdConnector: RCV unsolicited event from native daemon, event = 613
03-26 13:43:40.507  1265  1291 D NetworkManagement: notifyInterfaceClassActivity: client is com.android.server.ConnectivityService$1@94caaf
03-26 13:43:40.508  1265  1291 D NetworkManagement: notifyInterfaceClassActivity: client is com.android.server.net.NetworkStatsService$6@12d247f
03-26 13:43:40.508  1265  1291 D NetworkManagement: notifyInterfaceClassActivity: client is android.net.INetworkManagementEventObserver$Stub$Proxy@64f9ba2
03-26 13:43:40.509  1265  1291 D NetworkManagement: notifyInterfaceClassActivity: client is com.android.server.connectivity.Vpn$2@6f7be21
03-26 13:43:40.509  1265  1291 D NetworkManagement: notifyInterfaceClassActivity: client is android.net.INetworkManagementEventObserver$Stub$Proxy@5f8ec61
03-26 13:43:40.509  1265  1291 D NetworkManagement: notifyInterfaceClassActivity: client is android.net.ip.IpManager$2@7284599
03-26 13:43:40.509  1265  1291 D NetworkManagement: notifyInterfaceClassActivity: client is com.android.server.connectivity.Tethering@7b1428e
03-26 13:43:40.509  1265  1291 D NetworkManagement: notifyInterfaceClassActivity: client is com.android.server.ethernet.EthernetNetworkFactory$InterfaceObserver@90f9e43
03-26 13:43:40.509  1265  1291 D NetworkManagement: notifyInterfaceClassActivity: client is com.android.server.net.NetworkPolicyManagerService$13@abcaa41
03-26 13:43:40.509  1265  1291 D NetworkManagement: notifyInterfaceClassActivity: client is com.android.server.connectivity.Vpn$2@d5b36a1
03-26 13:43:47.810  1265  1389 D HwBatteryService: onUEvent fcpStatus = 0,scpStatus =0,ovpStatus=0
03-26 13:43:47.812  1265  1389 I UsbDeviceManager: water_intrused state= 0
03-26 13:43:47.819  1265  1265 D WifiService: onReceive, action:android.intent.action.BATTERY_CHANGED
03-26 13:43:47.819  1265  1265 D WifiService: ACTION_BATTERY_CHANGED pluggedType: 2
03-26 13:43:59.292  1265  1410 D NetdConnector: RCV <- {pattern.matcher(rawEventLog) fail}
03-26 13:43:59.295  1265  1410 D NetdConnector: RCV <- {pattern.matcher(eventLog) fail}
03-26 13:43:59.298  1265  1291 D NetdConnector: RCV unsolicited event from native daemon, event = 613
03-26 13:43:59.300  1265  1291 D NetworkManagement: notifyInterfaceClassActivity: client is com.android.server.ConnectivityService$1@94caaf
03-26 13:43:59.301  1265  1291 D NetworkManagement: notifyInterfaceClassActivity: client is com.android.server.net.NetworkStatsService$6@12d247f
03-26 13:43:59.301  1265  1291 D NetworkManagement: notifyInterfaceClassActivity: client is android.net.INetworkManagementEventObserver$Stub$Proxy@64f9ba2
03-26 13:43:59.302  1265  1291 D NetworkManagement: notifyInterfaceClassActivity: client is com.android.server.connectivity.Vpn$2@6f7be21
03-26 13:43:59.303  1265  1291 D NetworkManagement: notifyInterfaceClassActivity: client is android.net.INetworkManagementEventObserver$Stub$Proxy@5f8ec61
03-26 13:43:59.303  1265  1291 D NetworkManagement: notifyInterfaceClassActivity: client is android.net.ip.IpManager$2@7284599
03-26 13:43:59.303  1265  1291 D NetworkManagement: notifyInterfaceClassActivity: client is com.android.server.connectivity.Tethering@7b1428e
03-26 13:43:59.303  1265  1291 D NetworkManagement: notifyInterfaceClassActivity: client is com.android.server.ethernet.EthernetNetworkFactory$InterfaceObserver@90f9e43
03-26 13:43:59.303  1265  1291 D NetworkManagement: notifyInterfaceClassActivity: client is com.android.server.net.NetworkPolicyManagerService$13@abcaa41
03-26 13:43:59.304  1265  1291 D NetworkManagement: notifyInterfaceClassActivity: client is com.android.server.connectivity.Vpn$2@d5b36a1
03-26 13:44:17.976  1265  1389 D HwBatteryService: onUEvent fcpStatus = 0,scpStatus =0,ovpStatus=0
03-26 13:44:17.980  1265  1389 I UsbDeviceManager: water_intrused state= 0
03-26 13:44:17.985  1265  1265 D WifiService: onReceive, action:android.intent.action.BATTERY_CHANGED
03-26 13:44:17.985  1265  1265 D WifiService: ACTION_BATTERY_CHANGED pluggedType: 2
03-26 13:44:48.220  1265  1389 D HwBatteryService: onUEvent fcpStatus = 0,scpStatus =0,ovpStatus=0
03-26 13:44:48.223  1265  1389 I UsbDeviceManager: water_intrused state= 0
03-26 13:44:49.427  1265  1410 D NetdConnector: RCV <- {pattern.matcher(rawEventLog) fail}
03-26 13:44:49.432  1265  1410 D NetdConnector: RCV <- {pattern.matcher(eventLog) fail}
03-26 13:44:49.437  1265  1291 D NetdConnector: RCV unsolicited event from native daemon, event = 613
03-26 13:44:49.441  1265  1291 D NetworkManagement: notifyInterfaceClassActivity: client is com.android.server.ConnectivityService$1@94caaf
03-26 13:44:49.444  1265  1291 D NetworkManagement: notifyInterfaceClassActivity: client is com.android.server.net.NetworkStatsService$6@12d247f
03-26 13:44:49.444  1265  1291 D NetworkManagement: notifyInterfaceClassActivity: client is android.net.INetworkManagementEventObserver$Stub$Proxy@64f9ba2
03-26 13:44:49.447  1265  1291 D NetworkManagement: notifyInterfaceClassActivity: client is com.android.server.connectivity.Vpn$2@6f7be21
03-26 13:44:49.448  1265  1291 D NetworkManagement: notifyInterfaceClassActivity: client is android.net.INetworkManagementEventObserver$Stub$Proxy@5f8ec61
03-26 13:44:49.450  1265  1291 D NetworkManagement: notifyInterfaceClassActivity: client is android.net.ip.IpManager$2@7284599
03-26 13:44:49.450  1265  1291 D NetworkManagement: notifyInterfaceClassActivity: client is com.android.server.connectivity.Tethering@7b1428e
03-26 13:44:49.450  1265  1291 D NetworkManagement: notifyInterfaceClassActivity: client is com.android.server.ethernet.EthernetNetworkFactory$InterfaceObserver@90f9e43
03-26 13:44:49.450  1265  1291 D NetworkManagement: notifyInterfaceClassActivity: client is com.android.server.net.NetworkPolicyManagerService$13@abcaa41
03-26 13:44:49.450  1265  1291 D NetworkManagement: notifyInterfaceClassActivity: client is com.android.server.connectivity.Vpn$2@d5b36a1
03-26 13:45:02.439 24246 25638 E SchedPolicy: open of dev/cpuctl/limit_fg/tasks failed: Permission denied
03-26 13:45:02.439 24246 25638 E SchedPolicy: open of dev/cpuctl/bg_non_interactive/limit_bg/tasks failed: Permission denied
03-26 13:45:18.462  1265  1389 D HwBatteryService: onUEvent fcpStatus = 0,scpStatus =0,ovpStatus=0
03-26 13:45:18.465  1265  1389 I UsbDeviceManager: water_intrused state= 0
03-26 13:45:33.533  1265  1410 D NetdConnector: RCV <- {pattern.matcher(rawEventLog) fail}
03-26 13:45:33.537  1265  1410 D NetdConnector: RCV <- {pattern.matcher(eventLog) fail}
03-26 13:45:33.543  1265  1291 D NetdConnector: RCV unsolicited event from native daemon, event = 613
03-26 13:45:33.546  1265  1291 D NetworkManagement: notifyInterfaceClassActivity: client is com.android.server.ConnectivityService$1@94caaf
03-26 13:45:33.550  1265  1291 D NetworkManagement: notifyInterfaceClassActivity: client is com.android.server.net.NetworkStatsService$6@12d247f
03-26 13:45:33.550  1265  1291 D NetworkManagement: notifyInterfaceClassActivity: client is android.net.INetworkManagementEventObserver$Stub$Proxy@64f9ba2
03-26 13:45:33.552  1265  1291 D NetworkManagement: notifyInterfaceClassActivity: client is com.android.server.connectivity.Vpn$2@6f7be21
03-26 13:45:33.553  1265  1291 D NetworkManagement: notifyInterfaceClassActivity: client is android.net.INetworkManagementEventObserver$Stub$Proxy@5f8ec61
03-26 13:45:33.555  1265  1291 D NetworkManagement: notifyInterfaceClassActivity: client is android.net.ip.IpManager$2@7284599
03-26 13:45:33.555  1265  1291 D NetworkManagement: notifyInterfaceClassActivity: client is com.android.server.connectivity.Tethering@7b1428e
03-26 13:45:33.555  1265  1291 D NetworkManagement: notifyInterfaceClassActivity: client is com.android.server.ethernet.EthernetNetworkFactory$InterfaceObserver@90f9e43
03-26 13:45:33.555  1265  1291 D NetworkManagement: notifyInterfaceClassActivity: client is com.android.server.net.NetworkPolicyManagerService$13@abcaa41
03-26 13:45:33.555  1265  1291 D NetworkManagement: notifyInterfaceClassActivity: client is com.android.server.connectivity.Vpn$2@d5b36a1
03-26 13:45:34.535  1265  1410 D NetdConnector: RCV <- {pattern.matcher(rawEventLog) fail}
03-26 13:45:34.540  1265  1410 D NetdConnector: RCV <- {pattern.matcher(eventLog) fail}
03-26 13:45:34.545  1265  1291 D NetdConnector: RCV unsolicited event from native daemon, event = 613
03-26 13:45:34.548  1265  1291 D NetworkManagement: notifyInterfaceClassActivity: client is com.android.server.ConnectivityService$1@94caaf
03-26 13:45:34.551  1265  1291 D NetworkManagement: notifyInterfaceClassActivity: client is com.android.server.net.NetworkStatsService$6@12d247f
03-26 13:45:34.551  1265  1291 D NetworkManagement: notifyInterfaceClassActivity: client is android.net.INetworkManagementEventObserver$Stub$Proxy@64f9ba2
03-26 13:45:34.553  1265  1291 D NetworkManagement: notifyInterfaceClassActivity: client is com.android.server.connectivity.Vpn$2@6f7be21
03-26 13:45:34.553  1265  1291 D NetworkManagement: notifyInterfaceClassActivity: client is android.net.INetworkManagementEventObserver$Stub$Proxy@5f8ec61
03-26 13:45:34.555  1265  1291 D NetworkManagement: notifyInterfaceClassActivity: client is android.net.ip.IpManager$2@7284599
03-26 13:45:34.556  1265  1291 D NetworkManagement: notifyInterfaceClassActivity: client is com.android.server.connectivity.Tethering@7b1428e
03-26 13:45:34.556  1265  1291 D NetworkManagement: notifyInterfaceClassActivity: client is com.android.server.ethernet.EthernetNetworkFactory$InterfaceObserver@90f9e43
03-26 13:45:34.556  1265  1291 D NetworkManagement: notifyInterfaceClassActivity: client is com.android.server.net.NetworkPolicyManagerService$13@abcaa41
03-26 13:45:34.556  1265  1291 D NetworkManagement: notifyInterfaceClassActivity: client is com.android.server.connectivity.Vpn$2@d5b36a1
03-26 13:45:48.701  1265  1389 D HwBatteryService: onUEvent fcpStatus = 0,scpStatus =0,ovpStatus=0
03-26 13:45:48.704  1265  1389 I UsbDeviceManager: water_intrused state= 0
03-26 13:45:59.333  1265  1410 D NetdConnector: RCV <- {pattern.matcher(rawEventLog) fail}
03-26 13:45:59.337  1265  1410 D NetdConnector: RCV <- {pattern.matcher(eventLog) fail}
03-26 13:45:59.343  1265  1291 D NetdConnector: RCV unsolicited event from native daemon, event = 613
03-26 13:45:59.346  1265  1291 D NetworkManagement: notifyInterfaceClassActivity: client is com.android.server.ConnectivityService$1@94caaf
03-26 13:45:59.350  1265  1291 D NetworkManagement: notifyInterfaceClassActivity: client is com.android.server.net.NetworkStatsService$6@12d247f
03-26 13:45:59.350  1265  1291 D NetworkManagement: notifyInterfaceClassActivity: client is android.net.INetworkManagementEventObserver$Stub$Proxy@64f9ba2
03-26 13:45:59.352  1265  1291 D NetworkManagement: notifyInterfaceClassActivity: client is com.android.server.connectivity.Vpn$2@6f7be21
03-26 13:45:59.352  1265  1291 D NetworkManagement: notifyInterfaceClassActivity: client is android.net.INetworkManagementEventObserver$Stub$Proxy@5f8ec61
03-26 13:45:59.353  1265  1291 D NetworkManagement: notifyInterfaceClassActivity: client is android.net.ip.IpManager$2@7284599
03-26 13:45:59.353  1265  1291 D NetworkManagement: notifyInterfaceClassActivity: client is com.android.server.connectivity.Tethering@7b1428e
03-26 13:45:59.354  1265  1291 D NetworkManagement: notifyInterfaceClassActivity: client is com.android.server.ethernet.EthernetNetworkFactory$InterfaceObserver@90f9e43
03-26 13:45:59.354  1265  1291 D NetworkManagement: notifyInterfaceClassActivity: client is com.android.server.net.NetworkPolicyManagerService$13@abcaa41
03-26 13:45:59.354  1265  1291 D NetworkManagement: notifyInterfaceClassActivity: client is com.android.server.connectivity.Vpn$2@d5b36a1
03-26 13:46:06.654  1265  1410 D NetdConnector: RCV <- {pattern.matcher(rawEventLog) fail}
03-26 13:46:06.657  1265  1410 D NetdConnector: RCV <- {pattern.matcher(eventLog) fail}
03-26 13:46:06.660  1265  1291 D NetdConnector: RCV unsolicited event from native daemon, event = 613
03-26 13:46:06.662  1265  1291 D NetworkManagement: notifyInterfaceClassActivity: client is com.android.server.ConnectivityService$1@94caaf
03-26 13:46:06.663  1265  1291 D NetworkManagement: notifyInterfaceClassActivity: client is com.android.server.net.NetworkStatsService$6@12d247f
03-26 13:46:06.663  1265  1291 D NetworkManagement: notifyInterfaceClassActivity: client is android.net.INetworkManagementEventObserver$Stub$Proxy@64f9ba2
03-26 13:46:06.664  1265  1291 D NetworkManagement: notifyInterfaceClassActivity: client is com.android.server.connectivity.Vpn$2@6f7be21
03-26 13:46:06.664  1265  1291 D NetworkManagement: notifyInterfaceClassActivity: client is android.net.INetworkManagementEventObserver$Stub$Proxy@5f8ec61
03-26 13:46:06.665  1265  1291 D NetworkManagement: notifyInterfaceClassActivity: client is android.net.ip.IpManager$2@7284599
03-26 13:46:06.665  1265  1291 D NetworkManagement: notifyInterfaceClassActivity: client is com.android.server.connectivity.Tethering@7b1428e
03-26 13:46:06.665  1265  1291 D NetworkManagement: notifyInterfaceClassActivity: client is com.android.server.ethernet.EthernetNetworkFactory$InterfaceObserver@90f9e43
03-26 13:46:06.665  1265  1291 D NetworkManagement: notifyInterfaceClassActivity: client is com.android.server.net.NetworkPolicyManagerService$13@abcaa41
03-26 13:46:06.665  1265  1291 D NetworkManagement: notifyInterfaceClassActivity: client is com.android.server.connectivity.Vpn$2@d5b36a1
03-26 13:46:18.942  1265  1389 D HwBatteryService: onUEvent fcpStatus = 0,scpStatus =0,ovpStatus=0
03-26 13:46:18.945  1265  1389 I UsbDeviceManager: water_intrused state= 0
03-26 13:46:21.699  1265  1410 D NetdConnector: RCV <- {pattern.matcher(rawEventLog) fail}
03-26 13:46:21.703  1265  1410 D NetdConnector: RCV <- {pattern.matcher(eventLog) fail}
03-26 13:46:21.708  1265  1291 D NetdConnector: RCV unsolicited event from native daemon, event = 613
03-26 13:46:21.712  1265  1291 D NetworkManagement: notifyInterfaceClassActivity: client is com.android.server.ConnectivityService$1@94caaf
03-26 13:46:21.715  1265  1291 D NetworkManagement: notifyInterfaceClassActivity: client is com.android.server.net.NetworkStatsService$6@12d247f
03-26 13:46:21.715  1265  1291 D NetworkManagement: notifyInterfaceClassActivity: client is android.net.INetworkManagementEventObserver$Stub$Proxy@64f9ba2
03-26 13:46:21.717  1265  1291 D NetworkManagement: notifyInterfaceClassActivity: client is com.android.server.connectivity.Vpn$2@6f7be21
03-26 13:46:21.717  1265  1291 D NetworkManagement: notifyInterfaceClassActivity: client is android.net.INetworkManagementEventObserver$Stub$Proxy@5f8ec61
03-26 13:46:21.719  1265  1291 D NetworkManagement: notifyInterfaceClassActivity: client is android.net.ip.IpManager$2@7284599
03-26 13:46:21.719  1265  1291 D NetworkManagement: notifyInterfaceClassActivity: client is com.android.server.connectivity.Tethering@7b1428e
03-26 13:46:21.720  1265  1291 D NetworkManagement: notifyInterfaceClassActivity: client is com.android.server.ethernet.EthernetNetworkFactory$InterfaceObserver@90f9e43
03-26 13:46:21.720  1265  1291 D NetworkManagement: notifyInterfaceClassActivity: client is com.android.server.net.NetworkPolicyManagerService$13@abcaa41
03-26 13:46:21.720  1265  1291 D NetworkManagement: notifyInterfaceClassActivity: client is com.android.server.connectivity.Vpn$2@d5b36a1
03-26 13:46:29.371  1265  1410 D NetdConnector: RCV <- {pattern.matcher(rawEventLog) fail}
03-26 13:46:29.375  1265  1410 D NetdConnector: RCV <- {pattern.matcher(eventLog) fail}
03-26 13:46:29.380  1265  1291 D NetdConnector: RCV unsolicited event from native daemon, event = 613
03-26 13:46:29.383  1265  1291 D NetworkManagement: notifyInterfaceClassActivity: client is com.android.server.ConnectivityService$1@94caaf
03-26 13:46:29.386  1265  1291 D NetworkManagement: notifyInterfaceClassActivity: client is com.android.server.net.NetworkStatsService$6@12d247f
03-26 13:46:29.386  1265  1291 D NetworkManagement: notifyInterfaceClassActivity: client is android.net.INetworkManagementEventObserver$Stub$Proxy@64f9ba2
03-26 13:46:29.389  1265  1291 D NetworkManagement: notifyInterfaceClassActivity: client is com.android.server.connectivity.Vpn$2@6f7be21
03-26 13:46:29.389  1265  1291 D NetworkManagement: notifyInterfaceClassActivity: client is android.net.INetworkManagementEventObserver$Stub$Proxy@5f8ec61
03-26 13:46:29.391  1265  1291 D NetworkManagement: notifyInterfaceClassActivity: client is android.net.ip.IpManager$2@7284599
03-26 13:46:29.392  1265  1291 D NetworkManagement: notifyInterfaceClassActivity: client is com.android.server.connectivity.Tethering@7b1428e
03-26 13:46:29.392  1265  1291 D NetworkManagement: notifyInterfaceClassActivity: client is com.android.server.ethernet.EthernetNetworkFactory$InterfaceObserver@90f9e43
03-26 13:46:29.392  1265  1291 D NetworkManagement: notifyInterfaceClassActivity: client is com.android.server.net.NetworkPolicyManagerService$13@abcaa41
03-26 13:46:29.392  1265  1291 D NetworkManagement: notifyInterfaceClassActivity: client is com.android.server.connectivity.Vpn$2@d5b36a1
03-26 13:46:49.172  1265  1389 D HwBatteryService: onUEvent fcpStatus = 0,scpStatus =0,ovpStatus=0
03-26 13:46:49.175  1265  1389 I UsbDeviceManager: water_intrused state= 0
03-26 13:46:49.181  1265  1265 D WifiService: onReceive, action:android.intent.action.BATTERY_CHANGED
03-26 13:46:49.181  1265  1265 D WifiService: ACTION_BATTERY_CHANGED pluggedType: 2
03-26 13:46:59.290  1265  1410 D NetdConnector: RCV <- {pattern.matcher(rawEventLog) fail}
03-26 13:46:59.294  1265  1410 D NetdConnector: RCV <- {pattern.matcher(eventLog) fail}
03-26 13:46:59.297  1265  1291 D NetdConnector: RCV unsolicited event from native daemon, event = 613
03-26 13:46:59.300  1265  1291 D NetworkManagement: notifyInterfaceClassActivity: client is com.android.server.ConnectivityService$1@94caaf
03-26 13:46:59.301  1265  1291 D NetworkManagement: notifyInterfaceClassActivity: client is com.android.server.net.NetworkStatsService$6@12d247f
03-26 13:46:59.301  1265  1291 D NetworkManagement: notifyInterfaceClassActivity: client is android.net.INetworkManagementEventObserver$Stub$Proxy@64f9ba2
03-26 13:46:59.303  1265  1291 D NetworkManagement: notifyInterfaceClassActivity: client is com.android.server.connectivity.Vpn$2@6f7be21
03-26 13:46:59.303  1265  1291 D NetworkManagement: notifyInterfaceClassActivity: client is android.net.INetworkManagementEventObserver$Stub$Proxy@5f8ec61
03-26 13:46:59.304  1265  1291 D NetworkManagement: notifyInterfaceClassActivity: client is android.net.ip.IpManager$2@7284599
03-26 13:46:59.304  1265  1291 D NetworkManagement: notifyInterfaceClassActivity: client is com.android.server.connectivity.Tethering@7b1428e
03-26 13:46:59.304  1265  1291 D NetworkManagement: notifyInterfaceClassActivity: client is com.android.server.ethernet.EthernetNetworkFactory$InterfaceObserver@90f9e43
03-26 13:46:59.304  1265  1291 D NetworkManagement: notifyInterfaceClassActivity: client is com.android.server.net.NetworkPolicyManagerService$13@abcaa41
03-26 13:46:59.304  1265  1291 D NetworkManagement: notifyInterfaceClassActivity: client is com.android.server.connectivity.Vpn$2@d5b36a1
03-26 13:47:19.328  1265  1389 D HwBatteryService: onUEvent fcpStatus = 0,scpStatus =0,ovpStatus=0
03-26 13:47:19.331  1265  1389 I UsbDeviceManager: water_intrused state= 0
03-26 13:47:19.337  1265  1265 D WifiService: onReceive, action:android.intent.action.BATTERY_CHANGED
03-26 13:47:19.337  1265  1265 D WifiService: ACTION_BATTERY_CHANGED pluggedType: 2
03-26 13:47:39.254  1265  1265 V AlarmManager: Received TIME_TICK alarm; rescheduling
03-26 13:47:39.325  1265  1410 D NetdConnector: RCV <- {pattern.matcher(rawEventLog) fail}
03-26 13:47:39.326  1265  1410 D NetdConnector: RCV <- {pattern.matcher(eventLog) fail}
03-26 13:47:40.346  1265  1410 D NetdConnector: RCV <- {pattern.matcher(rawEventLog) fail}
03-26 13:47:40.351  1265  1410 D NetdConnector: RCV <- {pattern.matcher(eventLog) fail}
03-26 13:47:40.357  1265  1291 D NetdConnector: RCV unsolicited event from native daemon, event = 613
03-26 13:47:40.361  1265  1291 D NetworkManagement: notifyInterfaceClassActivity: client is com.android.server.ConnectivityService$1@94caaf
03-26 13:47:40.364  1265  1291 D NetworkManagement: notifyInterfaceClassActivity: client is com.android.server.net.NetworkStatsService$6@12d247f
03-26 13:47:40.364  1265  1291 D NetworkManagement: notifyInterfaceClassActivity: client is android.net.INetworkManagementEventObserver$Stub$Proxy@64f9ba2
