03-26 13:47:40.366  1265  1291 D NetworkManagement: notifyInterfaceClassActivity: client is com.android.server.connectivity.Vpn$2@6f7be21
03-26 13:47:40.366  1265  1291 D NetworkManagement: notifyInterfaceClassActivity: client is android.net.INetworkManagementEventObserver$Stub$Proxy@5f8ec61
03-26 13:47:40.369  1265  1291 D NetworkManagement: notifyInterfaceClassActivity: client is android.net.ip.IpManager$2@7284599
03-26 13:47:40.369  1265  1291 D NetworkManagement: notifyInterfaceClassActivity: client is com.android.server.connectivity.Tethering@7b1428e
03-26 13:47:40.369  1265  1291 D NetworkManagement: notifyInterfaceClassActivity: client is com.android.server.ethernet.EthernetNetworkFactory$InterfaceObserver@90f9e43
03-26 13:47:40.369  1265  1291 D NetworkManagement: notifyInterfaceClassActivity: client is com.android.server.net.NetworkPolicyManagerService$13@abcaa41
03-26 13:47:40.369  1265  1291 D NetworkManagement: notifyInterfaceClassActivity: client is com.android.server.connectivity.Vpn$2@d5b36a1
03-26 13:47:49.352  1265  1410 D NetdConnector: RCV <- {pattern.matcher(rawEventLog) fail}
03-26 13:47:49.354  1265  1410 D NetdConnector: RCV <- {pattern.matcher(eventLog) fail}
03-26 13:47:49.498  1265  1389 D HwBatteryService: onUEvent fcpStatus = 0,scpStatus =0,ovpStatus=0
03-26 13:47:49.501  1265  1389 I UsbDeviceManager: water_intrused state= 0
03-26 13:47:49.507  1265  1265 D WifiService: onReceive, action:android.intent.action.BATTERY_CHANGED
03-26 13:47:49.507  1265  1265 D WifiService: ACTION_BATTERY_CHANGED pluggedType: 2
03-26 13:47:59.294  1265  1410 D NetdConnector: RCV <- {pattern.matcher(rawEventLog) fail}
03-26 13:47:59.299  1265  1410 D NetdConnector: RCV <- {pattern.matcher(eventLog) fail}
03-26 13:47:59.302  1265  1291 D NetdConnector: RCV unsolicited event from native daemon, event = 613
03-26 13:47:59.304  1265  1291 D NetworkManagement: notifyInterfaceClassActivity: client is com.android.server.ConnectivityService$1@94caaf
03-26 13:47:59.305  1265  1291 D NetworkManagement: notifyInterfaceClassActivity: client is com.android.server.net.NetworkStatsService$6@12d247f
03-26 13:47:59.305  1265  1291 D NetworkManagement: notifyInterfaceClassActivity: client is android.net.INetworkManagementEventObserver$Stub$Proxy@64f9ba2
03-26 13:47:59.306  1265  1291 D NetworkManagement: notifyInterfaceClassActivity: client is com.android.server.connectivity.Vpn$2@6f7be21
03-26 13:47:59.306  1265  1291 D NetworkManagement: notifyInterfaceClassActivity: client is android.net.INetworkManagementEventObserver$Stub$Proxy@5f8ec61
03-26 13:47:59.307  1265  1291 D NetworkManagement: notifyInterfaceClassActivity: client is android.net.ip.IpManager$2@7284599
03-26 13:47:59.307  1265  1291 D NetworkManagement: notifyInterfaceClassActivity: client is com.android.server.connectivity.Tethering@7b1428e
03-26 13:47:59.308  1265  1291 D NetworkManagement: notifyInterfaceClassActivity: client is com.android.server.ethernet.EthernetNetworkFactory$InterfaceObserver@90f9e43
03-26 13:47:59.308  1265  1291 D NetworkManagement: notifyInterfaceClassActivity: client is com.android.server.net.NetworkPolicyManagerService$13@abcaa41
03-26 13:47:59.308  1265  1291 D NetworkManagement: notifyInterfaceClassActivity: client is com.android.server.connectivity.Vpn$2@d5b36a1
03-26 13:48:06.086  1265  1265 V AlarmManager: Received TIME_TICK alarm; rescheduling
03-26 13:48:06.281  1265  1410 D NetdConnector: RCV <- {pattern.matcher(rawEventLog) fail}
03-26 13:48:06.282  1265  1410 D NetdConnector: RCV <- {pattern.matcher(eventLog) fail}
03-26 13:48:06.283  1265  1291 D NetdConnector: RCV unsolicited event from native daemon, event = 613
03-26 13:48:06.284  1265  1291 D NetworkManagement: notifyInterfaceClassActivity: client is com.android.server.ConnectivityService$1@94caaf
03-26 13:48:06.288  1265  1291 D NetworkManagement: notifyInterfaceClassActivity: client is com.android.server.net.NetworkStatsService$6@12d247f
03-26 13:48:06.288  1265  1291 D NetworkManagement: notifyInterfaceClassActivity: client is android.net.INetworkManagementEventObserver$Stub$Proxy@64f9ba2
03-26 13:48:06.288  1265  1291 D NetworkManagement: notifyInterfaceClassActivity: client is com.android.server.connectivity.Vpn$2@6f7be21
03-26 13:48:06.288  1265  1291 D NetworkManagement: notifyInterfaceClassActivity: client is android.net.INetworkManagementEventObserver$Stub$Proxy@5f8ec61
03-26 13:48:06.289  1265  1291 D NetworkManagement: notifyInterfaceClassActivity: client is android.net.ip.IpManager$2@7284599
03-26 13:48:06.289  1265  1291 D NetworkManagement: notifyInterfaceClassActivity: client is com.android.server.connectivity.Tethering@7b1428e
03-26 13:48:06.289  1265  1291 D NetworkManagement: notifyInterfaceClassActivity: client is com.android.server.ethernet.EthernetNetworkFactory$InterfaceObserver@90f9e43
03-26 13:48:06.289  1265  1291 D NetworkManagement: notifyInterfaceClassActivity: client is com.android.server.net.NetworkPolicyManagerService$13@abcaa41
03-26 13:48:06.289  1265  1291 D NetworkManagement: notifyInterfaceClassActivity: client is com.android.server.connectivity.Vpn$2@d5b36a1
03-26 13:48:19.728  1265  1389 D HwBatteryService: onUEvent fcpStatus = 0,scpStatus =0,ovpStatus=0
03-26 13:48:19.731  1265  1389 I UsbDeviceManager: water_intrused state= 0
03-26 13:48:19.741  1265  1265 D WifiService: onReceive, action:android.intent.action.BATTERY_CHANGED
03-26 13:48:19.741  1265  1265 D WifiService: ACTION_BATTERY_CHANGED pluggedType: 2
03-26 13:48:21.374  1265  1410 D NetdConnector: RCV <- {pattern.matcher(rawEventLog) fail}
03-26 13:48:21.379  1265  1410 D NetdConnector: RCV <- {pattern.matcher(eventLog) fail}
03-26 13:48:21.385  1265  1291 D NetdConnector: RCV unsolicited event from native daemon, event = 613
03-26 13:48:21.388  1265  1291 D NetworkManagement: notifyInterfaceClassActivity: client is com.android.server.ConnectivityService$1@94caaf
03-26 13:48:21.391  1265  1291 D NetworkManagement: notifyInterfaceClassActivity: client is com.android.server.net.NetworkStatsService$6@12d247f
03-26 13:48:21.391  1265  1291 D NetworkManagement: notifyInterfaceClassActivity: client is android.net.INetworkManagementEventObserver$Stub$Proxy@64f9ba2
03-26 13:48:21.393  1265  1291 D NetworkManagement: notifyInterfaceClassActivity: client is com.android.server.connectivity.Vpn$2@6f7be21
03-26 13:48:21.394  1265  1291 D NetworkManagement: notifyInterfaceClassActivity: client is android.net.INetworkManagementEventObserver$Stub$Proxy@5f8ec61
03-26 13:48:21.395  1265  1291 D NetworkManagement: notifyInterfaceClassActivity: client is android.net.ip.IpManager$2@7284599
03-26 13:48:21.396  1265  1291 D NetworkManagement: notifyInterfaceClassActivity: client is com.android.server.connectivity.Tethering@7b1428e
03-26 13:48:21.396  1265  1291 D NetworkManagement: notifyInterfaceClassActivity: client is com.android.server.ethernet.EthernetNetworkFactory$InterfaceObserver@90f9e43
03-26 13:48:21.396  1265  1291 D NetworkManagement: notifyInterfaceClassActivity: client is com.android.server.net.NetworkPolicyManagerService$13@abcaa41
03-26 13:48:21.396  1265  1291 D NetworkManagement: notifyInterfaceClassActivity: client is com.android.server.connectivity.Vpn$2@d5b36a1
03-26 13:48:34.131  1265  1402 D Telecom : TelecomServiceImpl: isInCall callState is 0: TSI.iIC@AFE
03-26 13:48:34.135  1265  1402 D Telecom : TelecomServiceImpl: isInCall callState is 0: TSI.iIC@AFM
03-26 13:48:34.873  1265  1402 D PowerManagerService: setColorTemperatureAccordingToSetting
03-26 13:48:34.873  1265  1402 D HwPowerManagerService: setColorTemperatureAccordingToSetting
03-26 13:48:34.873  1265  1402 D HwPowerManagerService: isDisplayFeatureSupported feature:1
03-26 13:48:34.873  1265  1402 D HwPowerManagerService: setColorTemperatureAccordingToSetting new.
03-26 13:48:34.874  1265  1402 D HwPowerManagerService: ColorTemperature read from old setting:128
03-26 13:48:34.874  1265  1402 D HwPowerManagerService: setColorTemperature:128
03-26 13:48:34.885  1265  1265 D HwWifiP2pService: onReceive, action:android.intent.action.SCREEN_ON
03-26 13:48:34.886  1265  1413 D WifiP2pService: InactiveState143466
03-26 13:48:34.886  1265  1413 E HwWifiP2pService: Unhandled message when=11889677 what=143466 arg1=0 arg2=0
03-26 13:48:34.886  1265  1413 D WifiP2pService: P2pEnabledState when=11889677 what=143466 arg1=0 arg2=0
03-26 13:48:34.886  1265  1413 D WifiP2pService: DefaultState{ when=-1ms what=143466 target=com.android.internal.util.StateMachine$SmHandler }
03-26 13:48:34.886  1265  1413 D HwWifiP2pService: cancel alarm.
03-26 13:48:34.891  1265  1293 I DisplayManagerService: Display device changed state: "", ON
03-26 13:48:34.892  1265  1409 D WindowManager: mKeyguardDelegate.ShowListener.onDrawn.
03-26 13:48:34.899  1265  1265 D HwConnectivityService: mIntentReceiver begin
03-26 13:48:34.900  1265  1265 D HwConnectivityService: CtrlSocket Receiver,disable: false locked: true action: android.intent.action.SCREEN_ON mSmartKeyguardLevel: normal_level mStartPowerSaving: false
03-26 13:48:34.900  1265  1265 D HwConnectivityService: CtrlSocket receive screen on intent!
03-26 13:48:34.909  1265  1265 D WifiService: onReceive, action:android.intent.action.SCREEN_ON
03-26 13:48:34.915  1265  1265 I EyeProtectionControllerImpl: onReceive intent action = android.intent.action.SCREEN_ON
03-26 13:48:35.060  1265  1297 I HwAmbientLuxFilterAlgo: offsetResetEnable detime=140
03-26 13:48:35.114  1265  1293 I WindowManager: All windows ready for display!
03-26 13:48:35.114  1265  1284 I WindowManager: Finished screen turning on...
03-26 13:48:35.130  1265  1410 D NetdConnector: RCV <- {pattern.matcher(rawEventLog) fail}
03-26 13:48:35.131  1265  1410 D NetdConnector: RCV <- {pattern.matcher(eventLog) fail}
03-26 13:48:35.133  1265  1291 D NetdConnector: RCV unsolicited event from native daemon, event = 600
03-26 13:48:35.133  1265  1291 D NetworkManagement: notifyInterfaceLinkStateChanged 10
03-26 13:48:37.240  1265  2727 W ActivityManager: Sending non-protected broadcast com.android.systemui.statusbar.visible.change from system 1675:com.android.systemui/u0a29 pkg com.android.systemui
03-26 13:48:37.269  1265  2766 I ActivityManager: Start proc 26629:com.huawei.intelligent/u10a18 for broadcast com.huawei.intelligent/.main.receiver.IntelligentReceiver
03-26 13:48:37.273 26629 26629 E SchedPolicy: open of dev/cpuctl/limit_fg/tasks failed: Permission denied
03-26 13:48:37.273 26629 26629 E SchedPolicy: open of dev/cpuctl/bg_non_interactive/limit_bg/tasks failed: Permission denied
03-26 13:48:37.301 26629 26629 D ActivityThread: ActivityThread,attachApplication
03-26 13:48:37.301  1265  1409 D ActivityManager: ActivityManagerService,attachApplication,callingPid = 26629
03-26 13:48:37.308  1265  1398 E ProcessInfoCollector: getProcessInfo: failed to find this proc 
03-26 13:48:37.450  1265  2729 I ActivityManager: Process com.huawei.intelligent (pid 26629) has died
03-26 13:48:37.450  1265  2729 D ActivityManager: cleanUpApplicationRecord -- 26629
03-26 13:48:39.492  1265  1632 I LockSettingsService: Unlocking user 0 with token length 69
03-26 13:48:39.494  1265  1632 W ActivityManager: Expected user 0 in state RUNNING_LOCKED but was in state RUNNING_UNLOCKED
03-26 13:48:39.494  1265  1632 D ActivityManager: User 10 (parent 0): attempting unlock because parent was just unlocked
03-26 13:48:39.494  1265  1632 W ActivityManager: Expected user 10 in state RUNNING_LOCKED but was in state RUNNING_UNLOCKED
03-26 13:48:39.494  1265  1632 W LockSettingsService: verifyCredential passed by GateKeeper
03-26 13:48:39.497  1265  2322 D FingerprintService:  Remaining Num Attempts = 5
03-26 13:48:39.499  1265  2321 D FingerprintService:  Remaining Num Attempts = 5
03-26 13:48:39.504  1265  1409 D FingerprintService:  Remaining Num Attempts = 5
03-26 13:48:39.602  1675  1675 V KeyguardDisplayManager: hide
03-26 13:48:39.608  1265  2322 I StatusBarManagerService: Disable records remove token DisableRecord{userId=0 pkg=com.android.systemui what1=3200000 what2=0} list: [DisableRecord{userId=0 pkg=Window{eb861cf u0 StatusBar} what1=200000 what2=0}]
03-26 13:48:39.609  1265  1410 D NetdConnector: RCV <- {pattern.matcher(rawEventLog) fail}
03-26 13:48:39.610  1265  1410 D NetdConnector: RCV <- {pattern.matcher(eventLog) fail}
03-26 13:48:39.611  1265  1291 D NetdConnector: RCV unsolicited event from native daemon, event = 613
03-26 13:48:39.611  1265  1291 D NetworkManagement: notifyInterfaceClassActivity: client is com.android.server.ConnectivityService$1@94caaf
03-26 13:48:39.612  1265  1291 D NetworkManagement: notifyInterfaceClassActivity: client is com.android.server.net.NetworkStatsService$6@12d247f
03-26 13:48:39.612  1265  1291 D NetworkManagement: notifyInterfaceClassActivity: client is android.net.INetworkManagementEventObserver$Stub$Proxy@64f9ba2
03-26 13:48:39.612  1265  1291 D NetworkManagement: notifyInterfaceClassActivity: client is com.android.server.connectivity.Vpn$2@6f7be21
03-26 13:48:39.612  1265  1291 D NetworkManagement: notifyInterfaceClassActivity: client is android.net.INetworkManagementEventObserver$Stub$Proxy@5f8ec61
03-26 13:48:39.612  1265  1283 W BroadcastQueue: Permission Denial: broadcasting Intent { act=android.intent.action.USER_PRESENT flg=0x24000010 } from com.android.systemui (pid=1675, uid=10029) requires com.huawei.wifipro.permission.RECV.WIFI_CONNECTED_CONCURRENTLY due to registered receiver BroadcastFilter{8e31f18 u0 ReceiverList{3f5f2fb 1265 system/1000/u0 local:3efec8a}}
03-26 13:48:39.612  1265  1291 D NetworkManagement: notifyInterfaceClassActivity: client is android.net.ip.IpManager$2@7284599
03-26 13:48:39.612  1265  1291 D NetworkManagement: notifyInterfaceClassActivity: client is com.android.server.connectivity.Tethering@7b1428e
03-26 13:48:39.612  1265  1291 D NetworkManagement: notifyInterfaceClassActivity: client is com.android.server.ethernet.EthernetNetworkFactory$InterfaceObserver@90f9e43
03-26 13:48:39.612  1265  1291 D NetworkManagement: notifyInterfaceClassActivity: client is com.android.server.net.NetworkPolicyManagerService$13@abcaa41
03-26 13:48:39.612  1265  1291 D NetworkManagement: notifyInterfaceClassActivity: client is com.android.server.connectivity.Vpn$2@d5b36a1
03-26 13:48:39.616  1265  1410 D NetdConnector: RCV <- {pattern.matcher(rawEventLog) fail}
03-26 13:48:39.617  1265  1410 D NetdConnector: RCV <- {pattern.matcher(eventLog) fail}
03-26 13:48:39.619  1265  1977 W NetworkStatsFactory: mStatsXtProcUid: /proc/net/comm/stats does not exist!
03-26 13:48:39.619  1265  2598 W BroadcastQueue: Permission Denial: broadcasting Intent { act=android.intent.action.USER_PRESENT flg=0x24000010 } from com.android.systemui (pid=1675, uid=10029) is not exported from uid 10404 due to receiver cn.dcpai.auction/cn.jpush.android.service.PushReceiver
03-26 13:48:39.632  1265  1281 D SmartHeartBeat: setAlarmsPending ...
03-26 13:48:39.644  1265  1265 D HwWifiP2pService: onReceive, action:android.intent.action.USER_PRESENT
03-26 13:48:39.644  1265  1265 D HwConnectivityService: mIntentReceiver begin
03-26 13:48:39.644  1265  1413 D WifiP2pService: InactiveState143468
03-26 13:48:39.644  1265  1413 E HwWifiP2pService: Unhandled message when=11894436 what=143468 arg1=0 arg2=0
03-26 13:48:39.644  1265  1413 D WifiP2pService: P2pEnabledState when=11894436 what=143468 arg1=0 arg2=0
03-26 13:48:39.644  1265  1413 D WifiP2pService: DefaultState{ when=0 what=143468 target=com.android.internal.util.StateMachine$SmHandler }
03-26 13:48:39.644  1265  1265 D HwConnectivityService: CtrlSocket Receiver,disable: false locked: false action: android.intent.action.USER_PRESENT mSmartKeyguardLevel: normal_level mStartPowerSaving: false
03-26 13:48:39.644  1265  1413 E HwWifiP2pService: Unhandled message { when=0 what=143468 target=com.android.internal.util.StateMachine$SmHandler }
03-26 13:48:39.644  1265  1265 D WifiService: onReceive, action:android.intent.action.USER_PRESENT
03-26 13:48:39.656  1265  1284 I StatusBarManagerService: Disable records remove token DisableRecord{userId=0 pkg=Window{eb861cf u0 StatusBar} what1=200000 what2=0} list: []
03-26 13:48:39.656  1265  2729 I WindowManager: rotationForOrientationLw(orient=1, last=0); user=0 USER_ROTATION_LOCKED
03-26 13:48:39.656  1265  2729 I WindowManager: Application requested orientation 1, got rotation 0 which has compatible metrics
03-26 13:48:39.659  1265  2321 W InputMethodManagerService: Window already focused, ignoring focus gain of: com.android.internal.view.IInputMethodClient$Stub$Proxy@48fdc70 attribute=android.view.inputmethod.EditorInfo@50b2be9, token = android.os.BinderProxy@5e48e40
03-26 13:48:39.671  1265  1391 V FingerprintService: stop client com.android.systemui
03-26 13:48:39.672  1265  2320 W FingerprintService: onError 1
03-26 13:48:39.680  1265  1391 W FingerprintService: client com.android.systemui is no longer authenticating
03-26 13:48:39.680  1265  1391 W FingerprintService: onError 2
03-26 13:48:39.680  1265  1391 V FingerprintService: ClientMonitor destroy
03-26 13:48:39.680  1265  1391 V FingerprintService: Done with client: com.android.systemui
03-26 13:48:39.680  1265  1391 V FingerprintService: handleError(client=com.android.systemui, error = 5)
03-26 13:48:39.817  1265  2322 D WifiService: startScan, pid:4156, uid:1010007
03-26 13:48:40.600  1265  1396 W ActivityManager: Sending non-protected broadcast com.huawei.intent.action.PUSH from system uid 1000 pkg android
03-26 13:48:42.024  1265  1410 D NetdConnector: RCV <- {pattern.matcher(rawEventLog) fail}
03-26 13:48:42.026  1265  1410 D NetdConnector: RCV <- {pattern.matcher(eventLog) fail}
03-26 13:48:42.027  1265  1291 D NetdConnector: RCV unsolicited event from native daemon, event = 600
03-26 13:48:42.031  1265  1291 D NetworkManagement: notifyInterfaceLinkStateChanged 10
03-26 13:48:49.891  1265  1389 D HwBatteryService: onUEvent fcpStatus = 0,scpStatus =0,ovpStatus=0
03-26 13:48:49.893  1265  1389 I UsbDeviceManager: water_intrused state= 0
03-26 13:48:49.897  1265  1265 D WifiService: onReceive, action:android.intent.action.BATTERY_CHANGED
03-26 13:48:49.897  1265  1265 D WifiService: ACTION_BATTERY_CHANGED pluggedType: 2
03-26 13:48:57.183  1265  1410 D NetdConnector: RCV <- {pattern.matcher(rawEventLog) fail}
03-26 13:48:57.184  1265  1410 D NetdConnector: RCV <- {pattern.matcher(eventLog) fail}
03-26 13:48:57.186  1265  1291 D NetdConnector: RCV unsolicited event from native daemon, event = 600
03-26 13:48:57.187  1265  1291 D NetworkManagement: notifyInterfaceLinkStateChanged 10
03-26 13:49:00.005  1265  1265 V AlarmManager: Received TIME_TICK alarm; rescheduling
03-26 13:49:07.962  1265  1265 W HwAlarmManagerService: isContainsAppUidInWorksource-->happend NameNotFoundException
03-26 13:49:07.974  1265  1265 I JobScheduler.Time: mNextDelayExpiredElapsedMillis: 14140768
03-26 13:49:07.983  1265  1265 I SyncManager: SyncJobService->onStartJob:put job to map, jobid:102326
03-26 13:49:07.985  1265  1282 I SyncManager: dispatchSyncOperation:we are going to sync JobId: 102326, XXXXXXXXX u0 (com.ss.android.article.news), com.ss.android.account.AccountProvider, PERIODIC, reason: Periodic, period: 3600000, flexMillis: 144000
03-26 13:49:07.992  1265  1282 E SyncManager: Bind attempt failed - target: ComponentInfo{com.ss.android.article.news/com.ss.android.account.AccountSyncService}
03-26 13:49:07.993  1265  1282 I SyncManager: SyncJobService->callJobFinished: remove job to map, jobid:102326
03-26 13:49:08.000  1265  1265 W HwAlarmManagerService: isContainsAppUidInWorksource-->happend NameNotFoundException
03-26 13:49:08.004  1265  1265 I JobScheduler.Time: mNextDelayExpiredElapsedMillis: 14429337
03-26 13:49:08.005  1265  1265 W HwAlarmManagerService: isContainsAppUidInWorksource-->happend NameNotFoundException
03-26 13:49:08.011  1265  1265 I JobScheduler.Time: mNextJobExpiredElapsedMillis: 14440768
03-26 13:49:08.024  1265  1265 I SyncManager: SyncJobService->onStartJob:put job to map, jobid:107319
03-26 13:49:08.357  1265  1282 I SyncManager: dispatchSyncOperation:we are going to sync JobId: 107319, XXXXXXXXX u0 (com.netease.account.sync), com.netease.account.sync, PERIODIC, reason: Periodic, period: 3600000, flexMillis: 144000
03-26 13:49:08.360  1265  1282 E SyncManager: Bind attempt failed - target: ComponentInfo{com.netease.newsreader.activity/com.netease.nr.biz.account.SyncService}
03-26 13:49:08.360  1265  1282 I SyncManager: SyncJobService->callJobFinished: remove job to map, jobid:107319
03-26 13:49:08.362  1265  1265 W HwAlarmManagerService: isContainsAppUidInWorksource-->happend NameNotFoundException
03-26 13:49:08.364  1265  1265 I JobScheduler.Time: mNextJobExpiredElapsedMillis: 18029337
03-26 13:49:20.053  1265  1389 D HwBatteryService: onUEvent fcpStatus = 0,scpStatus =0,ovpStatus=0
03-26 13:49:20.056  1265  1389 I UsbDeviceManager: water_intrused state= 0
03-26 13:49:37.125  1265  1410 D NetdConnector: RCV <- {pattern.matcher(rawEventLog) fail}
03-26 13:49:37.130  1265  1410 D NetdConnector: RCV <- {pattern.matcher(eventLog) fail}
03-26 13:49:37.135  1265  1291 D NetdConnector: RCV unsolicited event from native daemon, event = 600
03-26 13:49:37.139  1265  1291 D NetworkManagement: notifyInterfaceLinkStateChanged 10
03-26 13:49:49.902  1265  1265 D WifiService: onReceive, action:android.intent.action.BATTERY_CHANGED
03-26 13:49:49.903  1265  1265 D WifiService: ACTION_BATTERY_CHANGED pluggedType: 2
03-26 13:49:50.203  1265  1389 D HwBatteryService: onUEvent fcpStatus = 0,scpStatus =0,ovpStatus=0
03-26 13:49:50.204  1265  1389 I UsbDeviceManager: water_intrused state= 0
03-26 13:49:50.206  1265  1265 D WifiService: onReceive, action:android.intent.action.BATTERY_CHANGED
03-26 13:49:50.206  1265  1265 D WifiService: ACTION_BATTERY_CHANGED pluggedType: 2
03-26 13:50:00.008  1265  1265 V AlarmManager: Received TIME_TICK alarm; rescheduling
03-26 13:50:02.942 25640 27075 E SchedPolicy: open of dev/cpuctl/limit_fg/tasks failed: Permission denied
03-26 13:50:02.942 25640 27075 E SchedPolicy: open of dev/cpuctl/bg_non_interactive/limit_bg/tasks failed: Permission denied
03-26 13:50:20.373  1265  1389 D HwBatteryService: onUEvent fcpStatus = 0,scpStatus =0,ovpStatus=0
03-26 13:50:20.376  1265  1389 I UsbDeviceManager: water_intrused state= 0
03-26 13:50:20.382  1265  1265 D WifiService: onReceive, action:android.intent.action.BATTERY_CHANGED
03-26 13:50:20.382  1265  1265 D WifiService: ACTION_BATTERY_CHANGED pluggedType: 2
03-26 13:50:50.525  1265  1389 D HwBatteryService: onUEvent fcpStatus = 0,scpStatus =0,ovpStatus=0
03-26 13:50:50.526  1265  1389 I UsbDeviceManager: water_intrused state= 0
03-26 13:50:50.528  1265  1265 D WifiService: onReceive, action:android.intent.action.BATTERY_CHANGED
03-26 13:50:50.528  1265  1265 D WifiService: ACTION_BATTERY_CHANGED pluggedType: 2
03-26 13:50:57.202  1265  1410 D NetdConnector: RCV <- {pattern.matcher(rawEventLog) fail}
03-26 13:50:57.207  1265  1410 D NetdConnector: RCV <- {pattern.matcher(eventLog) fail}
03-26 13:50:57.212  1265  1291 D NetdConnector: RCV unsolicited event from native daemon, event = 600
03-26 13:50:57.215  1265  1291 D NetworkManagement: notifyInterfaceLinkStateChanged 10
03-26 13:51:00.006  1265  1265 V AlarmManager: Received TIME_TICK alarm; rescheduling
03-26 13:51:09.210  1265  2729 W ActivityManager: getRunningAppProcesses: caller 10241 does not hold REAL_GET_TASKS; limiting output
03-26 13:51:09.229  1265  2767 W ActivityManager: getRunningAppProcesses: caller 10241 does not hold REAL_GET_TASKS; limiting output
03-26 13:51:09.235  1265  2320 W ActivityManager: getRunningAppProcesses: caller 10241 does not hold REAL_GET_TASKS; limiting output
03-26 13:51:09.238  1265  2322 W ActivityManager: getRunningAppProcesses: caller 10241 does not hold REAL_GET_TASKS; limiting output
03-26 13:51:09.878  1265  2321 W ActivityManager: getRunningAppProcesses: caller 10241 does not hold REAL_GET_TASKS; limiting output
03-26 13:51:09.883  1265  1280 W ActivityManager: getRunningAppProcesses: caller 10241 does not hold REAL_GET_TASKS; limiting output
03-26 13:51:10.046  1265  1632 W ActivityManager: getRunningAppProcesses: caller 10241 does not hold REAL_GET_TASKS; limiting output
03-26 13:51:19.190  1265  2767 W ActivityManager: getRunningAppProcesses: caller 10241 does not hold REAL_GET_TASKS; limiting output
03-26 13:51:20.685  1265  1389 D HwBatteryService: onUEvent fcpStatus = 0,scpStatus =0,ovpStatus=0
03-26 13:51:20.686  1265  1389 I UsbDeviceManager: water_intrused state= 0
03-26 13:51:50.863  1265  1389 D HwBatteryService: onUEvent fcpStatus = 0,scpStatus =0,ovpStatus=0
03-26 13:51:50.866  1265  1389 I UsbDeviceManager: water_intrused state= 0
03-26 13:52:00.002  1265  1265 V AlarmManager: Received TIME_TICK alarm; rescheduling
03-26 13:52:10.492  1265  1410 D NetdConnector: RCV <- {pattern.matcher(rawEventLog) fail}
03-26 13:52:10.494  1265  1410 D NetdConnector: RCV <- {pattern.matcher(eventLog) fail}
03-26 13:52:20.498  1265  1410 D NetdConnector: RCV <- {pattern.matcher(rawEventLog) fail}
03-26 13:52:20.500  1265  1410 D NetdConnector: RCV <- {pattern.matcher(eventLog) fail}
03-26 13:52:21.011  1265  1389 D HwBatteryService: onUEvent fcpStatus = 0,scpStatus =0,ovpStatus=0
03-26 13:52:21.014  1265  1389 I UsbDeviceManager: water_intrused state= 0
03-26 13:52:21.020  1265  1265 D WifiService: onReceive, action:android.intent.action.BATTERY_CHANGED
03-26 13:52:21.020  1265  1265 D WifiService: ACTION_BATTERY_CHANGED pluggedType: 2
03-26 13:52:51.165  1265  1389 D HwBatteryService: onUEvent fcpStatus = 0,scpStatus =0,ovpStatus=0
03-26 13:52:51.170  1265  1389 I UsbDeviceManager: water_intrused state= 0
03-26 13:53:00.005  1265  1265 V AlarmManager: Received TIME_TICK alarm; rescheduling
03-26 13:53:21.324  1265  1389 D HwBatteryService: onUEvent fcpStatus = 0,scpStatus =0,ovpStatus=0
03-26 13:53:21.325  1265  1389 I UsbDeviceManager: water_intrused state= 0
03-26 13:53:37.151  1265  1410 D NetdConnector: RCV <- {pattern.matcher(rawEventLog) fail}
03-26 13:53:37.154  1265  1410 D NetdConnector: RCV <- {pattern.matcher(eventLog) fail}
03-26 13:53:37.158  1265  1291 D NetdConnector: RCV unsolicited event from native daemon, event = 600
03-26 13:53:37.160  1265  1291 D NetworkManagement: notifyInterfaceLinkStateChanged 10
03-26 13:53:40.791  1265  1396 W ActivityManager: Sending non-protected broadcast com.huawei.intent.action.PUSH from system uid 1000 pkg android
03-26 13:53:51.486  1265  1389 D HwBatteryService: onUEvent fcpStatus = 0,scpStatus =0,ovpStatus=0
03-26 13:53:51.487  1265  1389 I UsbDeviceManager: water_intrused state= 0
03-26 13:53:56.540  1265  1396 W ActivityManager: Sending non-protected broadcast com.huawei.hwsystemmanager.power.SCHEDULE_RECORD_POWER_CONSUME from system uid u10s1000 pkg com.huawei.systemmanager
03-26 13:53:56.562  1265  1396 W ActivityManager: Sending non-protected broadcast com.huawei.hwsystemmanager.power.SCHEDULE_RECORD_REMAING_TIME_SCENE from system uid 1000 pkg com.huawei.systemmanager
03-26 13:53:56.583  1265  1396 W ActivityManager: Sending non-protected broadcast com.huawei.hwsystemmanager.power.SCHEDULE_RECORD_POWER_CONSUME from system uid 1000 pkg com.huawei.systemmanager
03-26 13:53:56.619  1265  1396 W ActivityManager: Sending non-protected broadcast com.huawei.hwsystemmanager.power.SCHEDULE_RECORD_REMAING_TIME_SCENE from system uid u10s1000 pkg com.huawei.systemmanager
03-26 13:53:56.622  1265  1396 W ActivityManager: Sending non-protected broadcast remain_connect_action from system uid u10s1000 pkg com.huawei.systemmanager
03-26 13:53:56.626  1265  1396 W ActivityManager: Sending non-protected broadcast remain_connect_action from system uid 1000 pkg com.huawei.systemmanager
03-26 13:53:56.628  1265  1265 W HwAlarmManagerService: isContainsAppUidInWorksource-->happend NameNotFoundException
03-26 13:53:56.632  1265  1265 I JobScheduler.Time: mNextDelayExpiredElapsedMillis: 14568992
03-26 13:53:56.641  1265  1265 I JobServiceContext: com.ss.android.message.PushJobService binding failed
03-26 13:53:56.642  1265  1265 D JobSchedulerService: Error executing 132..:[ComponentInfo{com.ss.android.article.news/com.ss.android.message.PushJobService},jId=1,u0,R=(-00:00,59:59),N=0,C=false,I=false,U=false,F=0,P=true,ANI=true,DND=true(READY)]
03-26 13:53:56.738  1265  1410 D NetdConnector: RCV <- {pattern.matcher(rawEventLog) fail}
03-26 13:53:56.739  1265  1410 D NetdConnector: RCV <- {pattern.matcher(eventLog) fail}
03-26 13:53:56.741  1265  1411 W NetworkStatsFactory: mStatsXtProcUid: /proc/net/comm/stats does not exist!
03-26 13:53:56.747  1265  1410 D NetdConnector: RCV <- {pattern.matcher(rawEventLog) fail}
03-26 13:53:56.748  1265  1410 D NetdConnector: RCV <- {pattern.matcher(eventLog) fail}
03-26 13:53:56.764  1265  1979 E BatteryStatsService: no controller energy info supplied
03-26 13:53:56.764  1265  1979 E BatteryStatsService: no controller energy info supplied
03-26 13:53:56.774  1265  1979 E BatteryStatsService: modem info is invalid: ModemActivityInfo{ mTimestamp=0 mSleepTimeMs=0 mIdleTimeMs=0 mTxTimeMs[]=[0, 0, 0, 0, 0] mRxTimeMs=0 mEnergyUsed=0}
03-26 13:53:56.804  1265  1977 E BatteryStatsService: no controller energy info supplied
03-26 13:53:56.804  1265  1977 E BatteryStatsService: no controller energy info supplied
03-26 13:53:56.813  1265  1977 E BatteryStatsService: modem info is invalid: ModemActivityInfo{ mTimestamp=0 mSleepTimeMs=0 mIdleTimeMs=0 mTxTimeMs[]=[0, 0, 0, 0, 0] mRxTimeMs=0 mEnergyUsed=0}
03-26 13:54:00.002  1265  1265 V AlarmManager: Received TIME_TICK alarm; rescheduling
03-26 13:54:04.641  1265  1265 E JobServiceContext: Time-out while trying to bind 7ea61e9 #u0a9/1 com.ss.android.article.news/com.ss.android.message.PushJobService, dropping.
03-26 13:54:04.643  1265  1265 E BatteryStatsImpl: Unable to find object for com.ss.android.article.news/com.ss.android.message.PushJobService mapsize=1 activeoverflow=null curoverflow=null
03-26 13:54:04.647  1265  1265 E JobServiceContext: Service not bind: JobServiceContext
03-26 13:54:04.649  1265  1265 W HwAlarmManagerService: isContainsAppUidInWorksource-->happend NameNotFoundException
03-26 13:54:04.659  1265  1265 I JobScheduler.Time: mNextJobExpiredElapsedMillis: 18040758
03-26 13:54:21.658  1265  1389 D HwBatteryService: onUEvent fcpStatus = 0,scpStatus =0,ovpStatus=0
03-26 13:54:21.660  1265  1389 I UsbDeviceManager: water_intrused state= 0
03-26 13:54:51.817  1265  1389 D HwBatteryService: onUEvent fcpStatus = 0,scpStatus =0,ovpStatus=0
03-26 13:54:51.818  1265  1389 I UsbDeviceManager: water_intrused state= 0
03-26 13:55:00.005  1265  1265 V AlarmManager: Received TIME_TICK alarm; rescheduling
03-26 13:55:03.448 27077 28475 E SchedPolicy: open of dev/cpuctl/limit_fg/tasks failed: Permission denied
03-26 13:55:03.448 27077 28475 E SchedPolicy: open of dev/cpuctl/bg_non_interactive/limit_bg/tasks failed: Permission denied
03-26 13:55:21.982  1265  1389 D HwBatteryService: onUEvent fcpStatus = 0,scpStatus =0,ovpStatus=0
03-26 13:55:21.985  1265  1389 I UsbDeviceManager: water_intrused state= 0
03-26 13:55:34.300  1265  2200 W ActivityManager: getRunningAppProcesses: caller 10241 does not hold REAL_GET_TASKS; limiting output
03-26 13:55:34.313  1265  2767 W ActivityManager: getRunningAppProcesses: caller 10241 does not hold REAL_GET_TASKS; limiting output
03-26 13:55:34.319  1265  1979 W ActivityManager: getRunningAppProcesses: caller 10241 does not hold REAL_GET_TASKS; limiting output
03-26 13:55:34.324  1265  2724 W ActivityManager: getRunningAppProcesses: caller 10241 does not hold REAL_GET_TASKS; limiting output
03-26 13:55:44.319  1265  1409 W ActivityManager: getRunningAppProcesses: caller 10241 does not hold REAL_GET_TASKS; limiting output
03-26 13:55:52.205  1265  1389 D HwBatteryService: onUEvent fcpStatus = 0,scpStatus =0,ovpStatus=0
03-26 13:55:52.206  1265  1389 I UsbDeviceManager: water_intrused state= 0
03-26 13:56:00.008  1265  1265 V AlarmManager: Received TIME_TICK alarm; rescheduling
03-26 13:56:03.859 28763 28774 E SchedPolicy: open of dev/cpuctl/limit_fg/tasks failed: Permission denied
03-26 13:56:03.860 28763 28774 E SchedPolicy: open of dev/cpuctl/bg_non_interactive/limit_bg/tasks failed: Permission denied
03-26 13:56:04.052  1265  1410 D NetdConnector: RCV <- {pattern.matcher(rawEventLog) fail}
03-26 13:56:04.053  1265  1410 D NetdConnector: RCV <- {pattern.matcher(eventLog) fail}
03-26 13:56:04.055  1265  1291 D NetdConnector: RCV unsolicited event from native daemon, event = 600
03-26 13:56:04.055  1265  1410 D NetdConnector: RCV <- {pattern.matcher(rawEventLog) fail}
03-26 13:56:04.056  1265  1291 D NetworkManagement: notifyInterfaceLinkStateChanged 10
03-26 13:56:04.057  1265  1410 D NetdConnector: RCV <- {pattern.matcher(eventLog) fail}
03-26 13:56:04.059  1265  1291 D NetdConnector: RCV unsolicited event from native daemon, event = 600
03-26 13:56:04.059  1265  1410 D NetdConnector: RCV <- {pattern.matcher(rawEventLog) fail}
03-26 13:56:04.060  1265  1410 D NetdConnector: RCV <- {pattern.matcher(eventLog) fail}
03-26 13:56:04.061  1265  1291 D NetworkManagement: notifyInterfaceLinkStateChanged 10
03-26 13:56:04.062  1265  1410 D NetdConnector: RCV <- {pattern.matcher(rawEventLog) fail}
03-26 13:56:04.063  1265  1291 D NetdConnector: RCV unsolicited event from native daemon, event = 600
03-26 13:56:04.063  1265  1410 D NetdConnector: RCV <- {pattern.matcher(eventLog) fail}
03-26 13:56:04.063  1265  1291 D NetworkManagement: notifyInterfaceLinkStateChanged 10
03-26 13:56:04.065  1265  1291 D NetdConnector: RCV unsolicited event from native daemon, event = 600
03-26 13:56:04.067  1265  1291 D NetworkManagement: notifyInterfaceLinkStateChanged 10
03-26 13:56:05.221 28788 28796 E SchedPolicy: open of dev/cpuctl/limit_fg/tasks failed: Permission denied
03-26 13:56:05.221 28788 28796 E SchedPolicy: open of dev/cpuctl/bg_non_interactive/limit_bg/tasks failed: Permission denied
03-26 13:56:05.233  1265  2723 I ActivityManager: START u0 {act=android.intent.action.MAIN cat=[android.intent.category.LAUNCHER] flg=0x10200000 cmp=io.appium.settings/.Settings} from uid 2000 on display 0
03-26 13:56:05.235  1265  2723 I ActivityManager: ActivityRecord info: ActivityInfo{6a13e74 io.appium.settings.Settings}, euid: 0
03-26 13:56:05.238  1265  2723 V HwWindowManagerService: moveTaskToTop mTaskChanged:true
03-26 13:56:05.240  1265  2723 V HwWindowManagerService: moveTaskToTop mTaskChanged:true
03-26 13:56:05.240  1265  2723 V HwWindowManagerService: setFocusedApp update app ops, mTaskChanged set to:false
03-26 13:56:05.253  1265  2601 I ActivityManager: Start proc 28798:io.appium.settings/u0a11 for activity io.appium.settings/.Settings
03-26 13:56:05.253  1265  2601 I WindowManager: Taking screenshot from Surface with crop:[Rect(0, 72 - 1080, 1812)], width:[648], height:[1044], minLayer:[21025], maxLayer:[21025], inRotation:[false], rot:[0]
03-26 13:56:05.254 28798 28798 E SchedPolicy: open of dev/cpuctl/limit_fg/tasks failed: Permission denied
03-26 13:56:05.254 28798 28798 E SchedPolicy: open of dev/cpuctl/bg_non_interactive/limit_bg/tasks failed: Permission denied
03-26 13:56:05.265 28798 28798 D ActivityThread: ActivityThread,attachApplication
03-26 13:56:05.276  1265  1293 I WindowManager: rotationForOrientationLw(orient=-1, last=0); user=0 USER_ROTATION_LOCKED
03-26 13:56:05.276  1265  1293 I WindowManager: Application requested orientation -1, got rotation 0 which has compatible metrics
03-26 13:56:05.281  1265  1280 D ActivityManager: ActivityManagerService,attachApplication,callingPid = 28798
03-26 13:56:05.288  1265  2323 I HwNetworkPolicy: onTransact, code = 203
03-26 13:56:05.291  1265  2767 I HwNetworkPolicy: onTransact, code = 203
03-26 13:56:05.291  4786  4916 I HwNetworkPolicyManager: getHwUidPolicy uid = 10011 policy = 0
03-26 13:56:05.323 28798 28798 V ActivityThread: ActivityThread,callActivityOnCreate
03-26 13:56:05.330  1265  2728 D HwNetworkManagementService: code == CODE_GET_AD_KEY_LIST
03-26 13:56:05.330  1265  2728 D HwNetworkManagementService: appName = io.appium.settings  is not in the mAdViewMap! reply none
03-26 13:56:05.330  1265  2728 D HwNetworkManagementService: appName = io.appium.settings  is not in the mAdIdMap! reply none
03-26 13:56:05.338  2076  2194 I HwNetworkPolicyManager: getHwUidPolicy uid = 10011 policy = 0
03-26 13:56:05.389 28798 28798 D ActivityThread: add activity client record, r= ActivityRecord{22e25fe token=android.os.BinderProxy@edf8576 {io.appium.settings/io.appium.settings.Settings}} token= android.os.BinderProxy@edf8576
03-26 13:56:05.405  1265  2321 V HwPhoneWindowManager: updateSystemUiColorLw window=Window{4b9abc3 u0 io.appium.settings/io.appium.settings.Settings},EmuiStyle=0,StatusBarColor=0xff000000,NavigationBarColor=0xff000000, mLastIsEmuiLightStyle=-1
03-26 13:56:05.405  1675  1990 I CommandQueue: updateBarBgColor
03-26 13:56:05.405  1675  1990 D CommandQueue: CommandQueue, setBarBackgroundColor
03-26 13:56:05.665  1265  1293 I WindowManager: Destroying surface Surface(name=Starting io.appium.settings) called by com.android.server.wm.WindowStateAnimator.destroySurface:2056 com.android.server.wm.WindowStateAnimator.destroySurfaceLocked:908 com.android.server.wm.WindowState.destroyOrSaveSurface:2201 com.android.server.wm.AppWindowToken.destroySurfaces:366 com.android.server.wm.WindowStateAnimator.finishExit:587 com.android.server.wm.WindowStateAnimator.stepAnimationLocked:513 com.android.server.wm.WindowAnimator.updateWindowsLocked:311 com.android.server.wm.WindowAnimator.animateLocked:738 
03-26 13:56:05.667 28839 28840 E SchedPolicy: open of dev/cpuctl/limit_fg/tasks failed: Permission denied
03-26 13:56:05.667 28839 28840 E SchedPolicy: open of dev/cpuctl/bg_non_interactive/limit_bg/tasks failed: Permission denied
03-26 13:56:06.030  1265  1979 I WindowManager: Destroying surface Surface(name=cn.dcpai.auction/cn.dcpai.auction.shop.goods.ui.GoodsListActivity) called by com.android.server.wm.WindowStateAnimator.destroySurface:2056 com.android.server.wm.WindowStateAnimator.destroySurfaceLocked:908 com.android.server.wm.WindowState.destroyOrSaveSurface:2201 com.android.server.wm.WindowManagerService.tryStartExitingAnimation:3332 com.android.server.wm.WindowManagerService.relayoutWindow:3212 com.android.server.wm.Session.relayout:224 android.view.IWindowSession$Stub.onTransact:286 com.android.server.wm.Session.onTransact:145 
03-26 13:56:06.309 28847 28860 E SchedPolicy: open of dev/cpuctl/limit_fg/tasks failed: Permission denied
03-26 13:56:06.309 28847 28860 E SchedPolicy: open of dev/cpuctl/bg_non_interactive/limit_bg/tasks failed: Permission denied
03-26 13:56:06.392  1265  2598 V HwWindowManagerService: moveTaskToTop mTaskChanged:true
03-26 13:56:06.393  1265  2598 V HwWindowManagerService: setFocusedApp update app ops, mTaskChanged set to:false
03-26 13:56:06.408  1265  1979 I WindowManager: rotationForOrientationLw(orient=1, last=0); user=0 USER_ROTATION_LOCKED
03-26 13:56:06.409  1265  1979 I WindowManager: Application requested orientation 1, got rotation 0 which has compatible metrics
03-26 13:56:06.409  1265  1979 I WindowManager: Taking screenshot from Surface with crop:[Rect(0, 72 - 1080, 1812)], width:[648], height:[1044], minLayer:[21000], maxLayer:[21030], inRotation:[false], rot:[0]
03-26 13:56:06.448  1265  1977 I HwNetworkPolicy: onTransact, code = 203
03-26 13:56:06.450  2076  2194 I HwNetworkPolicyManager: getHwUidPolicy uid = 10404 policy = 0
03-26 13:56:06.459  1265  1409 I HwNetworkPolicy: onTransact, code = 203
03-26 13:56:06.459  4786  4916 I HwNetworkPolicyManager: getHwUidPolicy uid = 10404 policy = 0
03-26 13:56:06.464  1265  2322 V HwPhoneWindowManager: updateSystemUiColorLw window=Window{b284179 u0 cn.dcpai.auction/cn.dcpai.auction.shop.goods.ui.GoodsListActivity},EmuiStyle=0,StatusBarColor=0x0,NavigationBarColor=0xff000000, mLastIsEmuiLightStyle=-1
03-26 13:56:06.464  1675  1702 I CommandQueue: updateBarBgColor
03-26 13:56:06.464  1675  1702 D CommandQueue: CommandQueue, setBarBackgroundColor
03-26 13:56:06.518 28870 28870 E SchedPolicy: open of dev/cpuctl/limit_fg/tasks failed: Permission denied
03-26 13:56:06.518 28870 28870 E SchedPolicy: open of dev/cpuctl/bg_non_interactive/limit_bg/tasks failed: Permission denied
03-26 13:56:06.547  1265  1632 D ActivityManager: Skipping, withExcluded: false, tr.intent:Intent { act=android.intent.action.MAIN cat=[android.intent.category.LAUNCHER] flg=0x10a00000 cmp=io.appium.settings/.Settings }
03-26 13:56:06.547  1265  1632 D ActivityManager: Skipping, withExcluded: false, tr.intent:Intent { act=android.deviceinfo.chooser.action.LAUNCH flg=0x10800000 pkg=com.android.settings cmp=com.android.settings/.deviceinfo.UsbConnModeChooserActivity }
03-26 13:56:06.547  1265  1632 D ActivityManager: Skipping, withExcluded: false, tr.intent:Intent { flg=0x10804000 cmp=com.android.systemui/.recents.RecentsActivity bnds=[48,1287][1032,2547] }
03-26 13:56:06.547  1265  1632 D ActivityManager: Skipping, home stack task: TaskRecord{cc65d24 #839 A=com.huawei.android.launcher U=0 StackId=0 sz=1}
03-26 13:56:06.547  1265  1632 D ActivityManager: Skipping, withExcluded: false, tr.intent:Intent { act=android.intent.action.MAIN cat=[android.intent.category.HOME] flg=0x10800300 cmp=com.android.settings/.FallbackHome }
03-26 13:56:06.549  1265  2323 D ActivityManager: Skipping, withExcluded: false, tr.intent:Intent { act=android.intent.action.MAIN cat=[android.intent.category.LAUNCHER] flg=0x10a00000 cmp=io.appium.settings/.Settings }
03-26 13:56:06.549  1265  2323 D ActivityManager: Skipping, withExcluded: false, tr.intent:Intent { act=android.deviceinfo.chooser.action.LAUNCH flg=0x10800000 pkg=com.android.settings cmp=com.android.settings/.deviceinfo.UsbConnModeChooserActivity }
03-26 13:56:06.549  1265  2323 D ActivityManager: Skipping, withExcluded: false, tr.intent:Intent { flg=0x10804000 cmp=com.android.systemui/.recents.RecentsActivity bnds=[48,1287][1032,2547] }
03-26 13:56:06.549  1265  2323 D ActivityManager: Skipping, home stack task: TaskRecord{cc65d24 #839 A=com.huawei.android.launcher U=0 StackId=0 sz=1}
03-26 13:56:06.549  1265  2323 D ActivityManager: Skipping, withExcluded: false, tr.intent:Intent { act=android.intent.action.MAIN cat=[android.intent.category.HOME] flg=0x10800300 cmp=com.android.settings/.FallbackHome }
03-26 13:56:06.593  1265  1283 I ActivityManager: Force stopping io.appium.android.ime appid=10012 user=-1: installPackageLI
03-26 13:56:06.594  1265  1305 W PackageManager: Attempt to re-install io.appium.android.ime without first uninstalling.
03-26 13:56:06.596  1265  1283 D HwBroadcastQueue: cleanupDisabledPackageReceiversLocked for userId -1
03-26 13:56:06.596  1265  1283 D HwBroadcastQueue: cleanupDisabledPackageReceiversLocked for userId -1
03-26 13:56:06.596  1265  1283 D HwBroadcastQueue: cleanupDisabledPackageReceiversLocked for userId -1
03-26 13:56:06.596  1265  1283 D HwBroadcastQueue: cleanupDisabledPackageReceiversLocked for userId -1
03-26 13:56:06.596  1265  1283 D HwBroadcastQueue: cleanupDisabledPackageReceiversLocked for userId -1
03-26 13:56:06.597  1265  1283 D HwBroadcastQueue: cleanupDisabledPackageReceiversLocked for userId -1
03-26 13:56:06.611  1265  1305 I HwFrameworkMonitor: Monitor for 907400000
03-26 13:56:07.147 28882 28890 E SchedPolicy: open of dev/cpuctl/limit_fg/tasks failed: Permission denied
03-26 13:56:07.147 28882 28890 E SchedPolicy: open of dev/cpuctl/bg_non_interactive/limit_bg/tasks failed: Permission denied
03-26 13:56:07.264 28798 28798 D ActivityThread: Remove activity client record, r= ActivityRecord{22e25fe token=android.os.BinderProxy@edf8576 {io.appium.settings/io.appium.settings.Settings}} token= android.os.BinderProxy@edf8576
03-26 13:56:07.266  1265  2725 I WindowManager: Destroying surface Surface(name=io.appium.settings/io.appium.settings.Settings) called by com.android.server.wm.WindowStateAnimator.destroySurface:2056 com.android.server.wm.WindowStateAnimator.destroySurfaceLocked:908 com.android.server.wm.WindowState.removeLocked:1534 com.android.server.wm.WindowManagerService.removeWindowInnerLocked:2772 com.android.server.wm.WindowManagerService.removeWindowInnerLocked:2735 com.android.server.wm.WindowManagerService.removeWindowLocked:2724 com.android.server.wm.WindowManagerService.removeWindowLocked:2593 com.android.server.wm.WindowManagerService.removeWindow:2588 
03-26 13:56:07.753 28892 28903 E SchedPolicy: open of dev/cpuctl/limit_fg/tasks failed: Permission denied
03-26 13:56:07.753 28892 28903 E SchedPolicy: open of dev/cpuctl/bg_non_interactive/limit_bg/tasks failed: Permission denied
03-26 13:56:08.322 28905 28913 E SchedPolicy: open of dev/cpuctl/limit_fg/tasks failed: Permission denied
03-26 13:56:08.322 28905 28913 E SchedPolicy: open of dev/cpuctl/bg_non_interactive/limit_bg/tasks failed: Permission denied
03-26 13:56:08.324  1265  1977 I [SPMN]  : insert SECURE -- name = selected_input_method_subtype, package = android, user = 0, value = -1
03-26 13:56:08.325  1265  1977 I [SPMN]  : insert SECURE -- name = default_input_method, package = android, user = 0, value = io.appium.android.ime/.UnicodeIME
03-26 13:56:08.329  1265  1284 I WindowManager: updateRotationUnchecked(alwaysSendConfiguration=false)
03-26 13:56:08.329  1265  1284 I WindowManager: rotationForOrientationLw(orient=1, last=0); user=0 USER_ROTATION_LOCKED
03-26 13:56:08.329  1265  1281 D HwInputMethodManagerService: ------------startInput--------------
03-26 13:56:08.329  1265  1284 I WindowManager: Application requested orientation 1, got rotation 0 which has compatible metrics
03-26 13:56:08.333  1265  1281 D HwInputMethodManagerService: hideSecSoftInput = false
03-26 13:56:08.337  1265  1284 I WindowManager: updateRotationUnchecked(alwaysSendConfiguration=false)
03-26 13:56:08.337  1265  1284 I WindowManager: rotationForOrientationLw(orient=1, last=0); user=0 USER_ROTATION_LOCKED
03-26 13:56:08.338  1265  1284 I WindowManager: Application requested orientation 1, got rotation 0 which has compatible metrics
03-26 13:56:08.353  1265  1281 I ActivityManager: Start proc 28915:io.appium.android.ime/u0a12 for service io.appium.android.ime/.UnicodeIME
03-26 13:56:08.354  1265  1281 V InputMethodManagerService: Adding window token: android.os.Binder@9118ad2
03-26 13:56:08.354 28915 28915 E SchedPolicy: open of dev/cpuctl/limit_fg/tasks failed: Permission denied
03-26 13:56:08.354 28915 28915 E SchedPolicy: open of dev/cpuctl/bg_non_interactive/limit_bg/tasks failed: Permission denied
03-26 13:56:08.354  1265  2766 D HwInputMethodManagerService: ------------startInput--------------
03-26 13:56:08.355  1265  2766 D HwInputMethodManagerService: hideSecSoftInput = false
03-26 13:56:08.363 28915 28915 D ActivityThread: ActivityThread,attachApplication
03-26 13:56:08.363  1265  1968 D ActivityManager: ActivityManagerService,attachApplication,callingPid = 28915
03-26 13:56:08.405  1265  1280 D HwNetworkManagementService: code == CODE_GET_AD_KEY_LIST
03-26 13:56:08.405  1265  1280 D HwNetworkManagementService: appName = io.appium.android.ime  is not in the mAdViewMap! reply none
03-26 13:56:08.405  1265  1280 D HwNetworkManagementService: appName = io.appium.android.ime  is not in the mAdIdMap! reply none
03-26 13:56:08.580  1265  2729 I ActivityManager: Process com.baidu.input_huawei (pid 8615) has died
03-26 13:56:08.580  1265  2729 D ActivityManager: cleanUpApplicationRecord -- 8615
03-26 13:56:08.818 28934 28946 E SchedPolicy: open of dev/cpuctl/limit_fg/tasks failed: Permission denied
03-26 13:56:08.818 28934 28946 E SchedPolicy: open of dev/cpuctl/bg_non_interactive/limit_bg/tasks failed: Permission denied
03-26 13:56:09.658  1265  1523 E TaskPersister: File error accessing recents directory (directory doesn't exist?).
03-26 13:56:09.842 28955 28966 E SchedPolicy: open of dev/cpuctl/limit_fg/tasks failed: Permission denied
03-26 13:56:09.842 28955 28966 E SchedPolicy: open of dev/cpuctl/bg_non_interactive/limit_bg/tasks failed: Permission denied
03-26 13:56:10.691 28972 28981 E SchedPolicy: open of dev/cpuctl/limit_fg/tasks failed: Permission denied
03-26 13:56:10.691 28972 28981 E SchedPolicy: open of dev/cpuctl/bg_non_interactive/limit_bg/tasks failed: Permission denied
03-26 13:56:13.657 29015 29023 E SchedPolicy: open of dev/cpuctl/limit_fg/tasks failed: Permission denied
03-26 13:56:13.657 29015 29023 E SchedPolicy: open of dev/cpuctl/bg_non_interactive/limit_bg/tasks failed: Permission denied
03-26 13:56:13.666  1265  2320 I [SPMN]  : insert SECURE -- name = accessibility_enabled, package = android, user = 0, value = 1
03-26 13:56:13.669  1265  1265 I [SPMN]  : insert SECURE -- name = accessibility_enabled, package = android, user = 0, value = 1
03-26 13:56:14.514 29034 29042 E SchedPolicy: open of dev/cpuctl/limit_fg/tasks failed: Permission denied
03-26 13:56:14.514 29034 29042 E SchedPolicy: open of dev/cpuctl/bg_non_interactive/limit_bg/tasks failed: Permission denied
03-26 13:56:14.518  1265  2601 I ActivityManager: Force stopping cn.dcpai.auction appid=10404 user=0: from pid 29034by app
03-26 13:56:14.518  1265  2601 I ActivityManager: Killing 7905:cn.dcpai.auction/u0a404 (adj 0): stop cn.dcpai.auctionfrom pid 29034by app
03-26 13:56:14.519  1265  2601 D ActivityManager: cleanUpApplicationRecord -- 7905
03-26 13:56:14.519  1265  2601 W ActivityManager: Scheduling restart of crashed service cn.dcpai.auction/com.hyphenate.chat.EMJobService in 1000ms
03-26 13:56:14.520  1265  1285 I libprocessgroup: Killing pid 28477 in uid 10404 as part of process group 7905
03-26 13:56:14.525  1265  1285 I libprocessgroup: Killing pid 28477 in uid 10404 as part of process group 7905
03-26 13:56:14.528  1265  2601 W ActivityManager: Scheduling restart of crashed service cn.dcpai.auction/com.hyphenate.chat.EMChatService in 10991ms
