03-27 15:31:43.306  3496  3509 D HwCust  : Create obj success use class android.telephony.HwCustSignalStrengthImpl
03-27 15:31:43.306  3496  3509 D HwCust  : Create obj success use class android.telephony.HwCustSignalStrengthImpl
03-27 15:31:43.308  3931  3945 D HwCust  : Create obj success use class android.telephony.HwCustSignalStrengthImpl
03-27 15:31:43.309  5188  5199 D HwCust  : Create obj success use class android.telephony.HwCustSignalStrengthImpl
03-27 15:31:43.309  5188  5200 D HwCust  : Create obj success use class android.telephony.HwCustSignalStrengthImpl
03-27 15:31:43.309  5525  5536 D HwCust  : Create obj success use class android.telephony.HwCustSignalStrengthImpl
03-27 15:31:43.312  5525  5537 D HwCust  : Create obj success use class android.telephony.HwCustSignalStrengthImpl
03-27 15:31:45.924  1269  1967 W ActivityManager: getRunningAppProcesses: caller 10241 does not hold REAL_GET_TASKS; limiting output
03-27 15:31:45.926  3496  3631 I SendBroadcastPermission: action:com.tencent.mm.plugin.report.service.KVCommCrossProcessReceiver, mPermissionType:0
03-27 15:31:46.171  1269  1269 I chatty  : uid=1000 system_server expire 51 lines
03-27 15:31:46.440  1269  1413 I chatty  : uid=1000(system) WifiStateMachin expire 24 lines
03-27 15:31:47.522  1951  2088 D HwCust  : Create obj success use class android.telephony.HwCustSignalStrengthImpl
03-27 15:31:47.530  1951  1951 D HwCust  : Create obj success use class android.telephony.HwCustSignalStrengthImpl
03-27 15:31:49.299  1269  3393 I chatty  : uid=1000(system) Binder:1269_12 expire 17 lines
03-27 15:31:49.302  1910  2127 D HwCust  : Create obj success use class android.telephony.HwCustSignalStrengthImpl
03-27 15:31:49.302  1910  1923 D HwCust  : Create obj success use class android.telephony.HwCustSignalStrengthImpl
03-27 15:31:49.305  2786 13144 D HwCust  : Create obj success use class android.telephony.HwCustSignalStrengthImpl
03-27 15:31:49.305  2786  4478 D HwCust  : Create obj success use class android.telephony.HwCustSignalStrengthImpl
03-27 15:31:49.306  3406  3418 D HwCust  : Create obj success use class android.telephony.HwCustSignalStrengthImpl
03-27 15:31:49.306  2378  2405 D HwCust  : Create obj success use class android.telephony.HwCustSignalStrengthImpl
03-27 15:31:49.310  3496  3509 D HwCust  : Create obj success use class android.telephony.HwCustSignalStrengthImpl
03-27 15:31:49.311  3496  3509 D HwCust  : Create obj success use class android.telephony.HwCustSignalStrengthImpl
03-27 15:31:49.311  3931  3946 D HwCust  : Create obj success use class android.telephony.HwCustSignalStrengthImpl
03-27 15:31:49.312  5188  9492 D HwCust  : Create obj success use class android.telephony.HwCustSignalStrengthImpl
03-27 15:31:49.312  5188  5256 D HwCust  : Create obj success use class android.telephony.HwCustSignalStrengthImpl
03-27 15:31:49.313  5525  5538 D HwCust  : Create obj success use class android.telephony.HwCustSignalStrengthImpl
03-27 15:31:49.313  5525  5536 D HwCust  : Create obj success use class android.telephony.HwCustSignalStrengthImpl
03-27 15:31:51.131  1269  1472 I chatty  : uid=1000(system) WiFiArpStateMac expire 38 lines
03-27 15:31:52.641  1951  2088 D HwCust  : Create obj success use class android.telephony.HwCustSignalStrengthImpl
03-27 15:31:52.645  1951  1951 D HwCust  : Create obj success use class android.telephony.HwCustSignalStrengthImpl
03-27 15:31:55.308  1910  1923 D HwCust  : Create obj success use class android.telephony.HwCustSignalStrengthImpl
03-27 15:31:55.308  1910  1922 D HwCust  : Create obj success use class android.telephony.HwCustSignalStrengthImpl
03-27 15:31:55.309  2786  2799 D HwCust  : Create obj success use class android.telephony.HwCustSignalStrengthImpl
03-27 15:31:55.310  3406  3417 D HwCust  : Create obj success use class android.telephony.HwCustSignalStrengthImpl
03-27 15:31:55.310  2786  2799 D HwCust  : Create obj success use class android.telephony.HwCustSignalStrengthImpl
03-27 15:31:55.311  2378  8999 D HwCust  : Create obj success use class android.telephony.HwCustSignalStrengthImpl
03-27 15:31:55.313  3496  3916 D HwCust  : Create obj success use class android.telephony.HwCustSignalStrengthImpl
03-27 15:31:55.314  3496  3916 D HwCust  : Create obj success use class android.telephony.HwCustSignalStrengthImpl
03-27 15:31:55.314  3931  4318 D HwCust  : Create obj success use class android.telephony.HwCustSignalStrengthImpl
03-27 15:31:55.314  5188  5200 D HwCust  : Create obj success use class android.telephony.HwCustSignalStrengthImpl
03-27 15:31:55.317  5188  9492 D HwCust  : Create obj success use class android.telephony.HwCustSignalStrengthImpl
03-27 15:31:55.318  5525  5537 D HwCust  : Create obj success use class android.telephony.HwCustSignalStrengthImpl
03-27 15:31:55.318  5525  5538 D HwCust  : Create obj success use class android.telephony.HwCustSignalStrengthImpl
03-27 15:31:57.762  1951  2088 D HwCust  : Create obj success use class android.telephony.HwCustSignalStrengthImpl
03-27 15:31:57.766  1951  1951 D HwCust  : Create obj success use class android.telephony.HwCustSignalStrengthImpl
03-27 15:31:57.773  1910  1923 D HwCust  : Create obj success use class android.telephony.HwCustSignalStrengthImpl
03-27 15:31:57.775  2786  3304 D HwCust  : Create obj success use class android.telephony.HwCustSignalStrengthImpl
03-27 15:31:57.775  1910  1923 D HwCust  : Create obj success use class android.telephony.HwCustSignalStrengthImpl
03-27 15:31:57.778  2786 13144 D HwCust  : Create obj success use class android.telephony.HwCustSignalStrengthImpl
03-27 15:31:57.778  2378 21686 D HwCust  : Create obj success use class android.telephony.HwCustSignalStrengthImpl
03-27 15:31:57.780  3406  3418 D HwCust  : Create obj success use class android.telephony.HwCustSignalStrengthImpl
03-27 15:31:57.780  3496  3508 D HwCust  : Create obj success use class android.telephony.HwCustSignalStrengthImpl
03-27 15:31:57.780  3496  3508 D HwCust  : Create obj success use class android.telephony.HwCustSignalStrengthImpl
03-27 15:31:57.781  3931  3945 D HwCust  : Create obj success use class android.telephony.HwCustSignalStrengthImpl
03-27 15:31:57.782  1269  1269 I chatty  : uid=1000 system_server expire 79 lines
03-27 15:31:57.782  5188  5200 D HwCust  : Create obj success use class android.telephony.HwCustSignalStrengthImpl
03-27 15:31:57.782  5188  5256 D HwCust  : Create obj success use class android.telephony.HwCustSignalStrengthImpl
03-27 15:31:57.783  5525  5538 D HwCust  : Create obj success use class android.telephony.HwCustSignalStrengthImpl
03-27 15:31:57.783  5525  5536 D HwCust  : Create obj success use class android.telephony.HwCustSignalStrengthImpl
03-27 15:31:58.537  1269  1413 I chatty  : uid=1000(system) WifiStateMachin expire 40 lines
03-27 15:32:00.003   632   758 D bdatd   : [BiDispatcher.cpp] dispatchInfo# level: 6, tag: BDAT_TAG_ALARM_TRIGGER, time: 03-27 15:31:59.993, data: uid=1000 name=android type=3 tag=*alarm*:android.intent.action.TIME_TICK size=1
03-27 15:32:00.006  1269  1269 V AlarmManager: Received TIME_TICK alarm; rescheduling
03-27 15:32:00.037  1666  1666 W HwKeyguardDragHelper: AnimationBlocked
03-27 15:32:00.055  1666  1666 I EventCenter: EventCenter Get :android.intent.action.TIME_TICK
03-27 15:32:00.081  1666  1666 W HwKeyguardDragHelper: AnimationBlocked
03-27 15:32:00.092  1666  1666 W ResourceType: Failure getting entry for 0xffffffff (t=254 e=65535) (error -2147483647)
03-27 15:32:00.092  1666  1666 E DateLunarView: mDateString is: 327
03-27 15:32:00.093  1666  1666 W ResourceType: Failure getting entry for 0xffffffff (t=254 e=65535) (error -2147483647)
03-27 15:32:00.093  1666  1666 E DateLunarView: mDateString is: 327
03-27 15:32:00.094  1666  1666 D KeyguardUpdateMonitor: received broadcast android.intent.action.TIME_TICK
03-27 15:32:00.094  1666  1666 D KeyguardUpdateMonitor: handleTimeUpdate
03-27 15:32:00.099  2716  2716 I chatty  : uid=10051(com.huawei.android.launcher) expire 16 lines
03-27 15:32:00.114  2716  2880 I chatty  : uid=10051(com.huawei.android.launcher) launcher-loader expire 12 lines
03-27 15:32:00.120  4760  4824 I Step_LSC: 80000309|processHandleBroadcastAction action:android.intent.action.TIME_TICK
03-27 15:32:00.126  1269  3486 I chatty  : uid=1000(system) Binder:1269_13 expire 18 lines
03-27 15:32:00.148  1666  1666 W ExpandableNotificationRow: setActionsBackground,null == view,mPublicLayout
03-27 15:32:00.148  1666  1666 W ExpandableNotificationRow: setActionsBackground,null == view,mPrivateLayout
03-27 15:32:00.150  1666  1666 W ExpandableNotificationRow: setActionsBackground,null == view,mPublicLayout
03-27 15:32:00.150  1666  1666 W ExpandableNotificationRow: setActionsBackground,null == view,mPrivateLayout
03-27 15:32:00.152  1666  1666 W ExpandableNotificationRow: setActionsBackground,null == view,mPublicLayout
03-27 15:32:00.152  1666  1666 W ExpandableNotificationRow: setActionsBackground,null == view,mPrivateLayout
03-27 15:32:00.154  1666  1666 W ExpandableNotificationRow: setActionsBackground,null == view,mPublicLayout
03-27 15:32:00.154  1666  1666 W ExpandableNotificationRow: setActionsBackground,null == view,mPrivateLayout
03-27 15:32:00.156  1666  1666 W ExpandableNotificationRow: setActionsBackground,null == view,mPublicLayout
03-27 15:32:00.156  1666  1666 W ExpandableNotificationRow: setActionsBackground,null == view,mPrivateLayout
03-27 15:32:00.158  1666  1666 W ExpandableNotificationRow: setActionsBackground,null == view,mPublicLayout
03-27 15:32:00.158  1666  1666 W ExpandableNotificationRow: setActionsBackground,null == view,mPrivateLayout
03-27 15:32:00.160  1666  1666 W ExpandableNotificationRow: setActionsBackground,null == view,mPublicLayout
03-27 15:32:00.160  1666  1666 W ExpandableNotificationRow: setActionsBackground,null == view,mPrivateLayout
03-27 15:32:00.162  1666  1666 W ExpandableNotificationRow: setActionsBackground,null == view,mPublicLayout
03-27 15:32:00.162  1666  1666 W ExpandableNotificationRow: setActionsBackground,null == view,mPrivateLayout
03-27 15:32:00.164  1666  1666 W ExpandableNotificationRow: setActionsBackground,null == view,mPublicLayout
03-27 15:32:00.164  1666  1666 W ExpandableNotificationRow: setActionsBackground,null == view,mPrivateLayout
03-27 15:32:00.175  1269 13513 I chatty  : uid=1000(system) Binder:1269_17 expire 21 lines
03-27 15:32:00.176  1666  1666 W HwKeyguardDragHelper: AnimationBlocked
03-27 15:32:00.182  1666  1666 D DateTimeView: Change to single clock mode!
03-27 15:32:00.185  1666  1666 D DateTimeView: Change to single clock mode!
03-27 15:32:02.721  1269  1483 I chatty  : uid=1000(system) HuaweiWifiWatch expire 31 lines
03-27 15:32:03.051  1269  1387 D HwBatteryService: onUEvent fcpStatus = 0,scpStatus =0,ovpStatus=0
03-27 15:32:03.052  1269  1387 I UsbDeviceManager: water_intrused state= 0
03-27 15:32:03.054  1269  1269 D WifiService: onReceive, action:android.intent.action.BATTERY_CHANGED
03-27 15:32:03.054  1269  1269 D WifiService: ACTION_BATTERY_CHANGED pluggedType: 2
03-27 15:32:03.058  1666  1666 D KeyguardUpdateMonitor: received broadcast android.intent.action.BATTERY_CHANGED
03-27 15:32:03.059  1666  1666 W KeyguardUpdateMonitor: ACTION_BATTERY_CHANGED AMP: 0; Volt: 0
03-27 15:32:03.065  6600   684 E CloudAlbum[8.0.1.304]: [ReceiverManager] not log on ignore
03-27 15:32:03.077  1666  1666 V KeyguardUpdateMonitor: RefreshBatteryInfo isBatteryLow: 100
03-27 15:32:03.077  1666  1666 W KeyguardUpdateMonitor: ChargingSpeed  Wattage: -1 ST: 5000000 --> 7500000
03-27 15:32:03.077  1666  1666 I KgBattery: BatteryInfo updated:  5lPC-1
03-27 15:32:03.077  1666  1666 W AppHandler: sendMessage with obj100
03-27 15:32:03.077  1666  1666 D KeyguardUpdateMonitor: handleBatteryUpdate
03-27 15:32:03.081  1666  1666 W HwLockScreenPanel: refreshBatteryInfo: null
03-27 15:32:03.081  1666  1666 W HwLockScreenPanel: Handle message: 100
03-27 15:32:03.776  1910  2127 D HwCust  : Create obj success use class android.telephony.HwCustSignalStrengthImpl
03-27 15:32:03.778  1910  1923 D HwCust  : Create obj success use class android.telephony.HwCustSignalStrengthImpl
03-27 15:32:03.778  2378  2403 D HwCust  : Create obj success use class android.telephony.HwCustSignalStrengthImpl
03-27 15:32:03.778  2786  3304 D HwCust  : Create obj success use class android.telephony.HwCustSignalStrengthImpl
03-27 15:32:03.779  3406  3417 D HwCust  : Create obj success use class android.telephony.HwCustSignalStrengthImpl
03-27 15:32:03.779  3496  3916 D HwCust  : Create obj success use class android.telephony.HwCustSignalStrengthImpl
03-27 15:32:03.780  3496  3916 D HwCust  : Create obj success use class android.telephony.HwCustSignalStrengthImpl
03-27 15:32:03.780  2786  2799 D HwCust  : Create obj success use class android.telephony.HwCustSignalStrengthImpl
03-27 15:32:03.783  3931  3946 D HwCust  : Create obj success use class android.telephony.HwCustSignalStrengthImpl
03-27 15:32:03.783  5188  5256 D HwCust  : Create obj success use class android.telephony.HwCustSignalStrengthImpl
03-27 15:32:03.783  5525  5538 D HwCust  : Create obj success use class android.telephony.HwCustSignalStrengthImpl
03-27 15:32:03.783  5188  5256 D HwCust  : Create obj success use class android.telephony.HwCustSignalStrengthImpl
03-27 15:32:03.784  5525  5538 D HwCust  : Create obj success use class android.telephony.HwCustSignalStrengthImpl
03-27 15:32:07.164  1269  1472 I chatty  : uid=1000(system) WiFiArpStateMac expire 30 lines
03-27 15:32:07.212  4760  4780 I LogUtil_LogConfig: getLogFile(): logFilePath = /data/data/com.huawei.health/files/com.huawei.health/com.huawei.health_DaemonService/
03-27 15:32:07.213  4760  4780 D LogUtil_LogConfig: acquireMaxLogFileLengthContainsOffset describe: null result:5242880
03-27 15:32:08.011  1951  2088 D HwCust  : Create obj success use class android.telephony.HwCustSignalStrengthImpl
03-27 15:32:08.015  1951  1951 D HwCust  : Create obj success use class android.telephony.HwCustSignalStrengthImpl
03-27 15:32:09.777  1269  2694 I chatty  : uid=1000(system) Binder:1269_10 expire 17 lines
03-27 15:32:09.781  1910  1922 D HwCust  : Create obj success use class android.telephony.HwCustSignalStrengthImpl
03-27 15:32:09.782  1910  1922 D HwCust  : Create obj success use class android.telephony.HwCustSignalStrengthImpl
03-27 15:32:09.782  2786  4478 D HwCust  : Create obj success use class android.telephony.HwCustSignalStrengthImpl
03-27 15:32:09.782  3406  3418 D HwCust  : Create obj success use class android.telephony.HwCustSignalStrengthImpl
03-27 15:32:09.784  3496  3508 D HwCust  : Create obj success use class android.telephony.HwCustSignalStrengthImpl
03-27 15:32:09.784  2378  2405 D HwCust  : Create obj success use class android.telephony.HwCustSignalStrengthImpl
03-27 15:32:09.784  3496  3508 D HwCust  : Create obj success use class android.telephony.HwCustSignalStrengthImpl
03-27 15:32:09.787  2786 13144 D HwCust  : Create obj success use class android.telephony.HwCustSignalStrengthImpl
03-27 15:32:09.788  3931  4318 D HwCust  : Create obj success use class android.telephony.HwCustSignalStrengthImpl
03-27 15:32:09.789  5188  9492 D HwCust  : Create obj success use class android.telephony.HwCustSignalStrengthImpl
03-27 15:32:09.789  5188  5200 D HwCust  : Create obj success use class android.telephony.HwCustSignalStrengthImpl
03-27 15:32:09.790  5525  5537 D HwCust  : Create obj success use class android.telephony.HwCustSignalStrengthImpl
03-27 15:32:09.791  5525  5537 D HwCust  : Create obj success use class android.telephony.HwCustSignalStrengthImpl
03-27 15:32:10.730  1269  1481 I chatty  : uid=1000(system) Thread-10 expire 12 lines
03-27 15:32:18.825   632   758 D bdatd   : [BiDispatcher.cpp] dispatchInfo# level: 6, tag: BDAT_TAG_ALARM_TRIGGER, time: 03-27 15:32:18.813, data: uid=1010241 name=com.tencent.mm type=2 tag=*walarm*:ALARM_ACTION(5525) size=1
03-27 15:32:18.826  2378  8999 D PTM.ObserverManager: onBdatUpload, get message from bdat service...
03-27 15:32:18.829  5525  5525 I SendBroadcastPermission: action:null, mPermissionType:0
03-27 15:32:18.850  1269  1282 I ProcessStatsService: Prepared write state in 4ms
03-27 15:32:18.854  1269  1282 I ProcessStatsService: Prepared write state in 4ms
03-27 15:32:19.263  1269  1269 I chatty  : uid=1000 system_server expire 24 lines
03-27 15:32:19.425  1269  1413 I chatty  : uid=1000(system) WifiStateMachin expire 52 lines
03-27 15:32:19.425   632   758 D bdatd   : [BiDispatcher.cpp] dispatchInfo# level: 6, tag: BDAT_TAG_ALARM_TRIGGER, time: 03-27 15:32:19.413, data: uid=1000 name=android type=2 tag=*walarm*:WifiConnectivityManager Schedule Periodic Scan Timer size=1
03-27 15:32:19.428  2378 21686 D PTM.ObserverManager: onBdatUpload, get message from bdat service...
03-27 15:32:19.448  1980  1980 D wpa_supp: wlan0: Setting scan request: 0.000000 sec
03-27 15:32:19.448  1980  1980 D wpa_supp: wlan0: Starting AP scan for wildcard SSID
03-27 15:32:19.449  1980  1980 D wpa_supp: P2P: * Listen Channel: Regulatory Class 81 Channel 6
03-27 15:32:19.449  1980  1980 D wpa_supp: wlan0: Starting radio work 'scan'@0x7bf982e3c0 after 0.000110 second wait
03-27 15:32:19.449  1980  1980 D wpa_supp: wlan0: nl80211: scan request
03-27 15:32:19.453  1980  1980 D wpa_supp: Scan requested (ret=0) - scan timeout 30 seconds
03-27 15:32:19.454  1980  1980 D wpa_supp: nl80211: Drv Event 33 (NL80211_CMD_TRIGGER_SCAN) received for wlan0
03-27 15:32:19.454  1980  1980 D wpa_supp: wlan0: nl80211: Scan trigger
03-27 15:32:19.454  1980  1980 D wpa_supp: wlan0: Event SCAN_STARTED (47) received
03-27 15:32:19.454  1980  1980 D wpa_supp: wlan0: Own scan request started a scan in 0.000528 seconds
03-27 15:32:19.454   632   758 D bdatd   : [BiDispatcher.cpp] dispatchInfo# level: 6, tag: BDAT_TAG_WIFI_SCAN_STARTED, time: 03-27 15:32:19.443, data: uid=1010
03-27 15:32:21.646  1980  1980 D wpa_supp: nl80211: Drv Event 34 (NL80211_CMD_NEW_SCAN_RESULTS) received for wlan0
03-27 15:32:21.647  1980  1980 D wpa_supp: wlan0: nl80211: New scan results available
03-27 15:32:21.647  1980  1980 D wpa_supp: nl80211: Scan probed for SSID ''
03-27 15:32:21.647  1980  1980 D wpa_supp: nl80211: Scan included frequencies: 2412 2417 2422 2427 2432 2437 2442 2447 2452 2457 2462 2467 2472 5180 5200 5220 5240 5260 5280 5300 5320 5745 5765 5785 5805 5825
03-27 15:32:21.647  1980  1980 D wpa_supp: wlan0: Event SCAN_RESULTS (3) received
03-27 15:32:21.647  1980  1980 D wpa_supp: wlan0: Scan completed in 2.192867 seconds
03-27 15:32:21.648  1980  1980 D wpa_supp: nl80211: Associated on 5220 MHz
03-27 15:32:21.648  1980  1980 D wpa_supp: nl80211: Associated with 30:7b:ac:b2:97:20
03-27 15:32:21.648  1269  1407 D NetdConnector: RCV <- {pattern.matcher(rawEventLog) fail}
03-27 15:32:21.648  1980  1980 D wpa_supp: nl80211: Received scan results (19 BSSes)
03-27 15:32:21.649  1980  1980 D wpa_supp: nl80211: Scan results indicate BSS status with 30:7b:ac:b2:97:20 as associated
03-27 15:32:21.649  1980  1980 D wpa_supp: wlan0: BSS: Start scan result update 95
03-27 15:32:21.649  1980  1980 D wpa_supp: wlan0: BSS: Add new id 364 BSSID 88:25:93:db:ad:e4 SSID '\xe7\x91\x9e\xe5\xb3\xb0\xe5\xbd\xb1\xe8\xa7\x861' freq 2467
03-27 15:32:21.650  1980  1980 D wpa_supp: wlan0: BSS: Add new id 365 BSSID 20:6b:e7:77:c9:7e SSID 'KSURE1' freq 2412
03-27 15:32:21.651  1980  1980 D wpa_supp: wlan0: BSS: Add new id 366 BSSID 60:da:83:93:ca:b2 SSID 'ZBGK' freq 2412
03-27 15:32:21.651  1980  1980 D wpa_supp: WPS: AP vendor specific ies
03-27 15:32:21.652  1980  1980 D wpa_supp: WPS: AP SSID=ChinaNet-kT94, MAC=c4:47:3f:9f:a2:e8, manufacturer=, mode name=, model number=, device name=
03-27 15:32:21.652  1980  1980 D wpa_supp: wlan0: BSS: Add new id 367 BSSID c4:47:3f:9f:a2:e8 SSID 'ChinaNet-kT94' freq 2412
03-27 15:32:21.652  1980  1980 D wpa_supp: wlan0: BSS: Add new id 368 BSSID 0c:4b:54:79:f5:c3 SSID 'linknoon' freq 2437
03-27 15:32:21.652  1980  1980 D wpa_supp: BSS: last_scan_res_used=19/32
03-27 15:32:21.652  1980  1980 D wpa_supp: wlan0: Scan-only results received
03-27 15:32:21.653  1269  1407 D NetdConnector: RCV <- {pattern.matcher(eventLog) fail}
03-27 15:32:21.656  1980  1980 D wpa_supp: wlan0: Radio work 'scan'@0x7bf982e3c0 done in 2.206650 seconds
03-27 15:32:21.656  1980  1980 D wpa_supp: wlan0: radio_work_free('scan'@0x7bf982e3c0: num_active_works --> 0
03-27 15:32:21.658  1269  1289 D NetdConnector: RCV unsolicited event from native daemon, event = 600
03-27 15:32:21.661  1269  1289 D NetworkManagement: notifyInterfaceLinkStateChanged 10
03-27 15:32:21.685   632   758 D bdatd   : [BiDispatcher.cpp] dispatchInfo# level: 6, tag: BDAT_TAG_WIFI_SCAN_STOPPED, time: 03-27 15:32:21.673, data: uid=1010
03-27 15:32:22.200  1269  1472 I chatty  : uid=1000(system) WiFiArpStateMac expire 38 lines
03-27 15:32:23.360  1951  2088 D HwCust  : Create obj success use class android.telephony.HwCustSignalStrengthImpl
03-27 15:32:23.365  1951  1951 D HwCust  : Create obj success use class android.telephony.HwCustSignalStrengthImpl
03-27 15:32:23.372  1910  1922 D HwCust  : Create obj success use class android.telephony.HwCustSignalStrengthImpl
03-27 15:32:23.372  1910  1923 D HwCust  : Create obj success use class android.telephony.HwCustSignalStrengthImpl
03-27 15:32:23.373  2786  2798 D HwCust  : Create obj success use class android.telephony.HwCustSignalStrengthImpl
03-27 15:32:23.376  2786  3304 D HwCust  : Create obj success use class android.telephony.HwCustSignalStrengthImpl
03-27 15:32:23.376  2378 27378 D HwCust  : Create obj success use class android.telephony.HwCustSignalStrengthImpl
03-27 15:32:23.377  3406  3417 D HwCust  : Create obj success use class android.telephony.HwCustSignalStrengthImpl
03-27 15:32:23.378  3496  3508 D HwCust  : Create obj success use class android.telephony.HwCustSignalStrengthImpl
03-27 15:32:23.378  3496  3916 D HwCust  : Create obj success use class android.telephony.HwCustSignalStrengthImpl
03-27 15:32:23.379  3931  3945 D HwCust  : Create obj success use class android.telephony.HwCustSignalStrengthImpl
03-27 15:32:23.381  5525  5537 D HwCust  : Create obj success use class android.telephony.HwCustSignalStrengthImpl
03-27 15:32:23.381  5188  5199 D HwCust  : Create obj success use class android.telephony.HwCustSignalStrengthImpl
03-27 15:32:23.381  5525  5537 D HwCust  : Create obj success use class android.telephony.HwCustSignalStrengthImpl
03-27 15:32:23.382  5188  5200 D HwCust  : Create obj success use class android.telephony.HwCustSignalStrengthImpl
03-27 15:32:26.748  1269  1483 I chatty  : uid=1000(system) HuaweiWifiWatch expire 35 lines
03-27 15:32:26.750  1269  1481 I chatty  : uid=1000(system) Thread-10 expire 12 lines
03-27 15:32:28.293  1269  1407 D NetdConnector: RCV <- {pattern.matcher(rawEventLog) fail}
03-27 15:32:28.297  1269  1407 D NetdConnector: RCV <- {pattern.matcher(eventLog) fail}
03-27 15:32:28.303  1269  1289 D NetdConnector: RCV unsolicited event from native daemon, event = 613
03-27 15:32:28.306  1269  1289 D NetworkManagement: notifyInterfaceClassActivity: client is com.android.server.net.NetworkStatsService$6@6ca9d1
03-27 15:32:28.306  1269  1289 D NetworkManagement: notifyInterfaceClassActivity: client is com.android.server.connectivity.Vpn$2@16939e9
03-27 15:32:28.306  1269  1289 D NetworkManagement: notifyInterfaceClassActivity: client is com.android.server.connectivity.Vpn$2@4c42b89
03-27 15:32:28.307  1269  1289 D NetworkManagement: notifyInterfaceClassActivity: client is com.android.server.connectivity.Tethering@65bbb13
03-27 15:32:28.307  1269  1289 D NetworkManagement: notifyInterfaceClassActivity: client is com.android.server.ethernet.EthernetNetworkFactory$InterfaceObserver@6771fbd
03-27 15:32:28.307  1269  1289 D NetworkManagement: notifyInterfaceClassActivity: client is android.net.ip.IpManager$2@894fe2a
03-27 15:32:28.307  1269  1289 D NetworkManagement: notifyInterfaceClassActivity: client is com.android.server.ConnectivityService$1@bc0a150
03-27 15:32:28.310  1269  1289 D NetworkManagement: notifyInterfaceClassActivity: client is android.net.INetworkManagementEventObserver$Stub$Proxy@c92aecf
03-27 15:32:28.313  1269  1289 D NetworkManagement: notifyInterfaceClassActivity: client is com.android.server.net.NetworkPolicyManagerService$13@f312f94
03-27 15:32:28.313  1269  1289 D NetworkManagement: notifyInterfaceClassActivity: client is android.net.INetworkManagementEventObserver$Stub$Proxy@1d94ba2
03-27 15:32:28.487  1951  2088 D HwCust  : Create obj success use class android.telephony.HwCustSignalStrengthImpl
03-27 15:32:28.490  1951  1951 D HwCust  : Create obj success use class android.telephony.HwCustSignalStrengthImpl
03-27 15:32:29.372  1269  3511 I chatty  : uid=1000(system) Binder:1269_16 expire 17 lines
03-27 15:32:29.375  1910  2127 D HwCust  : Create obj success use class android.telephony.HwCustSignalStrengthImpl
03-27 15:32:29.375  1910  1922 D HwCust  : Create obj success use class android.telephony.HwCustSignalStrengthImpl
03-27 15:32:29.376  2786  4478 D HwCust  : Create obj success use class android.telephony.HwCustSignalStrengthImpl
03-27 15:32:29.376  2786  2799 D HwCust  : Create obj success use class android.telephony.HwCustSignalStrengthImpl
03-27 15:32:29.379  2378  2403 D HwCust  : Create obj success use class android.telephony.HwCustSignalStrengthImpl
03-27 15:32:29.380  3496  3509 D HwCust  : Create obj success use class android.telephony.HwCustSignalStrengthImpl
03-27 15:32:29.380  3406  3418 D HwCust  : Create obj success use class android.telephony.HwCustSignalStrengthImpl
03-27 15:32:29.381  3496  3509 D HwCust  : Create obj success use class android.telephony.HwCustSignalStrengthImpl
03-27 15:32:29.382  1269  1269 I chatty  : uid=1000 system_server expire 49 lines
03-27 15:32:29.382  3931  3946 D HwCust  : Create obj success use class android.telephony.HwCustSignalStrengthImpl
03-27 15:32:29.383  5188  9492 D HwCust  : Create obj success use class android.telephony.HwCustSignalStrengthImpl
03-27 15:32:29.386  5188  5256 D HwCust  : Create obj success use class android.telephony.HwCustSignalStrengthImpl
03-27 15:32:29.388  5525  5538 D HwCust  : Create obj success use class android.telephony.HwCustSignalStrengthImpl
03-27 15:32:29.389  5525  5537 D HwCust  : Create obj success use class android.telephony.HwCustSignalStrengthImpl
03-27 15:32:30.585  1269  1407 D NetdConnector: RCV <- {pattern.matcher(rawEventLog) fail}
03-27 15:32:30.586  1269  1407 D NetdConnector: RCV <- {pattern.matcher(eventLog) fail}
03-27 15:32:30.588  1269  1289 D NetdConnector: RCV unsolicited event from native daemon, event = 613
03-27 15:32:30.589  1269  1289 D NetworkManagement: notifyInterfaceClassActivity: client is com.android.server.net.NetworkStatsService$6@6ca9d1
03-27 15:32:30.589  1269  1289 D NetworkManagement: notifyInterfaceClassActivity: client is com.android.server.connectivity.Vpn$2@16939e9
03-27 15:32:30.589  1269  1289 D NetworkManagement: notifyInterfaceClassActivity: client is com.android.server.connectivity.Vpn$2@4c42b89
03-27 15:32:30.589  1269  1289 D NetworkManagement: notifyInterfaceClassActivity: client is com.android.server.connectivity.Tethering@65bbb13
03-27 15:32:30.589  1269  1289 D NetworkManagement: notifyInterfaceClassActivity: client is com.android.server.ethernet.EthernetNetworkFactory$InterfaceObserver@6771fbd
03-27 15:32:30.589  1269  1289 D NetworkManagement: notifyInterfaceClassActivity: client is android.net.ip.IpManager$2@894fe2a
03-27 15:32:30.589  1269  1289 D NetworkManagement: notifyInterfaceClassActivity: client is com.android.server.ConnectivityService$1@bc0a150
03-27 15:32:30.590  1269  1289 D NetworkManagement: notifyInterfaceClassActivity: client is android.net.INetworkManagementEventObserver$Stub$Proxy@c92aecf
03-27 15:32:30.591  1269  1289 D NetworkManagement: notifyInterfaceClassActivity: client is com.android.server.net.NetworkPolicyManagerService$13@f312f94
03-27 15:32:30.591  1269  1289 D NetworkManagement: notifyInterfaceClassActivity: client is android.net.INetworkManagementEventObserver$Stub$Proxy@1d94ba2
03-27 15:32:31.080  2378  2378 I iMonitor: create: 903001011
03-27 15:32:31.087  2378  2378 I iMonitor: send: 903001011
03-27 15:32:31.088   632  1215 I logserver: handle_exception_events enter
03-27 15:32:31.088  2378  2378 W PTM.PeriodCheckManager: mSendService start
03-27 15:32:31.116  2378  2464 E LogCollectService: illegal eventid
03-27 15:32:33.206  1269  1387 D HwBatteryService: onUEvent fcpStatus = 0,scpStatus =0,ovpStatus=0
03-27 15:32:33.207  1269  1387 I UsbDeviceManager: water_intrused state= 0
03-27 15:32:33.607  1951  2088 D HwCust  : Create obj success use class android.telephony.HwCustSignalStrengthImpl
03-27 15:32:33.611  1951  1951 D HwCust  : Create obj success use class android.telephony.HwCustSignalStrengthImpl
03-27 15:32:33.618  1910  1923 D HwCust  : Create obj success use class android.telephony.HwCustSignalStrengthImpl
03-27 15:32:33.618  1910  1922 D HwCust  : Create obj success use class android.telephony.HwCustSignalStrengthImpl
03-27 15:32:33.620  2786 13144 D HwCust  : Create obj success use class android.telephony.HwCustSignalStrengthImpl
03-27 15:32:33.623  2786  2798 D HwCust  : Create obj success use class android.telephony.HwCustSignalStrengthImpl
03-27 15:32:33.624  2378  2405 D HwCust  : Create obj success use class android.telephony.HwCustSignalStrengthImpl
03-27 15:32:33.624  3406  3417 D HwCust  : Create obj success use class android.telephony.HwCustSignalStrengthImpl
03-27 15:32:33.628  3496  3508 D HwCust  : Create obj success use class android.telephony.HwCustSignalStrengthImpl
03-27 15:32:33.628  3496  3916 D HwCust  : Create obj success use class android.telephony.HwCustSignalStrengthImpl
03-27 15:32:33.629  3931  4318 D HwCust  : Create obj success use class android.telephony.HwCustSignalStrengthImpl
03-27 15:32:33.629  5188  5199 D HwCust  : Create obj success use class android.telephony.HwCustSignalStrengthImpl
03-27 15:32:33.630  5188  5199 D HwCust  : Create obj success use class android.telephony.HwCustSignalStrengthImpl
03-27 15:32:33.630  5525  5538 D HwCust  : Create obj success use class android.telephony.HwCustSignalStrengthImpl
03-27 15:32:33.630  5525  5538 D HwCust  : Create obj success use class android.telephony.HwCustSignalStrengthImpl
03-27 15:32:38.050  1924  1995 D WakelockMonitor: check gps high power
03-27 15:32:38.249  1269  1472 I chatty  : uid=1000(system) WiFiArpStateMac expire 30 lines
03-27 15:32:42.770  1269  1481 I chatty  : uid=1000(system) Thread-10 expire 18 lines
03-27 15:32:43.650  1980  1980 D wpa_supp: wlan0: BSS: Remove id 356 BSSID 48:7d:2e:e8:c0:7a SSID 'TP-LINK_2101' due to wpa_bss_flush_by_age
03-27 15:32:43.651  1980  1980 D wpa_supp: wlan0: BSS: Remove id 357 BSSID 20:6b:e7:77:d1:4c SSID 'KSURE1' due to wpa_bss_flush_by_age
03-27 15:32:43.839  1951  2088 D HwCust  : Create obj success use class android.telephony.HwCustSignalStrengthImpl
03-27 15:32:43.841  1951  1951 D HwCust  : Create obj success use class android.telephony.HwCustSignalStrengthImpl
03-27 15:32:43.843  1269  3390 I chatty  : uid=1000(system) Binder:1269_11 expire 17 lines
03-27 15:32:43.845  1910  2127 D HwCust  : Create obj success use class android.telephony.HwCustSignalStrengthImpl
03-27 15:32:43.845  1910  1923 D HwCust  : Create obj success use class android.telephony.HwCustSignalStrengthImpl
03-27 15:32:43.846  1269  1413 I chatty  : uid=1000(system) WifiStateMachin expire 32 lines
03-27 15:32:43.847  3496  3916 D HwCust  : Create obj success use class android.telephony.HwCustSignalStrengthImpl
03-27 15:32:43.847  2786  4478 D HwCust  : Create obj success use class android.telephony.HwCustSignalStrengthImpl
03-27 15:32:43.848  3496  3509 D HwCust  : Create obj success use class android.telephony.HwCustSignalStrengthImpl
03-27 15:32:43.848  2378  8999 D HwCust  : Create obj success use class android.telephony.HwCustSignalStrengthImpl
03-27 15:32:43.848  3406  3418 D HwCust  : Create obj success use class android.telephony.HwCustSignalStrengthImpl
03-27 15:32:43.850  2786  3304 D HwCust  : Create obj success use class android.telephony.HwCustSignalStrengthImpl
03-27 15:32:43.852  1269  1269 I chatty  : uid=1000 system_server expire 57 lines
03-27 15:32:43.854  3931  3945 D HwCust  : Create obj success use class android.telephony.HwCustSignalStrengthImpl
03-27 15:32:43.854  5188  5256 D HwCust  : Create obj success use class android.telephony.HwCustSignalStrengthImpl
03-27 15:32:43.855  5188  5256 D HwCust  : Create obj success use class android.telephony.HwCustSignalStrengthImpl
03-27 15:32:43.856  5525  5536 D HwCust  : Create obj success use class android.telephony.HwCustSignalStrengthImpl
03-27 15:32:43.856  5525  5538 D HwCust  : Create obj success use class android.telephony.HwCustSignalStrengthImpl
03-27 15:32:48.962  1951  2088 D HwCust  : Create obj success use class android.telephony.HwCustSignalStrengthImpl
03-27 15:32:48.966  1951  1951 D HwCust  : Create obj success use class android.telephony.HwCustSignalStrengthImpl
03-27 15:32:48.969  1269  1942 I chatty  : uid=1000(system) Binder:1269_5 expire 17 lines
03-27 15:32:48.973  1910  1922 D HwCust  : Create obj success use class android.telephony.HwCustSignalStrengthImpl
03-27 15:32:48.974  2786  2798 D HwCust  : Create obj success use class android.telephony.HwCustSignalStrengthImpl
03-27 15:32:48.974  2378 21686 D HwCust  : Create obj success use class android.telephony.HwCustSignalStrengthImpl
03-27 15:32:48.975  3406  3417 D HwCust  : Create obj success use class android.telephony.HwCustSignalStrengthImpl
03-27 15:32:48.975  2786 13144 D HwCust  : Create obj success use class android.telephony.HwCustSignalStrengthImpl
03-27 15:32:48.976  3931  3946 D HwCust  : Create obj success use class android.telephony.HwCustSignalStrengthImpl
03-27 15:32:48.976  3496  3509 D HwCust  : Create obj success use class android.telephony.HwCustSignalStrengthImpl
03-27 15:32:48.977  1910  2127 D HwCust  : Create obj success use class android.telephony.HwCustSignalStrengthImpl
03-27 15:32:48.977  5188  5200 D HwCust  : Create obj success use class android.telephony.HwCustSignalStrengthImpl
03-27 15:32:48.979  3496  3916 D HwCust  : Create obj success use class android.telephony.HwCustSignalStrengthImpl
03-27 15:32:48.979  5188  5256 D HwCust  : Create obj success use class android.telephony.HwCustSignalStrengthImpl
03-27 15:32:48.981  5525  5537 D HwCust  : Create obj success use class android.telephony.HwCustSignalStrengthImpl
03-27 15:32:48.982  5525  5537 D HwCust  : Create obj success use class android.telephony.HwCustSignalStrengthImpl
03-27 15:32:50.779  1269  1483 I chatty  : uid=1000(system) HuaweiWifiWatch expire 23 lines
03-27 15:32:53.285  1269  1472 I chatty  : uid=1000(system) WiFiArpStateMac expire 41 lines
03-27 15:32:54.980  1910  1923 D HwCust  : Create obj success use class android.telephony.HwCustSignalStrengthImpl
03-27 15:32:54.981  1910  1923 D HwCust  : Create obj success use class android.telephony.HwCustSignalStrengthImpl
03-27 15:32:54.982  2786  2799 D HwCust  : Create obj success use class android.telephony.HwCustSignalStrengthImpl
03-27 15:32:54.985  2378 27378 D HwCust  : Create obj success use class android.telephony.HwCustSignalStrengthImpl
03-27 15:32:54.985  2786  4478 D HwCust  : Create obj success use class android.telephony.HwCustSignalStrengthImpl
03-27 15:32:54.985  3406  3418 D HwCust  : Create obj success use class android.telephony.HwCustSignalStrengthImpl
03-27 15:32:54.987  3496  3509 D HwCust  : Create obj success use class android.telephony.HwCustSignalStrengthImpl
03-27 15:32:54.987  3496  3508 D HwCust  : Create obj success use class android.telephony.HwCustSignalStrengthImpl
03-27 15:32:54.989  3931  4318 D HwCust  : Create obj success use class android.telephony.HwCustSignalStrengthImpl
03-27 15:32:54.990  5188  5199 D HwCust  : Create obj success use class android.telephony.HwCustSignalStrengthImpl
03-27 15:32:54.994  5188  9492 D HwCust  : Create obj success use class android.telephony.HwCustSignalStrengthImpl
03-27 15:32:54.994  5525  5536 D HwCust  : Create obj success use class android.telephony.HwCustSignalStrengthImpl
03-27 15:32:54.994  5525  5537 D HwCust  : Create obj success use class android.telephony.HwCustSignalStrengthImpl
03-27 15:32:59.202  1951  2088 D HwCust  : Create obj success use class android.telephony.HwCustSignalStrengthImpl
03-27 15:32:59.206  1951  1951 D HwCust  : Create obj success use class android.telephony.HwCustSignalStrengthImpl
03-27 15:32:59.340  1269  1269 I chatty  : uid=1000 system_server expire 68 lines
03-27 15:33:00.004   632   758 D bdatd   : [BiDispatcher.cpp] dispatchInfo# level: 6, tag: BDAT_TAG_ALARM_TRIGGER, time: 03-27 15:32:59.993, data: uid=1000 name=android type=3 tag=*alarm*:android.intent.action.TIME_TICK size=1
03-27 15:33:00.006  1269  1269 V AlarmManager: Received TIME_TICK alarm; rescheduling
03-27 15:33:00.037  1666  1666 W HwKeyguardDragHelper: AnimationBlocked
03-27 15:33:00.053  1666  1666 I EventCenter: EventCenter Get :android.intent.action.TIME_TICK
03-27 15:33:00.073  1666  1666 W HwKeyguardDragHelper: AnimationBlocked
03-27 15:33:00.085  1666  1666 W ResourceType: Failure getting entry for 0xffffffff (t=254 e=65535) (error -2147483647)
03-27 15:33:00.085  1666  1666 E DateLunarView: mDateString is: 327
03-27 15:33:00.086  1666  1666 W ResourceType: Failure getting entry for 0xffffffff (t=254 e=65535) (error -2147483647)
03-27 15:33:00.087  1666  1666 E DateLunarView: mDateString is: 327
03-27 15:33:00.088  1666  1666 D KeyguardUpdateMonitor: received broadcast android.intent.action.TIME_TICK
03-27 15:33:00.091  1666  1666 D KeyguardUpdateMonitor: handleTimeUpdate
03-27 15:33:00.123  4760  4824 I Step_LSC: 80000309|processHandleBroadcastAction action:android.intent.action.TIME_TICK
03-27 15:33:00.131  1269  2694 I chatty  : uid=1000(system) Binder:1269_10 expire 14 lines
03-27 15:33:00.148  1666  1666 W ExpandableNotificationRow: setActionsBackground,null == view,mPublicLayout
03-27 15:33:00.148  1666  1666 W ExpandableNotificationRow: setActionsBackground,null == view,mPrivateLayout
03-27 15:33:00.151  1666  1666 W ExpandableNotificationRow: setActionsBackground,null == view,mPublicLayout
03-27 15:33:00.151  1666  1666 W ExpandableNotificationRow: setActionsBackground,null == view,mPrivateLayout
03-27 15:33:00.153  1666  1666 W ExpandableNotificationRow: setActionsBackground,null == view,mPublicLayout
03-27 15:33:00.153  1666  1666 W ExpandableNotificationRow: setActionsBackground,null == view,mPrivateLayout
03-27 15:33:00.155  1666  1666 W ExpandableNotificationRow: setActionsBackground,null == view,mPublicLayout
03-27 15:33:00.156  1666  1666 W ExpandableNotificationRow: setActionsBackground,null == view,mPrivateLayout
03-27 15:33:00.158  1666  1666 W ExpandableNotificationRow: setActionsBackground,null == view,mPublicLayout
03-27 15:33:00.158  1666  1666 W ExpandableNotificationRow: setActionsBackground,null == view,mPrivateLayout
03-27 15:33:00.160  1666  1666 W ExpandableNotificationRow: setActionsBackground,null == view,mPublicLayout
03-27 15:33:00.160  1666  1666 W ExpandableNotificationRow: setActionsBackground,null == view,mPrivateLayout
03-27 15:33:00.162  1666  1666 W ExpandableNotificationRow: setActionsBackground,null == view,mPublicLayout
03-27 15:33:00.162  1666  1666 W ExpandableNotificationRow: setActionsBackground,null == view,mPrivateLayout
03-27 15:33:00.164  1666  1666 W ExpandableNotificationRow: setActionsBackground,null == view,mPublicLayout
03-27 15:33:00.164  1666  1666 W ExpandableNotificationRow: setActionsBackground,null == view,mPrivateLayout
03-27 15:33:00.166  1666  1666 W ExpandableNotificationRow: setActionsBackground,null == view,mPublicLayout
03-27 15:33:00.167  1666  1666 W ExpandableNotificationRow: setActionsBackground,null == view,mPrivateLayout
03-27 15:33:00.175  1269  3489 I chatty  : uid=1000(system) Binder:1269_14 expire 7 lines
03-27 15:33:00.177  1269  1968 I chatty  : uid=1000(system) Binder:1269_8 expire 18 lines
03-27 15:33:00.178  1666  1666 W HwKeyguardDragHelper: AnimationBlocked
03-27 15:33:00.184  1666  1666 D DateTimeView: Change to single clock mode!
03-27 15:33:00.187  1666  1666 D DateTimeView: Change to single clock mode!
03-27 15:33:00.981  1269  2664 I chatty  : uid=1000(system) Binder:1269_D expire 17 lines
03-27 15:33:00.985  1910  2127 D HwCust  : Create obj success use class android.telephony.HwCustSignalStrengthImpl
03-27 15:33:00.986  2786  3304 D HwCust  : Create obj success use class android.telephony.HwCustSignalStrengthImpl
03-27 15:33:00.986  1910  1923 D HwCust  : Create obj success use class android.telephony.HwCustSignalStrengthImpl
03-27 15:33:00.989  2786  2798 D HwCust  : Create obj success use class android.telephony.HwCustSignalStrengthImpl
03-27 15:33:00.989  2378  2403 D HwCust  : Create obj success use class android.telephony.HwCustSignalStrengthImpl
03-27 15:33:00.990  3406  3417 D HwCust  : Create obj success use class android.telephony.HwCustSignalStrengthImpl
03-27 15:33:00.991  3496  3509 D HwCust  : Create obj success use class android.telephony.HwCustSignalStrengthImpl
03-27 15:33:00.991  3496  3916 D HwCust  : Create obj success use class android.telephony.HwCustSignalStrengthImpl
03-27 15:33:00.993  3931  3945 D HwCust  : Create obj success use class android.telephony.HwCustSignalStrengthImpl
03-27 15:33:00.993  5188  5200 D HwCust  : Create obj success use class android.telephony.HwCustSignalStrengthImpl
03-27 15:33:00.994  5525  5538 D HwCust  : Create obj success use class android.telephony.HwCustSignalStrengthImpl
03-27 15:33:00.994  5188  5200 D HwCust  : Create obj success use class android.telephony.HwCustSignalStrengthImpl
03-27 15:33:00.996  5525  5536 D HwCust  : Create obj success use class android.telephony.HwCustSignalStrengthImpl
03-27 15:33:01.978  1269  1413 I chatty  : uid=1000(system) WifiStateMachin expire 32 lines
03-27 15:33:03.069  6600  6636 I AppLogManager: PrintWoker poll timeout , shutdown
03-27 15:33:03.369  1269  1387 D HwBatteryService: onUEvent fcpStatus = 0,scpStatus =0,ovpStatus=0
03-27 15:33:03.372  1269  1387 I UsbDeviceManager: water_intrused state= 0
03-27 15:33:06.795  1269  1483 I chatty  : uid=1000(system) HuaweiWifiWatch expire 36 lines
03-27 15:33:06.795  1269  1481 I chatty  : uid=1000(system) Thread-10 expire 12 lines
03-27 15:33:07.278  4760  4780 I LogUtil_LogConfig: getLogFile(): logFilePath = /data/data/com.huawei.health/files/com.huawei.health/com.huawei.health_DaemonService/
03-27 15:33:07.279  4760  4780 D LogUtil_LogConfig: acquireMaxLogFileLengthContainsOffset describe: null result:5242880
03-27 15:33:09.378  1269  1472 I chatty  : uid=1000(system) WiFiArpStateMac expire 30 lines
03-27 15:33:09.440  1951  2088 D HwCust  : Create obj success use class android.telephony.HwCustSignalStrengthImpl
03-27 15:33:09.443  1951  1951 D HwCust  : Create obj success use class android.telephony.HwCustSignalStrengthImpl
03-27 15:33:09.450  1910  1922 D HwCust  : Create obj success use class android.telephony.HwCustSignalStrengthImpl
03-27 15:33:09.450  1910  2127 D HwCust  : Create obj success use class android.telephony.HwCustSignalStrengthImpl
03-27 15:33:09.452  2378  2405 D HwCust  : Create obj success use class android.telephony.HwCustSignalStrengthImpl
03-27 15:33:09.452  2786 13144 D HwCust  : Create obj success use class android.telephony.HwCustSignalStrengthImpl
03-27 15:33:09.452  3406  3418 D HwCust  : Create obj success use class android.telephony.HwCustSignalStrengthImpl
03-27 15:33:09.453  3496  3508 D HwCust  : Create obj success use class android.telephony.HwCustSignalStrengthImpl
03-27 15:33:09.453  2786 13144 D HwCust  : Create obj success use class android.telephony.HwCustSignalStrengthImpl
03-27 15:33:09.456  3496  3509 D HwCust  : Create obj success use class android.telephony.HwCustSignalStrengthImpl
03-27 15:33:09.457  5188  9492 D HwCust  : Create obj success use class android.telephony.HwCustSignalStrengthImpl
03-27 15:33:09.457  3931  3946 D HwCust  : Create obj success use class android.telephony.HwCustSignalStrengthImpl
03-27 15:33:09.460  5188  5200 D HwCust  : Create obj success use class android.telephony.HwCustSignalStrengthImpl
03-27 15:33:09.460  5525  5537 D HwCust  : Create obj success use class android.telephony.HwCustSignalStrengthImpl
03-27 15:33:09.461  5525  5538 D HwCust  : Create obj success use class android.telephony.HwCustSignalStrengthImpl
03-27 15:33:14.561  1951  2088 D HwCust  : Create obj success use class android.telephony.HwCustSignalStrengthImpl
03-27 15:33:14.569  1951  1951 D HwCust  : Create obj success use class android.telephony.HwCustSignalStrengthImpl
03-27 15:33:14.804  1269  3971 I chatty  : uid=1000(system) MobileQosDetect expire 11 lines
03-27 15:33:15.447  1269  2411 I chatty  : uid=1000(system) Binder:1269_9 expire 17 lines
03-27 15:33:15.448  1910  2127 D HwCust  : Create obj success use class android.telephony.HwCustSignalStrengthImpl
03-27 15:33:15.449  2786  2798 D HwCust  : Create obj success use class android.telephony.HwCustSignalStrengthImpl
03-27 15:33:15.449  1910  1923 D HwCust  : Create obj success use class android.telephony.HwCustSignalStrengthImpl
03-27 15:33:15.449  2786  2798 D HwCust  : Create obj success use class android.telephony.HwCustSignalStrengthImpl
03-27 15:33:15.449  3931  4318 D HwCust  : Create obj success use class android.telephony.HwCustSignalStrengthImpl
03-27 15:33:15.449  5188  5256 D HwCust  : Create obj success use class android.telephony.HwCustSignalStrengthImpl
03-27 15:33:15.449  5188  5256 D HwCust  : Create obj success use class android.telephony.HwCustSignalStrengthImpl
03-27 15:33:15.450  5525  5536 D HwCust  : Create obj success use class android.telephony.HwCustSignalStrengthImpl
03-27 15:33:15.450  2378  8999 D HwCust  : Create obj success use class android.telephony.HwCustSignalStrengthImpl
03-27 15:33:15.450  5525  5536 D HwCust  : Create obj success use class android.telephony.HwCustSignalStrengthImpl
03-27 15:33:15.450  3406  3417 D HwCust  : Create obj success use class android.telephony.HwCustSignalStrengthImpl
03-27 15:33:15.451  3496  3916 D HwCust  : Create obj success use class android.telephony.HwCustSignalStrengthImpl
03-27 15:33:15.451  3496  3509 D HwCust  : Create obj success use class android.telephony.HwCustSignalStrengthImpl
03-27 15:33:19.685  1951  2088 D HwCust  : Create obj success use class android.telephony.HwCustSignalStrengthImpl
03-27 15:33:19.689  1951  1951 D HwCust  : Create obj success use class android.telephony.HwCustSignalStrengthImpl
03-27 15:33:20.122  1269  1413 I chatty  : uid=1000(system) WifiStateMachin expire 52 lines
03-27 15:33:20.513  1269  1289 I chatty  : uid=1000(system) android.fg expire 9 lines
03-27 15:33:21.398  1269  1269 I chatty  : uid=1000 system_server expire 79 lines
03-27 15:33:21.453  1269  1279 I chatty  : uid=1000(system) Binder:1269_1 expire 17 lines
03-27 15:33:21.458  1910  2127 D HwCust  : Create obj success use class android.telephony.HwCustSignalStrengthImpl
03-27 15:33:21.458  1910  1922 D HwCust  : Create obj success use class android.telephony.HwCustSignalStrengthImpl
03-27 15:33:21.458  2786  2799 D HwCust  : Create obj success use class android.telephony.HwCustSignalStrengthImpl
03-27 15:33:21.459  2786  2798 D HwCust  : Create obj success use class android.telephony.HwCustSignalStrengthImpl
03-27 15:33:21.462  2378 21686 D HwCust  : Create obj success use class android.telephony.HwCustSignalStrengthImpl
03-27 15:33:21.463  3406  3418 D HwCust  : Create obj success use class android.telephony.HwCustSignalStrengthImpl
03-27 15:33:21.466  3496  3916 D HwCust  : Create obj success use class android.telephony.HwCustSignalStrengthImpl
03-27 15:33:21.466  3496  3508 D HwCust  : Create obj success use class android.telephony.HwCustSignalStrengthImpl
03-27 15:33:21.468  3931  3945 D HwCust  : Create obj success use class android.telephony.HwCustSignalStrengthImpl
03-27 15:33:21.469  5188  9492 D HwCust  : Create obj success use class android.telephony.HwCustSignalStrengthImpl
03-27 15:33:21.469  5525  5537 D HwCust  : Create obj success use class android.telephony.HwCustSignalStrengthImpl
03-27 15:33:21.469  5525  5536 D HwCust  : Create obj success use class android.telephony.HwCustSignalStrengthImpl
03-27 15:33:21.469  5188  5200 D HwCust  : Create obj success use class android.telephony.HwCustSignalStrengthImpl
03-27 15:33:22.811  1269  1481 I chatty  : uid=1000(system) Thread-10 expire 12 lines
03-27 15:33:24.413  1269  1472 I chatty  : uid=1000(system) WiFiArpStateMac expire 23 lines
03-27 15:33:30.824  1269  1483 I chatty  : uid=1000(system) HuaweiWifiWatch expire 15 lines
03-27 15:33:33.562  1269  1387 D HwBatteryService: onUEvent fcpStatus = 0,scpStatus =0,ovpStatus=0
03-27 15:33:33.564  1269  1387 I UsbDeviceManager: water_intrused state= 0
03-27 15:33:35.041  1951  2088 D HwCust  : Create obj success use class android.telephony.HwCustSignalStrengthImpl
03-27 15:33:35.045  1951  1951 D HwCust  : Create obj success use class android.telephony.HwCustSignalStrengthImpl
03-27 15:33:35.050  1910  1923 D HwCust  : Create obj success use class android.telephony.HwCustSignalStrengthImpl
03-27 15:33:35.050  1910  2127 D HwCust  : Create obj success use class android.telephony.HwCustSignalStrengthImpl
03-27 15:33:35.051  2378 27378 D HwCust  : Create obj success use class android.telephony.HwCustSignalStrengthImpl
03-27 15:33:35.051  2786 13144 D HwCust  : Create obj success use class android.telephony.HwCustSignalStrengthImpl
03-27 15:33:35.051  3406  3417 D HwCust  : Create obj success use class android.telephony.HwCustSignalStrengthImpl
03-27 15:33:35.051  3496  3916 D HwCust  : Create obj success use class android.telephony.HwCustSignalStrengthImpl
