03-27 14:11:13.885  1269  1280 I chatty  : uid=1000(system) Binder:1269_2 expire 11 lines
03-27 14:11:13.888  1269  1279 I chatty  : uid=1000(system) Binder:1269_1 expire 12 lines
03-27 14:11:13.907  1269  1282 I chatty  : uid=1000(system) ActivityManager expire 2 lines
03-27 14:11:13.910  5148  5148 E SchedPolicy: open of dev/cpuctl/limit_fg/tasks failed: Permission denied
03-27 14:11:13.910  5148  5148 E SchedPolicy: open of dev/cpuctl/bg_non_interactive/limit_bg/tasks failed: Permission denied
03-27 14:11:13.920  1269  1283 I chatty  : uid=1000(system) android.ui expire 6 lines
03-27 14:11:13.921  1269  1619 I chatty  : uid=1000(system) Binder:1269_4 expire 4 lines
03-27 14:11:13.931  5148  5148 D ActivityThread: ActivityThread,attachApplication
03-27 14:11:13.931  1269  1957 I chatty  : uid=1000(system) Binder:1269_6 expire 10 lines
03-27 14:11:13.945  1269  1396 I chatty  : uid=1000(system) sManagerService expire 1 line
03-27 14:11:14.238  1269  1291 I chatty  : uid=1000(system) android.display expire 7 lines
03-27 14:11:14.725  1269  1399 I chatty  : uid=1000(system) InputDispatcher expire 4 lines
03-27 14:11:14.772  2034  2245 I HwNetworkPolicyManager: getHwUidPolicy uid = 10051 policy = 0
03-27 14:11:14.772  1269  2411 I chatty  : uid=1000(system) Binder:1269_9 expire 1 line
03-27 14:11:14.773  5109  5209 I HwNetworkPolicyManager: getHwUidPolicy uid = 10051 policy = 0
03-27 14:11:14.786  1269  1967 I chatty  : uid=1000(system) Binder:1269_7 expire 6 lines
03-27 14:11:14.786  1666  1684 I CommandQueue: updateBarBgColor
03-27 14:11:14.786  1666  1684 D CommandQueue: CommandQueue, setBarBackgroundColor
03-27 14:11:14.875  1269  2694 I chatty  : uid=1000(system) Binder:1269_10 expire 9 lines
03-27 14:11:16.416  1269  2687 I chatty  : uid=1000(system) Binder:1269_F expire 12 lines
03-27 14:11:16.440 27925 27925 V ActivityThread: ActivityThread,callActivityOnCreate
03-27 14:11:16.441  5109  5209 I HwNetworkPolicyManager: getHwUidPolicy uid = 10404 policy = 0
03-27 14:11:16.446  1269  3489 I chatty  : uid=1000(system) Binder:1269_14 expire 2 lines
03-27 14:11:16.446  2034  2245 I HwNetworkPolicyManager: getHwUidPolicy uid = 10404 policy = 0
03-27 14:11:16.524 27925 27925 D ActivityThread: add activity client record, r= ActivityRecord{7e035e9 token=android.os.BinderProxy@fb3bec2 {cn.dcpai.auction/cn.dcpai.auction.SplashActivity}} token= android.os.BinderProxy@fb3bec2
03-27 14:11:16.533  1666  1977 I CommandQueue: updateBarBgColor
03-27 14:11:16.533  1666  1977 D CommandQueue: CommandQueue, setBarBackgroundColor
03-27 14:11:17.966 27925 27925 D ActivityThread: Remove activity client record, r= ActivityRecord{3624b2 token=android.os.BinderProxy@d3f26ab {cn.dcpai.auction/cn.dcpai.auction.activity.MyStoreActivity}} token= android.os.BinderProxy@d3f26ab
03-27 14:11:17.970 27925 27925 D ActivityThread: Remove activity client record, r= ActivityRecord{a6c4018 token=android.os.BinderProxy@f98862b {cn.dcpai.auction/cn.dcpai.auction.shop.goods.ui.GoodsListActivity}} token= android.os.BinderProxy@f98862b
03-27 14:11:17.973 27925 27925 D ActivityThread: Remove activity client record, r= ActivityRecord{5a683f2 token=android.os.BinderProxy@7eafd2a {cn.dcpai.auction/cn.dcpai.auction.shop.goods.ui.AddGoodsActivity}} token= android.os.BinderProxy@7eafd2a
03-27 14:11:18.333 27925 27925 D ActivityThread: Remove activity client record, r= ActivityRecord{7e035e9 token=android.os.BinderProxy@fb3bec2 {cn.dcpai.auction/cn.dcpai.auction.SplashActivity}} token= android.os.BinderProxy@fb3bec2
03-27 14:11:20.609 27925 27925 V ActivityThread: ActivityThread,callActivityOnCreate
03-27 14:11:20.641 27925 27925 D ActivityThread: add activity client record, r= ActivityRecord{69fbe2c token=android.os.BinderProxy@7cbc51b {cn.dcpai.auction/cn.dcpai.auction.activity.MyStoreActivity}} token= android.os.BinderProxy@7cbc51b
03-27 14:11:22.506 27925 27925 V ActivityThread: ActivityThread,callActivityOnCreate
03-27 14:11:22.523 27925 27925 D ActivityThread: add activity client record, r= ActivityRecord{ff9fc16 token=android.os.BinderProxy@4ce6ac7 {cn.dcpai.auction/cn.dcpai.auction.shop.goods.ui.GoodsListActivity}} token= android.os.BinderProxy@4ce6ac7
03-27 14:11:23.511 27925 27925 V ActivityThread: ActivityThread,callActivityOnCreate
03-27 14:11:23.540 27925 27925 D ActivityThread: add activity client record, r= ActivityRecord{f4a1a68 token=android.os.BinderProxy@d4285a8 {cn.dcpai.auction/cn.dcpai.auction.shop.goods.ui.AddGoodsActivity}} token= android.os.BinderProxy@d4285a8
03-27 14:11:25.152  1269  2654 I chatty  : uid=1000(system) Binder:1269_A expire 10 lines
03-27 14:11:25.175 27925 27925 V ActivityThread: ActivityThread,callActivityOnCreate
03-27 14:11:25.195 27925 27925 D ActivityThread: add activity client record, r= ActivityRecord{6e90ecd token=android.os.BinderProxy@7166d09 {cn.dcpai.auction/com.lzy.imagepicker.ui.ImageGridActivity}} token= android.os.BinderProxy@7166d09
03-27 14:11:25.201  1666  1977 I CommandQueue: updateBarBgColor
03-27 14:11:25.201  1666  1977 D CommandQueue: CommandQueue, setBarBackgroundColor
03-27 14:11:25.274  1269  1942 I chatty  : uid=1000(system) Binder:1269_5 expire 5 lines
03-27 14:11:25.571  1269  2655 I chatty  : uid=1000(system) Binder:1269_B expire 1 line
03-27 14:11:27.995  1269  2665 I chatty  : uid=1000(system) Binder:1269_E expire 4 lines
03-27 14:11:27.995  1666  1690 I CommandQueue: updateBarBgColor
03-27 14:11:27.995  1666  1690 D CommandQueue: CommandQueue, setBarBackgroundColor
03-27 14:11:28.303 27925 27925 D ActivityThread: Remove activity client record, r= ActivityRecord{6e90ecd token=android.os.BinderProxy@7166d09 {cn.dcpai.auction/com.lzy.imagepicker.ui.ImageGridActivity}} token= android.os.BinderProxy@7166d09
03-27 14:11:28.482  1269  1387 I chatty  : uid=1000(system) UEventObserver expire 10 lines
03-27 14:11:29.284  1269  1957 I chatty  : uid=1000(system) Binder:1269_6 expire 1 line
03-27 14:11:34.649  1269  2687 I chatty  : uid=1000(system) Binder:1269_F expire 2 lines
03-27 14:12:21.491  1269  1407 I chatty  : uid=1000(system) NetdConnector expire 2 lines
03-27 14:12:21.501  1269  1289 I chatty  : uid=1000(system) android.fg expire 2 lines
03-27 14:13:25.794  1269  1878 I chatty  : uid=1000(system) LocationThread expire 5 lines
03-27 14:13:25.800  1269  6004 I chatty  : uid=1000 system_server expire 4 lines
03-27 14:13:25.934  1269  2184 I chatty  : uid=1000(system) IPC Thread expire 22 lines
03-27 14:13:36.146  1269  6007 I chatty  : uid=1000 system_server expire 1 line
03-27 14:13:46.616  1269  3510 I chatty  : uid=1000(system) Binder:1269_15 expire 6 lines
03-27 14:13:46.923  1269  2665 I chatty  : uid=1000(system) Binder:1269_E expire 3 lines
03-27 14:13:49.254  1269  1291 I chatty  : uid=1000(system) android.display expire 16 lines
03-27 14:13:52.333  1269  1407 I chatty  : uid=1000(system) NetdConnector expire 24 lines
03-27 14:13:52.343  1269  1289 I chatty  : uid=1000(system) android.fg expire 44 lines
03-27 14:13:56.096  1269  1269 I chatty  : uid=1000 system_server expire 40 lines
03-27 14:13:59.388  1269  1387 I chatty  : uid=1000(system) UEventObserver expire 22 lines
03-27 14:14:27.838  4512  6396 E SchedPolicy: open of dev/cpuctl/limit_fg/tasks failed: Permission denied
03-27 14:14:27.838  4512  6396 E SchedPolicy: open of dev/cpuctl/bg_non_interactive/limit_bg/tasks failed: Permission denied
03-27 14:14:39.143  1269  3489 I chatty  : uid=1000(system) Binder:1269_14 expire 1 line
03-27 14:15:01.439  1269  1289 I chatty  : uid=1000(system) android.fg expire 48 lines
03-27 14:18:20.252  1269  2411 I chatty  : uid=1000(system) Binder:1269_9 expire 5 lines
03-27 14:18:20.364  1269  3393 I chatty  : uid=1000(system) Binder:1269_12 expire 1 line
03-27 14:18:20.367  1269  1968 I chatty  : uid=1000(system) Binder:1269_8 expire 1 line
03-27 14:18:38.651  1269  1279 I chatty  : uid=1000(system) Binder:1269_1 expire 2 lines
03-27 14:18:38.653  1269  2654 I chatty  : uid=1000(system) Binder:1269_A expire 1 line
03-27 14:19:28.339  6398  7957 E SchedPolicy: open of dev/cpuctl/limit_fg/tasks failed: Permission denied
03-27 14:19:28.339  6398  7957 E SchedPolicy: open of dev/cpuctl/bg_non_interactive/limit_bg/tasks failed: Permission denied
03-27 14:19:31.289  1269  1387 I chatty  : uid=1000(system) UEventObserver expire 12 lines
03-27 14:19:34.183  1269  1407 I chatty  : uid=1000(system) NetdConnector expire 6 lines
03-27 14:19:39.062  1269  1394 I chatty  : uid=1000(system) AlarmManager expire 3 lines
03-27 14:19:59.315  8118  8128 E SchedPolicy: open of dev/cpuctl/limit_fg/tasks failed: Permission denied
03-27 14:19:59.315  8118  8128 E SchedPolicy: open of dev/cpuctl/bg_non_interactive/limit_bg/tasks failed: Permission denied
03-27 14:19:59.321  1269  2694 I chatty  : uid=1000(system) Binder:1269_10 expire 2 lines
03-27 14:19:59.324  1269  1269 I chatty  : uid=1000 system_server expire 5 lines
03-27 14:20:00.144  1269  1281 I chatty  : uid=1000(system) android.bg expire 1 line
03-27 14:20:00.428  1269  3511 I chatty  : uid=1000(system) Binder:1269_16 expire 3 lines
03-27 14:20:00.472  1269  1436 I chatty  : uid=1000(system) Binder:1269_3 expire 3 lines
03-27 14:20:00.643  8148  8149 E SchedPolicy: open of dev/cpuctl/limit_fg/tasks failed: Permission denied
03-27 14:20:00.643  8148  8149 E SchedPolicy: open of dev/cpuctl/bg_non_interactive/limit_bg/tasks failed: Permission denied
03-27 14:20:21.446  1269  1289 I chatty  : uid=1000(system) android.fg expire 2 lines
03-27 14:21:50.084  1269  3486 I chatty  : uid=1000(system) Binder:1269_13 expire 1 line
03-27 14:22:17.994  8802  8814 E SchedPolicy: open of dev/cpuctl/limit_fg/tasks failed: Permission denied
03-27 14:22:17.994  8802  8814 E SchedPolicy: open of dev/cpuctl/bg_non_interactive/limit_bg/tasks failed: Permission denied
03-27 14:22:18.001  1269  2663 I chatty  : uid=1000(system) Binder:1269_C expire 1 line
03-27 14:22:18.007  1269  1967 I chatty  : uid=1000(system) Binder:1269_7 expire 1 line
03-27 14:22:19.047  1269  1957 I chatty  : uid=1000(system) Binder:1269_6 expire 2 lines
03-27 14:22:19.100  1269  2411 I chatty  : uid=1000(system) Binder:1269_9 expire 3 lines
03-27 14:22:19.354  8822  8823 E SchedPolicy: open of dev/cpuctl/limit_fg/tasks failed: Permission denied
03-27 14:22:19.354  8822  8823 E SchedPolicy: open of dev/cpuctl/bg_non_interactive/limit_bg/tasks failed: Permission denied
03-27 14:22:31.812  1269  1407 I chatty  : uid=1000(system) NetdConnector expire 14 lines
03-27 14:22:31.817  1269  1289 I chatty  : uid=1000(system) android.fg expire 46 lines
03-27 14:22:32.504  1269  1387 I chatty  : uid=1000(system) UEventObserver expire 22 lines
03-27 14:22:32.513  1269  1269 I chatty  : uid=1000 system_server expire 10 lines
03-27 14:24:28.832  7959  9448 E SchedPolicy: open of dev/cpuctl/limit_fg/tasks failed: Permission denied
03-27 14:24:28.832  7959  9448 E SchedPolicy: open of dev/cpuctl/bg_non_interactive/limit_bg/tasks failed: Permission denied
03-27 14:24:33.229  1269  1269 I chatty  : uid=1000 system_server expire 9 lines
03-27 14:24:39.278  1269  1394 I chatty  : uid=1000(system) AlarmManager expire 1 line
03-27 14:25:07.062  1269  1407 I chatty  : uid=1000(system) NetdConnector expire 24 lines
03-27 14:25:07.071  1269  1289 I chatty  : uid=1000(system) android.fg expire 191 lines
03-27 14:27:35.669  1269  1407 I chatty  : uid=1000(system) NetdConnector expire 18 lines
03-27 14:28:00.003  1269  1269 I chatty  : uid=1000 system_server expire 12 lines
03-27 14:28:04.502  1269  1387 I chatty  : uid=1000(system) UEventObserver expire 14 lines
03-27 14:29:29.342  9450 10860 E SchedPolicy: open of dev/cpuctl/limit_fg/tasks failed: Permission denied
03-27 14:29:29.342  9450 10860 E SchedPolicy: open of dev/cpuctl/bg_non_interactive/limit_bg/tasks failed: Permission denied
03-27 14:29:29.370  1269  1407 I chatty  : uid=1000(system) NetdConnector expire 4 lines
03-27 14:29:29.375  1269  1289 I chatty  : uid=1000(system) android.fg expire 11 lines
03-27 14:29:39.450  1269  1394 I chatty  : uid=1000(system) AlarmManager expire 1 line
03-27 14:30:03.086  1269  1287 I chatty  : uid=1000(system) batterystats-sy expire 3 lines
03-27 14:30:04.128  1269  1279 I chatty  : uid=1000(system) Binder:1269_1 expire 2 lines
03-27 14:30:04.135  1269  3511 I chatty  : uid=1000(system) Binder:1269_16 expire 1 line
03-27 14:30:04.153  1269  1280 I chatty  : uid=1000(system) Binder:1269_2 expire 5 lines
03-27 14:30:04.183  1269  2411 I chatty  : uid=1000(system) Binder:1269_9 expire 8 lines
03-27 14:30:04.309  1269  1291 I chatty  : uid=1000(system) android.display expire 5 lines
03-27 14:30:04.488 27925 27925 D ActivityThread: Remove activity client record, r= ActivityRecord{f4a1a68 token=android.os.BinderProxy@d4285a8 {cn.dcpai.auction/cn.dcpai.auction.shop.goods.ui.AddGoodsActivity}} token= android.os.BinderProxy@d4285a8
03-27 14:30:07.515  1269  1512 I chatty  : uid=1000(system) LazyTaskWriterT expire 1 line
03-27 14:30:27.954  1269  2694 I chatty  : uid=1000(system) Binder:1269_10 expire 10 lines
03-27 14:30:28.006  1269  1942 I chatty  : uid=1000(system) Binder:1269_5 expire 4 lines
03-27 14:30:39.212  1269  1967 I chatty  : uid=1000(system) Binder:1269_7 expire 4 lines
03-27 14:30:39.235  1269  1294 I chatty  : uid=1000(system) CpuTracker expire 2 lines
03-27 14:30:39.240  1269  1619 I chatty  : uid=1000(system) Binder:1269_4 expire 1 line
03-27 14:30:39.247  1269  2665 I chatty  : uid=1000(system) Binder:1269_E expire 2 lines
03-27 14:30:39.895  1269  1968 I chatty  : uid=1000(system) Binder:1269_8 expire 6 lines
03-27 14:30:40.043  1269  3390 I chatty  : uid=1000(system) Binder:1269_11 expire 3 lines
03-27 14:30:44.544  1269 11227 I chatty  : uid=1000 system_server expire 20 lines
03-27 14:30:49.200  1269  3510 I chatty  : uid=1000(system) Binder:1269_15 expire 3 lines
03-27 14:31:01.555  1269  1289 I chatty  : uid=1000(system) android.fg expire 2 lines
03-27 14:31:12.412 11378 11386 E SchedPolicy: open of dev/cpuctl/limit_fg/tasks failed: Permission denied
03-27 14:31:12.412 11378 11386 E SchedPolicy: open of dev/cpuctl/bg_non_interactive/limit_bg/tasks failed: Permission denied
03-27 14:31:13.687 11398 11418 E SchedPolicy: open of dev/cpuctl/limit_fg/tasks failed: Permission denied
03-27 14:31:13.687 11398 11418 E SchedPolicy: open of dev/cpuctl/bg_non_interactive/limit_bg/tasks failed: Permission denied
03-27 14:31:13.709  1269  1957 I chatty  : uid=1000(system) Binder:1269_6 expire 2 lines
03-27 14:31:13.711 11420 11420 E SchedPolicy: open of dev/cpuctl/limit_fg/tasks failed: Permission denied
03-27 14:31:13.711 11420 11420 E SchedPolicy: open of dev/cpuctl/bg_non_interactive/limit_bg/tasks failed: Permission denied
03-27 14:31:13.722 11420 11420 D ActivityThread: ActivityThread,attachApplication
03-27 14:31:13.733  1269  3489 I chatty  : uid=1000(system) Binder:1269_14 expire 5 lines
03-27 14:31:13.759  5109  5209 I HwNetworkPolicyManager: getHwUidPolicy uid = 10011 policy = 0
03-27 14:31:13.764  2034  2245 I HwNetworkPolicyManager: getHwUidPolicy uid = 10011 policy = 0
03-27 14:31:13.793 11420 11420 V ActivityThread: ActivityThread,callActivityOnCreate
03-27 14:31:13.831 11420 11420 D ActivityThread: add activity client record, r= ActivityRecord{b2f8dca token=android.os.BinderProxy@93b04c2 {io.appium.settings/io.appium.settings.Settings}} token= android.os.BinderProxy@93b04c2
03-27 14:31:13.841  1269  2663 I chatty  : uid=1000(system) Binder:1269_C expire 3 lines
03-27 14:31:13.841  1666  1684 I CommandQueue: updateBarBgColor
03-27 14:31:13.841  1666  1684 D CommandQueue: CommandQueue, setBarBackgroundColor
03-27 14:31:14.072 11461 11462 E SchedPolicy: open of dev/cpuctl/limit_fg/tasks failed: Permission denied
03-27 14:31:14.072 11461 11462 E SchedPolicy: open of dev/cpuctl/bg_non_interactive/limit_bg/tasks failed: Permission denied
03-27 14:31:14.451  1269  2654 I chatty  : uid=1000(system) Binder:1269_A expire 1 line
03-27 14:31:14.664 11469 11480 E SchedPolicy: open of dev/cpuctl/limit_fg/tasks failed: Permission denied
03-27 14:31:14.664 11469 11480 E SchedPolicy: open of dev/cpuctl/bg_non_interactive/limit_bg/tasks failed: Permission denied
03-27 14:31:14.748 11484 11484 E SchedPolicy: open of dev/cpuctl/limit_fg/tasks failed: Permission denied
03-27 14:31:14.748 11484 11484 E SchedPolicy: open of dev/cpuctl/bg_non_interactive/limit_bg/tasks failed: Permission denied
03-27 14:31:14.812  1269  1302 I chatty  : uid=1000(system) PackageManager expire 2 lines
03-27 14:31:14.812  1269  1282 I chatty  : uid=1000(system) ActivityManager expire 9 lines
03-27 14:31:14.883  2034  2245 I HwNetworkPolicyManager: getHwUidPolicy uid = 10404 policy = 0
03-27 14:31:14.885  1269  3393 I chatty  : uid=1000(system) Binder:1269_12 expire 1 line
03-27 14:31:14.885  5109  5209 I HwNetworkPolicyManager: getHwUidPolicy uid = 10404 policy = 0
03-27 14:31:14.889  1666  1687 I CommandQueue: updateBarBgColor
03-27 14:31:14.889  1666  1687 D CommandQueue: CommandQueue, setBarBackgroundColor
03-27 14:31:15.340 11504 11512 E SchedPolicy: open of dev/cpuctl/limit_fg/tasks failed: Permission denied
03-27 14:31:15.341 11504 11512 E SchedPolicy: open of dev/cpuctl/bg_non_interactive/limit_bg/tasks failed: Permission denied
03-27 14:31:15.678 11420 11420 D ActivityThread: Remove activity client record, r= ActivityRecord{b2f8dca token=android.os.BinderProxy@93b04c2 {io.appium.settings/io.appium.settings.Settings}} token= android.os.BinderProxy@93b04c2
03-27 14:31:15.679  1269  3486 I chatty  : uid=1000(system) Binder:1269_13 expire 1 line
03-27 14:31:15.878 11514 11522 E SchedPolicy: open of dev/cpuctl/limit_fg/tasks failed: Permission denied
03-27 14:31:15.878 11514 11522 E SchedPolicy: open of dev/cpuctl/bg_non_interactive/limit_bg/tasks failed: Permission denied
03-27 14:31:16.358 11528 11536 E SchedPolicy: open of dev/cpuctl/limit_fg/tasks failed: Permission denied
03-27 14:31:16.358 11528 11536 E SchedPolicy: open of dev/cpuctl/bg_non_interactive/limit_bg/tasks failed: Permission denied
03-27 14:31:16.384 11538 11538 E SchedPolicy: open of dev/cpuctl/limit_fg/tasks failed: Permission denied
03-27 14:31:16.384 11538 11538 E SchedPolicy: open of dev/cpuctl/bg_non_interactive/limit_bg/tasks failed: Permission denied
03-27 14:31:16.386  1269  1283 I chatty  : uid=1000(system) android.ui expire 6 lines
03-27 14:31:16.392 11538 11538 D ActivityThread: ActivityThread,attachApplication
03-27 14:31:16.442  1269  2687 I chatty  : uid=1000(system) Binder:1269_F expire 4 lines
03-27 14:31:16.861 11557 11566 E SchedPolicy: open of dev/cpuctl/limit_fg/tasks failed: Permission denied
03-27 14:31:16.861 11557 11566 E SchedPolicy: open of dev/cpuctl/bg_non_interactive/limit_bg/tasks failed: Permission denied
03-27 14:31:17.751 11578 11586 E SchedPolicy: open of dev/cpuctl/limit_fg/tasks failed: Permission denied
03-27 14:31:17.751 11578 11586 E SchedPolicy: open of dev/cpuctl/bg_non_interactive/limit_bg/tasks failed: Permission denied
03-27 14:31:18.058  1269  1512 I chatty  : uid=1000(system) LazyTaskWriterT expire 4 lines
03-27 14:31:18.605 11598 11606 E SchedPolicy: open of dev/cpuctl/limit_fg/tasks failed: Permission denied
03-27 14:31:18.605 11598 11606 E SchedPolicy: open of dev/cpuctl/bg_non_interactive/limit_bg/tasks failed: Permission denied
03-27 14:31:20.561 11626 11634 E SchedPolicy: open of dev/cpuctl/limit_fg/tasks failed: Permission denied
03-27 14:31:20.561 11626 11634 E SchedPolicy: open of dev/cpuctl/bg_non_interactive/limit_bg/tasks failed: Permission denied
03-27 14:31:20.568  1269  1619 I chatty  : uid=1000(system) Binder:1269_4 expire 5 lines
03-27 14:31:20.570  1269  1269 I chatty  : uid=1000 system_server expire 7 lines
03-27 14:31:21.304 11642 11653 E SchedPolicy: open of dev/cpuctl/limit_fg/tasks failed: Permission denied
03-27 14:31:21.304 11642 11653 E SchedPolicy: open of dev/cpuctl/bg_non_interactive/limit_bg/tasks failed: Permission denied
03-27 14:31:21.308  1269  1968 I chatty  : uid=1000(system) Binder:1269_8 expire 28 lines
03-27 14:31:21.309  1269  1284 I chatty  : uid=1000(system) ActivityManager expire 3 lines
03-27 14:31:21.337 11655 11655 E SchedPolicy: open of dev/cpuctl/limit_fg/tasks failed: Permission denied
03-27 14:31:21.337 11655 11655 E SchedPolicy: open of dev/cpuctl/bg_non_interactive/limit_bg/tasks failed: Permission denied
03-27 14:31:21.348 11655 11655 D ActivityThread: ActivityThread,attachApplication
03-27 14:31:21.369  1269  3393 I chatty  : uid=1000(system) Binder:1269_12 expire 9 lines
03-27 14:31:21.369  2034  2245 I HwNetworkPolicyManager: getHwUidPolicy uid = 1000 policy = 0
03-27 14:31:21.371  1269  1396 I chatty  : uid=1000(system) sManagerService expire 1 line
03-27 14:31:21.372  1269  2694 I chatty  : uid=1000(system) Binder:1269_10 expire 3 lines
03-27 14:31:21.372  5109  5209 I HwNetworkPolicyManager: getHwUidPolicy uid = 1000 policy = 0
03-27 14:31:21.418  1269  1967 I chatty  : uid=1000(system) Binder:1269_7 expire 8 lines
03-27 14:31:21.426  1269  2664 I chatty  : uid=1000(system) Binder:1269_D expire 1 line
03-27 14:31:21.426  1666  1684 I CommandQueue: updateBarBgColor
03-27 14:31:21.426  1666  1684 D CommandQueue: CommandQueue, setBarBackgroundColor
03-27 14:31:21.436  1269  1279 I chatty  : uid=1000(system) Binder:1269_1 expire 5 lines
03-27 14:31:21.438  1269  2411 I chatty  : uid=1000(system) Binder:1269_9 expire 10 lines
03-27 14:31:21.604  1269  3510 I chatty  : uid=1000(system) Binder:1269_15 expire 11 lines
03-27 14:31:21.616  1269  3486 I chatty  : uid=1000(system) Binder:1269_13 expire 8 lines
03-27 14:31:21.617  1269  2663 I chatty  : uid=1000(system) Binder:1269_C expire 6 lines
03-27 14:31:21.625  1269  3511 I chatty  : uid=1000(system) Binder:1269_16 expire 7 lines
03-27 14:31:21.625  1269  1942 I chatty  : uid=1000(system) Binder:1269_5 expire 12 lines
03-27 14:31:21.660  1269  1436 I chatty  : uid=1000(system) Binder:1269_3 expire 1 line
03-27 14:31:21.661  5109  5209 I HwNetworkPolicyManager: getHwUidPolicy uid = 10404 policy = 0
03-27 14:31:21.684  2034  2245 I HwNetworkPolicyManager: getHwUidPolicy uid = 10404 policy = 0
03-27 14:31:21.715 11716 11716 E SchedPolicy: open of dev/cpuctl/limit_fg/tasks failed: Permission denied
03-27 14:31:21.715 11716 11716 E SchedPolicy: open of dev/cpuctl/bg_non_interactive/limit_bg/tasks failed: Permission denied
03-27 14:31:21.730 11716 11716 D ActivityThread: ActivityThread,attachApplication
03-27 14:31:21.732  1269  3390 I chatty  : uid=1000(system) Binder:1269_11 expire 3 lines
03-27 14:31:21.760  1269  2655 I chatty  : uid=1000(system) Binder:1269_B expire 5 lines
03-27 14:31:21.790 11655 11655 V ActivityThread: ActivityThread,callActivityOnCreate
03-27 14:31:21.798  1269  3489 I chatty  : uid=1000(system) Binder:1269_14 expire 6 lines
03-27 14:31:21.800  1269  2654 I chatty  : uid=1000(system) Binder:1269_A expire 10 lines
03-27 14:31:21.909 11655 11655 D ActivityThread: add activity client record, r= ActivityRecord{5fede9e token=android.os.BinderProxy@a99fea {cn.dcpai.auction/cn.dcpai.auction.SplashActivity}} token= android.os.BinderProxy@a99fea
03-27 14:31:21.947  1666  1977 I CommandQueue: updateBarBgColor
03-27 14:31:21.948  1666  1977 D CommandQueue: CommandQueue, setBarBackgroundColor
03-27 14:31:22.027  1269  1957 I chatty  : uid=1000(system) Binder:1269_6 expire 11 lines
03-27 14:31:22.030 11716 11778 E ActivityThread: Failed to find provider info for com.ludashi.benchmark.DownloadProvider
03-27 14:31:22.037  1269  1280 I chatty  : uid=1000(system) Binder:1269_2 expire 2 lines
03-27 14:31:22.046 11716 11778 E ActivityThread: Failed to find provider info for com.ss.android.article.news.DownloadProvider
03-27 14:31:22.228  1269  1291 I chatty  : uid=1000(system) android.display expire 2 lines
03-27 14:31:22.526  1269  1878 I chatty  : uid=1000(system) LocationThread expire 5 lines
03-27 14:31:22.527  1269 11823 I chatty  : uid=1000 system_server expire 4 lines
03-27 14:31:22.663  1269  2184 I chatty  : uid=1000(system) IPC Thread expire 22 lines
03-27 14:31:22.963 11655 11655 V ActivityThread: ActivityThread,callActivityOnCreate
03-27 14:31:22.992  1269 11829 I chatty  : uid=1000 system_server expire 4 lines
03-27 14:31:23.105 11655 11655 D ActivityThread: add activity client record, r= ActivityRecord{bd6d43e token=android.os.BinderProxy@c8094d6 {cn.dcpai.auction/cn.dcpai.auction.MainActivity}} token= android.os.BinderProxy@c8094d6
03-27 14:31:23.659 11655 11655 D ActivityThread: Remove activity client record, r= ActivityRecord{5fede9e token=android.os.BinderProxy@a99fea {cn.dcpai.auction/cn.dcpai.auction.SplashActivity}} token= android.os.BinderProxy@a99fea
03-27 14:31:32.831  1269 11825 I chatty  : uid=1000 system_server expire 1 line
03-27 14:31:35.844  1269  1387 I chatty  : uid=1000(system) UEventObserver expire 4 lines
03-27 14:31:52.128 11655 11655 V ActivityThread: ActivityThread,callActivityOnCreate
03-27 14:31:52.171 11655 11655 D ActivityThread: add activity client record, r= ActivityRecord{6a3d5dd token=android.os.BinderProxy@4c58d9a {cn.dcpai.auction/cn.dcpai.auction.activity.MyStoreActivity}} token= android.os.BinderProxy@4c58d9a
03-27 14:31:52.229  1269  2665 I chatty  : uid=1000(system) Binder:1269_E expire 9 lines
03-27 14:31:52.564  1269  2411 I chatty  : uid=1000(system) Binder:1269_9 expire 2 lines
03-27 14:31:53.398 11655 11655 V ActivityThread: ActivityThread,callActivityOnCreate
03-27 14:31:53.420 11655 11655 D ActivityThread: add activity client record, r= ActivityRecord{f6b501b token=android.os.BinderProxy@d2695c5 {cn.dcpai.auction/cn.dcpai.auction.shop.goods.ui.GoodsListActivity}} token= android.os.BinderProxy@d2695c5
03-27 14:31:53.841  1269  1968 I chatty  : uid=1000(system) Binder:1269_8 expire 5 lines
03-27 14:32:00.414 11655 11655 V ActivityThread: ActivityThread,callActivityOnCreate
03-27 14:32:00.459 11655 11655 D ActivityThread: add activity client record, r= ActivityRecord{eab68a0 token=android.os.BinderProxy@7fdec47 {cn.dcpai.auction/cn.dcpai.auction.activity.AddBabyActivity}} token= android.os.BinderProxy@7fdec47
03-27 14:32:00.854  1269  3510 I chatty  : uid=1000(system) Binder:1269_15 expire 1 line
03-27 14:32:01.357 11655 11655 V ActivityThread: ActivityThread,callActivityOnCreate
03-27 14:32:01.381 11655 11655 D ActivityThread: add activity client record, r= ActivityRecord{934a4e3 token=android.os.BinderProxy@d36f59e {cn.dcpai.auction/com.lzy.imagepicker.ui.ImageGridActivity}} token= android.os.BinderProxy@d36f59e
03-27 14:32:01.387  1666  1977 I CommandQueue: updateBarBgColor
03-27 14:32:01.387  1666  1977 D CommandQueue: CommandQueue, setBarBackgroundColor
03-27 14:32:01.454  1269  1942 I chatty  : uid=1000(system) Binder:1269_5 expire 4 lines
03-27 14:32:03.527  1269  1394 I chatty  : uid=1000(system) AlarmManager expire 6 lines
03-27 14:32:03.653  1269  1407 I chatty  : uid=1000(system) NetdConnector expire 4 lines
03-27 14:32:03.657  1269  1408 I chatty  : uid=1000(system) NetworkStats expire 1 line
03-27 14:32:03.731  1269 12078 I chatty  : uid=1000 system_server expire 3 lines
03-27 14:32:11.610  1666  1977 I CommandQueue: updateBarBgColor
03-27 14:32:11.610  1269  2665 I chatty  : uid=1000(system) Binder:1269_E expire 1 line
03-27 14:32:11.610  1666  1977 D CommandQueue: CommandQueue, setBarBackgroundColor
03-27 14:32:11.626  1269  3390 I chatty  : uid=1000(system) Binder:1269_11 expire 11 lines
03-27 14:32:11.650  1269  1968 I chatty  : uid=1000(system) Binder:1269_8 expire 6 lines
03-27 14:32:11.654  1269  3511 I chatty  : uid=1000(system) Binder:1269_16 expire 10 lines
03-27 14:32:11.658  1269  2663 I chatty  : uid=1000(system) Binder:1269_C expire 5 lines
03-27 14:32:11.662  1269  1957 I chatty  : uid=1000(system) Binder:1269_6 expire 4 lines
03-27 14:32:11.992  1269  1291 I chatty  : uid=1000(system) android.display expire 12 lines
03-27 14:32:12.204 11655 11655 D ActivityThread: Remove activity client record, r= ActivityRecord{934a4e3 token=android.os.BinderProxy@d36f59e {cn.dcpai.auction/com.lzy.imagepicker.ui.ImageGridActivity}} token= android.os.BinderProxy@d36f59e
03-27 14:32:15.231  1269  1512 I chatty  : uid=1000(system) LazyTaskWriterT expire 5 lines
03-27 14:32:18.785  1269  1282 I chatty  : uid=1000(system) ActivityManager expire 12 lines
03-27 14:32:19.414 12165 12176 E SchedPolicy: open of dev/cpuctl/limit_fg/tasks failed: Permission denied
03-27 14:32:19.414 12165 12176 E SchedPolicy: open of dev/cpuctl/bg_non_interactive/limit_bg/tasks failed: Permission denied
03-27 14:32:34.586 12249 12256 E SchedPolicy: open of dev/cpuctl/limit_fg/tasks failed: Permission denied
03-27 14:32:34.586 12249 12256 E SchedPolicy: open of dev/cpuctl/bg_non_interactive/limit_bg/tasks failed: Permission denied
03-27 14:32:35.514 12262 12272 E SchedPolicy: open of dev/cpuctl/limit_fg/tasks failed: Permission denied
03-27 14:32:35.514 12262 12272 E SchedPolicy: open of dev/cpuctl/bg_non_interactive/limit_bg/tasks failed: Permission denied
03-27 14:32:35.552  1269  3510 I chatty  : uid=1000(system) Binder:1269_15 expire 5 lines
03-27 14:32:35.847  1269  1269 I chatty  : uid=1000 system_server expire 11 lines
03-27 14:32:36.162  1269  1387 I chatty  : uid=1000(system) UEventObserver expire 12 lines
03-27 14:32:44.652  1269  1291 I chatty  : uid=1000(system) android.display expire 11 lines
03-27 14:32:57.498 12383 12385 E SchedPolicy: open of dev/cpuctl/limit_fg/tasks failed: Permission denied
03-27 14:32:57.498 12383 12385 E SchedPolicy: open of dev/cpuctl/bg_non_interactive/limit_bg/tasks failed: Permission denied
03-27 14:32:58.461 12389 12399 E SchedPolicy: open of dev/cpuctl/limit_fg/tasks failed: Permission denied
03-27 14:32:58.461 12389 12399 E SchedPolicy: open of dev/cpuctl/bg_non_interactive/limit_bg/tasks failed: Permission denied
03-27 14:32:58.477  1269  2411 I chatty  : uid=1000(system) Binder:1269_9 expire 5 lines
03-27 14:33:19.407 12506 12507 E SchedPolicy: open of dev/cpuctl/limit_fg/tasks failed: Permission denied
03-27 14:33:19.407 12506 12507 E SchedPolicy: open of dev/cpuctl/bg_non_interactive/limit_bg/tasks failed: Permission denied
03-27 14:33:20.322 12515 12522 E SchedPolicy: open of dev/cpuctl/limit_fg/tasks failed: Permission denied
03-27 14:33:20.322 12515 12522 E SchedPolicy: open of dev/cpuctl/bg_non_interactive/limit_bg/tasks failed: Permission denied
03-27 14:33:20.336  1269  3486 I chatty  : uid=1000(system) Binder:1269_13 expire 3 lines
03-27 14:33:21.778  1269  1407 I chatty  : uid=1000(system) NetdConnector expire 6 lines
03-27 14:33:41.016 12640 12641 E SchedPolicy: open of dev/cpuctl/limit_fg/tasks failed: Permission denied
03-27 14:33:41.016 12640 12641 E SchedPolicy: open of dev/cpuctl/bg_non_interactive/limit_bg/tasks failed: Permission denied
03-27 14:33:41.499  1269  1289 I chatty  : uid=1000(system) android.fg expire 2 lines
03-27 14:33:41.939 12644 12654 E SchedPolicy: open of dev/cpuctl/limit_fg/tasks failed: Permission denied
03-27 14:33:41.939 12644 12654 E SchedPolicy: open of dev/cpuctl/bg_non_interactive/limit_bg/tasks failed: Permission denied
03-27 14:33:43.797  1269  1619 I chatty  : uid=1000(system) Binder:1269_4 expire 7 lines
03-27 14:33:44.347 12667 12676 E SchedPolicy: open of dev/cpuctl/limit_fg/tasks failed: Permission denied
03-27 14:33:44.347 12667 12676 E SchedPolicy: open of dev/cpuctl/bg_non_interactive/limit_bg/tasks failed: Permission denied
03-27 14:33:46.515 12694 12702 E SchedPolicy: open of dev/cpuctl/limit_fg/tasks failed: Permission denied
03-27 14:33:46.515 12694 12702 E SchedPolicy: open of dev/cpuctl/bg_non_interactive/limit_bg/tasks failed: Permission denied
03-27 14:33:50.180  1269  1280 I chatty  : uid=1000(system) Binder:1269_2 expire 7 lines
03-27 14:33:50.181  1269  3489 I chatty  : uid=1000(system) Binder:1269_14 expire 1 line
03-27 14:33:50.184  1269  3393 I chatty  : uid=1000(system) Binder:1269_12 expire 2 lines
03-27 14:34:00.002  1269  1269 I chatty  : uid=1000 system_server expire 10 lines
03-27 14:34:00.188  1269  1279 I chatty  : uid=1000(system) Binder:1269_1 expire 8 lines
03-27 14:34:06.856 11655 11655 V ActivityThread: ActivityThread,callActivityOnCreate
03-27 14:34:06.869 11655 11655 D ActivityThread: add activity client record, r= ActivityRecord{8fd3e4f token=android.os.BinderProxy@56cd95 {cn.dcpai.auction/cn.dcpai.auction.activity.ProductDescModifyActivity}} token= android.os.BinderProxy@56cd95
03-27 14:34:11.928 12826 12834 E SchedPolicy: open of dev/cpuctl/limit_fg/tasks failed: Permission denied
03-27 14:34:11.928 12826 12834 E SchedPolicy: open of dev/cpuctl/bg_non_interactive/limit_bg/tasks failed: Permission denied
03-27 14:34:13.337 12839 12847 E SchedPolicy: open of dev/cpuctl/limit_fg/tasks failed: Permission denied
03-27 14:34:13.337 12839 12847 E SchedPolicy: open of dev/cpuctl/bg_non_interactive/limit_bg/tasks failed: Permission denied
03-27 14:34:20.732  1269  1436 I chatty  : uid=1000(system) Binder:1269_3 expire 2 lines
03-27 14:34:21.041 11655 11655 D ActivityThread: Remove activity client record, r= ActivityRecord{8fd3e4f token=android.os.BinderProxy@56cd95 {cn.dcpai.auction/cn.dcpai.auction.activity.ProductDescModifyActivity}} token= android.os.BinderProxy@56cd95
03-27 14:34:24.073  1269  2687 I chatty  : uid=1000(system) Binder:1269_F expire 5 lines
03-27 14:34:24.423 11655 11655 D ActivityThread: Remove activity client record, r= ActivityRecord{eab68a0 token=android.os.BinderProxy@7fdec47 {cn.dcpai.auction/cn.dcpai.auction.activity.AddBabyActivity}} token= android.os.BinderProxy@7fdec47
03-27 14:34:30.668  1269  2654 I chatty  : uid=1000(system) Binder:1269_A expire 7 lines
03-27 14:34:30.690 11655 11655 V ActivityThread: ActivityThread,callActivityOnCreate
03-27 14:34:30.732 11655 11655 D ActivityThread: add activity client record, r= ActivityRecord{9477ab4 token=android.os.BinderProxy@6625b5c {cn.dcpai.auction/cn.dcpai.auction.shop.goods.ui.AddGoodsActivity}} token= android.os.BinderProxy@6625b5c
03-27 14:34:30.789  1269  1967 I chatty  : uid=1000(system) Binder:1269_7 expire 5 lines
03-27 14:34:39.700  1269  1394 I chatty  : uid=1000(system) AlarmManager expire 1 line
03-27 14:35:35.633 13276 13284 E SchedPolicy: open of dev/cpuctl/limit_fg/tasks failed: Permission denied
03-27 14:35:35.633 13276 13284 E SchedPolicy: open of dev/cpuctl/bg_non_interactive/limit_bg/tasks failed: Permission denied
03-27 14:35:35.853  1269  1269 I chatty  : uid=1000 system_server expire 6 lines
03-27 14:35:36.352 13301 13302 E SchedPolicy: open of dev/cpuctl/limit_fg/tasks failed: Permission denied
03-27 14:35:36.352 13301 13302 E SchedPolicy: open of dev/cpuctl/bg_non_interactive/limit_bg/tasks failed: Permission denied
03-27 14:35:36.989 13308 13328 E SchedPolicy: open of dev/cpuctl/limit_fg/tasks failed: Permission denied
03-27 14:35:36.989 13308 13328 E SchedPolicy: open of dev/cpuctl/bg_non_interactive/limit_bg/tasks failed: Permission denied
03-27 14:35:37.078 13332 13332 E SchedPolicy: open of dev/cpuctl/limit_fg/tasks failed: Permission denied
03-27 14:35:37.078 13332 13332 E SchedPolicy: open of dev/cpuctl/bg_non_interactive/limit_bg/tasks failed: Permission denied
03-27 14:35:37.123  1269  1387 I chatty  : uid=1000(system) UEventObserver expire 2 lines
03-27 14:35:37.158  1269  1302 I chatty  : uid=1000(system) PackageManager expire 2 lines
03-27 14:35:37.764 13344 13352 E SchedPolicy: open of dev/cpuctl/limit_fg/tasks failed: Permission denied
03-27 14:35:37.764 13344 13352 E SchedPolicy: open of dev/cpuctl/bg_non_interactive/limit_bg/tasks failed: Permission denied
03-27 14:35:38.294 13357 13368 E SchedPolicy: open of dev/cpuctl/limit_fg/tasks failed: Permission denied
03-27 14:35:38.294 13357 13368 E SchedPolicy: open of dev/cpuctl/bg_non_interactive/limit_bg/tasks failed: Permission denied
03-27 14:35:38.834 13370 13378 E SchedPolicy: open of dev/cpuctl/limit_fg/tasks failed: Permission denied
03-27 14:35:38.834 13370 13378 E SchedPolicy: open of dev/cpuctl/bg_non_interactive/limit_bg/tasks failed: Permission denied
03-27 14:35:39.335 13383 13391 E SchedPolicy: open of dev/cpuctl/limit_fg/tasks failed: Permission denied
03-27 14:35:39.335 13383 13391 E SchedPolicy: open of dev/cpuctl/bg_non_interactive/limit_bg/tasks failed: Permission denied
03-27 14:35:40.334 13400 13412 E SchedPolicy: open of dev/cpuctl/limit_fg/tasks failed: Permission denied
03-27 14:35:40.334 13400 13412 E SchedPolicy: open of dev/cpuctl/bg_non_interactive/limit_bg/tasks failed: Permission denied
03-27 14:35:41.181 13418 13429 E SchedPolicy: open of dev/cpuctl/limit_fg/tasks failed: Permission denied
03-27 14:35:41.181 13418 13429 E SchedPolicy: open of dev/cpuctl/bg_non_interactive/limit_bg/tasks failed: Permission denied
03-27 14:35:43.486 13449 13465 E SchedPolicy: open of dev/cpuctl/limit_fg/tasks failed: Permission denied
03-27 14:35:43.486 13449 13465 E SchedPolicy: open of dev/cpuctl/bg_non_interactive/limit_bg/tasks failed: Permission denied
03-27 14:35:43.495  1269  2694 I chatty  : uid=1000(system) Binder:1269_10 expire 7 lines
03-27 14:35:43.507  1269  1282 I chatty  : uid=1000(system) ActivityManager expire 4 lines
03-27 14:35:43.508 13467 13467 E SchedPolicy: open of dev/cpuctl/limit_fg/tasks failed: Permission denied
03-27 14:35:43.508 13467 13467 E SchedPolicy: open of dev/cpuctl/bg_non_interactive/limit_bg/tasks failed: Permission denied
03-27 14:35:43.508  1269  1283 I chatty  : uid=1000(system) android.ui expire 6 lines
03-27 14:35:43.517 13467 13467 D ActivityThread: ActivityThread,attachApplication
03-27 14:35:43.522  1269  1396 I chatty  : uid=1000(system) sManagerService expire 3 lines
03-27 14:35:43.968 13481 13493 E SchedPolicy: open of dev/cpuctl/limit_fg/tasks failed: Permission denied
03-27 14:35:43.968 13481 13493 E SchedPolicy: open of dev/cpuctl/bg_non_interactive/limit_bg/tasks failed: Permission denied
03-27 14:35:43.971  1269  1942 I chatty  : uid=1000(system) Binder:1269_5 expire 32 lines
03-27 14:35:43.972  1269  1284 I chatty  : uid=1000(system) ActivityManager expire 2 lines
03-27 14:35:43.999 13496 13496 E SchedPolicy: open of dev/cpuctl/limit_fg/tasks failed: Permission denied
03-27 14:35:43.999 13496 13496 E SchedPolicy: open of dev/cpuctl/bg_non_interactive/limit_bg/tasks failed: Permission denied
03-27 14:35:44.007 13496 13496 D ActivityThread: ActivityThread,attachApplication
03-27 14:35:44.054  5109  5209 I HwNetworkPolicyManager: getHwUidPolicy uid = 1000 policy = 0
03-27 14:35:44.058  2034  2245 I HwNetworkPolicyManager: getHwUidPolicy uid = 1000 policy = 0
03-27 14:35:44.112  1666  1684 I CommandQueue: updateBarBgColor
03-27 14:35:44.112  1666  1684 D CommandQueue: CommandQueue, setBarBackgroundColor
03-27 14:35:44.491  2034  2245 I HwNetworkPolicyManager: getHwUidPolicy uid = 10051 policy = 0
03-27 14:35:44.497  5109  5209 I HwNetworkPolicyManager: getHwUidPolicy uid = 10051 policy = 0
03-27 14:35:44.562  1666  1684 I CommandQueue: updateBarBgColor
03-27 14:35:44.562  1666  1684 D CommandQueue: CommandQueue, setBarBackgroundColor
03-27 14:35:44.583 13578 13578 E SchedPolicy: open of dev/cpuctl/limit_fg/tasks failed: Permission denied
03-27 14:35:44.583 13578 13578 E SchedPolicy: open of dev/cpuctl/bg_non_interactive/limit_bg/tasks failed: Permission denied
03-27 14:35:44.595 13578 13578 D ActivityThread: ActivityThread,attachApplication
03-27 14:35:44.595  1269 13513 I chatty  : uid=1000(system) Binder:1269_17 expire 1 line
03-27 14:35:44.625 13548 13602 E SchedPolicy: open of dev/cpuctl/limit_fg/tasks failed: Permission denied
03-27 14:35:44.626 13548 13602 E SchedPolicy: open of dev/cpuctl/bg_non_interactive/limit_bg/tasks failed: Permission denied
03-27 14:35:44.645  1269  1399 I chatty  : uid=1000(system) InputDispatcher expire 3 lines
03-27 14:35:44.690  1269  1280 I chatty  : uid=1000(system) Binder:1269_2 expire 3 lines
03-27 14:35:44.764  1269  3486 I chatty  : uid=1000(system) Binder:1269_13 expire 16 lines
03-27 14:35:44.796  1269  3390 I chatty  : uid=1000(system) Binder:1269_11 expire 8 lines
03-27 14:35:44.845 13570 13644 E SchedPolicy: open of dev/cpuctl/limit_fg/tasks failed: Permission denied
03-27 14:35:44.845 13570 13644 E SchedPolicy: open of dev/cpuctl/bg_non_interactive/limit_bg/tasks failed: Permission denied
03-27 14:35:44.863  1269  1968 I chatty  : uid=1000(system) Binder:1269_8 expire 8 lines
03-27 14:35:44.866  1269  1269 I chatty  : uid=1000 system_server expire 24 lines
03-27 14:35:44.942  1269  3511 I chatty  : uid=1000(system) Binder:1269_16 expire 2 lines
03-27 14:35:45.092  1269  2665 I chatty  : uid=1000(system) Binder:1269_E expire 5 lines
03-27 14:35:45.170 13642 13673 E SchedPolicy: open of dev/cpuctl/limit_fg/tasks failed: Permission denied
03-27 14:35:45.170 13642 13673 E SchedPolicy: open of dev/cpuctl/bg_non_interactive/limit_bg/tasks failed: Permission denied
03-27 14:35:45.252  1269  1942 I chatty  : uid=1000(system) Binder:1269_5 expire 12 lines
03-27 14:35:45.258  1269  3510 I chatty  : uid=1000(system) Binder:1269_15 expire 4 lines
03-27 14:35:45.277 13578 13662 E ActivityThread: Failed to find provider info for com.ludashi.benchmark.DownloadProvider
03-27 14:35:45.281  1269  2694 I chatty  : uid=1000(system) Binder:1269_10 expire 4 lines
03-27 14:35:45.289  1269  2664 I chatty  : uid=1000(system) Binder:1269_D expire 12 lines
03-27 14:35:45.301 13578 13662 E ActivityThread: Failed to find provider info for com.ss.android.article.news.DownloadProvider
03-27 14:35:45.485 13671 13693 E SchedPolicy: open of dev/cpuctl/limit_fg/tasks failed: Permission denied
03-27 14:35:45.485 13671 13693 E SchedPolicy: open of dev/cpuctl/bg_non_interactive/limit_bg/tasks failed: Permission denied
03-27 14:35:45.487  1269  1619 I chatty  : uid=1000(system) Binder:1269_4 expire 14 lines
03-27 14:35:45.488  1269  1284 I chatty  : uid=1000(system) ActivityManager expire 3 lines
03-27 14:35:45.752  1269  2411 I chatty  : uid=1000(system) Binder:1269_9 expire 10 lines
03-27 14:35:45.768  1269  3489 I chatty  : uid=1000(system) Binder:1269_14 expire 6 lines
03-27 14:35:45.770 13697 13697 E SchedPolicy: open of dev/cpuctl/limit_fg/tasks failed: Permission denied
03-27 14:35:45.770 13697 13697 E SchedPolicy: open of dev/cpuctl/bg_non_interactive/limit_bg/tasks failed: Permission denied
03-27 14:35:45.779 13697 13697 D ActivityThread: ActivityThread,attachApplication
03-27 14:35:45.779  1269  1436 I chatty  : uid=1000(system) Binder:1269_3 expire 6 lines
03-27 14:35:45.798  5109  5209 I HwNetworkPolicyManager: getHwUidPolicy uid = 10404 policy = 0
03-27 14:35:45.808  2034  2245 I HwNetworkPolicyManager: getHwUidPolicy uid = 10404 policy = 0
03-27 14:35:45.922  1269  2655 I chatty  : uid=1000(system) Binder:1269_B expire 10 lines
03-27 14:35:45.981 13756 13756 E SchedPolicy: open of dev/cpuctl/limit_fg/tasks failed: Permission denied
03-27 14:35:45.981 13756 13756 E SchedPolicy: open of dev/cpuctl/bg_non_interactive/limit_bg/tasks failed: Permission denied
03-27 14:35:45.989 13756 13756 D ActivityThread: ActivityThread,attachApplication
03-27 14:35:45.990  1269  2663 I chatty  : uid=1000(system) Binder:1269_C expire 1 line
03-27 14:35:46.034 13697 13697 V ActivityThread: ActivityThread,callActivityOnCreate
03-27 14:35:46.043  1269  2687 I chatty  : uid=1000(system) Binder:1269_F expire 6 lines
03-27 14:35:46.153 13697 13697 D ActivityThread: add activity client record, r= ActivityRecord{b17e648 token=android.os.BinderProxy@df94215 {cn.dcpai.auction/cn.dcpai.auction.SplashActivity}} token= android.os.BinderProxy@df94215
03-27 14:35:46.189  1666  1687 I CommandQueue: updateBarBgColor
03-27 14:35:46.189  1666  1687 D CommandQueue: CommandQueue, setBarBackgroundColor
03-27 14:35:46.221  1269  2654 I chatty  : uid=1000(system) Binder:1269_A expire 2 lines
03-27 14:35:46.249 13756 13818 E ActivityThread: Failed to find provider info for com.ludashi.benchmark.DownloadProvider
03-27 14:35:46.255  1269 13513 I chatty  : uid=1000(system) Binder:1269_17 expire 9 lines
03-27 14:35:46.261 13756 13818 E ActivityThread: Failed to find provider info for com.ss.android.article.news.DownloadProvider
03-27 14:35:46.484  1269  1291 I chatty  : uid=1000(system) android.display expire 2 lines
03-27 14:35:47.944  1269  1967 I chatty  : uid=1000(system) Binder:1269_7 expire 8 lines
03-27 14:35:47.967 13697 13697 V ActivityThread: ActivityThread,callActivityOnCreate
03-27 14:35:47.998  1269 13889 I chatty  : uid=1000 system_server expire 4 lines
03-27 14:35:48.139 13697 13697 D ActivityThread: add activity client record, r= ActivityRecord{2fc0d11 token=android.os.BinderProxy@d4c7fc2 {cn.dcpai.auction/cn.dcpai.auction.MainActivity}} token= android.os.BinderProxy@d4c7fc2
03-27 14:35:48.660 13697 13697 D ActivityThread: Remove activity client record, r= ActivityRecord{b17e648 token=android.os.BinderProxy@df94215 {cn.dcpai.auction/cn.dcpai.auction.SplashActivity}} token= android.os.BinderProxy@df94215
03-27 14:35:49.692  1269  1512 I chatty  : uid=1000(system) LazyTaskWriterT expire 3 lines
03-27 14:36:02.703  1269  1407 I chatty  : uid=1000(system) NetdConnector expire 10 lines
03-27 14:36:02.706  1269  1289 I chatty  : uid=1000(system) android.fg expire 6 lines
03-27 14:36:07.282  1269  1387 I chatty  : uid=1000(system) UEventObserver expire 12 lines
03-27 14:36:13.603 13697 13697 V ActivityThread: ActivityThread,callActivityOnCreate
03-27 14:36:13.647 13697 13697 D ActivityThread: add activity client record, r= ActivityRecord{b28d1b9 token=android.os.BinderProxy@68f12c6 {cn.dcpai.auction/cn.dcpai.auction.activity.MyStoreActivity}} token= android.os.BinderProxy@68f12c6
03-27 14:36:13.702  1269  1957 I chatty  : uid=1000(system) Binder:1269_6 expire 8 lines
03-27 14:36:14.887 13697 13697 V ActivityThread: ActivityThread,callActivityOnCreate
03-27 14:36:14.912 13697 13697 D ActivityThread: add activity client record, r= ActivityRecord{bf145c4 token=android.os.BinderProxy@d146a88 {cn.dcpai.auction/cn.dcpai.auction.shop.goods.ui.GoodsListActivity}} token= android.os.BinderProxy@d146a88
03-27 14:36:14.988  1269  3393 I chatty  : uid=1000(system) Binder:1269_12 expire 6 lines
03-27 14:36:15.316  1269  2664 I chatty  : uid=1000(system) Binder:1269_D expire 1 line
03-27 14:36:21.946 13697 13697 V ActivityThread: ActivityThread,callActivityOnCreate
03-27 14:36:22.000 13697 13697 D ActivityThread: add activity client record, r= ActivityRecord{1510ddb token=android.os.BinderProxy@b92a158 {cn.dcpai.auction/cn.dcpai.auction.shop.goods.ui.AddGoodsActivity}} token= android.os.BinderProxy@b92a158
03-27 14:37:03.728  1269  1394 I chatty  : uid=1000(system) AlarmManager expire 1 line
03-27 14:37:03.753  1269 14299 I chatty  : uid=1000 system_server expire 3 lines
03-27 14:39:04.311 14890 14898 E SchedPolicy: open of dev/cpuctl/limit_fg/tasks failed: Permission denied
03-27 14:39:04.311 14890 14898 E SchedPolicy: open of dev/cpuctl/bg_non_interactive/limit_bg/tasks failed: Permission denied
03-27 14:39:05.012 14915 14916 E SchedPolicy: open of dev/cpuctl/limit_fg/tasks failed: Permission denied
03-27 14:39:05.012 14915 14916 E SchedPolicy: open of dev/cpuctl/bg_non_interactive/limit_bg/tasks failed: Permission denied
03-27 14:39:05.656 14922 14930 E SchedPolicy: open of dev/cpuctl/limit_fg/tasks failed: Permission denied
03-27 14:39:05.656 14922 14930 E SchedPolicy: open of dev/cpuctl/bg_non_interactive/limit_bg/tasks failed: Permission denied
03-27 14:39:05.744 14935 14935 E SchedPolicy: open of dev/cpuctl/limit_fg/tasks failed: Permission denied
03-27 14:39:05.744 14935 14935 E SchedPolicy: open of dev/cpuctl/bg_non_interactive/limit_bg/tasks failed: Permission denied
03-27 14:39:05.822  1269  1302 I chatty  : uid=1000(system) PackageManager expire 2 lines
03-27 14:39:05.822  1269  1282 I chatty  : uid=1000(system) ActivityManager expire 7 lines
03-27 14:39:06.427 14947 14955 E SchedPolicy: open of dev/cpuctl/limit_fg/tasks failed: Permission denied
03-27 14:39:06.427 14947 14955 E SchedPolicy: open of dev/cpuctl/bg_non_interactive/limit_bg/tasks failed: Permission denied
03-27 14:39:06.995 14957 14968 E SchedPolicy: open of dev/cpuctl/limit_fg/tasks failed: Permission denied
03-27 14:39:06.995 14957 14968 E SchedPolicy: open of dev/cpuctl/bg_non_interactive/limit_bg/tasks failed: Permission denied
03-27 14:39:07.475 14971 14979 E SchedPolicy: open of dev/cpuctl/limit_fg/tasks failed: Permission denied
03-27 14:39:07.475 14971 14979 E SchedPolicy: open of dev/cpuctl/bg_non_interactive/limit_bg/tasks failed: Permission denied
03-27 14:39:07.489  1269  1283 I chatty  : uid=1000(system) android.ui expire 6 lines
03-27 14:39:07.506 14982 14982 E SchedPolicy: open of dev/cpuctl/limit_fg/tasks failed: Permission denied
03-27 14:39:07.506 14982 14982 E SchedPolicy: open of dev/cpuctl/bg_non_interactive/limit_bg/tasks failed: Permission denied
03-27 14:39:07.514 14982 14982 D ActivityThread: ActivityThread,attachApplication
03-27 14:39:07.517  1269  2411 I chatty  : uid=1000(system) Binder:1269_9 expire 1 line
03-27 14:39:07.961 15002 15010 E SchedPolicy: open of dev/cpuctl/limit_fg/tasks failed: Permission denied
03-27 14:39:07.961 15002 15010 E SchedPolicy: open of dev/cpuctl/bg_non_interactive/limit_bg/tasks failed: Permission denied
03-27 14:39:08.324  1269  1387 I chatty  : uid=1000(system) UEventObserver expire 2 lines
03-27 14:39:08.327  1269  1269 I chatty  : uid=1000 system_server expire 2 lines
03-27 14:39:09.012 15024 15032 E SchedPolicy: open of dev/cpuctl/limit_fg/tasks failed: Permission denied
03-27 14:39:09.013 15024 15032 E SchedPolicy: open of dev/cpuctl/bg_non_interactive/limit_bg/tasks failed: Permission denied
03-27 14:39:09.872 15043 15053 E SchedPolicy: open of dev/cpuctl/limit_fg/tasks failed: Permission denied
03-27 14:39:09.872 15043 15053 E SchedPolicy: open of dev/cpuctl/bg_non_interactive/limit_bg/tasks failed: Permission denied
03-27 14:39:11.543  1269  2655 I chatty  : uid=1000(system) Binder:1269_B expire 23 lines
03-27 14:39:12.091 15085 15095 E SchedPolicy: open of dev/cpuctl/limit_fg/tasks failed: Permission denied
