03-27 15:03:32.036 26129 26129 E SchedPolicy: open of dev/cpuctl/limit_fg/tasks failed: Permission denied
03-27 15:03:32.036 26129 26129 E SchedPolicy: open of dev/cpuctl/bg_non_interactive/limit_bg/tasks failed: Permission denied
03-27 15:03:32.103  1269  1302 I chatty  : uid=1000(system) PackageManager expire 2 lines
03-27 15:03:32.104  1269  1282 I chatty  : uid=1000(system) ActivityManager expire 13 lines
03-27 15:03:32.729 26141 26149 E SchedPolicy: open of dev/cpuctl/limit_fg/tasks failed: Permission denied
03-27 15:03:32.729 26141 26149 E SchedPolicy: open of dev/cpuctl/bg_non_interactive/limit_bg/tasks failed: Permission denied
03-27 15:03:33.295 26151 26162 E SchedPolicy: open of dev/cpuctl/limit_fg/tasks failed: Permission denied
03-27 15:03:33.295 26151 26162 E SchedPolicy: open of dev/cpuctl/bg_non_interactive/limit_bg/tasks failed: Permission denied
03-27 15:03:33.875 26164 26172 E SchedPolicy: open of dev/cpuctl/limit_fg/tasks failed: Permission denied
03-27 15:03:33.875 26164 26172 E SchedPolicy: open of dev/cpuctl/bg_non_interactive/limit_bg/tasks failed: Permission denied
03-27 15:03:34.373 26174 26185 E SchedPolicy: open of dev/cpuctl/limit_fg/tasks failed: Permission denied
03-27 15:03:34.373 26174 26185 E SchedPolicy: open of dev/cpuctl/bg_non_interactive/limit_bg/tasks failed: Permission denied
03-27 15:03:35.390 26197 26209 E SchedPolicy: open of dev/cpuctl/limit_fg/tasks failed: Permission denied
03-27 15:03:35.390 26197 26209 E SchedPolicy: open of dev/cpuctl/bg_non_interactive/limit_bg/tasks failed: Permission denied
03-27 15:03:36.272 26215 26223 E SchedPolicy: open of dev/cpuctl/limit_fg/tasks failed: Permission denied
03-27 15:03:36.272 26215 26223 E SchedPolicy: open of dev/cpuctl/bg_non_interactive/limit_bg/tasks failed: Permission denied
03-27 15:03:38.356 26247 26257 E SchedPolicy: open of dev/cpuctl/limit_fg/tasks failed: Permission denied
03-27 15:03:38.356 26247 26257 E SchedPolicy: open of dev/cpuctl/bg_non_interactive/limit_bg/tasks failed: Permission denied
03-27 15:03:38.910 26262 26272 E SchedPolicy: open of dev/cpuctl/limit_fg/tasks failed: Permission denied
03-27 15:03:38.910 26262 26272 E SchedPolicy: open of dev/cpuctl/bg_non_interactive/limit_bg/tasks failed: Permission denied
03-27 15:03:38.913  1269  3390 I chatty  : uid=1000(system) Binder:1269_11 expire 37 lines
03-27 15:03:38.915  1269  1284 I chatty  : uid=1000(system) ActivityManager expire 3 lines
03-27 15:03:38.945 26274 26274 E SchedPolicy: open of dev/cpuctl/limit_fg/tasks failed: Permission denied
03-27 15:03:38.945 26274 26274 E SchedPolicy: open of dev/cpuctl/bg_non_interactive/limit_bg/tasks failed: Permission denied
03-27 15:03:38.962 26274 26274 D ActivityThread: ActivityThread,attachApplication
03-27 15:03:38.985  1269  2694 I chatty  : uid=1000(system) Binder:1269_10 expire 4 lines
03-27 15:03:38.990  1269  1396 I chatty  : uid=1000(system) sManagerService expire 2 lines
03-27 15:03:39.008  1269  2655 I chatty  : uid=1000(system) Binder:1269_B expire 9 lines
03-27 15:03:39.009  5109  5209 I HwNetworkPolicyManager: getHwUidPolicy uid = 1000 policy = 0
03-27 15:03:39.010  1269  2665 I chatty  : uid=1000(system) Binder:1269_E expire 21 lines
03-27 15:03:39.010  2034  2245 I HwNetworkPolicyManager: getHwUidPolicy uid = 1000 policy = 0
03-27 15:03:39.049  1269  3510 I chatty  : uid=1000(system) Binder:1269_15 expire 5 lines
03-27 15:03:39.086  1666  1687 I CommandQueue: updateBarBgColor
03-27 15:03:39.086  1666  1687 D CommandQueue: CommandQueue, setBarBackgroundColor
03-27 15:03:39.126 26310 26310 E SchedPolicy: open of dev/cpuctl/limit_fg/tasks failed: Permission denied
03-27 15:03:39.126 26310 26310 E SchedPolicy: open of dev/cpuctl/bg_non_interactive/limit_bg/tasks failed: Permission denied
03-27 15:03:39.134 26310 26310 D ActivityThread: ActivityThread,attachApplication
03-27 15:03:39.378 26361 26361 E SchedPolicy: open of dev/cpuctl/limit_fg/tasks failed: Permission denied
03-27 15:03:39.378 26361 26361 E SchedPolicy: open of dev/cpuctl/bg_non_interactive/limit_bg/tasks failed: Permission denied
03-27 15:03:39.387 26361 26361 D ActivityThread: ActivityThread,attachApplication
03-27 15:03:39.388  1269  1967 I chatty  : uid=1000(system) Binder:1269_7 expire 2 lines
03-27 15:03:39.465  2034  2245 I HwNetworkPolicyManager: getHwUidPolicy uid = 10051 policy = 0
03-27 15:03:39.477  1269  3486 I chatty  : uid=1000(system) Binder:1269_13 expire 6 lines
03-27 15:03:39.508 26341 26400 E SchedPolicy: open of dev/cpuctl/limit_fg/tasks failed: Permission denied
03-27 15:03:39.508 26341 26400 E SchedPolicy: open of dev/cpuctl/bg_non_interactive/limit_bg/tasks failed: Permission denied
03-27 15:03:39.512  5109  5209 I HwNetworkPolicyManager: getHwUidPolicy uid = 10051 policy = 0
03-27 15:03:39.528  1666  1684 I CommandQueue: updateBarBgColor
03-27 15:03:39.528  1666  1684 D CommandQueue: CommandQueue, setBarBackgroundColor
03-27 15:03:39.542  1269  1399 I chatty  : uid=1000(system) InputDispatcher expire 3 lines
03-27 15:03:39.578  1269  1619 I chatty  : uid=1000(system) Binder:1269_4 expire 3 lines
03-27 15:03:39.794 26378 26438 E SchedPolicy: open of dev/cpuctl/limit_fg/tasks failed: Permission denied
03-27 15:03:39.794 26378 26438 E SchedPolicy: open of dev/cpuctl/bg_non_interactive/limit_bg/tasks failed: Permission denied
03-27 15:03:39.834  1269  1436 I chatty  : uid=1000(system) Binder:1269_3 expire 18 lines
03-27 15:03:40.046 26420 26458 E SchedPolicy: open of dev/cpuctl/limit_fg/tasks failed: Permission denied
03-27 15:03:40.046 26420 26458 E SchedPolicy: open of dev/cpuctl/bg_non_interactive/limit_bg/tasks failed: Permission denied
03-27 15:03:40.117 26361 26449 E ActivityThread: Failed to find provider info for com.ludashi.benchmark.DownloadProvider
03-27 15:03:40.166 26361 26449 E ActivityThread: Failed to find provider info for com.ss.android.article.news.DownloadProvider
03-27 15:03:40.570  1269 13513 I chatty  : uid=1000(system) Binder:1269_17 expire 2 lines
03-27 15:03:40.727 26474 26490 E SchedPolicy: open of dev/cpuctl/limit_fg/tasks failed: Permission denied
03-27 15:03:40.727 26474 26490 E SchedPolicy: open of dev/cpuctl/bg_non_interactive/limit_bg/tasks failed: Permission denied
03-27 15:03:41.023  1269  3393 I chatty  : uid=1000(system) Binder:1269_12 expire 1 line
03-27 15:03:41.024 26493 26493 E SchedPolicy: open of dev/cpuctl/limit_fg/tasks failed: Permission denied
03-27 15:03:41.024 26493 26493 E SchedPolicy: open of dev/cpuctl/bg_non_interactive/limit_bg/tasks failed: Permission denied
03-27 15:03:41.031 26493 26493 D ActivityThread: ActivityThread,attachApplication
03-27 15:03:41.055  1269  2687 I chatty  : uid=1000(system) Binder:1269_F expire 3 lines
03-27 15:03:41.055  2034  2245 I HwNetworkPolicyManager: getHwUidPolicy uid = 10404 policy = 0
03-27 15:03:41.057  1269  1279 I chatty  : uid=1000(system) Binder:1269_1 expire 1 line
03-27 15:03:41.057  5109  5209 I HwNetworkPolicyManager: getHwUidPolicy uid = 10404 policy = 0
03-27 15:03:41.256 26552 26552 E SchedPolicy: open of dev/cpuctl/limit_fg/tasks failed: Permission denied
03-27 15:03:41.256 26552 26552 E SchedPolicy: open of dev/cpuctl/bg_non_interactive/limit_bg/tasks failed: Permission denied
03-27 15:03:41.264 26552 26552 D ActivityThread: ActivityThread,attachApplication
03-27 15:03:41.288 26493 26493 V ActivityThread: ActivityThread,callActivityOnCreate
03-27 15:03:41.306  1269  1280 I chatty  : uid=1000(system) Binder:1269_2 expire 1 line
03-27 15:03:41.340  1269  2411 I chatty  : uid=1000(system) Binder:1269_9 expire 17 lines
03-27 15:03:41.397 26493 26493 D ActivityThread: add activity client record, r= ActivityRecord{b89132 token=android.os.BinderProxy@1ea3017 {cn.dcpai.auction/cn.dcpai.auction.SplashActivity}} token= android.os.BinderProxy@1ea3017
03-27 15:03:41.421  1666  1684 I CommandQueue: updateBarBgColor
03-27 15:03:41.421  1666  1684 D CommandQueue: CommandQueue, setBarBackgroundColor
03-27 15:03:41.581 26552 26638 E ActivityThread: Failed to find provider info for com.ludashi.benchmark.DownloadProvider
03-27 15:03:41.586  1269  2665 I chatty  : uid=1000(system) Binder:1269_E expire 4 lines
03-27 15:03:41.592  1269  1942 I chatty  : uid=1000(system) Binder:1269_5 expire 3 lines
03-27 15:03:41.594 26552 26638 E ActivityThread: Failed to find provider info for com.ss.android.article.news.DownloadProvider
03-27 15:03:41.655  1269  3486 I chatty  : uid=1000(system) Binder:1269_13 expire 2 lines
03-27 15:03:41.705  1269  1291 I chatty  : uid=1000(system) android.display expire 10 lines
03-27 15:03:42.966 26493 26493 V ActivityThread: ActivityThread,callActivityOnCreate
03-27 15:03:42.997  1269  1280 I chatty  : uid=1000(system) Binder:1269_2 expire 2 lines
03-27 15:03:42.998  1269 26669 I chatty  : uid=1000 system_server expire 4 lines
03-27 15:03:43.065  1269 13513 I chatty  : uid=1000(system) Binder:1269_17 expire 10 lines
03-27 15:03:43.067  1269  2655 I chatty  : uid=1000(system) Binder:1269_B expire 10 lines
03-27 15:03:43.124 26493 26493 D ActivityThread: add activity client record, r= ActivityRecord{df104a2 token=android.os.BinderProxy@5fcf2e5 {cn.dcpai.auction/cn.dcpai.auction.MainActivity}} token= android.os.BinderProxy@5fcf2e5
03-27 15:03:43.682 26493 26493 D ActivityThread: Remove activity client record, r= ActivityRecord{b89132 token=android.os.BinderProxy@1ea3017 {cn.dcpai.auction/cn.dcpai.auction.SplashActivity}} token= android.os.BinderProxy@1ea3017
03-27 15:03:44.598  1269  1512 I chatty  : uid=1000(system) LazyTaskWriterT expire 7 lines
03-27 15:03:45.688  1269  1269 I chatty  : uid=1000 system_server expire 11 lines
03-27 15:03:46.660  1269  1387 I chatty  : uid=1000(system) UEventObserver expire 10 lines
03-27 15:03:57.683  1269  1407 I chatty  : uid=1000(system) NetdConnector expire 10 lines
03-27 15:03:57.686  1269  1289 I chatty  : uid=1000(system) android.fg expire 15 lines
03-27 15:04:08.518 26493 26493 V ActivityThread: ActivityThread,callActivityOnCreate
03-27 15:04:08.563 26493 26493 D ActivityThread: add activity client record, r= ActivityRecord{a292411 token=android.os.BinderProxy@b69cac0 {cn.dcpai.auction/cn.dcpai.auction.activity.MyStoreActivity}} token= android.os.BinderProxy@b69cac0
03-27 15:04:08.614  1269  3390 I chatty  : uid=1000(system) Binder:1269_11 expire 5 lines
03-27 15:04:08.616  1269  1436 I chatty  : uid=1000(system) Binder:1269_3 expire 8 lines
03-27 15:04:08.959  1269  3393 I chatty  : uid=1000(system) Binder:1269_12 expire 5 lines
03-27 15:04:09.730  1269  1968 I chatty  : uid=1000(system) Binder:1269_8 expire 6 lines
03-27 15:04:09.756 26493 26493 V ActivityThread: ActivityThread,callActivityOnCreate
03-27 15:04:09.783 26493 26493 D ActivityThread: add activity client record, r= ActivityRecord{99d29ef token=android.os.BinderProxy@c16440 {cn.dcpai.auction/cn.dcpai.auction.shop.goods.ui.GoodsListActivity}} token= android.os.BinderProxy@c16440
03-27 15:04:09.852  1269  2664 I chatty  : uid=1000(system) Binder:1269_D expire 10 lines
03-27 15:04:09.854  1269  2654 I chatty  : uid=1000(system) Binder:1269_A expire 8 lines
03-27 15:04:10.185  1269  2663 I chatty  : uid=1000(system) Binder:1269_C expire 2 lines
03-27 15:04:16.686  1269  1619 I chatty  : uid=1000(system) Binder:1269_4 expire 6 lines
03-27 15:04:16.712 26493 26493 V ActivityThread: ActivityThread,callActivityOnCreate
03-27 15:04:16.761 26493 26493 D ActivityThread: add activity client record, r= ActivityRecord{9d122fc token=android.os.BinderProxy@d12dd3 {cn.dcpai.auction/cn.dcpai.auction.activity.AddBabyActivity}} token= android.os.BinderProxy@d12dd3
03-27 15:04:17.662 26493 26493 V ActivityThread: ActivityThread,callActivityOnCreate
03-27 15:04:17.684 26493 26493 D ActivityThread: add activity client record, r= ActivityRecord{6c5232f token=android.os.BinderProxy@585f47c {cn.dcpai.auction/com.lzy.imagepicker.ui.ImageGridActivity}} token= android.os.BinderProxy@585f47c
03-27 15:04:17.690  1666  1684 I CommandQueue: updateBarBgColor
03-27 15:04:17.690  1666  1684 D CommandQueue: CommandQueue, setBarBackgroundColor
03-27 15:04:17.756  1269  3489 I chatty  : uid=1000(system) Binder:1269_14 expire 10 lines
03-27 15:04:20.204  1269  1279 I chatty  : uid=1000(system) Binder:1269_1 expire 6 lines
03-27 15:04:20.216  1269  1967 I chatty  : uid=1000(system) Binder:1269_7 expire 1 line
03-27 15:04:27.516  1269  1957 I chatty  : uid=1000(system) Binder:1269_6 expire 4 lines
03-27 15:04:27.694  1269  3510 I chatty  : uid=1000(system) Binder:1269_15 expire 2 lines
03-27 15:04:27.708  1269  2694 I chatty  : uid=1000(system) Binder:1269_10 expire 2 lines
03-27 15:04:27.721  1666  1684 I CommandQueue: updateBarBgColor
03-27 15:04:27.721  1666  1684 D CommandQueue: CommandQueue, setBarBackgroundColor
03-27 15:04:27.736  1269  2411 I chatty  : uid=1000(system) Binder:1269_9 expire 1 line
03-27 15:04:27.771  1269  3511 I chatty  : uid=1000(system) Binder:1269_16 expire 1 line
03-27 15:04:28.382 26493 26493 D ActivityThread: Remove activity client record, r= ActivityRecord{6c5232f token=android.os.BinderProxy@585f47c {cn.dcpai.auction/com.lzy.imagepicker.ui.ImageGridActivity}} token= android.os.BinderProxy@585f47c
03-27 15:04:28.899  1269  1291 I chatty  : uid=1000(system) android.display expire 10 lines
03-27 15:04:35.612 26976 26988 E SchedPolicy: open of dev/cpuctl/limit_fg/tasks failed: Permission denied
03-27 15:04:35.612 26976 26988 E SchedPolicy: open of dev/cpuctl/bg_non_interactive/limit_bg/tasks failed: Permission denied
03-27 15:04:40.896  1269  1394 I chatty  : uid=1000(system) AlarmManager expire 2 lines
03-27 15:04:50.800 27067 27068 E SchedPolicy: open of dev/cpuctl/limit_fg/tasks failed: Permission denied
03-27 15:04:50.800 27067 27068 E SchedPolicy: open of dev/cpuctl/bg_non_interactive/limit_bg/tasks failed: Permission denied
03-27 15:04:51.713 27084 27091 E SchedPolicy: open of dev/cpuctl/limit_fg/tasks failed: Permission denied
03-27 15:04:51.713 27084 27091 E SchedPolicy: open of dev/cpuctl/bg_non_interactive/limit_bg/tasks failed: Permission denied
03-27 15:05:00.003  1269  1269 I chatty  : uid=1000 system_server expire 10 lines
03-27 15:05:13.567 27198 27199 E SchedPolicy: open of dev/cpuctl/limit_fg/tasks failed: Permission denied
03-27 15:05:13.567 27198 27199 E SchedPolicy: open of dev/cpuctl/bg_non_interactive/limit_bg/tasks failed: Permission denied
03-27 15:05:14.492 27204 27217 E SchedPolicy: open of dev/cpuctl/limit_fg/tasks failed: Permission denied
03-27 15:05:14.492 27204 27217 E SchedPolicy: open of dev/cpuctl/bg_non_interactive/limit_bg/tasks failed: Permission denied
03-27 15:05:35.341 27320 27321 E SchedPolicy: open of dev/cpuctl/limit_fg/tasks failed: Permission denied
03-27 15:05:35.341 27320 27321 E SchedPolicy: open of dev/cpuctl/bg_non_interactive/limit_bg/tasks failed: Permission denied
03-27 15:05:36.252 27329 27336 E SchedPolicy: open of dev/cpuctl/limit_fg/tasks failed: Permission denied
03-27 15:05:36.252 27329 27336 E SchedPolicy: open of dev/cpuctl/bg_non_interactive/limit_bg/tasks failed: Permission denied
03-27 15:05:40.866  1269 27361 I chatty  : uid=1000 system_server expire 3 lines
03-27 15:05:56.951 27457 27458 E SchedPolicy: open of dev/cpuctl/limit_fg/tasks failed: Permission denied
03-27 15:05:56.951 27457 27458 E SchedPolicy: open of dev/cpuctl/bg_non_interactive/limit_bg/tasks failed: Permission denied
03-27 15:05:57.864 27462 27472 E SchedPolicy: open of dev/cpuctl/limit_fg/tasks failed: Permission denied
03-27 15:05:57.864 27462 27472 E SchedPolicy: open of dev/cpuctl/bg_non_interactive/limit_bg/tasks failed: Permission denied
03-27 15:06:00.001  1269  1269 I chatty  : uid=1000 system_server expire 3 lines
03-27 15:06:00.315 27488 27496 E SchedPolicy: open of dev/cpuctl/limit_fg/tasks failed: Permission denied
03-27 15:06:00.315 27488 27496 E SchedPolicy: open of dev/cpuctl/bg_non_interactive/limit_bg/tasks failed: Permission denied
03-27 15:06:02.466 27514 27522 E SchedPolicy: open of dev/cpuctl/limit_fg/tasks failed: Permission denied
03-27 15:06:02.466 27514 27522 E SchedPolicy: open of dev/cpuctl/bg_non_interactive/limit_bg/tasks failed: Permission denied
03-27 15:06:12.411  1269  1291 I chatty  : uid=1000(system) android.display expire 5 lines
03-27 15:06:17.444  1269  1387 I chatty  : uid=1000(system) UEventObserver expire 4 lines
03-27 15:06:22.628 26493 26493 V ActivityThread: ActivityThread,callActivityOnCreate
03-27 15:06:22.643 26493 26493 D ActivityThread: add activity client record, r= ActivityRecord{eafe6a4 token=android.os.BinderProxy@f49ea67 {cn.dcpai.auction/cn.dcpai.auction.activity.ProductDescModifyActivity}} token= android.os.BinderProxy@f49ea67
03-27 15:06:22.725  1269  2687 I chatty  : uid=1000(system) Binder:1269_F expire 5 lines
03-27 15:06:27.495  1269  1407 I chatty  : uid=1000(system) NetdConnector expire 2 lines
03-27 15:06:27.499  1269  1289 I chatty  : uid=1000(system) android.fg expire 11 lines
03-27 15:06:27.669 27644 27653 E SchedPolicy: open of dev/cpuctl/limit_fg/tasks failed: Permission denied
03-27 15:06:27.669 27644 27653 E SchedPolicy: open of dev/cpuctl/bg_non_interactive/limit_bg/tasks failed: Permission denied
03-27 15:06:29.031 27658 27667 E SchedPolicy: open of dev/cpuctl/limit_fg/tasks failed: Permission denied
03-27 15:06:29.031 27658 27667 E SchedPolicy: open of dev/cpuctl/bg_non_interactive/limit_bg/tasks failed: Permission denied
03-27 15:06:36.580 26493 26493 D ActivityThread: Remove activity client record, r= ActivityRecord{eafe6a4 token=android.os.BinderProxy@f49ea67 {cn.dcpai.auction/cn.dcpai.auction.activity.ProductDescModifyActivity}} token= android.os.BinderProxy@f49ea67
03-27 15:06:39.620  1269  3489 I chatty  : uid=1000(system) Binder:1269_14 expire 4 lines
03-27 15:06:40.012 26493 26493 D ActivityThread: Remove activity client record, r= ActivityRecord{9d122fc token=android.os.BinderProxy@d12dd3 {cn.dcpai.auction/cn.dcpai.auction.activity.AddBabyActivity}} token= android.os.BinderProxy@d12dd3
03-27 15:06:47.617  1269  1269 I chatty  : uid=1000 system_server expire 10 lines
03-27 15:06:54.224  1269  1407 I chatty  : uid=1000(system) NetdConnector expire 4 lines
03-27 15:06:54.228  1269  1289 I chatty  : uid=1000(system) android.fg expire 4 lines
03-27 15:07:00.248 27826 27837 E SchedPolicy: open of dev/cpuctl/limit_fg/tasks failed: Permission denied
03-27 15:07:00.248 27826 27837 E SchedPolicy: open of dev/cpuctl/bg_non_interactive/limit_bg/tasks failed: Permission denied
03-27 15:07:00.754 27839 27848 E SchedPolicy: open of dev/cpuctl/limit_fg/tasks failed: Permission denied
03-27 15:07:00.754 27839 27848 E SchedPolicy: open of dev/cpuctl/bg_non_interactive/limit_bg/tasks failed: Permission denied
03-27 15:07:00.756  1269  2687 I chatty  : uid=1000(system) Binder:1269_F expire 36 lines
03-27 15:07:00.758  1269  1284 I chatty  : uid=1000(system) ActivityManager expire 3 lines
03-27 15:07:00.783 27850 27850 E SchedPolicy: open of dev/cpuctl/limit_fg/tasks failed: Permission denied
03-27 15:07:00.783 27850 27850 E SchedPolicy: open of dev/cpuctl/bg_non_interactive/limit_bg/tasks failed: Permission denied
03-27 15:07:00.793 27850 27850 D ActivityThread: ActivityThread,attachApplication
03-27 15:07:00.819  1269  1279 I chatty  : uid=1000(system) Binder:1269_1 expire 14 lines
03-27 15:07:00.824  1269  1396 I chatty  : uid=1000(system) sManagerService expire 2 lines
03-27 15:07:00.839  1269  3511 I chatty  : uid=1000(system) Binder:1269_16 expire 7 lines
03-27 15:07:00.839  2034  2245 I HwNetworkPolicyManager: getHwUidPolicy uid = 1000 policy = 0
03-27 15:07:00.851  1269  2655 I chatty  : uid=1000(system) Binder:1269_B expire 10 lines
03-27 15:07:00.851  5109  5209 I HwNetworkPolicyManager: getHwUidPolicy uid = 1000 policy = 0
03-27 15:07:00.894  1269  1436 I chatty  : uid=1000(system) Binder:1269_3 expire 3 lines
03-27 15:07:00.894  1666  1690 I CommandQueue: updateBarBgColor
03-27 15:07:00.894  1666  1690 D CommandQueue: CommandQueue, setBarBackgroundColor
03-27 15:07:00.906  1269  2411 I chatty  : uid=1000(system) Binder:1269_9 expire 5 lines
03-27 15:07:00.919  1269  3393 I chatty  : uid=1000(system) Binder:1269_12 expire 10 lines
03-27 15:07:00.963  1269  1280 I chatty  : uid=1000(system) Binder:1269_2 expire 10 lines
03-27 15:07:01.078  1269  1968 I chatty  : uid=1000(system) Binder:1269_8 expire 1 line
03-27 15:07:01.091  1269  1942 I chatty  : uid=1000(system) Binder:1269_5 expire 4 lines
03-27 15:07:01.194 27914 27914 E SchedPolicy: open of dev/cpuctl/limit_fg/tasks failed: Permission denied
03-27 15:07:01.194 27914 27914 E SchedPolicy: open of dev/cpuctl/bg_non_interactive/limit_bg/tasks failed: Permission denied
03-27 15:07:01.203 27914 27914 D ActivityThread: ActivityThread,attachApplication
03-27 15:07:01.227  1269  2694 I chatty  : uid=1000(system) Binder:1269_10 expire 7 lines
03-27 15:07:01.264  1269  1282 I chatty  : uid=1000(system) ActivityManager expire 13 lines
03-27 15:07:01.296  2034  2245 I HwNetworkPolicyManager: getHwUidPolicy uid = 10051 policy = 0
03-27 15:07:01.297  1269  2654 I chatty  : uid=1000(system) Binder:1269_A expire 3 lines
03-27 15:07:01.299  1269  1619 I chatty  : uid=1000(system) Binder:1269_4 expire 7 lines
03-27 15:07:01.299  5109  5209 I HwNetworkPolicyManager: getHwUidPolicy uid = 10051 policy = 0
03-27 15:07:01.307 27884 27947 E SchedPolicy: open of dev/cpuctl/limit_fg/tasks failed: Permission denied
03-27 15:07:01.307 27884 27947 E SchedPolicy: open of dev/cpuctl/bg_non_interactive/limit_bg/tasks failed: Permission denied
03-27 15:07:01.339  1269  1399 I chatty  : uid=1000(system) InputDispatcher expire 3 lines
03-27 15:07:01.354  1269  3486 I chatty  : uid=1000(system) Binder:1269_13 expire 2 lines
03-27 15:07:01.354  1269  2664 I chatty  : uid=1000(system) Binder:1269_D expire 16 lines
03-27 15:07:01.355  1666  1684 I CommandQueue: updateBarBgColor
03-27 15:07:01.355  1666  1684 D CommandQueue: CommandQueue, setBarBackgroundColor
03-27 15:07:01.435  1269  3510 I chatty  : uid=1000(system) Binder:1269_15 expire 6 lines
03-27 15:07:01.562  1269  1967 I chatty  : uid=1000(system) Binder:1269_7 expire 3 lines
03-27 15:07:01.767  1269  3390 I chatty  : uid=1000(system) Binder:1269_11 expire 3 lines
03-27 15:07:01.790 27914 27988 E ActivityThread: Failed to find provider info for com.ludashi.benchmark.DownloadProvider
03-27 15:07:01.812  1269  2665 I chatty  : uid=1000(system) Binder:1269_E expire 4 lines
03-27 15:07:01.826 27914 27988 E ActivityThread: Failed to find provider info for com.ss.android.article.news.DownloadProvider
03-27 15:07:02.010 27985 28002 E SchedPolicy: open of dev/cpuctl/limit_fg/tasks failed: Permission denied
03-27 15:07:02.010 27985 28002 E SchedPolicy: open of dev/cpuctl/bg_non_interactive/limit_bg/tasks failed: Permission denied
03-27 15:07:05.482  1269  1512 I chatty  : uid=1000(system) LazyTaskWriterT expire 2 lines
03-27 15:07:11.789 28065 28076 E SchedPolicy: open of dev/cpuctl/limit_fg/tasks failed: Permission denied
03-27 15:07:11.789 28065 28076 E SchedPolicy: open of dev/cpuctl/bg_non_interactive/limit_bg/tasks failed: Permission denied
03-27 15:07:12.500 28087 28088 E SchedPolicy: open of dev/cpuctl/limit_fg/tasks failed: Permission denied
03-27 15:07:12.500 28087 28088 E SchedPolicy: open of dev/cpuctl/bg_non_interactive/limit_bg/tasks failed: Permission denied
03-27 15:07:13.117 28103 28114 E SchedPolicy: open of dev/cpuctl/limit_fg/tasks failed: Permission denied
03-27 15:07:13.117 28103 28114 E SchedPolicy: open of dev/cpuctl/bg_non_interactive/limit_bg/tasks failed: Permission denied
03-27 15:07:13.204 28118 28118 E SchedPolicy: open of dev/cpuctl/limit_fg/tasks failed: Permission denied
03-27 15:07:13.204 28118 28118 E SchedPolicy: open of dev/cpuctl/bg_non_interactive/limit_bg/tasks failed: Permission denied
03-27 15:07:13.273  1269  1302 I chatty  : uid=1000(system) PackageManager expire 2 lines
03-27 15:07:13.863 28127 28138 E SchedPolicy: open of dev/cpuctl/limit_fg/tasks failed: Permission denied
03-27 15:07:13.863 28127 28138 E SchedPolicy: open of dev/cpuctl/bg_non_interactive/limit_bg/tasks failed: Permission denied
03-27 15:07:14.393 28140 28148 E SchedPolicy: open of dev/cpuctl/limit_fg/tasks failed: Permission denied
03-27 15:07:14.393 28140 28148 E SchedPolicy: open of dev/cpuctl/bg_non_interactive/limit_bg/tasks failed: Permission denied
03-27 15:07:14.938 28152 28164 E SchedPolicy: open of dev/cpuctl/limit_fg/tasks failed: Permission denied
03-27 15:07:14.938 28152 28164 E SchedPolicy: open of dev/cpuctl/bg_non_interactive/limit_bg/tasks failed: Permission denied
03-27 15:07:15.464 28166 28174 E SchedPolicy: open of dev/cpuctl/limit_fg/tasks failed: Permission denied
03-27 15:07:15.464 28166 28174 E SchedPolicy: open of dev/cpuctl/bg_non_interactive/limit_bg/tasks failed: Permission denied
03-27 15:07:16.224  1269  1282 I chatty  : uid=1000(system) ActivityManager expire 2 lines
03-27 15:07:16.416 28187 28195 E SchedPolicy: open of dev/cpuctl/limit_fg/tasks failed: Permission denied
03-27 15:07:16.416 28187 28195 E SchedPolicy: open of dev/cpuctl/bg_non_interactive/limit_bg/tasks failed: Permission denied
03-27 15:07:17.268 28201 28212 E SchedPolicy: open of dev/cpuctl/limit_fg/tasks failed: Permission denied
03-27 15:07:17.268 28201 28212 E SchedPolicy: open of dev/cpuctl/bg_non_interactive/limit_bg/tasks failed: Permission denied
03-27 15:07:17.769  1269  1387 I chatty  : uid=1000(system) UEventObserver expire 4 lines
03-27 15:07:19.099 28233 28244 E SchedPolicy: open of dev/cpuctl/limit_fg/tasks failed: Permission denied
03-27 15:07:19.099 28233 28244 E SchedPolicy: open of dev/cpuctl/bg_non_interactive/limit_bg/tasks failed: Permission denied
03-27 15:07:19.855 28252 28263 E SchedPolicy: open of dev/cpuctl/limit_fg/tasks failed: Permission denied
03-27 15:07:19.856 28252 28263 E SchedPolicy: open of dev/cpuctl/bg_non_interactive/limit_bg/tasks failed: Permission denied
03-27 15:07:19.886  1269  1269 I chatty  : uid=1000 system_server expire 5 lines
03-27 15:07:20.124  1269  2663 I chatty  : uid=1000(system) Binder:1269_C expire 5 lines
03-27 15:07:20.141 28270 28270 E SchedPolicy: open of dev/cpuctl/limit_fg/tasks failed: Permission denied
03-27 15:07:20.141 28270 28270 E SchedPolicy: open of dev/cpuctl/bg_non_interactive/limit_bg/tasks failed: Permission denied
03-27 15:07:20.150 28270 28270 D ActivityThread: ActivityThread,attachApplication
03-27 15:07:20.153  1269  2687 I chatty  : uid=1000(system) Binder:1269_F expire 2 lines
03-27 15:07:20.162  1269  1280 I chatty  : uid=1000(system) Binder:1269_2 expire 4 lines
03-27 15:07:20.162  2034  2245 I HwNetworkPolicyManager: getHwUidPolicy uid = 10404 policy = 0
03-27 15:07:20.164  1269 13513 I chatty  : uid=1000(system) Binder:1269_17 expire 9 lines
03-27 15:07:20.164  5109  5209 I HwNetworkPolicyManager: getHwUidPolicy uid = 10404 policy = 0
03-27 15:07:20.342 28329 28329 E SchedPolicy: open of dev/cpuctl/limit_fg/tasks failed: Permission denied
03-27 15:07:20.342 28329 28329 E SchedPolicy: open of dev/cpuctl/bg_non_interactive/limit_bg/tasks failed: Permission denied
03-27 15:07:20.349 28329 28329 D ActivityThread: ActivityThread,attachApplication
03-27 15:07:20.385 28270 28270 V ActivityThread: ActivityThread,callActivityOnCreate
03-27 15:07:20.393  1269  2664 I chatty  : uid=1000(system) Binder:1269_D expire 3 lines
03-27 15:07:20.448  1269  1279 I chatty  : uid=1000(system) Binder:1269_1 expire 5 lines
03-27 15:07:20.455  1269  1957 I chatty  : uid=1000(system) Binder:1269_6 expire 10 lines
03-27 15:07:20.493 28270 28270 D ActivityThread: add activity client record, r= ActivityRecord{b89132 token=android.os.BinderProxy@1ea3017 {cn.dcpai.auction/cn.dcpai.auction.SplashActivity}} token= android.os.BinderProxy@1ea3017
03-27 15:07:20.520  1666  1690 I CommandQueue: updateBarBgColor
03-27 15:07:20.520  1666  1690 D CommandQueue: CommandQueue, setBarBackgroundColor
03-27 15:07:20.647 28417 28417 E SchedPolicy: open of dev/cpuctl/limit_fg/tasks failed: Permission denied
03-27 15:07:20.647 28417 28417 E SchedPolicy: open of dev/cpuctl/bg_non_interactive/limit_bg/tasks failed: Permission denied
03-27 15:07:20.654 28329 28411 E ActivityThread: Failed to find provider info for com.ludashi.benchmark.DownloadProvider
03-27 15:07:20.656 28417 28417 D ActivityThread: ActivityThread,attachApplication
03-27 15:07:20.666 28329 28411 E ActivityThread: Failed to find provider info for com.ss.android.article.news.DownloadProvider
03-27 15:07:20.812  1269  1291 I chatty  : uid=1000(system) android.display expire 1 line
03-27 15:07:21.985 28270 28270 V ActivityThread: ActivityThread,callActivityOnCreate
03-27 15:07:22.015  1269  3393 I chatty  : uid=1000(system) Binder:1269_12 expire 1 line
03-27 15:07:22.017  1269 28462 I chatty  : uid=1000 system_server expire 4 lines
03-27 15:07:22.143 28270 28270 D ActivityThread: add activity client record, r= ActivityRecord{b85a231 token=android.os.BinderProxy@ec03df3 {cn.dcpai.auction/cn.dcpai.auction.MainActivity}} token= android.os.BinderProxy@ec03df3
03-27 15:07:22.676 28270 28270 D ActivityThread: Remove activity client record, r= ActivityRecord{b89132 token=android.os.BinderProxy@1ea3017 {cn.dcpai.auction/cn.dcpai.auction.SplashActivity}} token= android.os.BinderProxy@1ea3017
03-27 15:07:48.039 28270 28270 V ActivityThread: ActivityThread,callActivityOnCreate
03-27 15:07:48.082 28270 28270 D ActivityThread: add activity client record, r= ActivityRecord{e3b109b token=android.os.BinderProxy@4e035f2 {cn.dcpai.auction/cn.dcpai.auction.activity.MyStoreActivity}} token= android.os.BinderProxy@4e035f2
03-27 15:07:48.138  1269  2655 I chatty  : uid=1000(system) Binder:1269_B expire 4 lines
03-27 15:07:49.511 28270 28270 V ActivityThread: ActivityThread,callActivityOnCreate
03-27 15:07:49.532 28270 28270 D ActivityThread: add activity client record, r= ActivityRecord{cae96ce token=android.os.BinderProxy@c16440 {cn.dcpai.auction/cn.dcpai.auction.shop.goods.ui.GoodsListActivity}} token= android.os.BinderProxy@c16440
03-27 15:07:49.603  1269  2665 I chatty  : uid=1000(system) Binder:1269_E expire 3 lines
03-27 15:07:49.940  1269  2664 I chatty  : uid=1000(system) Binder:1269_D expire 2 lines
03-27 15:07:51.555  1269  1512 I chatty  : uid=1000(system) LazyTaskWriterT expire 2 lines
03-27 15:07:52.579  1269  1291 I chatty  : uid=1000(system) android.display expire 1 line
03-27 15:07:56.639  1269  1942 I chatty  : uid=1000(system) Binder:1269_5 expire 6 lines
03-27 15:07:56.664 28270 28270 V ActivityThread: ActivityThread,callActivityOnCreate
03-27 15:07:56.716 28270 28270 D ActivityThread: add activity client record, r= ActivityRecord{68a2973 token=android.os.BinderProxy@897820e {cn.dcpai.auction/cn.dcpai.auction.shop.goods.ui.AddGoodsActivity}} token= android.os.BinderProxy@897820e
03-27 15:07:56.762  1269  1957 I chatty  : uid=1000(system) Binder:1269_6 expire 5 lines
03-27 15:07:56.764  1269  2694 I chatty  : uid=1000(system) Binder:1269_10 expire 6 lines
03-27 15:08:00.002  1269  1269 I chatty  : uid=1000 system_server expire 19 lines
03-27 15:08:18.115  1269  1387 I chatty  : uid=1000(system) UEventObserver expire 18 lines
03-27 15:08:21.580  1269  1407 I chatty  : uid=1000(system) NetdConnector expire 32 lines
03-27 15:08:21.590  1269  1289 I chatty  : uid=1000(system) android.fg expire 114 lines
03-27 15:09:41.043  1269  1394 I chatty  : uid=1000(system) AlarmManager expire 4 lines
03-27 15:11:04.707  1269 29560 I chatty  : uid=1000 system_server expire 3 lines
03-27 15:11:17.073  1269  3489 I chatty  : uid=1000(system) Binder:1269_14 expire 2 lines
03-27 15:11:17.833  1269  1968 I chatty  : uid=1000(system) Binder:1269_8 expire 3 lines
03-27 15:11:27.029  1269  3390 I chatty  : uid=1000(system) Binder:1269_11 expire 1 line
03-27 15:12:21.000 28394 29959 E SchedPolicy: open of dev/cpuctl/limit_fg/tasks failed: Permission denied
03-27 15:12:21.000 28394 29959 E SchedPolicy: open of dev/cpuctl/bg_non_interactive/limit_bg/tasks failed: Permission denied
03-27 15:12:30.993  1269  2654 I chatty  : uid=1000(system) Binder:1269_A expire 1 line
03-27 15:12:31.070  1269  1269 I chatty  : uid=1000 system_server expire 5 lines
03-27 15:12:49.693  1269  1387 I chatty  : uid=1000(system) UEventObserver expire 4 lines
03-27 15:13:15.492  1269  1407 I chatty  : uid=1000(system) NetdConnector expire 4 lines
03-27 15:13:15.502  1269  1289 I chatty  : uid=1000(system) android.fg expire 22 lines
03-27 15:13:27.093  1666  1666 V DeadZone: consuming errant click: (320.0,13.0)
03-27 15:13:29.504  1269  1291 I chatty  : uid=1000(system) android.display expire 5 lines
03-27 15:13:30.196  1269 13513 I chatty  : uid=1000(system) Binder:1269_17 expire 7 lines
03-27 15:13:30.210  1269  2687 I chatty  : uid=1000(system) Binder:1269_F expire 3 lines
03-27 15:13:30.241  1269  2655 I chatty  : uid=1000(system) Binder:1269_B expire 10 lines
03-27 15:13:30.539 28270 28270 D ActivityThread: Remove activity client record, r= ActivityRecord{68a2973 token=android.os.BinderProxy@897820e {cn.dcpai.auction/cn.dcpai.auction.shop.goods.ui.AddGoodsActivity}} token= android.os.BinderProxy@897820e
03-27 15:13:30.998  1269  1279 I chatty  : uid=1000(system) Binder:1269_1 expire 10 lines
03-27 15:13:31.022 28270 28270 V ActivityThread: ActivityThread,callActivityOnCreate
03-27 15:13:31.060 28270 28270 D ActivityThread: add activity client record, r= ActivityRecord{1732582 token=android.os.BinderProxy@61b1da4 {cn.dcpai.auction/cn.dcpai.auction.shop.goods.ui.AddGoodsActivity}} token= android.os.BinderProxy@61b1da4
03-27 15:13:31.124  1269  1942 I chatty  : uid=1000(system) Binder:1269_5 expire 11 lines
03-27 15:13:31.127  1269  1967 I chatty  : uid=1000(system) Binder:1269_7 expire 5 lines
03-27 15:13:31.473  1269  1280 I chatty  : uid=1000(system) Binder:1269_2 expire 7 lines
03-27 15:13:34.084  1269  1512 I chatty  : uid=1000(system) LazyTaskWriterT expire 1 line
03-27 15:13:41.697  1269  1407 I chatty  : uid=1000(system) NetdConnector expire 6 lines
03-27 15:13:41.712  1269  1289 I chatty  : uid=1000(system) android.fg expire 13 lines
03-27 15:13:50.026  1269  1387 I chatty  : uid=1000(system) UEventObserver expire 4 lines
03-27 15:13:50.033  1269  1269 I chatty  : uid=1000 system_server expire 11 lines
03-27 15:14:23.614 30554 30565 E SchedPolicy: open of dev/cpuctl/limit_fg/tasks failed: Permission denied
03-27 15:14:23.614 30554 30565 E SchedPolicy: open of dev/cpuctl/bg_non_interactive/limit_bg/tasks failed: Permission denied
03-27 15:14:24.315 30576 30577 E SchedPolicy: open of dev/cpuctl/limit_fg/tasks failed: Permission denied
03-27 15:14:24.315 30576 30577 E SchedPolicy: open of dev/cpuctl/bg_non_interactive/limit_bg/tasks failed: Permission denied
03-27 15:14:24.954 30586 30594 E SchedPolicy: open of dev/cpuctl/limit_fg/tasks failed: Permission denied
03-27 15:14:24.954 30586 30594 E SchedPolicy: open of dev/cpuctl/bg_non_interactive/limit_bg/tasks failed: Permission denied
03-27 15:14:25.048 30599 30599 E SchedPolicy: open of dev/cpuctl/limit_fg/tasks failed: Permission denied
03-27 15:14:25.048 30599 30599 E SchedPolicy: open of dev/cpuctl/bg_non_interactive/limit_bg/tasks failed: Permission denied
03-27 15:14:25.114  1269  1302 I chatty  : uid=1000(system) PackageManager expire 2 lines
03-27 15:14:25.114  1269  1282 I chatty  : uid=1000(system) ActivityManager expire 13 lines
03-27 15:14:25.532  1269  1289 I chatty  : uid=1000(system) android.fg expire 11 lines
03-27 15:14:25.748 30610 30621 E SchedPolicy: open of dev/cpuctl/limit_fg/tasks failed: Permission denied
03-27 15:14:25.748 30610 30621 E SchedPolicy: open of dev/cpuctl/bg_non_interactive/limit_bg/tasks failed: Permission denied
03-27 15:14:26.334 30623 30631 E SchedPolicy: open of dev/cpuctl/limit_fg/tasks failed: Permission denied
03-27 15:14:26.334 30623 30631 E SchedPolicy: open of dev/cpuctl/bg_non_interactive/limit_bg/tasks failed: Permission denied
03-27 15:14:26.895 30636 30644 E SchedPolicy: open of dev/cpuctl/limit_fg/tasks failed: Permission denied
03-27 15:14:26.895 30636 30644 E SchedPolicy: open of dev/cpuctl/bg_non_interactive/limit_bg/tasks failed: Permission denied
03-27 15:14:27.459 30646 30655 E SchedPolicy: open of dev/cpuctl/limit_fg/tasks failed: Permission denied
03-27 15:14:27.459 30646 30655 E SchedPolicy: open of dev/cpuctl/bg_non_interactive/limit_bg/tasks failed: Permission denied
03-27 15:14:28.495 30667 30675 E SchedPolicy: open of dev/cpuctl/limit_fg/tasks failed: Permission denied
03-27 15:14:28.495 30667 30675 E SchedPolicy: open of dev/cpuctl/bg_non_interactive/limit_bg/tasks failed: Permission denied
03-27 15:14:29.371 30686 30702 E SchedPolicy: open of dev/cpuctl/limit_fg/tasks failed: Permission denied
03-27 15:14:29.371 30686 30702 E SchedPolicy: open of dev/cpuctl/bg_non_interactive/limit_bg/tasks failed: Permission denied
03-27 15:14:31.541 30728 30738 E SchedPolicy: open of dev/cpuctl/limit_fg/tasks failed: Permission denied
03-27 15:14:31.541 30728 30738 E SchedPolicy: open of dev/cpuctl/bg_non_interactive/limit_bg/tasks failed: Permission denied
03-27 15:14:32.109 30743 30753 E SchedPolicy: open of dev/cpuctl/limit_fg/tasks failed: Permission denied
03-27 15:14:32.109 30743 30753 E SchedPolicy: open of dev/cpuctl/bg_non_interactive/limit_bg/tasks failed: Permission denied
03-27 15:14:32.112  1269  3510 I chatty  : uid=1000(system) Binder:1269_15 expire 40 lines
03-27 15:14:32.113  1269  1284 I chatty  : uid=1000(system) ActivityManager expire 5 lines
03-27 15:14:32.140 30755 30755 E SchedPolicy: open of dev/cpuctl/limit_fg/tasks failed: Permission denied
03-27 15:14:32.140 30755 30755 E SchedPolicy: open of dev/cpuctl/bg_non_interactive/limit_bg/tasks failed: Permission denied
03-27 15:14:32.150 30755 30755 D ActivityThread: ActivityThread,attachApplication
03-27 15:14:32.182  1269  1396 I chatty  : uid=1000(system) sManagerService expire 2 lines
03-27 15:14:32.194  1269  3486 I chatty  : uid=1000(system) Binder:1269_13 expire 3 lines
03-27 15:14:32.194  2034  2245 I HwNetworkPolicyManager: getHwUidPolicy uid = 1000 policy = 0
03-27 15:14:32.196  5109  5209 I HwNetworkPolicyManager: getHwUidPolicy uid = 1000 policy = 0
03-27 15:14:32.244  1269  1436 I chatty  : uid=1000(system) Binder:1269_3 expire 6 lines
03-27 15:14:32.244  1666  1977 I CommandQueue: updateBarBgColor
03-27 15:14:32.244  1666  1977 D CommandQueue: CommandQueue, setBarBackgroundColor
03-27 15:14:32.267  1269  3393 I chatty  : uid=1000(system) Binder:1269_12 expire 3 lines
03-27 15:14:32.269 30773 30773 E SchedPolicy: open of dev/cpuctl/limit_fg/tasks failed: Permission denied
03-27 15:14:32.269 30773 30773 E SchedPolicy: open of dev/cpuctl/bg_non_interactive/limit_bg/tasks failed: Permission denied
03-27 15:14:32.274  1269  2694 I chatty  : uid=1000(system) Binder:1269_10 expire 15 lines
03-27 15:14:32.295 30773 30773 D ActivityThread: ActivityThread,attachApplication
03-27 15:14:32.295  1269  1619 I chatty  : uid=1000(system) Binder:1269_4 expire 1 line
03-27 15:14:32.300  1269  2664 I chatty  : uid=1000(system) Binder:1269_D expire 6 lines
03-27 15:14:32.327  1269  2411 I chatty  : uid=1000(system) Binder:1269_9 expire 5 lines
03-27 15:14:32.542 30840 30840 E SchedPolicy: open of dev/cpuctl/limit_fg/tasks failed: Permission denied
03-27 15:14:32.542 30840 30840 E SchedPolicy: open of dev/cpuctl/bg_non_interactive/limit_bg/tasks failed: Permission denied
03-27 15:14:32.551 30840 30840 D ActivityThread: ActivityThread,attachApplication
03-27 15:14:32.552  1269  1968 I chatty  : uid=1000(system) Binder:1269_8 expire 18 lines
03-27 15:14:32.620  1269  3511 I chatty  : uid=1000(system) Binder:1269_16 expire 2 lines
03-27 15:14:32.627  1269  1957 I chatty  : uid=1000(system) Binder:1269_6 expire 11 lines
03-27 15:14:32.630  1269  2654 I chatty  : uid=1000(system) Binder:1269_A expire 4 lines
03-27 15:14:32.652  2034  2245 I HwNetworkPolicyManager: getHwUidPolicy uid = 10051 policy = 0
03-27 15:14:32.655  5109  5209 I HwNetworkPolicyManager: getHwUidPolicy uid = 10051 policy = 0
03-27 15:14:32.725  1666  1684 I CommandQueue: updateBarBgColor
03-27 15:14:32.725  1666  1684 D CommandQueue: CommandQueue, setBarBackgroundColor
03-27 15:14:32.750 30822 30892 E SchedPolicy: open of dev/cpuctl/limit_fg/tasks failed: Permission denied
03-27 15:14:32.750 30822 30892 E SchedPolicy: open of dev/cpuctl/bg_non_interactive/limit_bg/tasks failed: Permission denied
03-27 15:14:32.802  1269  1399 I chatty  : uid=1000(system) InputDispatcher expire 3 lines
03-27 15:14:32.843  1269  3489 I chatty  : uid=1000(system) Binder:1269_14 expire 2 lines
03-27 15:14:32.971 30855 30918 E SchedPolicy: open of dev/cpuctl/limit_fg/tasks failed: Permission denied
03-27 15:14:32.971 30855 30918 E SchedPolicy: open of dev/cpuctl/bg_non_interactive/limit_bg/tasks failed: Permission denied
03-27 15:14:33.128 30840 30925 E ActivityThread: Failed to find provider info for com.ludashi.benchmark.DownloadProvider
03-27 15:14:33.174 30840 30925 E ActivityThread: Failed to find provider info for com.ss.android.article.news.DownloadProvider
03-27 15:14:33.306 30916 30945 E SchedPolicy: open of dev/cpuctl/limit_fg/tasks failed: Permission denied
03-27 15:14:33.306 30916 30945 E SchedPolicy: open of dev/cpuctl/bg_non_interactive/limit_bg/tasks failed: Permission denied
03-27 15:14:33.674 30948 30958 E SchedPolicy: open of dev/cpuctl/limit_fg/tasks failed: Permission denied
03-27 15:14:33.674 30948 30958 E SchedPolicy: open of dev/cpuctl/bg_non_interactive/limit_bg/tasks failed: Permission denied
03-27 15:14:33.692  1269  1908 I chatty  : uid=1000(system) MultiTaskManage expire 2 lines
03-27 15:14:33.709  1269  1269 I chatty  : uid=1000 system_server expire 1 line
03-27 15:14:33.964  1269  2665 I chatty  : uid=1000(system) Binder:1269_E expire 2 lines
03-27 15:14:33.965 30967 30967 E SchedPolicy: open of dev/cpuctl/limit_fg/tasks failed: Permission denied
03-27 15:14:33.965 30967 30967 E SchedPolicy: open of dev/cpuctl/bg_non_interactive/limit_bg/tasks failed: Permission denied
03-27 15:14:33.983 30967 30967 D ActivityThread: ActivityThread,attachApplication
03-27 15:14:34.003  2034  2245 I HwNetworkPolicyManager: getHwUidPolicy uid = 10404 policy = 0
03-27 15:14:34.004  5109  5209 I HwNetworkPolicyManager: getHwUidPolicy uid = 10404 policy = 0
03-27 15:14:34.192 31026 31026 E SchedPolicy: open of dev/cpuctl/limit_fg/tasks failed: Permission denied
03-27 15:14:34.192 31026 31026 E SchedPolicy: open of dev/cpuctl/bg_non_interactive/limit_bg/tasks failed: Permission denied
03-27 15:14:34.202 31026 31026 D ActivityThread: ActivityThread,attachApplication
03-27 15:14:34.218 30967 30967 V ActivityThread: ActivityThread,callActivityOnCreate
03-27 15:14:34.328 30967 30967 D ActivityThread: add activity client record, r= ActivityRecord{b89132 token=android.os.BinderProxy@aa0bc96 {cn.dcpai.auction/cn.dcpai.auction.SplashActivity}} token= android.os.BinderProxy@aa0bc96
03-27 15:14:34.352  1666  1690 I CommandQueue: updateBarBgColor
03-27 15:14:34.352  1666  1690 D CommandQueue: CommandQueue, setBarBackgroundColor
03-27 15:14:34.374  1269  3390 I chatty  : uid=1000(system) Binder:1269_11 expire 1 line
03-27 15:14:34.495 31026 31108 E ActivityThread: Failed to find provider info for com.ludashi.benchmark.DownloadProvider
03-27 15:14:34.499  1269  2655 I chatty  : uid=1000(system) Binder:1269_B expire 8 lines
03-27 15:14:34.515 31026 31108 E ActivityThread: Failed to find provider info for com.ss.android.article.news.DownloadProvider
03-27 15:14:35.963  1269  2654 I chatty  : uid=1000(system) Binder:1269_A expire 10 lines
03-27 15:14:35.982 30967 30967 V ActivityThread: ActivityThread,callActivityOnCreate
03-27 15:14:36.012  1269  3489 I chatty  : uid=1000(system) Binder:1269_14 expire 5 lines
03-27 15:14:36.012  1269 31145 I chatty  : uid=1000 system_server expire 4 lines
03-27 15:14:36.081  1269  2687 I chatty  : uid=1000(system) Binder:1269_F expire 11 lines
03-27 15:14:36.084  1269  3510 I chatty  : uid=1000(system) Binder:1269_15 expire 5 lines
03-27 15:14:36.144 30967 30967 D ActivityThread: add activity client record, r= ActivityRecord{df104a2 token=android.os.BinderProxy@5fcf2e5 {cn.dcpai.auction/cn.dcpai.auction.MainActivity}} token= android.os.BinderProxy@5fcf2e5
03-27 15:14:36.690 30967 30967 D ActivityThread: Remove activity client record, r= ActivityRecord{b89132 token=android.os.BinderProxy@aa0bc96 {cn.dcpai.auction/cn.dcpai.auction.SplashActivity}} token= android.os.BinderProxy@aa0bc96
03-27 15:14:36.693  1269  3486 I chatty  : uid=1000(system) Binder:1269_13 expire 10 lines
03-27 15:14:37.290  1269  1512 I chatty  : uid=1000(system) LazyTaskWriterT expire 4 lines
03-27 15:14:50.325  1269  1387 I chatty  : uid=1000(system) UEventObserver expire 12 lines
03-27 15:14:50.334  1269  1269 I chatty  : uid=1000 system_server expire 17 lines
03-27 15:15:01.785 30967 30967 V ActivityThread: ActivityThread,callActivityOnCreate
03-27 15:15:01.823 30967 30967 D ActivityThread: add activity client record, r= ActivityRecord{1177c38 token=android.os.BinderProxy@f12e443 {cn.dcpai.auction/cn.dcpai.auction.activity.MyStoreActivity}} token= android.os.BinderProxy@f12e443
03-27 15:15:01.886  1269  2665 I chatty  : uid=1000(system) Binder:1269_E expire 6 lines
03-27 15:15:02.224  1269  1619 I chatty  : uid=1000(system) Binder:1269_4 expire 7 lines
03-27 15:15:03.225  1269  3511 I chatty  : uid=1000(system) Binder:1269_16 expire 6 lines
03-27 15:15:03.251 30967 30967 V ActivityThread: ActivityThread,callActivityOnCreate
03-27 15:15:03.277 30967 30967 D ActivityThread: add activity client record, r= ActivityRecord{dd53d0 token=android.os.BinderProxy@20af3c3 {cn.dcpai.auction/cn.dcpai.auction.shop.goods.ui.GoodsListActivity}} token= android.os.BinderProxy@20af3c3
03-27 15:15:03.671  1269  1279 I chatty  : uid=1000(system) Binder:1269_1 expire 2 lines
03-27 15:15:06.353  1269  1291 I chatty  : uid=1000(system) android.display expire 2 lines
03-27 15:15:10.009  1269  2411 I chatty  : uid=1000(system) Binder:1269_9 expire 6 lines
03-27 15:15:10.035 30967 30967 V ActivityThread: ActivityThread,callActivityOnCreate
03-27 15:15:10.086 30967 30967 D ActivityThread: add activity client record, r= ActivityRecord{1a931f5 token=android.os.BinderProxy@d44196a {cn.dcpai.auction/cn.dcpai.auction.shop.goods.ui.AddGoodsActivity}} token= android.os.BinderProxy@d44196a
03-27 15:15:10.137  1269  3486 I chatty  : uid=1000(system) Binder:1269_13 expire 5 lines
03-27 15:15:10.160  1269  1957 I chatty  : uid=1000(system) Binder:1269_6 expire 1 line
03-27 15:15:13.070  1269  3393 I chatty  : uid=1000(system) Binder:1269_12 expire 1 line
03-27 15:15:13.098  1269 13513 I chatty  : uid=1000(system) Binder:1269_17 expire 7 lines
03-27 15:15:13.405 30967 30967 D ActivityThread: Remove activity client record, r= ActivityRecord{1a931f5 token=android.os.BinderProxy@d44196a {cn.dcpai.auction/cn.dcpai.auction.shop.goods.ui.AddGoodsActivity}} token= android.os.BinderProxy@d44196a
03-27 15:15:14.242 30967 30967 V ActivityThread: ActivityThread,callActivityOnCreate
03-27 15:15:14.281 30967 30967 D ActivityThread: add activity client record, r= ActivityRecord{67451cc token=android.os.BinderProxy@e57ad44 {cn.dcpai.auction/cn.dcpai.auction.shop.goods.ui.AddGoodsActivity}} token= android.os.BinderProxy@e57ad44
03-27 15:15:14.688  1269  2654 I chatty  : uid=1000(system) Binder:1269_A expire 1 line
03-27 15:15:29.373  1269  1407 I chatty  : uid=1000(system) NetdConnector expire 14 lines
03-27 15:15:29.384  1269  1289 I chatty  : uid=1000(system) android.fg expire 46 lines
03-27 15:17:16.448  1269  1287 I chatty  : uid=1000(system) batterystats-sy expire 6 lines
03-27 15:17:16.576  1666  1666 W PowerUI : unknown intent: Intent { act=android.intent.action.ACTION_POWER_DISCONNECTED flg=0x4000010 }
03-27 15:17:16.599 31958 31958 E SchedPolicy: open of dev/cpuctl/limit_fg/tasks failed: Permission denied
03-27 15:17:16.599 31958 31958 E SchedPolicy: open of dev/cpuctl/bg_non_interactive/limit_bg/tasks failed: Permission denied
03-27 15:17:16.621 31958 31958 D ActivityThread: ActivityThread,attachApplication
03-27 15:17:16.622  1269  1942 I chatty  : uid=1000(system) Binder:1269_5 expire 3 lines
03-27 15:17:16.628  1269  1396 I chatty  : uid=1000(system) sManagerService expire 3 lines
03-27 15:17:16.825  1269  1436 I chatty  : uid=1000(system) Binder:1269_3 expire 1 line
03-27 15:17:16.829 31978 31978 E SchedPolicy: open of dev/cpuctl/limit_fg/tasks failed: Permission denied
03-27 15:17:16.829 31978 31978 E SchedPolicy: open of dev/cpuctl/bg_non_interactive/limit_bg/tasks failed: Permission denied
03-27 15:17:16.846 31978 31978 D ActivityThread: ActivityThread,attachApplication
03-27 15:17:16.847  1269  1280 I chatty  : uid=1000(system) Binder:1269_2 expire 4 lines
03-27 15:17:17.005  1269  2664 I chatty  : uid=1000(system) Binder:1269_D expire 2 lines
03-27 15:17:17.140 32001 32001 D ActivityThread: ActivityThread,attachApplication
03-27 15:17:17.197 32001 32001 I         : RegisterNatives OK!
03-27 15:17:17.436  1269  1289 I chatty  : uid=1000(system) android.fg expire 25 lines
03-27 15:17:17.441  1269  1288 I chatty  : uid=1000(system) FileObserver expire 1 line
03-27 15:17:17.583 32016 32016 E SchedPolicy: open of dev/cpuctl/limit_fg/tasks failed: Permission denied
03-27 15:17:17.583 32016 32016 E SchedPolicy: open of dev/cpuctl/bg_non_interactive/limit_bg/tasks failed: Permission denied
03-27 15:17:17.584  1269  2694 I chatty  : uid=1000(system) Binder:1269_10 expire 1 line
03-27 15:17:17.603 32016 32016 D ActivityThread: ActivityThread,attachApplication
03-27 15:17:17.605  1890  1890 D ActivityThread: Remove activity client record, r= ActivityRecord{eb56ef5 token=android.os.BinderProxy@a517188 {com.android.settings/com.android.settings.deviceinfo.UsbConnModeChooserActivity}} token= android.os.BinderProxy@a517188
03-27 15:17:17.612  1269  1968 I chatty  : uid=1000(system) Binder:1269_8 expire 1 line
03-27 15:17:17.769  1269  1967 I chatty  : uid=1000(system) Binder:1269_7 expire 1 line
