03-27 15:17:30.949  1269  1394 I chatty  : uid=1000(system) AlarmManager expire 2 lines
03-27 15:17:47.824  1269  1407 I chatty  : uid=1000(system) NetdConnector expire 10 lines
03-27 15:18:00.007  1269  1269 I chatty  : uid=1000 system_server expire 10 lines
03-27 15:19:04.786  1269 32233 I chatty  : uid=1000 system_server expire 3 lines
03-27 15:19:20.462  1269  1407 I chatty  : uid=1000(system) NetdConnector expire 26 lines
03-27 15:19:24.641  1269  1619 I chatty  : uid=1000(system) Binder:1269_4 expire 2 lines
03-27 15:19:24.658  1269  2664 I chatty  : uid=1000(system) Binder:1269_D expire 4 lines
03-27 15:19:24.715  1269  3489 I chatty  : uid=1000(system) Binder:1269_14 expire 3 lines
03-27 15:19:24.716  1269  1878 I chatty  : uid=1000(system) LocationThread expire 5 lines
03-27 15:19:24.717  1269 32280 I chatty  : uid=1000 system_server expire 4 lines
03-27 15:19:24.855  1269  2184 I chatty  : uid=1000(system) IPC Thread expire 22 lines
03-27 15:19:34.823 31092 32315 E SchedPolicy: open of dev/cpuctl/limit_fg/tasks failed: Permission denied
03-27 15:19:34.823 31092 32315 E SchedPolicy: open of dev/cpuctl/bg_non_interactive/limit_bg/tasks failed: Permission denied
03-27 15:19:35.048  1269 32282 I chatty  : uid=1000 system_server expire 1 line
03-27 15:19:47.472  1269  1289 I chatty  : uid=1000(system) android.fg expire 72 lines
03-27 15:20:00.009  1269  1269 I chatty  : uid=1000 system_server expire 11 lines
03-27 15:20:14.783  1269  2655 I chatty  : uid=1000(system) Binder:1269_B expire 7 lines
03-27 15:20:14.809  1269  1968 I chatty  : uid=1000(system) Binder:1269_8 expire 1 line
03-27 15:20:15.111 30967 30967 D ActivityThread: Remove activity client record, r= ActivityRecord{67451cc token=android.os.BinderProxy@e57ad44 {cn.dcpai.auction/cn.dcpai.auction.shop.goods.ui.AddGoodsActivity}} token= android.os.BinderProxy@e57ad44
03-27 15:20:15.183  1269  1291 I chatty  : uid=1000(system) android.display expire 4 lines
03-27 15:20:15.732  1269  2694 I chatty  : uid=1000(system) Binder:1269_10 expire 3 lines
03-27 15:20:15.745  1269  1436 I chatty  : uid=1000(system) Binder:1269_3 expire 13 lines
03-27 15:20:15.772  1269  2665 I chatty  : uid=1000(system) Binder:1269_E expire 1 line
03-27 15:20:16.091 30967 30967 D ActivityThread: Remove activity client record, r= ActivityRecord{dd53d0 token=android.os.BinderProxy@20af3c3 {cn.dcpai.auction/cn.dcpai.auction.shop.goods.ui.GoodsListActivity}} token= android.os.BinderProxy@20af3c3
03-27 15:20:16.631  1269  1957 I chatty  : uid=1000(system) Binder:1269_6 expire 8 lines
03-27 15:20:16.644  1269  2411 I chatty  : uid=1000(system) Binder:1269_9 expire 1 line
03-27 15:20:16.705  1269  3393 I chatty  : uid=1000(system) Binder:1269_12 expire 4 lines
03-27 15:20:16.999 30967 30967 D ActivityThread: Remove activity client record, r= ActivityRecord{1177c38 token=android.os.BinderProxy@f12e443 {cn.dcpai.auction/cn.dcpai.auction.activity.MyStoreActivity}} token= android.os.BinderProxy@f12e443
03-27 15:20:17.536  1269  2654 I chatty  : uid=1000(system) Binder:1269_A expire 3 lines
03-27 15:20:18.653  1269  1512 I chatty  : uid=1000(system) LazyTaskWriterT expire 2 lines
03-27 15:22:15.848  1269  1281 I chatty  : uid=1000(system) android.bg expire 1 line
03-27 15:22:44.634  1269  1287 I chatty  : uid=1000(system) batterystats-sy expire 9 lines
03-27 15:24:00.470  1269  1394 I chatty  : uid=1000(system) AlarmManager expire 4 lines
03-27 15:24:04.875  1269   502 I chatty  : uid=1000 system_server expire 3 lines
03-27 15:24:35.315 32317   599 E SchedPolicy: open of dev/cpuctl/limit_fg/tasks failed: Permission denied
03-27 15:24:35.315 32317   599 E SchedPolicy: open of dev/cpuctl/bg_non_interactive/limit_bg/tasks failed: Permission denied
03-27 15:24:53.006  1269  1269 I chatty  : uid=1000 system_server expire 11 lines
03-27 15:26:00.563  1269  1387 I chatty  : uid=1000(system) UEventObserver expire 4 lines
03-27 15:26:00.681  1269  1407 I chatty  : uid=1000(system) NetdConnector expire 4 lines
03-27 15:26:00.873  1890  1890 W ContextImpl: Calling a method in the system process without a qualified user: android.app.ContextImpl.startService:1531 android.content.ContextWrapper.startService:613 android.content.ContextWrapper.startService:613 com.android.settings.deviceinfo.UsbReceiver.onUsbStateReceive:152 com.android.settings.deviceinfo.UsbReceiver.onReceive:84 
03-27 15:26:01.035  1890  1890 W ContextImpl: Calling a method in the system process without a qualified user: android.app.ContextImpl.startService:1531 android.content.ContextWrapper.startService:613 android.content.ContextWrapper.startService:613 com.android.settings.deviceinfo.UsbReceiver.onUsbStateReceive:152 com.android.settings.deviceinfo.UsbReceiver.onReceive:84 
03-27 15:26:21.258  1269  1279 I chatty  : uid=1000(system) Binder:1269_1 expire 1 line
03-27 15:26:21.288  1269  2687 I chatty  : uid=1000(system) Binder:1269_F expire 1 line
03-27 15:26:21.289   968   968 E SchedPolicy: open of dev/cpuctl/limit_fg/tasks failed: Permission denied
03-27 15:26:21.289   968   968 E SchedPolicy: open of dev/cpuctl/bg_non_interactive/limit_bg/tasks failed: Permission denied
03-27 15:26:21.296   968   968 D ActivityThread: ActivityThread,attachApplication
03-27 15:26:21.301  1269  1396 I chatty  : uid=1000(system) sManagerService expire 2 lines
03-27 15:26:21.408  1269  3390 I chatty  : uid=1000(system) Binder:1269_11 expire 2 lines
03-27 15:26:22.988  5109  5209 I HwNetworkPolicyManager: getHwUidPolicy uid = 1000 policy = 0
03-27 15:26:22.988  1890  1890 V ActivityThread: ActivityThread,callActivityOnCreate
03-27 15:26:22.991  2034  2245 I HwNetworkPolicyManager: getHwUidPolicy uid = 1000 policy = 0
03-27 15:26:23.030  1890  1890 D ActivityThread: add activity client record, r= ActivityRecord{c1ad318 token=android.os.BinderProxy@83e2f82 {com.android.settings/com.android.settings.deviceinfo.UsbConnModeChooserActivity}} token= android.os.BinderProxy@83e2f82
03-27 15:26:23.037  1890  1890 W ContextImpl: Calling a method in the system process without a qualified user: android.app.ContextImpl.sendBroadcast:979 android.content.ContextWrapper.sendBroadcast:421 com.android.settings.deviceinfo.UsbConnModeChooserFragment.updatePreferences:249 com.android.settings.deviceinfo.UsbConnModeChooserFragment.onResume:218 android.app.Fragment.performResume:2414 
03-27 15:26:23.041  1666  1684 I CommandQueue: updateBarBgColor
03-27 15:26:23.041  1666  1684 D CommandQueue: CommandQueue, setBarBackgroundColor
03-27 15:26:23.504   989   989 E SchedPolicy: open of dev/cpuctl/limit_fg/tasks failed: Permission denied
03-27 15:26:23.504   989   989 E SchedPolicy: open of dev/cpuctl/bg_non_interactive/limit_bg/tasks failed: Permission denied
03-27 15:26:23.520   989   989 D ActivityThread: ActivityThread,attachApplication
03-27 15:26:23.521  1269 13513 I chatty  : uid=1000(system) Binder:1269_17 expire 1 line
03-27 15:26:23.628  1269  1967 I chatty  : uid=1000(system) Binder:1269_7 expire 2 lines
03-27 15:26:24.510  1269  1289 I chatty  : uid=1000(system) android.fg expire 2 lines
03-27 15:26:24.511  1890   987 W ContextImpl: Calling a method in the system process without a qualified user: android.app.ContextImpl.sendBroadcast:979 android.content.ContextWrapper.sendBroadcast:421 com.android.settings.deviceinfo.UsbConnModeChooserFragment$ModeSwitchTask.execute:176 com.android.settings.deviceinfo.ModeSwitchExecutor.executeTask:187 com.android.settings.deviceinfo.ModeSwitchExecutor.-wrap2:-1 
03-27 15:26:24.511  1269  1942 I chatty  : uid=1000(system) Binder:1269_5 expire 1 line
03-27 15:26:24.629  1269  1288 I chatty  : uid=1000(system) FileObserver expire 3 lines
03-27 15:26:25.106  1269  1269 I chatty  : uid=1000 system_server expire 10 lines
03-27 15:26:25.119  1890  1890 W ContextImpl: Calling a method in the system process without a qualified user: android.app.ContextImpl.startService:1531 android.content.ContextWrapper.startService:613 android.content.ContextWrapper.startService:613 com.android.settings.deviceinfo.UsbReceiver.onUsbStateReceive:152 com.android.settings.deviceinfo.UsbReceiver.onReceive:84 
03-27 15:26:25.170  1890  1890 W ContextImpl: Calling a method in the system process without a qualified user: android.app.ContextImpl.startService:1531 android.content.ContextWrapper.startService:613 android.content.ContextWrapper.startService:613 com.android.settings.deviceinfo.UsbReceiver.onUsbStateReceive:152 com.android.settings.deviceinfo.UsbReceiver.onReceive:84 
03-27 15:26:25.598  1666  1666 V DeadZone: consuming errant click: (551.0,22.0)
03-27 15:26:26.014  1890  1890 W ContextImpl: Calling a method in the system process without a qualified user: android.app.ContextImpl.sendBroadcast:979 android.content.ContextWrapper.sendBroadcast:421 com.android.settings.deviceinfo.UsbConnModeChooserFragment.updatePreferences:249 com.android.settings.deviceinfo.UsbConnModeChooserFragment.handleMsgCheckTimeout:406 com.android.settings.deviceinfo.UsbConnModeChooserFragment.-wrap2:-1 
03-27 15:26:30.782  1269  1425 I chatty  : uid=1000(system) ConnectivitySer expire 4 lines
03-27 15:26:30.883  1269  1387 I chatty  : uid=1000(system) UEventObserver expire 10 lines
03-27 15:26:58.060  1269  1399 I chatty  : uid=1000(system) InputDispatcher expire 7 lines
03-27 15:26:58.080  1269  1942 I chatty  : uid=1000(system) Binder:1269_5 expire 4 lines
03-27 15:26:58.103  1269  3486 I chatty  : uid=1000(system) Binder:1269_13 expire 6 lines
03-27 15:26:58.104  2034  2245 I HwNetworkPolicyManager: getHwUidPolicy uid = 10051 policy = 0
03-27 15:26:58.106  1269  1280 I chatty  : uid=1000(system) Binder:1269_2 expire 4 lines
03-27 15:26:58.106  5109  5209 I HwNetworkPolicyManager: getHwUidPolicy uid = 10051 policy = 0
03-27 15:26:58.122  1666  1977 I CommandQueue: updateBarBgColor
03-27 15:26:58.122  1666  1977 D CommandQueue: CommandQueue, setBarBackgroundColor
03-27 15:26:58.211  1269  2664 I chatty  : uid=1000(system) Binder:1269_D expire 4 lines
03-27 15:26:58.212  1269  1967 I chatty  : uid=1000(system) Binder:1269_7 expire 8 lines
03-27 15:26:58.321  1269  2694 I chatty  : uid=1000(system) Binder:1269_10 expire 5 lines
03-27 15:26:58.321  1098  1098 E SchedPolicy: open of dev/cpuctl/limit_fg/tasks failed: Permission denied
03-27 15:26:58.321  1098  1098 E SchedPolicy: open of dev/cpuctl/bg_non_interactive/limit_bg/tasks failed: Permission denied
03-27 15:26:58.330  1098  1098 D ActivityThread: ActivityThread,attachApplication
03-27 15:26:58.330  1269  3390 I chatty  : uid=1000(system) Binder:1269_11 expire 16 lines
03-27 15:26:58.334  1269  1396 I chatty  : uid=1000(system) sManagerService expire 4 lines
03-27 15:26:58.432  1269  2654 I chatty  : uid=1000(system) Binder:1269_A expire 10 lines
03-27 15:26:58.454  1269  1291 I chatty  : uid=1000(system) android.display expire 2 lines
03-27 15:27:01.243  1269  1512 I chatty  : uid=1000(system) LazyTaskWriterT expire 3 lines
03-27 15:27:01.369  1149  1149 E SchedPolicy: open of dev/cpuctl/limit_fg/tasks failed: Permission denied
03-27 15:27:01.369  1149  1149 E SchedPolicy: open of dev/cpuctl/bg_non_interactive/limit_bg/tasks failed: Permission denied
03-27 15:27:01.370  1269  1619 I chatty  : uid=1000(system) Binder:1269_4 expire 9 lines
03-27 15:27:01.389  1149  1149 D ActivityThread: ActivityThread,attachApplication
03-27 15:27:01.390  1269  2665 I chatty  : uid=1000(system) Binder:1269_E expire 12 lines
03-27 15:27:01.504  1269  2411 I chatty  : uid=1000(system) Binder:1269_9 expire 7 lines
03-27 15:27:01.527  1168  1168 E SchedPolicy: open of dev/cpuctl/limit_fg/tasks failed: Permission denied
03-27 15:27:01.527  1168  1168 E SchedPolicy: open of dev/cpuctl/bg_non_interactive/limit_bg/tasks failed: Permission denied
03-27 15:27:01.541  1168  1168 D ActivityThread: ActivityThread,attachApplication
03-27 15:27:01.632  1269  1407 I chatty  : uid=1000(system) NetdConnector expire 8 lines
03-27 15:27:01.635  1269  1289 I chatty  : uid=1000(system) android.fg expire 4 lines
03-27 15:27:01.698  1269  3510 I chatty  : uid=1000(system) Binder:1269_15 expire 6 lines
03-27 15:27:01.704  1269  1281 I chatty  : uid=1000(system) android.bg expire 2 lines
03-27 15:27:48.905  1354  1362 E SchedPolicy: open of dev/cpuctl/limit_fg/tasks failed: Permission denied
03-27 15:27:48.905  1354  1362 E SchedPolicy: open of dev/cpuctl/bg_non_interactive/limit_bg/tasks failed: Permission denied
03-27 15:27:49.611  1373  1374 E SchedPolicy: open of dev/cpuctl/limit_fg/tasks failed: Permission denied
03-27 15:27:49.611  1373  1374 E SchedPolicy: open of dev/cpuctl/bg_non_interactive/limit_bg/tasks failed: Permission denied
03-27 15:27:50.332  1380  1438 E SchedPolicy: open of dev/cpuctl/limit_fg/tasks failed: Permission denied
03-27 15:27:50.332  1380  1438 E SchedPolicy: open of dev/cpuctl/bg_non_interactive/limit_bg/tasks failed: Permission denied
03-27 15:27:50.418  1503  1503 E SchedPolicy: open of dev/cpuctl/limit_fg/tasks failed: Permission denied
03-27 15:27:50.418  1503  1503 E SchedPolicy: open of dev/cpuctl/bg_non_interactive/limit_bg/tasks failed: Permission denied
03-27 15:27:50.529  1269  1282 I chatty  : uid=1000(system) ActivityManager expire 11 lines
03-27 15:27:50.529  1269  1302 I chatty  : uid=1000(system) PackageManager expire 4 lines
03-27 15:27:51.177  1515  1539 E SchedPolicy: open of dev/cpuctl/limit_fg/tasks failed: Permission denied
03-27 15:27:51.177  1515  1539 E SchedPolicy: open of dev/cpuctl/bg_non_interactive/limit_bg/tasks failed: Permission denied
03-27 15:27:51.676  1541  1549 E SchedPolicy: open of dev/cpuctl/limit_fg/tasks failed: Permission denied
03-27 15:27:51.676  1541  1549 E SchedPolicy: open of dev/cpuctl/bg_non_interactive/limit_bg/tasks failed: Permission denied
03-27 15:27:52.253  1551  1559 E SchedPolicy: open of dev/cpuctl/limit_fg/tasks failed: Permission denied
03-27 15:27:52.253  1551  1559 E SchedPolicy: open of dev/cpuctl/bg_non_interactive/limit_bg/tasks failed: Permission denied
03-27 15:27:52.822  1561  1569 E SchedPolicy: open of dev/cpuctl/limit_fg/tasks failed: Permission denied
03-27 15:27:52.822  1561  1569 E SchedPolicy: open of dev/cpuctl/bg_non_interactive/limit_bg/tasks failed: Permission denied
03-27 15:27:53.874  1578  1586 E SchedPolicy: open of dev/cpuctl/limit_fg/tasks failed: Permission denied
03-27 15:27:53.874  1578  1586 E SchedPolicy: open of dev/cpuctl/bg_non_interactive/limit_bg/tasks failed: Permission denied
03-27 15:27:54.741  1592  1600 E SchedPolicy: open of dev/cpuctl/limit_fg/tasks failed: Permission denied
03-27 15:27:54.741  1592  1600 E SchedPolicy: open of dev/cpuctl/bg_non_interactive/limit_bg/tasks failed: Permission denied
03-27 15:27:56.881  1620  1628 E SchedPolicy: open of dev/cpuctl/limit_fg/tasks failed: Permission denied
03-27 15:27:56.881  1620  1628 E SchedPolicy: open of dev/cpuctl/bg_non_interactive/limit_bg/tasks failed: Permission denied
03-27 15:27:56.894  1269  1269 I chatty  : uid=1000 system_server expire 10 lines
03-27 15:27:57.659  1636  1644 E SchedPolicy: open of dev/cpuctl/limit_fg/tasks failed: Permission denied
03-27 15:27:57.659  1636  1644 E SchedPolicy: open of dev/cpuctl/bg_non_interactive/limit_bg/tasks failed: Permission denied
03-27 15:27:57.676  1269  1284 I chatty  : uid=1000(system) ActivityManager expire 4 lines
03-27 15:27:57.944  1269  2655 I chatty  : uid=1000(system) Binder:1269_B expire 12 lines
03-27 15:27:57.946  1648  1648 E SchedPolicy: open of dev/cpuctl/limit_fg/tasks failed: Permission denied
03-27 15:27:57.946  1648  1648 E SchedPolicy: open of dev/cpuctl/bg_non_interactive/limit_bg/tasks failed: Permission denied
03-27 15:27:57.962  1648  1648 D ActivityThread: ActivityThread,attachApplication
03-27 15:27:57.963  1269  3393 I chatty  : uid=1000(system) Binder:1269_12 expire 1 line
03-27 15:27:57.976  1269  2687 I chatty  : uid=1000(system) Binder:1269_F expire 6 lines
03-27 15:27:57.977  2034  2245 I HwNetworkPolicyManager: getHwUidPolicy uid = 10404 policy = 0
03-27 15:27:57.979  1269  1968 I chatty  : uid=1000(system) Binder:1269_8 expire 3 lines
03-27 15:27:57.980  5109  5209 I HwNetworkPolicyManager: getHwUidPolicy uid = 10404 policy = 0
03-27 15:27:58.112  1269 13513 I chatty  : uid=1000(system) Binder:1269_17 expire 2 lines
03-27 15:27:58.170  1737  1737 E SchedPolicy: open of dev/cpuctl/limit_fg/tasks failed: Permission denied
03-27 15:27:58.170  1737  1737 E SchedPolicy: open of dev/cpuctl/bg_non_interactive/limit_bg/tasks failed: Permission denied
03-27 15:27:58.176  1737  1737 D ActivityThread: ActivityThread,attachApplication
03-27 15:27:58.207  1648  1648 V ActivityThread: ActivityThread,callActivityOnCreate
03-27 15:27:58.218  1269  3511 I chatty  : uid=1000(system) Binder:1269_16 expire 4 lines
03-27 15:27:58.223  1269  2663 I chatty  : uid=1000(system) Binder:1269_C expire 2 lines
03-27 15:27:58.296  1269  1436 I chatty  : uid=1000(system) Binder:1269_3 expire 4 lines
03-27 15:27:58.323  1648  1648 D ActivityThread: add activity client record, r= ActivityRecord{b89132 token=android.os.BinderProxy@1ea3017 {cn.dcpai.auction/cn.dcpai.auction.SplashActivity}} token= android.os.BinderProxy@1ea3017
03-27 15:27:58.352  1666  1687 I CommandQueue: updateBarBgColor
03-27 15:27:58.352  1666  1687 D CommandQueue: CommandQueue, setBarBackgroundColor
03-27 15:27:58.377  1269  1279 I chatty  : uid=1000(system) Binder:1269_1 expire 1 line
03-27 15:27:58.465  1269  1957 I chatty  : uid=1000(system) Binder:1269_6 expire 3 lines
03-27 15:27:58.493  1833  1833 E SchedPolicy: open of dev/cpuctl/limit_fg/tasks failed: Permission denied
03-27 15:27:58.493  1833  1833 E SchedPolicy: open of dev/cpuctl/bg_non_interactive/limit_bg/tasks failed: Permission denied
03-27 15:27:58.502  1833  1833 D ActivityThread: ActivityThread,attachApplication
03-27 15:27:58.536  1737  1825 E ActivityThread: Failed to find provider info for com.ludashi.benchmark.DownloadProvider
03-27 15:27:58.561  1737  1825 E ActivityThread: Failed to find provider info for com.ss.android.article.news.DownloadProvider
03-27 15:27:59.990  1648  1648 V ActivityThread: ActivityThread,callActivityOnCreate
03-27 15:28:00.024  1269  1926 I chatty  : uid=1000 system_server expire 4 lines
03-27 15:28:00.163  1648  1648 D ActivityThread: add activity client record, r= ActivityRecord{b85a231 token=android.os.BinderProxy@ec03df3 {cn.dcpai.auction/cn.dcpai.auction.MainActivity}} token= android.os.BinderProxy@ec03df3
03-27 15:28:00.978  1648  1648 D ActivityThread: Remove activity client record, r= ActivityRecord{b89132 token=android.os.BinderProxy@1ea3017 {cn.dcpai.auction/cn.dcpai.auction.SplashActivity}} token= android.os.BinderProxy@1ea3017
03-27 15:28:25.658  1648  1648 V ActivityThread: ActivityThread,callActivityOnCreate
03-27 15:28:25.707  1648  1648 D ActivityThread: add activity client record, r= ActivityRecord{8c83780 token=android.os.BinderProxy@d3f26ab {cn.dcpai.auction/cn.dcpai.auction.activity.MyStoreActivity}} token= android.os.BinderProxy@d3f26ab
03-27 15:28:25.763  1269  2655 I chatty  : uid=1000(system) Binder:1269_B expire 4 lines
03-27 15:28:26.111  1269  3390 I chatty  : uid=1000(system) Binder:1269_11 expire 1 line
03-27 15:28:37.182  2198  2210 E SchedPolicy: open of dev/cpuctl/limit_fg/tasks failed: Permission denied
03-27 15:28:37.182  2198  2210 E SchedPolicy: open of dev/cpuctl/bg_non_interactive/limit_bg/tasks failed: Permission denied
03-27 15:28:37.865  2231  2233 E SchedPolicy: open of dev/cpuctl/limit_fg/tasks failed: Permission denied
03-27 15:28:37.865  2231  2233 E SchedPolicy: open of dev/cpuctl/bg_non_interactive/limit_bg/tasks failed: Permission denied
03-27 15:28:38.547  2265  2286 E SchedPolicy: open of dev/cpuctl/limit_fg/tasks failed: Permission denied
03-27 15:28:38.547  2265  2286 E SchedPolicy: open of dev/cpuctl/bg_non_interactive/limit_bg/tasks failed: Permission denied
03-27 15:28:38.642  2308  2308 E SchedPolicy: open of dev/cpuctl/limit_fg/tasks failed: Permission denied
03-27 15:28:38.642  2308  2308 E SchedPolicy: open of dev/cpuctl/bg_non_interactive/limit_bg/tasks failed: Permission denied
03-27 15:28:38.708  1269  1282 I chatty  : uid=1000(system) ActivityManager expire 11 lines
03-27 15:28:39.307  2320  2328 E SchedPolicy: open of dev/cpuctl/limit_fg/tasks failed: Permission denied
03-27 15:28:39.307  2320  2328 E SchedPolicy: open of dev/cpuctl/bg_non_interactive/limit_bg/tasks failed: Permission denied
03-27 15:28:39.881  2332  2341 E SchedPolicy: open of dev/cpuctl/limit_fg/tasks failed: Permission denied
03-27 15:28:39.881  2332  2341 E SchedPolicy: open of dev/cpuctl/bg_non_interactive/limit_bg/tasks failed: Permission denied
03-27 15:28:40.453  2343  2355 E SchedPolicy: open of dev/cpuctl/limit_fg/tasks failed: Permission denied
03-27 15:28:40.453  2343  2355 E SchedPolicy: open of dev/cpuctl/bg_non_interactive/limit_bg/tasks failed: Permission denied
03-27 15:28:40.992  2357  2367 E SchedPolicy: open of dev/cpuctl/limit_fg/tasks failed: Permission denied
03-27 15:28:40.992  2357  2367 E SchedPolicy: open of dev/cpuctl/bg_non_interactive/limit_bg/tasks failed: Permission denied
03-27 15:28:41.975  2384  2420 E SchedPolicy: open of dev/cpuctl/limit_fg/tasks failed: Permission denied
03-27 15:28:41.975  2384  2420 E SchedPolicy: open of dev/cpuctl/bg_non_interactive/limit_bg/tasks failed: Permission denied
03-27 15:28:42.864  2442  2453 E SchedPolicy: open of dev/cpuctl/limit_fg/tasks failed: Permission denied
03-27 15:28:42.864  2442  2453 E SchedPolicy: open of dev/cpuctl/bg_non_interactive/limit_bg/tasks failed: Permission denied
03-27 15:28:44.989  2474  2484 E SchedPolicy: open of dev/cpuctl/limit_fg/tasks failed: Permission denied
03-27 15:28:44.989  2474  2484 E SchedPolicy: open of dev/cpuctl/bg_non_interactive/limit_bg/tasks failed: Permission denied
03-27 15:28:45.535  2486  2500 E SchedPolicy: open of dev/cpuctl/limit_fg/tasks failed: Permission denied
03-27 15:28:45.535  2486  2500 E SchedPolicy: open of dev/cpuctl/bg_non_interactive/limit_bg/tasks failed: Permission denied
03-27 15:28:45.577  2502  2502 E SchedPolicy: open of dev/cpuctl/limit_fg/tasks failed: Permission denied
03-27 15:28:45.577  2502  2502 E SchedPolicy: open of dev/cpuctl/bg_non_interactive/limit_bg/tasks failed: Permission denied
03-27 15:28:45.577  1269  2665 I chatty  : uid=1000(system) Binder:1269_E expire 22 lines
03-27 15:28:45.586  2502  2502 D ActivityThread: ActivityThread,attachApplication
03-27 15:28:45.621  1890  1890 W ContextImpl: Calling a method in the system process without a qualified user: android.app.ContextImpl.sendBroadcast:979 android.content.ContextWrapper.sendBroadcast:421 com.android.settings.deviceinfo.UsbConnModeChooserFragment.updatePreferences:249 com.android.settings.deviceinfo.UsbConnModeChooserFragment.onResume:218 android.app.Fragment.performResume:2414 
03-27 15:28:45.623  2034  2245 I HwNetworkPolicyManager: getHwUidPolicy uid = 1000 policy = 0
03-27 15:28:45.625  1269  1269 I chatty  : uid=1000 system_server expire 2 lines
03-27 15:28:45.626  1269  1942 I HwNetworkPolicy: onTransact, code = 203
03-27 15:28:45.626  5109  5209 I HwNetworkPolicyManager: getHwUidPolicy uid = 1000 policy = 0
03-27 15:28:45.628  1269  2694 V HwPhoneWindowManager: updateSystemUiColorLw window=Window{30f4c66 u0 com.android.settings/com.android.settings.deviceinfo.UsbConnModeChooserActivity},EmuiStyle=1,StatusBarColor=0xfffcfcfc,NavigationBarColor=0xfffcfcfc, mLastIsEmuiLightStyle=1
03-27 15:28:45.628  1666  1687 I CommandQueue: updateBarBgColor
03-27 15:28:45.628  1666  1687 D CommandQueue: CommandQueue, setBarBackgroundColor
03-27 15:28:45.632  1269  2687 W InputMethodManagerService: Got RemoteException sending setActive(false) notification to pid 1648 uid 10404
03-27 15:28:45.644  1269  2687 I ActivityManager: Start proc 2520:io.appium.android.ime/u0a12 for service io.appium.android.ime/.UnicodeIME
03-27 15:28:45.644  1269  2687 V InputMethodManagerService: Adding window token: android.os.Binder@694dcbf
03-27 15:28:45.645  2520  2520 E SchedPolicy: open of dev/cpuctl/limit_fg/tasks failed: Permission denied
03-27 15:28:45.645  2520  2520 E SchedPolicy: open of dev/cpuctl/bg_non_interactive/limit_bg/tasks failed: Permission denied
03-27 15:28:45.650  1269  1968 I WindowManager: WIN DEATH: Window{24883b4 u0 cn.dcpai.auction/cn.dcpai.auction.MainActivity}
03-27 15:28:45.659  2520  2520 D ActivityThread: ActivityThread,attachApplication
03-27 15:28:45.660  1269  3486 D ActivityManager: ActivityManagerService,attachApplication,callingPid = 2520
03-27 15:28:45.696  1269  2654 W ActivityManager: getRunningAppProcesses: caller 10404 does not hold REAL_GET_TASKS; limiting output
03-27 15:28:45.702  1269  1436 D HwNetworkManagementService: code == CODE_GET_AD_KEY_LIST
03-27 15:28:45.702  1269  1436 D HwNetworkManagementService: appName = io.appium.android.ime  is not in the mAdViewMap! reply none
03-27 15:28:45.702  1269  1436 D HwNetworkManagementService: appName = io.appium.android.ime  is not in the mAdIdMap! reply none
03-27 15:28:45.708  1269  1280 W ActivityManager: getRunningAppProcesses: caller 10404 does not hold REAL_GET_TASKS; limiting output
03-27 15:28:45.849  1269  2663 W ActivityManager: getRunningAppProcesses: caller 10404 does not hold REAL_GET_TASKS; limiting output
03-27 15:28:45.863  1269  2411 W ActivityManager: getRunningAppProcesses: caller 10404 does not hold REAL_GET_TASKS; limiting output
03-27 15:28:45.961  1269  1436 I ActivityManager: Start proc 2668:cn.dcpai.auction:pushcore/u0a404 for service cn.dcpai.auction/cn.jpush.android.service.PushService
03-27 15:28:45.961  2668  2668 E SchedPolicy: open of dev/cpuctl/limit_fg/tasks failed: Permission denied
03-27 15:28:45.961  2668  2668 E SchedPolicy: open of dev/cpuctl/bg_non_interactive/limit_bg/tasks failed: Permission denied
03-27 15:28:45.971  2668  2668 D ActivityThread: ActivityThread,attachApplication
03-27 15:28:45.972  1269 13513 D ActivityManager: ActivityManagerService,attachApplication,callingPid = 2668
03-27 15:28:45.977  1269  1396 E ProcessInfoCollector: getProcessInfo: failed to find this proc 
03-27 15:28:45.983  1269  1282 V HwWindowManagerService: moveTaskToTop mTaskChanged:true
03-27 15:28:45.985  1269  1282 V HwWindowManagerService: setFocusedApp update app ops, mTaskChanged set to:false
03-27 15:28:46.002  1269  2694 I WindowManager: rotationForOrientationLw(orient=1, last=0); user=0 USER_ROTATION_LOCKED
03-27 15:28:46.002  1269  2694 I WindowManager: Application requested orientation 1, got rotation 0 which has compatible metrics
03-27 15:28:46.003  1269  2694 I WindowManager: Taking screenshot from Surface with crop:[Rect(0, 72 - 1080, 1812)], width:[648], height:[1044], minLayer:[21025], maxLayer:[21025], inRotation:[false], rot:[0]
03-27 15:28:46.005  1269  1957 I HwNetworkPolicy: onTransact, code = 203
03-27 15:28:46.006  2034  2245 I HwNetworkPolicyManager: getHwUidPolicy uid = 10051 policy = 0
03-27 15:28:46.008  1269  3486 I HwNetworkPolicy: onTransact, code = 203
03-27 15:28:46.017  5109  5209 I HwNetworkPolicyManager: getHwUidPolicy uid = 10051 policy = 0
03-27 15:28:46.061  1269  1280 W ActivityManager: getRunningAppProcesses: caller 10404 does not hold REAL_GET_TASKS; limiting output
03-27 15:28:46.072  1269  1942 V HwPhoneWindowManager: updateSystemUiColorLw window=Window{beadc2 u0 com.huawei.android.launcher/com.huawei.android.launcher.unihome.UniHomeLauncher},EmuiStyle=-1,StatusBarColor=0xfffcfcfc,NavigationBarColor=0x0, mLastIsEmuiLightStyle=-1
03-27 15:28:46.073  1666  1977 I CommandQueue: updateBarBgColor
03-27 15:28:46.073  1666  1977 D CommandQueue: CommandQueue, setBarBackgroundColor
03-27 15:28:46.101  1269  2664 W ActivityManager: getRunningAppProcesses: caller 10404 does not hold REAL_GET_TASKS; limiting output
03-27 15:28:46.123  1269  1619 W ActivityManager: getRunningAppProcesses: caller 10404 does not hold REAL_GET_TASKS; limiting output
03-27 15:28:46.153  1269  2655 D ActivityManager: Skipping, home stack task: TaskRecord{4e2350a #901 A=com.huawei.android.launcher U=0 StackId=0 sz=1}
03-27 15:28:46.153  1269  2655 D ActivityManager: Skipping, withExcluded: false, tr.intent:Intent { act=android.deviceinfo.chooser.action.LAUNCH flg=0x10800000 pkg=com.android.settings cmp=com.android.settings/.deviceinfo.UsbConnModeChooserActivity }
03-27 15:28:46.153  1269  2655 D ActivityManager: Skipping, withExcluded: false, tr.intent:Intent { act=android.intent.action.MAIN cat=[android.intent.category.LAUNCHER] flg=0x10a00000 cmp=io.appium.settings/.Settings }
03-27 15:28:46.153  1269  2655 D ActivityManager: Skipping, withExcluded: false, tr.intent:Intent { act=android.intent.action.MAIN cat=[android.intent.category.HOME] flg=0x10800300 cmp=com.android.settings/.FallbackHome }
03-27 15:28:46.158  1269  1279 D ActivityManager: Skipping, home stack task: TaskRecord{4e2350a #901 A=com.huawei.android.launcher U=0 StackId=0 sz=1}
03-27 15:28:46.158  1269  1279 D ActivityManager: Skipping, withExcluded: false, tr.intent:Intent { act=android.deviceinfo.chooser.action.LAUNCH flg=0x10800000 pkg=com.android.settings cmp=com.android.settings/.deviceinfo.UsbConnModeChooserActivity }
03-27 15:28:46.158  1269  1279 D ActivityManager: Skipping, withExcluded: false, tr.intent:Intent { act=android.intent.action.MAIN cat=[android.intent.category.LAUNCHER] flg=0x10a00000 cmp=io.appium.settings/.Settings }
03-27 15:28:46.158  1269  1279 D ActivityManager: Skipping, withExcluded: false, tr.intent:Intent { act=android.intent.action.MAIN cat=[android.intent.category.HOME] flg=0x10800300 cmp=com.android.settings/.FallbackHome }
03-27 15:28:46.189  2620  2742 E SchedPolicy: open of dev/cpuctl/limit_fg/tasks failed: Permission denied
03-27 15:28:46.189  2620  2742 E SchedPolicy: open of dev/cpuctl/bg_non_interactive/limit_bg/tasks failed: Permission denied
03-27 15:28:46.193  1269  1968 W ActivityManager: getRunningAppProcesses: caller 10404 does not hold REAL_GET_TASKS; limiting output
03-27 15:28:46.240  1269  1399 I ActivityManager: START u0 {act=android.intent.action.MAIN cat=[android.intent.category.HOME] flg=0x10200200 cmp=com.huawei.android.launcher/.unihome.UniHomeLauncher (has extras)} from uid 1000 on display 0
03-27 15:28:46.241  1269  1399 I ActivityManager: ActivityRecord info: ActivityInfo{9ef583e com.huawei.android.launcher.unihome.UniHomeLauncher}, euid: 0
03-27 15:28:46.245  1269  1399 V HwWindowManagerService: moveTaskToTop mTaskChanged:true
03-27 15:28:46.289  1269  2411 W ActivityManager: getRunningAppProcesses: caller 10404 does not hold REAL_GET_TASKS; limiting output
03-27 15:28:46.418  1269  1291 I WindowManager: Destroying surface Surface(name=com.android.settings/com.android.settings.deviceinfo.UsbConnModeChooserActivity) called by com.android.server.wm.WindowStateAnimator.destroySurface:2056 com.android.server.wm.WindowStateAnimator.destroySurfaceLocked:908 com.android.server.wm.WindowState.destroyOrSaveSurface:2201 com.android.server.wm.AppWindowToken.destroySurfaces:366 com.android.server.wm.WindowStateAnimator.finishExit:587 com.android.server.wm.AppWindowAnimator.stepAnimationLocked:434 com.android.server.wm.WindowAnimator.updateAppWindowsLocked:182 com.android.server.wm.WindowAnimator.animateLocked:712 
03-27 15:28:46.433  2685  2784 E SchedPolicy: open of dev/cpuctl/limit_fg/tasks failed: Permission denied
03-27 15:28:46.433  2685  2784 E SchedPolicy: open of dev/cpuctl/bg_non_interactive/limit_bg/tasks failed: Permission denied
03-27 15:28:46.450  1269  3511 W ActivityManager_service: prevent by hsm Will not start service Intent { flg=0x20 cmp=com.netease.newsreader.activity/cn.jpush.android.service.DaemonService (has extras) } U=0: force null
03-27 15:28:46.450  1269  3511 W ActivityManager: Unable to start service Intent { flg=0x20 cmp=com.netease.newsreader.activity/cn.jpush.android.service.DaemonService (has extras) } U=0: not found
03-27 15:28:46.451  1269  2665 I [SPMN]  : insert SECURE -- name = accessibility_enabled, package = android, user = 0, value = 1
03-27 15:28:46.457  1269  1957 W ActivityManager_service: prevent by hsm Will not start service Intent { flg=0x20 cmp=com.netease.newsreader.activity/cn.jpush.android.service.DaemonService (has extras) } U=0: force null
03-27 15:28:46.457  1269  1957 W ActivityManager: Unable to start service Intent { flg=0x20 cmp=com.netease.newsreader.activity/cn.jpush.android.service.DaemonService (has extras) } U=0: not found
03-27 15:28:46.469  1269  1269 I [SPMN]  : insert SECURE -- name = accessibility_enabled, package = android, user = 0, value = 1
03-27 15:28:46.474  1269  1619 W ActivityManager_service: prevent by hsm Will not start service Intent { flg=0x20 cmp=com.ludashi.benchmark/cn.jpush.android.service.DaemonService (has extras) } U=0: force null
03-27 15:28:46.474  1269  1619 W ActivityManager: Unable to start service Intent { flg=0x20 cmp=com.ludashi.benchmark/cn.jpush.android.service.DaemonService (has extras) } U=0: not found
03-27 15:28:46.477  1269  3511 W ActivityManager_service: prevent by hsm Will not start service Intent { flg=0x20 cmp=com.ludashi.benchmark/cn.jpush.android.service.DaemonService (has extras) } U=0: force null
03-27 15:28:46.478  1269  3511 W ActivityManager: Unable to start service Intent { flg=0x20 cmp=com.ludashi.benchmark/cn.jpush.android.service.DaemonService (has extras) } U=0: not found
03-27 15:28:46.487  2668  2776 E ActivityThread: Failed to find provider info for com.ludashi.benchmark.DownloadProvider
03-27 15:28:46.490  1269  1942 W ActivityManager_service: prevent by hsm Will not start service Intent { flg=0x20 cmp=com.ss.android.article.news/com.ss.android.push.jpush.alive.JiPushDaemonService (has extras) } U=0: force null
03-27 15:28:46.490  1269  1942 W ActivityManager: Unable to start service Intent { flg=0x20 cmp=com.ss.android.article.news/com.ss.android.push.jpush.alive.JiPushDaemonService (has extras) } U=0: not found
03-27 15:28:46.494  1269  3390 W ActivityManager_service: prevent by hsm Will not start service Intent { flg=0x20 cmp=com.ss.android.article.news/com.ss.android.push.jpush.alive.JiPushDaemonService (has extras) } U=0: force null
03-27 15:28:46.494  1269  3390 W ActivityManager: Unable to start service Intent { flg=0x20 cmp=com.ss.android.article.news/com.ss.android.push.jpush.alive.JiPushDaemonService (has extras) } U=0: not found
03-27 15:28:46.498  2668  2776 E ActivityThread: Failed to find provider info for com.ss.android.article.news.DownloadProvider
03-27 15:28:46.567  1269  2687 D CountryDetector: isValidCountryIso: CN
03-27 15:28:46.624  1269  1280 W ActivityManager: getRunningAppProcesses: caller 10404 does not hold REAL_GET_TASKS; limiting output
03-27 15:28:46.763  2782  2824 E SchedPolicy: open of dev/cpuctl/limit_fg/tasks failed: Permission denied
03-27 15:28:46.763  2782  2824 E SchedPolicy: open of dev/cpuctl/bg_non_interactive/limit_bg/tasks failed: Permission denied
03-27 15:28:46.775  1269  1619 I ActivityManager: Force stopping io.appium.unlock appid=10021 user=0: from pid 2782by app
03-27 15:28:46.779  1269  1619 D HwBroadcastQueue: cleanupDisabledPackageReceiversLocked for userId 0
03-27 15:28:46.779  1269  1619 D HwBroadcastQueue: cleanupDisabledPackageReceiversLocked for userId 0
03-27 15:28:46.779  1269  1619 D HwBroadcastQueue: cleanupDisabledPackageReceiversLocked for userId 0
03-27 15:28:46.779  1269  1619 D HwBroadcastQueue: cleanupDisabledPackageReceiversLocked for userId 0
03-27 15:28:46.779  1269  1619 D HwBroadcastQueue: cleanupDisabledPackageReceiversLocked for userId 0
03-27 15:28:46.779  1269  1619 D HwBroadcastQueue: cleanupDisabledPackageReceiversLocked for userId 0
03-27 15:28:46.780  1269  1619 I ActivityManager: Force stopping io.appium.unlock appid=10021 user=10: from pid 2782by app
03-27 15:28:46.783  1269  1619 D HwBroadcastQueue: cleanupDisabledPackageReceiversLocked for userId 10
03-27 15:28:46.783  1269  1619 D HwBroadcastQueue: cleanupDisabledPackageReceiversLocked for userId 10
03-27 15:28:46.783  1269  1619 D HwBroadcastQueue: cleanupDisabledPackageReceiversLocked for userId 10
03-27 15:28:46.783  1269  1619 D HwBroadcastQueue: cleanupDisabledPackageReceiversLocked for userId 10
03-27 15:28:46.783  1269  1619 D HwBroadcastQueue: cleanupDisabledPackageReceiversLocked for userId 10
03-27 15:28:46.783  1269  1619 D HwBroadcastQueue: cleanupDisabledPackageReceiversLocked for userId 10
03-27 15:28:46.820  1269  1269 I HwCoreAppHelperService: LocalReceiver receives:android.intent.action.PACKAGE_RESTARTED,pkg:io.appium.unlock,uid:10021
03-27 15:28:46.843  1269  1269 I HwCoreAppHelperService: LocalReceiver receives:android.intent.action.PACKAGE_RESTARTED,pkg:io.appium.unlock,uid:1010021
03-27 15:28:47.095  2826  2837 E SchedPolicy: open of dev/cpuctl/limit_fg/tasks failed: Permission denied
03-27 15:28:47.095  2826  2837 E SchedPolicy: open of dev/cpuctl/bg_non_interactive/limit_bg/tasks failed: Permission denied
03-27 15:28:47.099  1269  3390 I ActivityManager: Force stopping cn.dcpai.auction appid=10404 user=0: from pid 2826by app
03-27 15:28:47.100  1269  3390 I ActivityManager: Killing 2502:cn.dcpai.auction/u0a404 (adj 500): stop cn.dcpai.auctionfrom pid 2826by app
03-27 15:28:47.100  1269  3390 D ActivityManager: cleanUpApplicationRecord -- 2502
03-27 15:28:47.101  1269  3390 W ActivityManager: Scheduling restart of crashed service cn.dcpai.auction/com.hyphenate.chat.EMJobService in 1000ms
03-27 15:28:47.101  1269  1284 I libprocessgroup: Killing pid 2747 in uid 10404 as part of process group 2502
03-27 15:28:47.103  1269  3390 I ActivityManager: Killing 2668:cn.dcpai.auction:pushcore/u0a404 (adj 500): stop cn.dcpai.auctionfrom pid 2826by app
03-27 15:28:47.103  1269  3390 D ActivityManager: cleanUpApplicationRecord -- 2668
03-27 15:28:47.104  1269  3390 W ActivityManager: Scheduling restart of crashed service cn.dcpai.auction/cn.jpush.android.service.PushService in 1000ms
03-27 15:28:47.106  1269  1284 I libprocessgroup: Killing pid 2747 in uid 10404 as part of process group 2502
03-27 15:28:47.108  1269  3390 D HwBroadcastQueue: cleanupDisabledPackageReceiversLocked for userId 0
03-27 15:28:47.109  1269  3390 D HwBroadcastQueue: cleanupDisabledPackageReceiversLocked for userId 0
03-27 15:28:47.109  1269  3390 D HwBroadcastQueue: cleanupDisabledPackageReceiversLocked for userId 0
03-27 15:28:47.109  1269  3390 D HwBroadcastQueue: cleanupDisabledPackageReceiversLocked for userId 0
03-27 15:28:47.109  1269  3390 D HwBroadcastQueue: cleanupDisabledPackageReceiversLocked for userId 0
03-27 15:28:47.109  1269  3390 D HwBroadcastQueue: cleanupDisabledPackageReceiversLocked for userId 0
03-27 15:28:47.123  1269  1269 I HwCoreAppHelperService: LocalReceiver receives:android.intent.action.PACKAGE_RESTARTED,pkg:cn.dcpai.auction,uid:10404
03-27 15:28:47.363  1269  2665 I ActivityManager: START u0 {flg=0x10000000 cmp=cn.dcpai.auction/.SplashActivity} from uid 2000 on display 0
03-27 15:28:47.364  1269  2665 I ActivityManager: ActivityRecord info: ActivityInfo{e65758f cn.dcpai.auction.SplashActivity}, euid: 0
03-27 15:28:47.365  1269  2665 V HwWindowManagerService: moveTaskToTop mTaskChanged:true
03-27 15:28:47.366  1269  2665 V HwWindowManagerService: moveTaskToTop mTaskChanged:true
03-27 15:28:47.368  1269  2665 V HwWindowManagerService: setFocusedApp update app ops, mTaskChanged set to:false
03-27 15:28:47.380  1269  2664 I ActivityManager: Start proc 2841:cn.dcpai.auction/u0a404 for activity cn.dcpai.auction/.SplashActivity
03-27 15:28:47.382  2841  2841 E SchedPolicy: open of dev/cpuctl/limit_fg/tasks failed: Permission denied
03-27 15:28:47.382  2841  2841 E SchedPolicy: open of dev/cpuctl/bg_non_interactive/limit_bg/tasks failed: Permission denied
03-27 15:28:47.390  2841  2841 D ActivityThread: ActivityThread,attachApplication
03-27 15:28:47.390  1269  2694 D ActivityManager: ActivityManagerService,attachApplication,callingPid = 2841
03-27 15:28:47.416  1269  2654 I HwNetworkPolicy: onTransact, code = 203
03-27 15:28:47.416  2034  2245 I HwNetworkPolicyManager: getHwUidPolicy uid = 10404 policy = 0
03-27 15:28:47.419  1269  3390 I HwNetworkPolicy: onTransact, code = 203
03-27 15:28:47.419  5109  5209 I HwNetworkPolicyManager: getHwUidPolicy uid = 10404 policy = 0
03-27 15:28:47.456  1269  3511 W ActivityManager: getRunningAppProcesses: caller 10404 does not hold REAL_GET_TASKS; limiting output
03-27 15:28:47.462  1269  1279 W ActivityManager: getRunningAppProcesses: caller 10404 does not hold REAL_GET_TASKS; limiting output
03-27 15:28:47.538  1269  2664 W ActivityManager: getRunningAppProcesses: caller 10404 does not hold REAL_GET_TASKS; limiting output
03-27 15:28:47.545  1269  1942 W ActivityManager: getRunningAppProcesses: caller 10404 does not hold REAL_GET_TASKS; limiting output
03-27 15:28:47.602  2909  2909 E SchedPolicy: open of dev/cpuctl/limit_fg/tasks failed: Permission denied
03-27 15:28:47.602  2909  2909 E SchedPolicy: open of dev/cpuctl/bg_non_interactive/limit_bg/tasks failed: Permission denied
03-27 15:28:47.603  1269  2654 I ActivityManager: Start proc 2909:cn.dcpai.auction:pushcore/u0a404 for service cn.dcpai.auction/cn.jpush.android.service.PushService
03-27 15:28:47.609  2909  2909 D ActivityThread: ActivityThread,attachApplication
03-27 15:28:47.610  1269  1436 D ActivityManager: ActivityManagerService,attachApplication,callingPid = 2909
03-27 15:28:47.637  2841  2841 V ActivityThread: ActivityThread,callActivityOnCreate
03-27 15:28:47.646  1269  1436 D HwNetworkManagementService: code == CODE_GET_AD_KEY_LIST
03-27 15:28:47.646  1269  1436 D HwNetworkManagementService: appName = cn.dcpai.auction  is not in the mAdViewMap! reply none
03-27 15:28:47.646  1269  1436 D HwNetworkManagementService: appName = cn.dcpai.auction  is not in the mAdIdMap! reply none
03-27 15:28:47.650  1269  3510 W ActivityManager: getRunningAppProcesses: caller 10404 does not hold REAL_GET_TASKS; limiting output
03-27 15:28:47.656  1269  3510 W ActivityManager: getRunningAppProcesses: caller 10404 does not hold REAL_GET_TASKS; limiting output
03-27 15:28:47.656  1269  2694 W ActivityManager: getRunningAppProcesses: caller 10404 does not hold REAL_GET_TASKS; limiting output
03-27 15:28:47.717  1269  2655 W ActivityManager: getRunningAppProcesses: caller 10404 does not hold REAL_GET_TASKS; limiting output
03-27 15:28:47.742  2841  2841 D ActivityThread: add activity client record, r= ActivityRecord{b89132 token=android.os.BinderProxy@1ea3017 {cn.dcpai.auction/cn.dcpai.auction.SplashActivity}} token= android.os.BinderProxy@1ea3017
03-27 15:28:47.766  1269  2687 V HwPhoneWindowManager: updateSystemUiColorLw window=Window{fb3e3d6 u0 cn.dcpai.auction/cn.dcpai.auction.SplashActivity},EmuiStyle=0,StatusBarColor=0x0,NavigationBarColor=0xff000000, mLastIsEmuiLightStyle=-1
03-27 15:28:47.767  1666  1977 I CommandQueue: updateBarBgColor
03-27 15:28:47.767  1666  1977 D CommandQueue: CommandQueue, setBarBackgroundColor
03-27 15:28:47.786  1269  2664 W ActivityManager: getRunningAppProcesses: caller 10404 does not hold REAL_GET_TASKS; limiting output
03-27 15:28:47.911  1269  1967 I WindowManager: Destroying surface Surface(name=com.huawei.android.launcher/com.huawei.android.launcher.unihome.UniHomeLauncher) called by com.android.server.wm.WindowStateAnimator.destroySurface:2056 com.android.server.wm.WindowStateAnimator.destroySurfaceLocked:908 com.android.server.wm.WindowState.destroyOrSaveSurface:2201 com.android.server.wm.AppWindowToken.destroySurfaces:366 com.android.server.wm.AppWindowToken.notifyAppStopped:392 com.android.server.wm.WindowManagerService.notifyAppStopped:4874 com.android.server.am.ActivityStack.activityStoppedLocked:1395 com.android.server.am.ActivityManagerService.activityStopped:7663 
03-27 15:28:47.922  1269  2655 W ActivityManager_service: prevent by hsm Will not start service Intent { flg=0x20 cmp=com.netease.newsreader.activity/cn.jpush.android.service.DaemonService (has extras) } U=0: force null
03-27 15:28:47.922  1269  2655 W ActivityManager: Unable to start service Intent { flg=0x20 cmp=com.netease.newsreader.activity/cn.jpush.android.service.DaemonService (has extras) } U=0: not found
03-27 15:28:47.928  1269  1967 W ActivityManager_service: prevent by hsm Will not start service Intent { flg=0x20 cmp=com.netease.newsreader.activity/cn.jpush.android.service.DaemonService (has extras) } U=0: force null
03-27 15:28:47.928  1269  1967 W ActivityManager: Unable to start service Intent { flg=0x20 cmp=com.netease.newsreader.activity/cn.jpush.android.service.DaemonService (has extras) } U=0: not found
03-27 15:28:47.935  1269  3510 W ActivityManager_service: prevent by hsm Will not start service Intent { flg=0x20 cmp=com.ludashi.benchmark/cn.jpush.android.service.DaemonService (has extras) } U=0: force null
03-27 15:28:47.935  1269  3510 W ActivityManager: Unable to start service Intent { flg=0x20 cmp=com.ludashi.benchmark/cn.jpush.android.service.DaemonService (has extras) } U=0: not found
03-27 15:28:47.941  1269  1279 W ActivityManager_service: prevent by hsm Will not start service Intent { flg=0x20 cmp=com.ludashi.benchmark/cn.jpush.android.service.DaemonService (has extras) } U=0: force null
03-27 15:28:47.941  1269  1279 W ActivityManager: Unable to start service Intent { flg=0x20 cmp=com.ludashi.benchmark/cn.jpush.android.service.DaemonService (has extras) } U=0: not found
03-27 15:28:47.943  2909  3007 E ActivityThread: Failed to find provider info for com.ludashi.benchmark.DownloadProvider
03-27 15:28:47.948  1269  1967 W ActivityManager_service: prevent by hsm Will not start service Intent { flg=0x20 cmp=com.ss.android.article.news/com.ss.android.push.jpush.alive.JiPushDaemonService (has extras) } U=0: force null
03-27 15:28:47.948  1269  1967 W ActivityManager: Unable to start service Intent { flg=0x20 cmp=com.ss.android.article.news/com.ss.android.push.jpush.alive.JiPushDaemonService (has extras) } U=0: not found
03-27 15:28:47.950  1269  2654 W ActivityManager_service: prevent by hsm Will not start service Intent { flg=0x20 cmp=com.ss.android.article.news/com.ss.android.push.jpush.alive.JiPushDaemonService (has extras) } U=0: force null
03-27 15:28:47.950  1269  2654 W ActivityManager: Unable to start service Intent { flg=0x20 cmp=com.ss.android.article.news/com.ss.android.push.jpush.alive.JiPushDaemonService (has extras) } U=0: not found
03-27 15:28:47.956  2909  3007 E ActivityThread: Failed to find provider info for com.ss.android.article.news.DownloadProvider
03-27 15:28:48.016  1269  1436 W ActivityManager: getRunningAppProcesses: caller 10404 does not hold REAL_GET_TASKS; limiting output
03-27 15:28:48.076  1269  1291 I WindowManager: Destroying surface Surface(name=Starting cn.dcpai.auction) called by com.android.server.wm.WindowStateAnimator.destroySurface:2056 com.android.server.wm.WindowStateAnimator.destroySurfaceLocked:908 com.android.server.wm.WindowState.destroyOrSaveSurface:2201 com.android.server.wm.AppWindowToken.destroySurfaces:366 com.android.server.wm.WindowStateAnimator.finishExit:587 com.android.server.wm.WindowStateAnimator.stepAnimationLocked:513 com.android.server.wm.WindowAnimator.updateWindowsLocked:311 com.android.server.wm.WindowAnimator.animateLocked:738 
03-27 15:28:48.100  1269  3510 D CountryDetector: isValidCountryIso: CN
03-27 15:28:48.968  1269  3390 I ActivityManager: START u0 {cmp=cn.dcpai.auction/.MainActivity} from uid 10404 on display 0
03-27 15:28:48.969  1269  3390 I ActivityManager: ActivityRecord info: ActivityInfo{7045ea0 cn.dcpai.auction.MainActivity}, euid: 0
03-27 15:28:48.971  1269  3390 V HwWindowManagerService: moveTaskToTop mTaskChanged:true
03-27 15:28:48.971  1269  3390 V HwWindowManagerService: moveTaskToTop mTaskChanged:true
03-27 15:28:48.972  1269  3390 V HwWindowManagerService: moveTaskToTop mTaskChanged:true
03-27 15:28:48.973  1269  3390 V HwWindowManagerService: setFocusedApp update app ops, mTaskChanged set to:false
03-27 15:28:48.991  2841  2841 V ActivityThread: ActivityThread,callActivityOnCreate
03-27 15:28:49.019  1269  1967 D HwLocalLocationProvider: HwLocalLocationManager requestLocation
03-27 15:28:49.020  1269  3029 D HwLocalLocationProvider: start query Loc Form DB 
03-27 15:28:49.020  1269  3029 I HwLocalLocationProvider: query loc Form Cell Table,cellid == 11314
03-27 15:28:49.020  1269  3029 I HwLocalLocationProvider: query loc Form Recent Cell
03-27 15:28:49.021  1269  3029 W HwLocalLocationProvider: queryLoc cellid is  null
03-27 15:28:49.091  1269  1436 D ActivityManager: Skipping, home stack task: TaskRecord{4e2350a #901 A=com.huawei.android.launcher U=0 StackId=0 sz=1}
03-27 15:28:49.091  1269  1436 D ActivityManager: Skipping, withExcluded: false, tr.intent:Intent { act=android.deviceinfo.chooser.action.LAUNCH flg=0x10800000 pkg=com.android.settings cmp=com.android.settings/.deviceinfo.UsbConnModeChooserActivity }
03-27 15:28:49.091  1269  1436 D ActivityManager: Skipping, withExcluded: false, tr.intent:Intent { act=android.intent.action.MAIN cat=[android.intent.category.LAUNCHER] flg=0x10a00000 cmp=io.appium.settings/.Settings }
03-27 15:28:49.091  1269  1436 D ActivityManager: Skipping, withExcluded: false, tr.intent:Intent { act=android.intent.action.MAIN cat=[android.intent.category.HOME] flg=0x10800300 cmp=com.android.settings/.FallbackHome }
03-27 15:28:49.093  1269  2687 D ActivityManager: Skipping, home stack task: TaskRecord{4e2350a #901 A=com.huawei.android.launcher U=0 StackId=0 sz=1}
03-27 15:28:49.093  1269  2687 D ActivityManager: Skipping, withExcluded: false, tr.intent:Intent { act=android.deviceinfo.chooser.action.LAUNCH flg=0x10800000 pkg=com.android.settings cmp=com.android.settings/.deviceinfo.UsbConnModeChooserActivity }
03-27 15:28:49.093  1269  2687 D ActivityManager: Skipping, withExcluded: false, tr.intent:Intent { act=android.intent.action.MAIN cat=[android.intent.category.LAUNCHER] flg=0x10a00000 cmp=io.appium.settings/.Settings }
