03-29 11:16:40.247  4846  4846 D ActivityThread: Remove activity client record, r= ActivityRecord{d5dd667 token=android.os.BinderProxy@c9f568f {cn.dcpai.auction/cn.dcpai.auction.SplashActivity}} token= android.os.BinderProxy@c9f568f
03-29 11:16:40.249  1266  2672 I chatty  : uid=1000(system) Binder:1266_11 expire 1 line
03-29 11:16:42.241  1266  1509 I chatty  : uid=1000(system) LazyTaskWriterT expire 4 lines
03-29 11:16:43.784  1266  1385 I chatty  : uid=1000(system) UEventObserver expire 8 lines
03-29 11:16:43.786  1266  1266 I chatty  : uid=1000 system_server expire 14 lines
03-29 11:16:49.051  1266  5118 I chatty  : uid=1000 system_server expire 1 line
03-29 11:16:50.437  1266  1622 I chatty  : uid=1000(system) Binder:1266_5 expire 6 lines
03-29 11:16:50.465  4846  4846 V ActivityThread: ActivityThread,callActivityOnCreate
03-29 11:16:50.509  1266  2298 I chatty  : uid=1000(system) IPC Thread expire 9 lines
03-29 11:16:50.554  4846  4846 D ActivityThread: add activity client record, r= ActivityRecord{604696e token=android.os.BinderProxy@437309b {cn.dcpai.auction/cn.dcpai.auction.activity.RiversLakesTopicDetailActivity}} token= android.os.BinderProxy@437309b
03-29 11:16:50.563  1266  2107 I chatty  : uid=1000(system) Binder:1266_D expire 10 lines
03-29 11:16:50.565  1266  2708 I chatty  : uid=1000(system) Binder:1266_15 expire 8 lines
03-29 11:16:53.193  1266  1404 I chatty  : uid=1000(system) NetdConnector expire 2 lines
03-29 11:16:53.196  1266  1286 I chatty  : uid=1000(system) android.fg expire 2 lines
03-29 11:16:56.689  5240  5249 E SchedPolicy: open of dev/cpuctl/limit_fg/tasks failed: Permission denied
03-29 11:16:56.689  5240  5249 E SchedPolicy: open of dev/cpuctl/bg_non_interactive/limit_bg/tasks failed: Permission denied
03-29 11:17:04.188  1266  1288 I chatty  : uid=1000(system) android.display expire 5 lines
03-29 11:17:41.800  5520  5531 E SchedPolicy: open of dev/cpuctl/limit_fg/tasks failed: Permission denied
03-29 11:17:41.800  5520  5531 E SchedPolicy: open of dev/cpuctl/bg_non_interactive/limit_bg/tasks failed: Permission denied
03-29 11:17:42.363  5534  5542 E SchedPolicy: open of dev/cpuctl/limit_fg/tasks failed: Permission denied
03-29 11:17:42.363  5534  5542 E SchedPolicy: open of dev/cpuctl/bg_non_interactive/limit_bg/tasks failed: Permission denied
03-29 11:17:42.366  1266  2065 I chatty  : uid=1000(system) Binder:1266_8 expire 35 lines
03-29 11:17:42.368  1266  1281 I chatty  : uid=1000(system) ActivityManager expire 2 lines
03-29 11:17:42.393  5544  5544 E SchedPolicy: open of dev/cpuctl/limit_fg/tasks failed: Permission denied
03-29 11:17:42.393  5544  5544 E SchedPolicy: open of dev/cpuctl/bg_non_interactive/limit_bg/tasks failed: Permission denied
03-29 11:17:42.407  5544  5544 D ActivityThread: ActivityThread,attachApplication
03-29 11:17:42.420  1266  2104 I chatty  : uid=1000(system) Binder:1266_B expire 1 line
03-29 11:17:42.422  1266  1393 I chatty  : uid=1000(system) sManagerService expire 2 lines
03-29 11:17:42.431  1266  2688 I chatty  : uid=1000(system) Binder:1266_13 expire 9 lines
03-29 11:17:42.431  1893  2118 I HwNetworkPolicyManager: getHwUidPolicy uid = 1000 policy = 0
03-29 11:17:42.433  5423  5423 W ContextImpl: Calling a method in the system process without a qualified user: android.app.ContextImpl.sendBroadcast:979 android.content.ContextWrapper.sendBroadcast:421 com.android.settings.deviceinfo.UsbConnModeChooserFragment.updatePreferences:249 com.android.settings.deviceinfo.UsbConnModeChooserFragment.onResume:218 android.app.Fragment.performResume:2414 
03-29 11:17:42.433  1266  1299 I chatty  : uid=1000(system) Binder:1266_3 expire 7 lines
03-29 11:17:42.438  4885  4950 I HwNetworkPolicyManager: getHwUidPolicy uid = 1000 policy = 0
03-29 11:17:42.440  1669  1817 I CommandQueue: updateBarBgColor
03-29 11:17:42.440  1669  1817 D CommandQueue: CommandQueue, setBarBackgroundColor
03-29 11:17:42.447  1266  2670 I chatty  : uid=1000(system) Binder:1266_F expire 15 lines
03-29 11:17:42.486  1266  2669 I chatty  : uid=1000(system) Binder:1266_E expire 4 lines
03-29 11:17:42.504  1266  1433 I chatty  : uid=1000(system) Binder:1266_4 expire 2 lines
03-29 11:17:42.676  1266  1277 I chatty  : uid=1000(system) Binder:1266_2 expire 4 lines
03-29 11:17:42.766  5614  5614 E SchedPolicy: open of dev/cpuctl/limit_fg/tasks failed: Permission denied
03-29 11:17:42.766  5614  5614 E SchedPolicy: open of dev/cpuctl/bg_non_interactive/limit_bg/tasks failed: Permission denied
03-29 11:17:42.776  5614  5614 D ActivityThread: ActivityThread,attachApplication
03-29 11:17:42.776  1266  2105 I chatty  : uid=1000(system) Binder:1266_C expire 4 lines
03-29 11:17:42.788  1266  1279 I chatty  : uid=1000(system) ActivityManager expire 4 lines
03-29 11:17:42.850  1893  2118 I HwNetworkPolicyManager: getHwUidPolicy uid = 10051 policy = 0
03-29 11:17:42.867  4885  4950 I HwNetworkPolicyManager: getHwUidPolicy uid = 10051 policy = 0
03-29 11:17:42.868  1669  1687 I CommandQueue: updateBarBgColor
03-29 11:17:42.868  1669  1687 D CommandQueue: CommandQueue, setBarBackgroundColor
03-29 11:17:42.887  1266  2687 I chatty  : uid=1000(system) Binder:1266_12 expire 1 line
03-29 11:17:42.941  1266  2038 I chatty  : uid=1000(system) Binder:1266_6 expire 9 lines
03-29 11:17:42.970  5597  5664 E SchedPolicy: open of dev/cpuctl/limit_fg/tasks failed: Permission denied
03-29 11:17:42.970  5597  5664 E SchedPolicy: open of dev/cpuctl/bg_non_interactive/limit_bg/tasks failed: Permission denied
03-29 11:17:42.984  1266  1396 I chatty  : uid=1000(system) InputDispatcher expire 3 lines
03-29 11:17:43.028  1266  2671 I chatty  : uid=1000(system) Binder:1266_10 expire 11 lines
03-29 11:17:43.375  5614  5686 E ActivityThread: Failed to find provider info for com.ludashi.benchmark.DownloadProvider
03-29 11:17:43.412  5614  5686 E ActivityThread: Failed to find provider info for com.ss.android.article.news.DownloadProvider
03-29 11:17:43.670  5694  5722 E SchedPolicy: open of dev/cpuctl/limit_fg/tasks failed: Permission denied
03-29 11:17:43.670  5694  5722 E SchedPolicy: open of dev/cpuctl/bg_non_interactive/limit_bg/tasks failed: Permission denied
03-29 11:18:06.799  1266  1276 I chatty  : uid=1000(system) Binder:1266_1 expire 5 lines
03-29 11:18:06.841  1893  2118 I HwNetworkPolicyManager: getHwUidPolicy uid = 10404 policy = 0
03-29 11:18:06.842  4885  4950 I HwNetworkPolicyManager: getHwUidPolicy uid = 10404 policy = 0
03-29 11:18:06.847  5544  5544 V ActivityThread: ActivityThread,callActivityOnCreate
03-29 11:18:06.953  5544  5544 D ActivityThread: add activity client record, r= ActivityRecord{877c5dc token=android.os.BinderProxy@47b502 {cn.dcpai.auction/cn.dcpai.auction.SplashActivity}} token= android.os.BinderProxy@47b502
03-29 11:18:06.978  1669  2120 I CommandQueue: updateBarBgColor
03-29 11:18:06.978  1669  2120 D CommandQueue: CommandQueue, setBarBackgroundColor
03-29 11:18:08.544  5544  5544 V ActivityThread: ActivityThread,callActivityOnCreate
03-29 11:18:08.572  1266  5903 I chatty  : uid=1000 system_server expire 4 lines
03-29 11:18:08.644  1266  2094 I chatty  : uid=1000(system) Binder:1266_A expire 5 lines
03-29 11:18:08.684  5544  5544 D ActivityThread: add activity client record, r= ActivityRecord{8c83798 token=android.os.BinderProxy@9d4ae9c {cn.dcpai.auction/cn.dcpai.auction.MainActivity}} token= android.os.BinderProxy@9d4ae9c
03-29 11:18:09.133  5544  5544 D ActivityThread: Remove activity client record, r= ActivityRecord{877c5dc token=android.os.BinderProxy@47b502 {cn.dcpai.auction/cn.dcpai.auction.SplashActivity}} token= android.os.BinderProxy@47b502
03-29 11:18:09.134  1266  2707 I chatty  : uid=1000(system) Binder:1266_14 expire 1 line
03-29 11:18:13.992  1266  1392 I chatty  : uid=1000(system) AlarmManager expire 1 line
03-29 11:18:14.270  1266  1266 I chatty  : uid=1000 system_server expire 16 lines
03-29 11:18:22.063  1266  2672 I chatty  : uid=1000(system) Binder:1266_11 expire 8 lines
03-29 11:18:22.085  5544  5544 V ActivityThread: ActivityThread,callActivityOnCreate
03-29 11:18:22.184  1266  2688 I chatty  : uid=1000(system) Binder:1266_13 expire 9 lines
03-29 11:18:22.186  5544  5544 D ActivityThread: add activity client record, r= ActivityRecord{160ac22 token=android.os.BinderProxy@2d03020 {cn.dcpai.auction/cn.dcpai.auction.activity.RiversLakesTopicDetailActivity}} token= android.os.BinderProxy@2d03020
03-29 11:18:22.186  1266  2094 I chatty  : uid=1000(system) Binder:1266_A expire 11 lines
03-29 11:18:22.587  1266  2687 I chatty  : uid=1000(system) Binder:1266_12 expire 6 lines
03-29 11:18:24.801  1266  2669 I chatty  : uid=1000(system) Binder:1266_E expire 6 lines
03-29 11:18:25.084  1266  1509 I chatty  : uid=1000(system) LazyTaskWriterT expire 2 lines
03-29 11:18:27.573  1266  1276 I chatty  : uid=1000(system) Binder:1266_1 expire 13 lines
03-29 11:18:27.595  5544  5544 V ActivityThread: ActivityThread,callActivityOnCreate
03-29 11:18:27.625  5544  5544 D ActivityThread: add activity client record, r= ActivityRecord{d6c506d token=android.os.BinderProxy@dc4b430 {cn.dcpai.auction/com.lzy.imagepicker.ui.ImageGridActivity}} token= android.os.BinderProxy@dc4b430
03-29 11:18:27.630  1266  2104 I chatty  : uid=1000(system) Binder:1266_B expire 6 lines
03-29 11:18:27.630  1669  2120 I CommandQueue: updateBarBgColor
03-29 11:18:27.630  1669  2120 D CommandQueue: CommandQueue, setBarBackgroundColor
03-29 11:18:27.694  1266  1277 I chatty  : uid=1000(system) Binder:1266_2 expire 12 lines
03-29 11:18:27.720  1266  2107 I chatty  : uid=1000(system) Binder:1266_D expire 8 lines
03-29 11:18:28.494  1266  2038 I chatty  : uid=1000(system) Binder:1266_6 expire 6 lines
03-29 11:18:28.511  1266  1622 I chatty  : uid=1000(system) Binder:1266_5 expire 7 lines
03-29 11:18:29.161  1266  2065 I chatty  : uid=1000(system) Binder:1266_8 expire 8 lines
03-29 11:18:29.407  1266  2671 I chatty  : uid=1000(system) Binder:1266_10 expire 8 lines
03-29 11:18:29.547  1266  2670 I chatty  : uid=1000(system) Binder:1266_F expire 5 lines
03-29 11:18:29.594  1266  1433 I chatty  : uid=1000(system) Binder:1266_4 expire 7 lines
03-29 11:18:29.599  1266  2105 I chatty  : uid=1000(system) Binder:1266_C expire 6 lines
03-29 11:18:29.603  1266  2067 I chatty  : uid=1000(system) Binder:1266_9 expire 4 lines
03-29 11:18:29.698  1266  2707 I chatty  : uid=1000(system) Binder:1266_14 expire 3 lines
03-29 11:18:29.702  1266  2715 I chatty  : uid=1000(system) Binder:1266_17 expire 6 lines
03-29 11:18:29.876  1266  2708 I chatty  : uid=1000(system) Binder:1266_15 expire 3 lines
03-29 11:18:29.898  1669  1683 I CommandQueue: updateBarBgColor
03-29 11:18:29.898  1669  1683 D CommandQueue: CommandQueue, setBarBackgroundColor
03-29 11:18:29.990  6074  6074 E SchedPolicy: open of dev/cpuctl/limit_fg/tasks failed: Permission denied
03-29 11:18:29.990  6074  6074 E SchedPolicy: open of dev/cpuctl/bg_non_interactive/limit_bg/tasks failed: Permission denied
03-29 11:18:29.997  6074  6074 D ActivityThread: ActivityThread,attachApplication
03-29 11:18:30.211  5544  5544 D ActivityThread: Remove activity client record, r= ActivityRecord{d6c506d token=android.os.BinderProxy@dc4b430 {cn.dcpai.auction/com.lzy.imagepicker.ui.ImageGridActivity}} token= android.os.BinderProxy@dc4b430
03-29 11:18:30.277  1266  1288 I chatty  : uid=1000(system) android.display expire 5 lines
03-29 11:18:30.662  1266  2714 I chatty  : uid=1000(system) Binder:1266_16 expire 9 lines
03-29 11:18:30.738  6074  6074 E ActivityThread: Failed to find provider info for com.tencent.mm.coolassist.debugprovider
03-29 11:18:32.315  6129  6129 E SchedPolicy: open of dev/cpuctl/limit_fg/tasks failed: Permission denied
03-29 11:18:32.315  6129  6129 E SchedPolicy: open of dev/cpuctl/bg_non_interactive/limit_bg/tasks failed: Permission denied
03-29 11:18:32.316  1266  1299 I chatty  : uid=1000(system) Binder:1266_3 expire 8 lines
03-29 11:18:32.323  6129  6129 D ActivityThread: ActivityThread,attachApplication
03-29 11:18:32.940  6129  6129 E ActivityThread: Failed to find provider info for com.tencent.mm.coolassist.debugprovider
03-29 11:18:33.524  1266  2039 I chatty  : uid=1000(system) Binder:1266_7 expire 4 lines
03-29 11:18:33.607  1266  2094 I chatty  : uid=1000(system) Binder:1266_A expire 3 lines
03-29 11:18:33.806  1266  1422 I chatty  : uid=1000(system) ConnectivitySer expire 6 lines
03-29 11:18:44.426  1266  1385 I chatty  : uid=1000(system) UEventObserver expire 8 lines
03-29 11:19:35.214  1266  1404 I chatty  : uid=1000(system) NetdConnector expire 6 lines
03-29 11:19:35.224  1266  1286 I chatty  : uid=1000(system) android.fg expire 2 lines
03-29 11:20:31.888  6945  6953 E SchedPolicy: open of dev/cpuctl/limit_fg/tasks failed: Permission denied
03-29 11:20:31.888  6945  6953 E SchedPolicy: open of dev/cpuctl/bg_non_interactive/limit_bg/tasks failed: Permission denied
03-29 11:20:32.571  6979  6980 E SchedPolicy: open of dev/cpuctl/limit_fg/tasks failed: Permission denied
03-29 11:20:32.571  6979  6980 E SchedPolicy: open of dev/cpuctl/bg_non_interactive/limit_bg/tasks failed: Permission denied
03-29 11:20:33.174  6986  6998 E SchedPolicy: open of dev/cpuctl/limit_fg/tasks failed: Permission denied
03-29 11:20:33.174  6986  6998 E SchedPolicy: open of dev/cpuctl/bg_non_interactive/limit_bg/tasks failed: Permission denied
03-29 11:20:33.279  7003  7003 E SchedPolicy: open of dev/cpuctl/limit_fg/tasks failed: Permission denied
03-29 11:20:33.279  7003  7003 E SchedPolicy: open of dev/cpuctl/bg_non_interactive/limit_bg/tasks failed: Permission denied
03-29 11:20:33.406  1266  1302 I chatty  : uid=1000(system) PackageManager expire 2 lines
03-29 11:20:33.406  1266  1279 I chatty  : uid=1000(system) ActivityManager expire 11 lines
03-29 11:20:33.425  1266  1266 I chatty  : uid=1000 system_server expire 5 lines
03-29 11:20:34.060  7013  7033 E SchedPolicy: open of dev/cpuctl/limit_fg/tasks failed: Permission denied
03-29 11:20:34.060  7013  7033 E SchedPolicy: open of dev/cpuctl/bg_non_interactive/limit_bg/tasks failed: Permission denied
03-29 11:20:34.538  7038  7046 E SchedPolicy: open of dev/cpuctl/limit_fg/tasks failed: Permission denied
03-29 11:20:34.538  7038  7046 E SchedPolicy: open of dev/cpuctl/bg_non_interactive/limit_bg/tasks failed: Permission denied
03-29 11:20:35.000  7048  7063 E SchedPolicy: open of dev/cpuctl/limit_fg/tasks failed: Permission denied
03-29 11:20:35.000  7048  7063 E SchedPolicy: open of dev/cpuctl/bg_non_interactive/limit_bg/tasks failed: Permission denied
03-29 11:20:35.545  7066  7077 E SchedPolicy: open of dev/cpuctl/limit_fg/tasks failed: Permission denied
03-29 11:20:35.545  7066  7077 E SchedPolicy: open of dev/cpuctl/bg_non_interactive/limit_bg/tasks failed: Permission denied
03-29 11:20:36.561  7087  7099 E SchedPolicy: open of dev/cpuctl/limit_fg/tasks failed: Permission denied
03-29 11:20:36.561  7087  7099 E SchedPolicy: open of dev/cpuctl/bg_non_interactive/limit_bg/tasks failed: Permission denied
03-29 11:20:37.390  7107  7118 E SchedPolicy: open of dev/cpuctl/limit_fg/tasks failed: Permission denied
03-29 11:20:37.390  7107  7118 E SchedPolicy: open of dev/cpuctl/bg_non_interactive/limit_bg/tasks failed: Permission denied
03-29 11:20:39.239  7138  7147 E SchedPolicy: open of dev/cpuctl/limit_fg/tasks failed: Permission denied
03-29 11:20:39.239  7138  7147 E SchedPolicy: open of dev/cpuctl/bg_non_interactive/limit_bg/tasks failed: Permission denied
03-29 11:20:40.038  7158  7166 E SchedPolicy: open of dev/cpuctl/limit_fg/tasks failed: Permission denied
03-29 11:20:40.038  7158  7166 E SchedPolicy: open of dev/cpuctl/bg_non_interactive/limit_bg/tasks failed: Permission denied
03-29 11:20:40.041  1266  1277 I chatty  : uid=1000(system) Binder:1266_2 expire 23 lines
03-29 11:20:40.042  1266  1281 I chatty  : uid=1000(system) ActivityManager expire 2 lines
03-29 11:20:40.073  7168  7168 E SchedPolicy: open of dev/cpuctl/limit_fg/tasks failed: Permission denied
03-29 11:20:40.073  7168  7168 E SchedPolicy: open of dev/cpuctl/bg_non_interactive/limit_bg/tasks failed: Permission denied
03-29 11:20:40.089  7168  7168 D ActivityThread: ActivityThread,attachApplication
03-29 11:20:40.107  1266  1393 I chatty  : uid=1000(system) sManagerService expire 1 line
03-29 11:20:40.120  1893  2118 I HwNetworkPolicyManager: getHwUidPolicy uid = 1000 policy = 0
03-29 11:20:40.121  5423  5423 W ContextImpl: Calling a method in the system process without a qualified user: android.app.ContextImpl.sendBroadcast:979 android.content.ContextWrapper.sendBroadcast:421 com.android.settings.deviceinfo.UsbConnModeChooserFragment.updatePreferences:249 com.android.settings.deviceinfo.UsbConnModeChooserFragment.onResume:218 android.app.Fragment.performResume:2414 
03-29 11:20:40.122  4885  4950 I HwNetworkPolicyManager: getHwUidPolicy uid = 1000 policy = 0
03-29 11:20:40.129  1669  1683 I CommandQueue: updateBarBgColor
03-29 11:20:40.129  1669  1683 D CommandQueue: CommandQueue, setBarBackgroundColor
03-29 11:20:40.146  7184  7184 E SchedPolicy: open of dev/cpuctl/limit_fg/tasks failed: Permission denied
03-29 11:20:40.146  7184  7184 E SchedPolicy: open of dev/cpuctl/bg_non_interactive/limit_bg/tasks failed: Permission denied
03-29 11:20:40.165  7184  7184 D ActivityThread: ActivityThread,attachApplication
03-29 11:20:40.362  1266  1276 I chatty  : uid=1000(system) Binder:1266_1 expire 5 lines
03-29 11:20:40.365  1266  1277 I chatty  : uid=1000(system) Binder:1266_2 expire 2 lines
03-29 11:20:40.399  1266  2707 I chatty  : uid=1000(system) Binder:1266_14 expire 4 lines
03-29 11:20:40.400  1893  2118 I HwNetworkPolicyManager: getHwUidPolicy uid = 10404 policy = 0
03-29 11:20:40.400  1266  2708 I chatty  : uid=1000(system) Binder:1266_15 expire 2 lines
03-29 11:20:40.400  4885  4950 I HwNetworkPolicyManager: getHwUidPolicy uid = 10404 policy = 0
03-29 11:20:40.456  7249  7249 E SchedPolicy: open of dev/cpuctl/limit_fg/tasks failed: Permission denied
03-29 11:20:40.456  7249  7249 E SchedPolicy: open of dev/cpuctl/bg_non_interactive/limit_bg/tasks failed: Permission denied
03-29 11:20:40.462  1266  1433 I chatty  : uid=1000(system) Binder:1266_4 expire 4 lines
03-29 11:20:40.483  7249  7249 D ActivityThread: ActivityThread,attachApplication
03-29 11:20:40.483  1266  2105 I chatty  : uid=1000(system) Binder:1266_C expire 1 line
03-29 11:20:40.504  1266  2039 I chatty  : uid=1000(system) Binder:1266_7 expire 13 lines
03-29 11:20:40.505  1266  2687 I chatty  : uid=1000(system) Binder:1266_12 expire 7 lines
03-29 11:20:40.529  7168  7168 V ActivityThread: ActivityThread,callActivityOnCreate
03-29 11:20:40.539  1266  2104 I chatty  : uid=1000(system) Binder:1266_B expire 6 lines
03-29 11:20:40.646  7168  7168 D ActivityThread: add activity client record, r= ActivityRecord{a55aa4f token=android.os.BinderProxy@244ccab {cn.dcpai.auction/cn.dcpai.auction.SplashActivity}} token= android.os.BinderProxy@244ccab
03-29 11:20:40.681  1266  2107 I chatty  : uid=1000(system) Binder:1266_D expire 33 lines
03-29 11:20:40.684  1669  2120 I CommandQueue: updateBarBgColor
03-29 11:20:40.684  1669  2120 D CommandQueue: CommandQueue, setBarBackgroundColor
03-29 11:20:40.694  1266  2671 I chatty  : uid=1000(system) Binder:1266_10 expire 9 lines
03-29 11:20:40.725  1266  1299 I chatty  : uid=1000(system) Binder:1266_3 expire 3 lines
03-29 11:20:40.729  1266  2065 I chatty  : uid=1000(system) Binder:1266_8 expire 4 lines
03-29 11:20:40.739  7249  7333 E ActivityThread: Failed to find provider info for com.ludashi.benchmark.DownloadProvider
03-29 11:20:40.761  7249  7333 E ActivityThread: Failed to find provider info for com.ss.android.article.news.DownloadProvider
03-29 11:20:40.989  1266  1288 I chatty  : uid=1000(system) android.display expire 5 lines
03-29 11:20:42.511  1266  2715 I chatty  : uid=1000(system) Binder:1266_17 expire 14 lines
03-29 11:20:42.535  7168  7168 V ActivityThread: ActivityThread,callActivityOnCreate
03-29 11:20:42.566  1266  7418 I chatty  : uid=1000 system_server expire 4 lines
03-29 11:20:42.678  7168  7168 D ActivityThread: add activity client record, r= ActivityRecord{962f361 token=android.os.BinderProxy@ef7e459 {cn.dcpai.auction/cn.dcpai.auction.MainActivity}} token= android.os.BinderProxy@ef7e459
03-29 11:20:43.140  7168  7168 D ActivityThread: Remove activity client record, r= ActivityRecord{a55aa4f token=android.os.BinderProxy@244ccab {cn.dcpai.auction/cn.dcpai.auction.SplashActivity}} token= android.os.BinderProxy@244ccab
03-29 11:20:45.065  1266  1385 I chatty  : uid=1000(system) UEventObserver expire 12 lines
03-29 11:20:45.071  1266  1266 I chatty  : uid=1000 system_server expire 26 lines
03-29 11:20:45.247  1266  1509 I chatty  : uid=1000(system) LazyTaskWriterT expire 3 lines
03-29 11:20:48.058  1266  2038 I chatty  : uid=1000(system) Binder:1266_6 expire 5 lines
03-29 11:20:48.081  7168  7168 V ActivityThread: ActivityThread,callActivityOnCreate
03-29 11:20:48.167  7168  7168 D ActivityThread: add activity client record, r= ActivityRecord{3aaf100 token=android.os.BinderProxy@3d1e0e5 {cn.dcpai.auction/cn.dcpai.auction.activity.RiversLakesTopicDetailActivity}} token= android.os.BinderProxy@3d1e0e5
03-29 11:21:09.909  1266  1392 I chatty  : uid=1000(system) AlarmManager expire 3 lines
03-29 11:21:10.035  1266  1278 I chatty  : uid=1000(system) android.bg expire 3 lines
03-29 11:22:15.065  1266  1404 I chatty  : uid=1000(system) NetdConnector expire 14 lines
03-29 11:22:15.068  1266  1286 I chatty  : uid=1000(system) android.fg expire 10 lines
03-29 11:23:30.141  8329  8337 E SchedPolicy: open of dev/cpuctl/limit_fg/tasks failed: Permission denied
03-29 11:23:30.141  8329  8337 E SchedPolicy: open of dev/cpuctl/bg_non_interactive/limit_bg/tasks failed: Permission denied
03-29 11:23:46.031  1266  1385 I chatty  : uid=1000(system) UEventObserver expire 10 lines
03-29 11:23:46.041  1266  1266 I chatty  : uid=1000 system_server expire 12 lines
03-29 11:25:34.634  1266  2688 I chatty  : uid=1000(system) Binder:1266_13 expire 1 line
03-29 11:25:35.241  1266  1622 I chatty  : uid=1000(system) Binder:1266_5 expire 2 lines
03-29 11:25:35.633  7168  7168 D ActivityThread: Remove activity client record, r= ActivityRecord{3aaf100 token=android.os.BinderProxy@3d1e0e5 {cn.dcpai.auction/cn.dcpai.auction.activity.RiversLakesTopicDetailActivity}} token= android.os.BinderProxy@3d1e0e5
03-29 11:25:36.658  1266  1404 I chatty  : uid=1000(system) NetdConnector expire 4 lines
03-29 11:25:41.139  7339  9052 E SchedPolicy: open of dev/cpuctl/limit_fg/tasks failed: Permission denied
03-29 11:25:41.139  7339  9052 E SchedPolicy: open of dev/cpuctl/bg_non_interactive/limit_bg/tasks failed: Permission denied
03-29 11:25:46.668  1266  1266 I chatty  : uid=1000 system_server expire 6 lines
03-29 11:25:56.482  9123  9136 E SchedPolicy: open of dev/cpuctl/limit_fg/tasks failed: Permission denied
03-29 11:25:56.482  9123  9136 E SchedPolicy: open of dev/cpuctl/bg_non_interactive/limit_bg/tasks failed: Permission denied
03-29 11:25:56.971  9145  9153 E SchedPolicy: open of dev/cpuctl/limit_fg/tasks failed: Permission denied
03-29 11:25:56.971  9145  9153 E SchedPolicy: open of dev/cpuctl/bg_non_interactive/limit_bg/tasks failed: Permission denied
03-29 11:25:56.976  1266  1281 I chatty  : uid=1000(system) ActivityManager expire 3 lines
03-29 11:25:57.022  1266  2670 I chatty  : uid=1000(system) Binder:1266_F expire 2 lines
03-29 11:25:57.022  1893  2118 I HwNetworkPolicyManager: getHwUidPolicy uid = 10051 policy = 0
03-29 11:25:57.022  1266  2044 I chatty  : uid=1000(system) MultiTaskManage expire 2 lines
03-29 11:25:57.043  1669  1687 I CommandQueue: updateBarBgColor
03-29 11:25:57.043  1669  1687 D CommandQueue: CommandQueue, setBarBackgroundColor
03-29 11:25:57.049  1266  2067 I chatty  : uid=1000(system) Binder:1266_9 expire 16 lines
03-29 11:25:57.054  4885  4950 I HwNetworkPolicyManager: getHwUidPolicy uid = 10051 policy = 0
03-29 11:25:57.123  1266  2672 I chatty  : uid=1000(system) Binder:1266_11 expire 1 line
03-29 11:25:57.149  1266  2107 I chatty  : uid=1000(system) Binder:1266_D expire 1 line
03-29 11:25:57.491  9175  9188 E SchedPolicy: open of dev/cpuctl/limit_fg/tasks failed: Permission denied
03-29 11:25:57.491  9175  9188 E SchedPolicy: open of dev/cpuctl/bg_non_interactive/limit_bg/tasks failed: Permission denied
03-29 11:25:57.504  1266  1396 I chatty  : uid=1000(system) InputDispatcher expire 6 lines
03-29 11:25:58.298  9197  9210 E SchedPolicy: open of dev/cpuctl/limit_fg/tasks failed: Permission denied
03-29 11:25:58.298  9197  9210 E SchedPolicy: open of dev/cpuctl/bg_non_interactive/limit_bg/tasks failed: Permission denied
03-29 11:25:59.107  9225  9237 E SchedPolicy: open of dev/cpuctl/limit_fg/tasks failed: Permission denied
03-29 11:25:59.107  9225  9237 E SchedPolicy: open of dev/cpuctl/bg_non_interactive/limit_bg/tasks failed: Permission denied
03-29 11:25:59.989  9252  9253 E SchedPolicy: open of dev/cpuctl/limit_fg/tasks failed: Permission denied
03-29 11:25:59.989  9252  9253 E SchedPolicy: open of dev/cpuctl/bg_non_interactive/limit_bg/tasks failed: Permission denied
03-29 11:26:00.001  1266  1266 I chatty  : uid=1000 system_server expire 13 lines
03-29 11:26:00.013  1266  1509 I chatty  : uid=1000(system) LazyTaskWriterT expire 5 lines
03-29 11:26:00.607  9259  9269 E SchedPolicy: open of dev/cpuctl/limit_fg/tasks failed: Permission denied
03-29 11:26:00.607  9259  9269 E SchedPolicy: open of dev/cpuctl/bg_non_interactive/limit_bg/tasks failed: Permission denied
03-29 11:26:00.698  9274  9274 E SchedPolicy: open of dev/cpuctl/limit_fg/tasks failed: Permission denied
03-29 11:26:00.698  9274  9274 E SchedPolicy: open of dev/cpuctl/bg_non_interactive/limit_bg/tasks failed: Permission denied
03-29 11:26:00.797  1266  1302 I chatty  : uid=1000(system) PackageManager expire 2 lines
03-29 11:26:00.797  1266  1279 I chatty  : uid=1000(system) ActivityManager expire 11 lines
03-29 11:26:01.469  9284  9292 E SchedPolicy: open of dev/cpuctl/limit_fg/tasks failed: Permission denied
03-29 11:26:01.469  9284  9292 E SchedPolicy: open of dev/cpuctl/bg_non_interactive/limit_bg/tasks failed: Permission denied
03-29 11:26:02.029  9296  9305 E SchedPolicy: open of dev/cpuctl/limit_fg/tasks failed: Permission denied
03-29 11:26:02.029  9296  9305 E SchedPolicy: open of dev/cpuctl/bg_non_interactive/limit_bg/tasks failed: Permission denied
03-29 11:26:02.517  9307  9315 E SchedPolicy: open of dev/cpuctl/limit_fg/tasks failed: Permission denied
03-29 11:26:02.517  9307  9315 E SchedPolicy: open of dev/cpuctl/bg_non_interactive/limit_bg/tasks failed: Permission denied
03-29 11:26:03.052  9317  9328 E SchedPolicy: open of dev/cpuctl/limit_fg/tasks failed: Permission denied
03-29 11:26:03.052  9317  9328 E SchedPolicy: open of dev/cpuctl/bg_non_interactive/limit_bg/tasks failed: Permission denied
03-29 11:26:04.047  9341  9353 E SchedPolicy: open of dev/cpuctl/limit_fg/tasks failed: Permission denied
03-29 11:26:04.047  9341  9353 E SchedPolicy: open of dev/cpuctl/bg_non_interactive/limit_bg/tasks failed: Permission denied
03-29 11:26:04.922  9360  9371 E SchedPolicy: open of dev/cpuctl/limit_fg/tasks failed: Permission denied
03-29 11:26:04.922  9360  9371 E SchedPolicy: open of dev/cpuctl/bg_non_interactive/limit_bg/tasks failed: Permission denied
03-29 11:26:06.767  9387  9404 E SchedPolicy: open of dev/cpuctl/limit_fg/tasks failed: Permission denied
03-29 11:26:06.767  9387  9404 E SchedPolicy: open of dev/cpuctl/bg_non_interactive/limit_bg/tasks failed: Permission denied
03-29 11:26:06.775  1266  2715 I chatty  : uid=1000(system) Binder:1266_17 expire 7 lines
03-29 11:26:07.514  9415  9426 E SchedPolicy: open of dev/cpuctl/limit_fg/tasks failed: Permission denied
03-29 11:26:07.514  9415  9426 E SchedPolicy: open of dev/cpuctl/bg_non_interactive/limit_bg/tasks failed: Permission denied
03-29 11:26:07.517  1266  1433 I chatty  : uid=1000(system) Binder:1266_4 expire 11 lines
03-29 11:26:07.790  1266  1299 I chatty  : uid=1000(system) Binder:1266_3 expire 4 lines
03-29 11:26:07.791  9429  9429 E SchedPolicy: open of dev/cpuctl/limit_fg/tasks failed: Permission denied
03-29 11:26:07.791  9429  9429 E SchedPolicy: open of dev/cpuctl/bg_non_interactive/limit_bg/tasks failed: Permission denied
03-29 11:26:07.799  9429  9429 D ActivityThread: ActivityThread,attachApplication
03-29 11:26:07.800  1266  2065 I chatty  : uid=1000(system) Binder:1266_8 expire 10 lines
03-29 11:26:07.824  1266  2104 I chatty  : uid=1000(system) Binder:1266_B expire 1 line
03-29 11:26:07.824  1893  2118 I HwNetworkPolicyManager: getHwUidPolicy uid = 10404 policy = 0
03-29 11:26:07.826  1266  2107 I chatty  : uid=1000(system) Binder:1266_D expire 1 line
03-29 11:26:07.827  4885  4950 I HwNetworkPolicyManager: getHwUidPolicy uid = 10404 policy = 0
03-29 11:26:07.957  1266  2707 I chatty  : uid=1000(system) Binder:1266_14 expire 4 lines
03-29 11:26:08.027  1266  2670 I chatty  : uid=1000(system) Binder:1266_F expire 4 lines
03-29 11:26:08.027  9492  9492 E SchedPolicy: open of dev/cpuctl/limit_fg/tasks failed: Permission denied
03-29 11:26:08.027  9492  9492 E SchedPolicy: open of dev/cpuctl/bg_non_interactive/limit_bg/tasks failed: Permission denied
03-29 11:26:08.037  9492  9492 D ActivityThread: ActivityThread,attachApplication
03-29 11:26:08.038  1266  2039 I chatty  : uid=1000(system) Binder:1266_7 expire 9 lines
03-29 11:26:08.087  9429  9429 V ActivityThread: ActivityThread,callActivityOnCreate
03-29 11:26:08.206  9429  9429 D ActivityThread: add activity client record, r= ActivityRecord{c9f568f token=android.os.BinderProxy@29dd3ea {cn.dcpai.auction/cn.dcpai.auction.SplashActivity}} token= android.os.BinderProxy@29dd3ea
03-29 11:26:08.246  1266  1276 I chatty  : uid=1000(system) Binder:1266_1 expire 32 lines
03-29 11:26:08.247  1669  1687 I CommandQueue: updateBarBgColor
03-29 11:26:08.247  1669  1687 D CommandQueue: CommandQueue, setBarBackgroundColor
03-29 11:26:08.265  1266  2671 I chatty  : uid=1000(system) Binder:1266_10 expire 3 lines
03-29 11:26:08.279  9492  9550 E ActivityThread: Failed to find provider info for com.ludashi.benchmark.DownloadProvider
03-29 11:26:08.288  1266  2094 I chatty  : uid=1000(system) Binder:1266_A expire 10 lines
03-29 11:26:08.300  9492  9550 E ActivityThread: Failed to find provider info for com.ss.android.article.news.DownloadProvider
03-29 11:26:08.330  1266  1277 I chatty  : uid=1000(system) Binder:1266_2 expire 2 lines
03-29 11:26:08.355  1266  2714 I chatty  : uid=1000(system) Binder:1266_16 expire 3 lines
03-29 11:26:08.356  9587  9587 E SchedPolicy: open of dev/cpuctl/limit_fg/tasks failed: Permission denied
03-29 11:26:08.356  9587  9587 E SchedPolicy: open of dev/cpuctl/bg_non_interactive/limit_bg/tasks failed: Permission denied
03-29 11:26:08.365  9587  9587 D ActivityThread: ActivityThread,attachApplication
03-29 11:26:08.369  1266  2067 I chatty  : uid=1000(system) Binder:1266_9 expire 9 lines
03-29 11:26:08.418  1266  2687 I chatty  : uid=1000(system) Binder:1266_12 expire 4 lines
03-29 11:26:08.530  1266  1288 I chatty  : uid=1000(system) android.display expire 5 lines
03-29 11:26:09.296  1266  1278 I chatty  : uid=1000(system) android.bg expire 7 lines
03-29 11:26:09.548  1266  1622 I chatty  : uid=1000(system) Binder:1266_5 expire 6 lines
03-29 11:26:09.566  9429  9429 V ActivityThread: ActivityThread,callActivityOnCreate
03-29 11:26:09.594  1266  2105 I chatty  : uid=1000(system) Binder:1266_C expire 1 line
03-29 11:26:09.595  1266  9627 I chatty  : uid=1000 system_server expire 4 lines
03-29 11:26:09.719  9429  9429 D ActivityThread: add activity client record, r= ActivityRecord{9b2dd12 token=android.os.BinderProxy@76ef6cc {cn.dcpai.auction/cn.dcpai.auction.MainActivity}} token= android.os.BinderProxy@76ef6cc
03-29 11:26:10.182  9429  9429 D ActivityThread: Remove activity client record, r= ActivityRecord{c9f568f token=android.os.BinderProxy@29dd3ea {cn.dcpai.auction/cn.dcpai.auction.SplashActivity}} token= android.os.BinderProxy@29dd3ea
03-29 11:26:10.184  1266  2708 I chatty  : uid=1000(system) Binder:1266_15 expire 2 lines
03-29 11:26:16.824  1266  1385 I chatty  : uid=1000(system) UEventObserver expire 12 lines
03-29 11:26:16.826  1266  1266 I chatty  : uid=1000 system_server expire 21 lines
03-29 11:26:18.270  9429  9429 V ActivityThread: ActivityThread,callActivityOnCreate
03-29 11:26:18.359  9429  9429 D ActivityThread: add activity client record, r= ActivityRecord{b7751e1 token=android.os.BinderProxy@ec015c2 {cn.dcpai.auction/cn.dcpai.auction.activity.RiversLakesTopicDetailActivity}} token= android.os.BinderProxy@ec015c2
03-29 11:26:18.366  1266  2094 I chatty  : uid=1000(system) Binder:1266_A expire 5 lines
03-29 11:27:35.175  1266  1404 I chatty  : uid=1000(system) NetdConnector expire 8 lines
03-29 11:27:35.179  1266  1286 I chatty  : uid=1000(system) android.fg expire 4 lines
03-29 11:28:14.337  1266  1392 I chatty  : uid=1000(system) AlarmManager expire 1 line
03-29 11:29:01.587 10494 10502 E SchedPolicy: open of dev/cpuctl/limit_fg/tasks failed: Permission denied
03-29 11:29:01.587 10494 10502 E SchedPolicy: open of dev/cpuctl/bg_non_interactive/limit_bg/tasks failed: Permission denied
03-29 11:29:10.282  1266  2669 I chatty  : uid=1000(system) Binder:1266_E expire 1 line
03-29 11:29:17.785  1266  1385 I chatty  : uid=1000(system) UEventObserver expire 2 lines
03-29 11:29:17.790  1266  1266 I chatty  : uid=1000 system_server expire 8 lines
03-29 11:29:19.436  9429  9429 D ActivityThread: Remove activity client record, r= ActivityRecord{b7751e1 token=android.os.BinderProxy@ec015c2 {cn.dcpai.auction/cn.dcpai.auction.activity.RiversLakesTopicDetailActivity}} token= android.os.BinderProxy@ec015c2
03-29 11:29:40.596 10704 10712 E SchedPolicy: open of dev/cpuctl/limit_fg/tasks failed: Permission denied
03-29 11:29:40.596 10704 10712 E SchedPolicy: open of dev/cpuctl/bg_non_interactive/limit_bg/tasks failed: Permission denied
03-29 11:29:41.102 10714 10725 E SchedPolicy: open of dev/cpuctl/limit_fg/tasks failed: Permission denied
03-29 11:29:41.102 10714 10725 E SchedPolicy: open of dev/cpuctl/bg_non_interactive/limit_bg/tasks failed: Permission denied
03-29 11:29:41.107  1266  1281 I chatty  : uid=1000(system) ActivityManager expire 1 line
03-29 11:29:41.156  1266  2044 I chatty  : uid=1000(system) MultiTaskManage expire 2 lines
03-29 11:29:41.165  1266  2038 I chatty  : uid=1000(system) Binder:1266_6 expire 1 line
03-29 11:29:41.165  1893  2118 I HwNetworkPolicyManager: getHwUidPolicy uid = 10051 policy = 0
03-29 11:29:41.168  1266  2688 I chatty  : uid=1000(system) Binder:1266_13 expire 1 line
03-29 11:29:41.169  4885  4950 I HwNetworkPolicyManager: getHwUidPolicy uid = 10051 policy = 0
03-29 11:29:41.175  1266  2065 I chatty  : uid=1000(system) Binder:1266_8 expire 1 line
03-29 11:29:41.176  1669  1687 I CommandQueue: updateBarBgColor
03-29 11:29:41.176  1669  1687 D CommandQueue: CommandQueue, setBarBackgroundColor
03-29 11:29:41.620 10734 10742 E SchedPolicy: open of dev/cpuctl/limit_fg/tasks failed: Permission denied
03-29 11:29:41.620 10734 10742 E SchedPolicy: open of dev/cpuctl/bg_non_interactive/limit_bg/tasks failed: Permission denied
03-29 11:29:42.270 10747 10758 E SchedPolicy: open of dev/cpuctl/limit_fg/tasks failed: Permission denied
03-29 11:29:42.270 10747 10758 E SchedPolicy: open of dev/cpuctl/bg_non_interactive/limit_bg/tasks failed: Permission denied
03-29 11:29:42.272  1266  2672 I chatty  : uid=1000(system) Binder:1266_11 expire 14 lines
03-29 11:29:47.963  1266  1385 I chatty  : uid=1000(system) UEventObserver expire 10 lines
03-29 11:29:47.973  1266  1266 I chatty  : uid=1000 system_server expire 20 lines
03-29 11:29:59.842  1266  1299 I chatty  : uid=1000(system) Binder:1266_3 expire 2 lines
03-29 11:29:59.863  1266  1622 I chatty  : uid=1000(system) Binder:1266_5 expire 3 lines
03-29 11:29:59.868  1266  1276 I chatty  : uid=1000(system) Binder:1266_1 expire 4 lines
03-29 11:29:59.872  1266  2714 I chatty  : uid=1000(system) Binder:1266_16 expire 1 line
03-29 11:30:09.881  1266  2707 I chatty  : uid=1000(system) Binder:1266_14 expire 3 lines
03-29 11:30:15.222  1266  1404 I chatty  : uid=1000(system) NetdConnector expire 14 lines
03-29 11:30:15.229  1266  1286 I chatty  : uid=1000(system) android.fg expire 8 lines
03-29 11:31:55.038  1266  1392 I chatty  : uid=1000(system) AlarmManager expire 9 lines
03-29 11:31:55.049  1266  1405 I chatty  : uid=1000(system) NetworkStats expire 1 line
03-29 11:31:55.112  1266 11390 I chatty  : uid=1000 system_server expire 3 lines
03-29 11:31:55.191  1266  2708 I chatty  : uid=1000(system) Binder:1266_15 expire 2 lines
03-29 11:31:55.193 11391 11391 E SchedPolicy: open of dev/cpuctl/limit_fg/tasks failed: Permission denied
03-29 11:31:55.193 11391 11391 E SchedPolicy: open of dev/cpuctl/bg_non_interactive/limit_bg/tasks failed: Permission denied
03-29 11:31:55.211 11391 11391 D ActivityThread: ActivityThread,attachApplication
03-29 11:31:55.211  1266  2094 I chatty  : uid=1000(system) Binder:1266_A expire 1 line
03-29 11:31:55.216  1266  1393 I chatty  : uid=1000(system) sManagerService expire 2 lines
03-29 11:31:55.259  1266  2067 I chatty  : uid=1000(system) Binder:1266_9 expire 5 lines
03-29 11:31:55.293  1266  2687 I chatty  : uid=1000(system) Binder:1266_12 expire 3 lines
03-29 11:31:55.430  1266  1277 I chatty  : uid=1000(system) Binder:1266_2 expire 1 line
03-29 11:32:00.003  1266  1266 I chatty  : uid=1000 system_server expire 70 lines
03-29 11:32:18.831  1266  1385 I chatty  : uid=1000(system) UEventObserver expire 32 lines
03-29 11:33:41.459  1266  1284 I chatty  : uid=1000(system) batterystats-sy expire 3 lines
03-29 11:34:47.540  1266  2671 I chatty  : uid=1000(system) Binder:1266_10 expire 3 lines
03-29 11:36:55.136  1266 12813 I chatty  : uid=1000 system_server expire 3 lines
03-29 11:38:47.334  1266  2688 I chatty  : uid=1000(system) Binder:1266_13 expire 1 line
03-29 11:38:48.121  1266  2039 I chatty  : uid=1000(system) Binder:1266_7 expire 2 lines
03-29 11:39:41.632  1266  1292 I chatty  : uid=1000(system) PowerManagerSer expire 5 lines
03-29 11:39:41.720  1266  1387 I chatty  : uid=1000(system) fingerprintServ expire 8 lines
03-29 11:39:41.736  1266  2105 I chatty  : uid=1000(system) Binder:1266_C expire 4 lines
03-29 11:39:41.860  1266  1288 I chatty  : uid=1000(system) android.display expire 1 line
03-29 11:39:42.133  1266  1407 I chatty  : uid=1000(system) WifiP2pService expire 5 lines
03-29 11:39:42.205  1266  2672 I chatty  : uid=1000(system) Binder:1266_11 expire 2 lines
03-29 11:39:42.321  1266  1280 I chatty  : uid=1000(system) android.ui expire 1 line
03-29 11:39:45.413  1266  1433 I chatty  : uid=1000(system) Binder:1266_4 expire 11 lines
03-29 11:39:46.778  1266  2715 I chatty  : uid=1000(system) Binder:1266_17 expire 2 lines
03-29 11:39:46.789  1266  2669 I chatty  : uid=1000(system) Binder:1266_E expire 1 line
03-29 11:39:46.822  1266  2065 I chatty  : uid=1000(system) Binder:1266_8 expire 1 line
03-29 11:39:46.835  1266  2038 I chatty  : uid=1000(system) Binder:1266_6 expire 2 lines
03-29 11:39:46.878  1669  1669 V KeyguardStatusView: refresh statusview showing:true
03-29 11:39:46.885  1669  1669 V KeyguardDisplayManager: show
03-29 11:39:46.993 13623 13623 E SchedPolicy: open of dev/cpuctl/limit_fg/tasks failed: Permission denied
03-29 11:39:46.993 13623 13623 E SchedPolicy: open of dev/cpuctl/bg_non_interactive/limit_bg/tasks failed: Permission denied
03-29 11:39:47.014 13623 13623 D ActivityThread: ActivityThread,attachApplication
03-29 11:39:47.015  1266  2104 I chatty  : uid=1000(system) Binder:1266_B expire 1 line
03-29 11:39:47.082  1266  1266 I chatty  : uid=1000 system_server expire 3 lines
03-29 11:39:51.651  1266  1385 I chatty  : uid=1000(system) UEventObserver expire 32 lines
03-29 11:40:02.636  1266  1404 I chatty  : uid=1000(system) NetdConnector expire 22 lines
03-29 11:40:02.646  1266  1286 I chatty  : uid=1000(system) android.fg expire 121 lines
03-29 11:40:21.916  1266  1266 I chatty  : uid=1000 system_server expire 38 lines
03-29 11:41:55.124  1266  1392 I chatty  : uid=1000(system) AlarmManager expire 4 lines
03-29 11:41:55.240  1266 14238 I chatty  : uid=1000 system_server expire 3 lines
03-29 11:41:55.275  1266 14237 I chatty  : uid=1000 system_server expire 3 lines
03-29 11:42:23.316  1266  1284 I chatty  : uid=1000(system) batterystats-sy expire 6 lines
03-29 11:43:06.940  1266  2708 I chatty  : uid=1000(system) Binder:1266_15 expire 3 lines
03-29 11:43:06.973  1266  1276 I chatty  : uid=1000(system) Binder:1266_1 expire 3 lines
03-29 11:44:03.566  1266  1279 I chatty  : uid=1000(system) ActivityManager expire 1 line
03-29 11:44:03.643  1266  1278 I chatty  : uid=1000(system) android.bg expire 1 line
03-29 11:46:34.322  1266 15507 I chatty  : uid=1000 system_server expire 20 lines
03-29 11:47:24.041  1266  1266 I chatty  : uid=1000 system_server expire 46 lines
03-29 11:47:24.092  1266  1291 I chatty  : uid=1000(system) CpuTracker expire 2 lines
03-29 11:47:24.613  1266  1385 I chatty  : uid=1000(system) UEventObserver expire 50 lines
03-29 11:49:18.221  1266  1404 I chatty  : uid=1000(system) NetdConnector expire 22 lines
03-29 11:49:18.225  1266  1286 I chatty  : uid=1000(system) android.fg expire 121 lines
03-29 11:49:19.048  1266  1278 I chatty  : uid=1000(system) android.bg expire 1 line
03-29 11:49:42.346  1266  1392 I chatty  : uid=1000(system) AlarmManager expire 5 lines
03-29 11:59:06.265  1266  2670 I chatty  : uid=1000(system) Binder:1266_F expire 1 line
03-29 11:59:06.301  1266  2707 I chatty  : uid=1000(system) Binder:1266_14 expire 1 line
03-29 11:59:06.306  1266  2105 I chatty  : uid=1000(system) Binder:1266_C expire 1 line
03-29 11:59:06.311  1266  2672 I chatty  : uid=1000(system) Binder:1266_11 expire 1 line
03-29 11:59:06.936  1266  2687 I chatty  : uid=1000(system) Binder:1266_12 expire 1 line
03-29 11:59:06.942  1266  2671 I chatty  : uid=1000(system) Binder:1266_10 expire 1 line
03-29 11:59:07.087  1266  2708 I chatty  : uid=1000(system) Binder:1266_15 expire 1 line
03-29 11:59:16.254  1266  1276 I chatty  : uid=1000(system) Binder:1266_1 expire 1 line
03-29 11:59:59.817  1266  1385 I chatty  : uid=1000(system) UEventObserver expire 60 lines
03-29 12:00:17.436  1266  1404 I chatty  : uid=1000(system) NetdConnector expire 23 lines
03-29 12:00:17.446  1266  1286 I chatty  : uid=1000(system) android.fg expire 99 lines
03-29 12:01:00.269  1266  1266 I chatty  : uid=1000 system_server expire 31 lines
03-29 12:01:09.279  1266  1405 I chatty  : uid=1000(system) NetworkStats expire 1 line
03-29 12:01:09.287  1266  1392 I chatty  : uid=1000(system) AlarmManager expire 12 lines
03-29 12:01:09.499  1266  1433 I chatty  : uid=1000(system) Binder:1266_4 expire 6 lines
03-29 12:01:09.573  1266  1277 I chatty  : uid=1000(system) Binder:1266_2 expire 6 lines
03-29 12:01:09.611  1266  2715 I chatty  : uid=1000(system) Binder:1266_17 expire 3 lines
03-29 12:09:52.420  1266  1278 I chatty  : uid=1000(system) android.bg expire 1 line
03-29 12:12:23.322  1266  1284 I chatty  : uid=1000(system) batterystats-sy expire 3 lines
03-29 12:13:06.988  1266  2104 I chatty  : uid=1000(system) Binder:1266_B expire 3 lines
03-29 12:14:04.966  1266  1291 I chatty  : uid=1000(system) CpuTracker expire 1 line
03-29 12:14:48.811  1266  1279 I chatty  : uid=1000(system) ActivityManager expire 1 line
03-29 12:14:48.841  1266 23406 I chatty  : uid=1000 system_server expire 3 lines
03-29 12:14:48.878  1266 23407 I chatty  : uid=1000 system_server expire 3 lines
03-29 12:14:48.878  1266  1404 I chatty  : uid=1000(system) NetdConnector expire 25 lines
03-29 12:14:48.880  1266  1286 I chatty  : uid=1000(system) android.fg expire 134 lines
03-29 12:15:05.240  1266  1385 I chatty  : uid=1000(system) UEventObserver expire 32 lines
03-29 12:15:05.250  1266  1266 I chatty  : uid=1000 system_server expire 26 lines
03-29 12:16:34.346  1266 23883 I chatty  : uid=1000 system_server expire 20 lines
03-29 12:19:10.327  1266  1622 I chatty  : uid=1000(system) Binder:1266_5 expire 2 lines
03-29 12:19:10.345  1266  2067 I chatty  : uid=1000(system) Binder:1266_9 expire 1 line
03-29 12:19:10.350  1266  2094 I chatty  : uid=1000(system) Binder:1266_A expire 1 line
03-29 12:19:10.355  1266  2688 I chatty  : uid=1000(system) Binder:1266_13 expire 2 lines
03-29 12:19:10.394  1266  2687 I chatty  : uid=1000(system) Binder:1266_12 expire 1 line
03-29 12:19:10.398  1266  2039 I chatty  : uid=1000(system) Binder:1266_7 expire 2 lines
03-29 12:19:20.369  1266  2107 I chatty  : uid=1000(system) Binder:1266_D expire 1 line
03-29 12:19:25.239  1266  2707 I chatty  : uid=1000(system) Binder:1266_14 expire 1 line
03-29 12:19:26.037  1266  2669 I chatty  : uid=1000(system) Binder:1266_E expire 1 line
03-29 12:19:35.191  1266  2105 I chatty  : uid=1000(system) Binder:1266_C expire 1 line
03-29 12:19:48.982  1266  1392 I chatty  : uid=1000(system) AlarmManager expire 3 lines
03-29 12:20:37.182  1266  1291 I chatty  : uid=1000(system) CpuTracker expire 1 line
03-29 12:22:56.023  1266  1404 I chatty  : uid=1000(system) NetdConnector expire 12 lines
03-29 12:22:56.026  1266  1286 I chatty  : uid=1000(system) android.fg expire 66 lines
03-29 12:23:08.112  1266  1385 I chatty  : uid=1000(system) UEventObserver expire 14 lines
03-29 12:23:08.120  1266  1266 I chatty  : uid=1000 system_server expire 14 lines
03-29 12:24:49.145  1266  1392 I chatty  : uid=1000(system) AlarmManager expire 7 lines
03-29 12:26:09.351  1266  1278 I chatty  : uid=1000(system) android.bg expire 6 lines
03-29 12:26:09.479  1266  2714 I chatty  : uid=1000(system) Binder:1266_16 expire 2 lines
03-29 12:26:09.480  1266  1422 I chatty  : uid=1000(system) ConnectivitySer expire 4 lines
03-29 12:26:11.724  1266  2672 I chatty  : uid=1000(system) Binder:1266_11 expire 5 lines
03-29 12:26:11.746 26532 26532 E SchedPolicy: open of dev/cpuctl/limit_fg/tasks failed: Permission denied
03-29 12:26:11.746 26532 26532 E SchedPolicy: open of dev/cpuctl/bg_non_interactive/limit_bg/tasks failed: Permission denied
03-29 12:26:11.766 26532 26532 D ActivityThread: ActivityThread,attachApplication
03-29 12:26:11.768  1266  2671 I chatty  : uid=1000(system) Binder:1266_10 expire 1 line
03-29 12:26:11.775  1266  1393 I chatty  : uid=1000(system) sManagerService expire 1 line
03-29 12:26:14.264  1266  1404 I chatty  : uid=1000(system) NetdConnector expire 14 lines
03-29 12:26:14.274  1266  1286 I chatty  : uid=1000(system) android.fg expire 45 lines
03-29 12:26:14.508  1266  2038 I chatty  : uid=1000(system) Binder:1266_6 expire 2 lines
03-29 12:26:14.514  1266  1266 I chatty  : uid=1000 system_server expire 29 lines
03-29 12:26:39.502  1266  1385 I chatty  : uid=1000(system) UEventObserver expire 20 lines
03-29 12:29:59.892  1266  2687 I chatty  : uid=1000(system) Binder:1266_12 expire 7 lines
03-29 12:29:59.898  1266  2688 I chatty  : uid=1000(system) Binder:1266_13 expire 1 line
03-29 12:29:59.903  1266  2107 I chatty  : uid=1000(system) Binder:1266_D expire 1 line
03-29 12:29:59.916  1266  2708 I chatty  : uid=1000(system) Binder:1266_15 expire 1 line
03-29 12:29:59.919  1266  2105 I chatty  : uid=1000(system) Binder:1266_C expire 1 line
03-29 12:30:00.396  1266  1405 I chatty  : uid=1000(system) NetworkStats expire 1 line
03-29 12:30:09.908  1266  2707 I chatty  : uid=1000(system) Binder:1266_14 expire 1 line
03-29 12:31:14.497  1266  1286 I chatty  : uid=1000(system) android.fg expire 144 lines
03-29 12:31:29.594  1266  1404 I chatty  : uid=1000(system) NetdConnector expire 26 lines
03-29 12:31:41.737  1266  1385 I chatty  : uid=1000(system) UEventObserver expire 48 lines
03-29 12:31:41.745  1266  1266 I chatty  : uid=1000 system_server expire 18 lines
03-29 12:36:14.604  1266  1392 I chatty  : uid=1000(system) AlarmManager expire 4 lines
03-29 12:39:44.193  1266  2669 I chatty  : uid=1000(system) Binder:1266_E expire 1 line
03-29 12:39:44.209  1266  2708 I chatty  : uid=1000(system) Binder:1266_15 expire 1 line
03-29 12:39:44.215  1266  2714 I chatty  : uid=1000(system) Binder:1266_16 expire 1 line
03-29 12:39:44.220  1266  2672 I chatty  : uid=1000(system) Binder:1266_11 expire 1 line
03-29 12:39:45.052  1266  1622 I chatty  : uid=1000(system) Binder:1266_5 expire 1 line
03-29 12:39:54.185  1266  2715 I chatty  : uid=1000(system) Binder:1266_17 expire 1 line
03-29 12:42:23.313  1266  1284 I chatty  : uid=1000(system) batterystats-sy expire 3 lines
03-29 12:43:06.961  1266  2065 I chatty  : uid=1000(system) Binder:1266_8 expire 3 lines
03-29 12:43:07.003  1266  2067 I chatty  : uid=1000(system) Binder:1266_9 expire 3 lines
03-29 12:43:30.088  1266  1286 I chatty  : uid=1000(system) android.fg expire 75 lines
03-29 12:43:46.372  1266  1385 I chatty  : uid=1000(system) UEventObserver expire 28 lines
03-29 12:43:46.386  1266  1266 I chatty  : uid=1000 system_server expire 11 lines
03-29 12:44:48.824  1266  1392 I chatty  : uid=1000(system) AlarmManager expire 5 lines
03-29 12:44:48.862  1266  1279 I chatty  : uid=1000(system) ActivityManager expire 1 line
03-29 12:44:48.937  1266 31622 I chatty  : uid=1000 system_server expire 3 lines
03-29 12:44:48.995  1266 31623 I chatty  : uid=1000 system_server expire 3 lines
03-29 12:46:15.071  1266  1404 I chatty  : uid=1000(system) NetdConnector expire 12 lines
03-29 12:46:34.367  1266 32102 I chatty  : uid=1000 system_server expire 20 lines
03-29 12:50:42.290  3880  3909 D DownloadManager: Removed 0 stale downloads
03-29 12:50:42.316  3880  3909 D DownloadManager: Found 0 files in database
03-29 12:50:42.316  3880  3909 D DownloadManager: Found 0 files on disk
