03-29 14:55:20.798  1266  1387 I chatty  : uid=1000(system) fingerprintServ expire 14 lines
03-29 14:55:20.841  1266  1622 I chatty  : uid=1000(system) Binder:1266_5 expire 3 lines
03-29 14:55:20.914  1266  1288 I chatty  : uid=1000(system) android.display expire 4 lines
03-29 14:55:21.240  1266  1407 I chatty  : uid=1000(system) WifiP2pService expire 10 lines
03-29 14:55:21.428  1266  1280 I chatty  : uid=1000(system) android.ui expire 3 lines
03-29 14:55:25.845  1266  2671 I chatty  : uid=1000(system) Binder:1266_10 expire 2 lines
03-29 14:55:25.856  1266  1276 I chatty  : uid=1000(system) Binder:1266_1 expire 4 lines
03-29 14:55:25.880  1266  1277 I chatty  : uid=1000(system) Binder:1266_2 expire 1 line
03-29 14:55:25.886  1266  2672 I chatty  : uid=1000(system) Binder:1266_11 expire 2 lines
03-29 14:55:25.890  1266  2038 I chatty  : uid=1000(system) Binder:1266_6 expire 8 lines
03-29 14:55:25.895  1266  2094 I chatty  : uid=1000(system) Binder:1266_A expire 3 lines
03-29 14:55:25.958  1669  1669 V KeyguardStatusView: refresh statusview showing:true
03-29 14:55:25.966  1669  1669 V KeyguardDisplayManager: show
03-29 14:55:26.064  6974  6974 E SchedPolicy: open of dev/cpuctl/limit_fg/tasks failed: Permission denied
03-29 14:55:26.064  6974  6974 E SchedPolicy: open of dev/cpuctl/bg_non_interactive/limit_bg/tasks failed: Permission denied
03-29 14:55:26.087  6974  6974 D ActivityThread: ActivityThread,attachApplication
03-29 14:55:26.088  1266  1299 I chatty  : uid=1000(system) Binder:1266_3 expire 3 lines
03-29 14:55:26.095  1266  1393 I chatty  : uid=1000(system) sManagerService expire 2 lines
03-29 14:55:26.164  1266  1266 I chatty  : uid=1000 system_server expire 14 lines
03-29 14:55:26.271  1266  2105 I chatty  : uid=1000(system) Binder:1266_C expire 2 lines
03-29 14:55:30.036  1266  1404 I chatty  : uid=1000(system) NetdConnector expire 10 lines
03-29 14:55:57.711  1266  1397 I chatty  : uid=1000(system) InputReader expire 6 lines
03-29 14:56:01.578  1266  2067 I chatty  : uid=1000(system) Binder:1266_9 expire 3 lines
03-29 14:56:01.615  7189  7189 E SchedPolicy: open of dev/cpuctl/limit_fg/tasks failed: Permission denied
03-29 14:56:01.616  7189  7189 E SchedPolicy: open of dev/cpuctl/bg_non_interactive/limit_bg/tasks failed: Permission denied
03-29 14:56:01.636  7189  7189 D ActivityThread: ActivityThread,attachApplication
03-29 14:56:03.534  1266  2707 I chatty  : uid=1000(system) Binder:1266_14 expire 3 lines
03-29 14:56:03.659  1266  1286 I chatty  : uid=1000(system) android.fg expire 13 lines
03-29 14:56:03.681  1669  1669 V KeyguardDisplayManager: hide
03-29 14:56:03.688  1266  1279 I chatty  : uid=1000(system) ActivityManager expire 1 line
03-29 14:56:03.720  1266  1407 I chatty  : uid=1000(system) WifiP2pService expire 5 lines
03-29 14:56:10.117  1266  7269 I chatty  : uid=1000 system_server expire 3 lines
03-29 14:56:12.966  1266  1983 I chatty  : uid=1000(system) LocationThread expire 3 lines
03-29 14:56:12.968  1266  7310 I chatty  : uid=1000 system_server expire 4 lines
03-29 14:56:13.109  1266  2298 I chatty  : uid=1000(system) IPC Thread expire 22 lines
03-29 14:56:17.033  1266  1288 I chatty  : uid=1000(system) android.display expire 4 lines
03-29 14:56:18.002  1266  1404 I chatty  : uid=1000(system) NetdConnector expire 12 lines
03-29 14:56:18.006  1266  1286 I chatty  : uid=1000(system) android.fg expire 10 lines
03-29 14:56:23.147  1266  7312 I chatty  : uid=1000 system_server expire 1 line
03-29 14:56:33.012  1266  1983 I chatty  : uid=1000(system) LocationThread expire 2 lines
03-29 14:56:39.491  1266  1385 I chatty  : uid=1000(system) UEventObserver expire 10 lines
03-29 14:56:39.504  1266  1266 I chatty  : uid=1000 system_server expire 12 lines
03-29 14:58:59.335  6491  8198 E SchedPolicy: open of dev/cpuctl/limit_fg/tasks failed: Permission denied
03-29 14:58:59.335  6491  8198 E SchedPolicy: open of dev/cpuctl/bg_non_interactive/limit_bg/tasks failed: Permission denied
03-29 14:59:00.006  1266  1266 I chatty  : uid=1000 system_server expire 15 lines
03-29 14:59:10.340  1266  1622 I chatty  : uid=1000(system) Binder:1266_5 expire 2 lines
03-29 14:59:10.344  1266  1385 I chatty  : uid=1000(system) UEventObserver expire 10 lines
03-29 14:59:10.375  1266  2104 I chatty  : uid=1000(system) Binder:1266_B expire 8 lines
03-29 14:59:10.380  1266  2107 I chatty  : uid=1000(system) Binder:1266_D expire 1 line
03-29 14:59:10.384  1266  2708 I chatty  : uid=1000(system) Binder:1266_15 expire 6 lines
03-29 14:59:10.401  1266  2065 I chatty  : uid=1000(system) Binder:1266_8 expire 3 lines
03-29 14:59:10.406  1266  1299 I chatty  : uid=1000(system) Binder:1266_3 expire 6 lines
03-29 14:59:20.395  1266  2688 I chatty  : uid=1000(system) Binder:1266_13 expire 1 line
03-29 15:00:00.009  1266  1392 I chatty  : uid=1000(system) AlarmManager expire 9 lines
03-29 15:00:00.070  1266  2671 I chatty  : uid=1000(system) Binder:1266_10 expire 4 lines
03-29 15:00:00.243  1266  2669 I chatty  : uid=1000(system) Binder:1266_E expire 3 lines
03-29 15:00:22.955  1266  2672 I chatty  : uid=1000(system) Binder:1266_11 expire 5 lines
03-29 15:00:22.969  1266  2670 I chatty  : uid=1000(system) Binder:1266_F expire 2 lines
03-29 15:00:22.997 15920 15920 V ActivityThread: ActivityThread,callActivityOnCreate
03-29 15:00:23.103 15920 15920 D ActivityThread: add activity client record, r= ActivityRecord{62db73e token=android.os.BinderProxy@a89afd2 {cn.dcpai.auction/cn.dcpai.auction.activity.RiversLakesTopicDetailActivity}} token= android.os.BinderProxy@a89afd2
03-29 15:00:27.227  1266  1509 I chatty  : uid=1000(system) LazyTaskWriterT expire 2 lines
03-29 15:00:28.067  1266  2687 I chatty  : uid=1000(system) Binder:1266_12 expire 1 line
03-29 15:00:28.427 15920 15920 D ActivityThread: Remove activity client record, r= ActivityRecord{62db73e token=android.os.BinderProxy@a89afd2 {cn.dcpai.auction/cn.dcpai.auction.activity.RiversLakesTopicDetailActivity}} token= android.os.BinderProxy@a89afd2
03-29 15:01:00.030  1266  1404 I chatty  : uid=1000(system) NetdConnector expire 16 lines
03-29 15:01:10.251  1266  1405 I chatty  : uid=1000(system) NetworkStats expire 1 line
03-29 15:01:10.296  1266  8909 I chatty  : uid=1000 system_server expire 3 lines
03-29 15:01:10.329  1266  1276 I chatty  : uid=1000(system) Binder:1266_1 expire 4 lines
03-29 15:01:10.388  1266  1433 I chatty  : uid=1000(system) Binder:1266_4 expire 4 lines
03-29 15:01:17.253  1266  2038 I chatty  : uid=1000(system) Binder:1266_6 expire 1 line
03-29 15:01:17.339  1266  2714 I chatty  : uid=1000(system) Binder:1266_16 expire 2 lines
03-29 15:01:21.467  8967  8976 E SchedPolicy: open of dev/cpuctl/limit_fg/tasks failed: Permission denied
03-29 15:01:21.467  8967  8976 E SchedPolicy: open of dev/cpuctl/bg_non_interactive/limit_bg/tasks failed: Permission denied
03-29 15:01:21.476  1266  2715 I chatty  : uid=1000(system) Binder:1266_17 expire 2 lines
03-29 15:01:21.479  1266  1266 I chatty  : uid=1000 system_server expire 11 lines
03-29 15:01:22.682  1266  2039 I chatty  : uid=1000(system) Binder:1266_7 expire 2 lines
03-29 15:01:22.906  8987  8991 E SchedPolicy: open of dev/cpuctl/limit_fg/tasks failed: Permission denied
03-29 15:01:22.906  8987  8991 E SchedPolicy: open of dev/cpuctl/bg_non_interactive/limit_bg/tasks failed: Permission denied
03-29 15:01:41.165  1266  1385 I chatty  : uid=1000(system) UEventObserver expire 10 lines
03-29 15:01:56.980  1266  2707 I chatty  : uid=1000(system) Binder:1266_14 expire 1 line
03-29 15:01:57.003  1266  1277 I chatty  : uid=1000(system) Binder:1266_2 expire 1 line
03-29 15:03:40.004  1266  1286 I chatty  : uid=1000(system) android.fg expire 24 lines
03-29 15:03:50.788  1266  1278 I chatty  : uid=1000(system) android.bg expire 1 line
03-29 15:03:59.846  8200  9762 E SchedPolicy: open of dev/cpuctl/limit_fg/tasks failed: Permission denied
03-29 15:03:59.846  8200  9762 E SchedPolicy: open of dev/cpuctl/bg_non_interactive/limit_bg/tasks failed: Permission denied
03-29 15:04:00.002  1266  1266 I chatty  : uid=1000 system_server expire 8 lines
03-29 15:04:08.659  1266  1404 I chatty  : uid=1000(system) NetdConnector expire 2 lines
03-29 15:04:08.676  1266  1286 I chatty  : uid=1000(system) android.fg expire 2 lines
03-29 15:04:11.955  1266  1385 I chatty  : uid=1000(system) UEventObserver expire 10 lines
03-29 15:06:10.322  1266 10380 I chatty  : uid=1000 system_server expire 3 lines
03-29 15:06:12.706  1266  1266 I chatty  : uid=1000 system_server expire 10 lines
03-29 15:06:20.035  1266  1404 I chatty  : uid=1000(system) NetdConnector expire 12 lines
03-29 15:06:20.037  1266  1286 I chatty  : uid=1000(system) android.fg expire 39 lines
03-29 15:06:42.846  1266  1385 I chatty  : uid=1000(system) UEventObserver expire 10 lines
03-29 15:09:00.360  9765 11180 E SchedPolicy: open of dev/cpuctl/limit_fg/tasks failed: Permission denied
03-29 15:09:00.360  9765 11180 E SchedPolicy: open of dev/cpuctl/bg_non_interactive/limit_bg/tasks failed: Permission denied
03-29 15:09:13.886  1266  1385 I chatty  : uid=1000(system) UEventObserver expire 12 lines
03-29 15:10:00.008  1266  1266 I chatty  : uid=1000 system_server expire 11 lines
03-29 15:10:21.482  1266  1392 I chatty  : uid=1000(system) AlarmManager expire 1 line
03-29 15:10:34.800  1266  1292 I chatty  : uid=1000(system) PowerManagerSer expire 5 lines
03-29 15:10:34.810  1266  1277 I chatty  : uid=1000(system) Binder:1266_2 expire 4 lines
03-29 15:10:34.913  1266  1387 I chatty  : uid=1000(system) fingerprintServ expire 14 lines
03-29 15:10:34.959  1266  2038 I chatty  : uid=1000(system) Binder:1266_6 expire 3 lines
03-29 15:10:35.051  1266  1288 I chatty  : uid=1000(system) android.display expire 3 lines
03-29 15:10:35.340  1266  1407 I chatty  : uid=1000(system) WifiP2pService expire 10 lines
03-29 15:10:35.405  1266  1433 I chatty  : uid=1000(system) Binder:1266_4 expire 6 lines
03-29 15:10:35.527  1266  1280 I chatty  : uid=1000(system) android.ui expire 3 lines
03-29 15:10:39.971  1266  2688 I chatty  : uid=1000(system) Binder:1266_13 expire 1 line
03-29 15:10:39.995  1266  2687 I chatty  : uid=1000(system) Binder:1266_12 expire 1 line
03-29 15:10:40.001  1266  2670 I chatty  : uid=1000(system) Binder:1266_F expire 1 line
03-29 15:10:40.005  1266  2105 I chatty  : uid=1000(system) Binder:1266_C expire 3 lines
03-29 15:10:40.012  1266  2715 I chatty  : uid=1000(system) Binder:1266_17 expire 2 lines
03-29 15:10:40.016  1266  2039 I chatty  : uid=1000(system) Binder:1266_7 expire 3 lines
03-29 15:10:40.021  1266  2708 I chatty  : uid=1000(system) Binder:1266_15 expire 4 lines
03-29 15:10:40.084  1669  1669 V KeyguardStatusView: refresh statusview showing:true
03-29 15:10:40.091  1669  1669 V KeyguardDisplayManager: show
03-29 15:10:40.214  1266  2672 I chatty  : uid=1000(system) Binder:1266_11 expire 2 lines
03-29 15:10:40.214 11673 11673 E SchedPolicy: open of dev/cpuctl/limit_fg/tasks failed: Permission denied
03-29 15:10:40.214 11673 11673 E SchedPolicy: open of dev/cpuctl/bg_non_interactive/limit_bg/tasks failed: Permission denied
03-29 15:10:40.235 11673 11673 D ActivityThread: ActivityThread,attachApplication
03-29 15:10:40.236  1266  2107 I chatty  : uid=1000(system) Binder:1266_D expire 3 lines
03-29 15:10:40.245  1266  1393 I chatty  : uid=1000(system) sManagerService expire 2 lines
03-29 15:10:40.289  1266  1266 I chatty  : uid=1000 system_server expire 15 lines
03-29 15:10:40.390  1266  1404 I chatty  : uid=1000(system) NetdConnector expire 10 lines
03-29 15:11:44.415  1266  1397 I chatty  : uid=1000(system) InputReader expire 6 lines
03-29 15:11:44.465  1266  2669 I chatty  : uid=1000(system) Binder:1266_E expire 1 line
03-29 15:11:44.501  1266 11979 I chatty  : uid=1000 system_server expire 3 lines
03-29 15:11:44.529  1266 11978 I chatty  : uid=1000 system_server expire 3 lines
03-29 15:11:46.647  1266  2065 I chatty  : uid=1000(system) Binder:1266_8 expire 2 lines
03-29 15:11:46.686  1266  2094 I chatty  : uid=1000(system) Binder:1266_A expire 1 line
03-29 15:11:46.688 12003 12003 E SchedPolicy: open of dev/cpuctl/limit_fg/tasks failed: Permission denied
03-29 15:11:46.688 12003 12003 E SchedPolicy: open of dev/cpuctl/bg_non_interactive/limit_bg/tasks failed: Permission denied
03-29 15:11:46.698  1266  1286 I chatty  : uid=1000(system) android.fg expire 17 lines
03-29 15:11:46.711 12003 12003 D ActivityThread: ActivityThread,attachApplication
03-29 15:11:46.712  1266  2714 I chatty  : uid=1000(system) Binder:1266_16 expire 6 lines
03-29 15:11:48.546  1669  1669 V KeyguardDisplayManager: hide
03-29 15:11:48.549  1266  2707 I chatty  : uid=1000(system) Binder:1266_14 expire 1 line
03-29 15:11:48.555  1266  1279 I chatty  : uid=1000(system) ActivityManager expire 2 lines
03-29 15:11:48.560  1266  1404 I chatty  : uid=1000(system) NetdConnector expire 6 lines
03-29 15:11:48.578  1266  1266 I chatty  : uid=1000 system_server expire 7 lines
03-29 15:11:48.578  1266  1407 I chatty  : uid=1000(system) WifiP2pService expire 5 lines
03-29 15:12:14.915  1266  1385 I chatty  : uid=1000(system) UEventObserver expire 2 lines
03-29 15:12:23.346  1266  1284 I chatty  : uid=1000(system) batterystats-sy expire 3 lines
03-29 15:12:38.017  1266  1266 I chatty  : uid=1000 system_server expire 11 lines
03-29 15:12:45.071  1266  1385 I chatty  : uid=1000(system) UEventObserver expire 26 lines
03-29 15:12:45.537  1266  1404 I chatty  : uid=1000(system) NetdConnector expire 14 lines
03-29 15:12:46.721  1266  1286 I chatty  : uid=1000(system) android.fg expire 27 lines
03-29 15:13:07.122  1266  1622 I chatty  : uid=1000(system) Binder:1266_5 expire 5 lines
03-29 15:13:07.141  1266  2671 I chatty  : uid=1000(system) Binder:1266_10 expire 3 lines
03-29 15:14:00.875 11182 12684 E SchedPolicy: open of dev/cpuctl/limit_fg/tasks failed: Permission denied
03-29 15:14:00.875 11182 12684 E SchedPolicy: open of dev/cpuctl/bg_non_interactive/limit_bg/tasks failed: Permission denied
03-29 15:14:15.633  1266  1266 I chatty  : uid=1000 system_server expire 17 lines
03-29 15:15:21.722  1266  1392 I chatty  : uid=1000(system) AlarmManager expire 4 lines
03-29 15:15:33.318  1266  2670 I chatty  : uid=1000(system) Binder:1266_F expire 1 line
03-29 15:15:33.373  1266  2104 I chatty  : uid=1000(system) Binder:1266_B expire 1 line
03-29 15:15:33.374  1266  1983 I chatty  : uid=1000(system) LocationThread expire 5 lines
03-29 15:15:33.379  1266 13123 I chatty  : uid=1000 system_server expire 4 lines
03-29 15:15:33.510  1266  2298 I chatty  : uid=1000(system) IPC Thread expire 22 lines
03-29 15:15:43.546  1266 13129 I chatty  : uid=1000 system_server expire 1 line
03-29 15:16:34.446  1266 13410 I chatty  : uid=1000 system_server expire 20 lines
03-29 15:16:51.737  1266  1279 I chatty  : uid=1000(system) ActivityManager expire 1 line
03-29 15:19:01.397 12686 14119 E SchedPolicy: open of dev/cpuctl/limit_fg/tasks failed: Permission denied
03-29 15:19:01.397 12686 14119 E SchedPolicy: open of dev/cpuctl/bg_non_interactive/limit_bg/tasks failed: Permission denied
03-29 15:19:10.272  1266  2688 I chatty  : uid=1000(system) Binder:1266_13 expire 1 line
03-29 15:19:10.284  1266  2105 I chatty  : uid=1000(system) Binder:1266_C expire 1 line
03-29 15:19:10.288  1266  1276 I chatty  : uid=1000(system) Binder:1266_1 expire 1 line
03-29 15:19:10.292  1266  2687 I chatty  : uid=1000(system) Binder:1266_12 expire 2 lines
03-29 15:19:10.303  1266  2094 I chatty  : uid=1000(system) Binder:1266_A expire 2 lines
03-29 15:19:10.307  1266  1299 I chatty  : uid=1000(system) Binder:1266_3 expire 4 lines
03-29 15:19:17.228  1266  1385 I chatty  : uid=1000(system) UEventObserver expire 12 lines
03-29 15:19:20.301  1266  2065 I chatty  : uid=1000(system) Binder:1266_8 expire 2 lines
03-29 15:19:26.778  1266  1404 I chatty  : uid=1000(system) NetdConnector expire 12 lines
03-29 15:20:00.005  1266  1266 I chatty  : uid=1000 system_server expire 18 lines
03-29 15:21:47.925  1266  1291 I chatty  : uid=1000(system) CpuTracker expire 1 line
03-29 15:21:48.402  1266  1292 I chatty  : uid=1000(system) PowerManagerSer expire 5 lines
03-29 15:21:48.412  1266  2039 I chatty  : uid=1000(system) Binder:1266_7 expire 4 lines
03-29 15:21:48.495  1266  1387 I chatty  : uid=1000(system) fingerprintServ expire 8 lines
03-29 15:21:48.657  1266  1288 I chatty  : uid=1000(system) android.display expire 1 line
03-29 15:21:48.932  1266  1407 I chatty  : uid=1000(system) WifiP2pService expire 5 lines
03-29 15:21:49.002  1266  1433 I chatty  : uid=1000(system) Binder:1266_4 expire 2 lines
03-29 15:21:49.117  1266  1280 I chatty  : uid=1000(system) android.ui expire 1 line
03-29 15:21:53.605  1266  2107 I chatty  : uid=1000(system) Binder:1266_D expire 2 lines
03-29 15:21:53.675  1266  2715 I chatty  : uid=1000(system) Binder:1266_17 expire 3 lines
03-29 15:21:53.704  1266  2038 I chatty  : uid=1000(system) Binder:1266_6 expire 2 lines
03-29 15:21:53.821  1669  1669 V KeyguardStatusView: refresh statusview showing:true
03-29 15:21:53.829  1669  1669 V KeyguardDisplayManager: show
03-29 15:21:53.895  1266  2707 I chatty  : uid=1000(system) Binder:1266_14 expire 1 line
03-29 15:21:53.915 14946 14946 E SchedPolicy: open of dev/cpuctl/limit_fg/tasks failed: Permission denied
03-29 15:21:53.915 14946 14946 E SchedPolicy: open of dev/cpuctl/bg_non_interactive/limit_bg/tasks failed: Permission denied
03-29 15:21:53.938 14946 14946 D ActivityThread: ActivityThread,attachApplication
03-29 15:21:53.944  1266  1393 I chatty  : uid=1000(system) sManagerService expire 1 line
03-29 15:21:54.027  1266  1266 I chatty  : uid=1000 system_server expire 9 lines
03-29 15:22:07.930  1266  1286 I chatty  : uid=1000(system) android.fg expire 113 lines
03-29 15:22:15.916  1266  2715 I chatty  : uid=1000(system) Binder:1266_17 expire 1 line
03-29 15:22:15.937  1266  1622 I chatty  : uid=1000(system) Binder:1266_5 expire 1 line
03-29 15:22:15.942  1266  1277 I chatty  : uid=1000(system) Binder:1266_2 expire 1 line
03-29 15:22:15.946  1266  1276 I chatty  : uid=1000(system) Binder:1266_1 expire 1 line
03-29 15:22:16.892  1266  2688 I chatty  : uid=1000(system) Binder:1266_13 expire 1 line
03-29 15:22:17.519  1266  2672 I chatty  : uid=1000(system) Binder:1266_11 expire 1 line
03-29 15:22:17.788  1266  2094 I chatty  : uid=1000(system) Binder:1266_A expire 1 line
03-29 15:22:18.188  1266  1385 I chatty  : uid=1000(system) UEventObserver expire 16 lines
03-29 15:22:25.896  1266  2107 I chatty  : uid=1000(system) Binder:1266_D expire 1 line
03-29 15:22:39.636  1266  1404 I chatty  : uid=1000(system) NetdConnector expire 20 lines
03-29 15:24:01.925 14122 15568 E SchedPolicy: open of dev/cpuctl/limit_fg/tasks failed: Permission denied
03-29 15:24:01.925 14122 15568 E SchedPolicy: open of dev/cpuctl/bg_non_interactive/limit_bg/tasks failed: Permission denied
03-29 15:24:32.994  1266  1404 I chatty  : uid=1000(system) NetdConnector expire 14 lines
03-29 15:24:33.001  1266  1286 I chatty  : uid=1000(system) android.fg expire 76 lines
03-29 15:25:22.094  1266  1392 I chatty  : uid=1000(system) AlarmManager expire 1 line
03-29 15:26:07.815  1266  1286 D NetworkManagement: notifyInterfaceClassActivity: client is android.net.INetworkManagementEventObserver$Stub$Proxy@4bbc70f
03-29 15:26:19.029  1266  1266 V AlarmManager: Received TIME_TICK alarm; rescheduling
03-29 15:26:19.088  1266  1404 D NetdConnector: RCV <- {pattern.matcher(rawEventLog) fail}
03-29 15:26:19.089  1266  1404 D NetdConnector: RCV <- {pattern.matcher(eventLog) fail}
03-29 15:26:19.648  1266  1385 D HwBatteryService: onUEvent fcpStatus = 0,scpStatus =0,ovpStatus=0
03-29 15:26:19.651  1266  1385 I UsbDeviceManager: water_intrused state= 0
03-29 15:26:20.103  1266  1404 D NetdConnector: RCV <- {pattern.matcher(rawEventLog) fail}
03-29 15:26:20.107  1266  1404 D NetdConnector: RCV <- {pattern.matcher(eventLog) fail}
03-29 15:26:20.110  1266  1286 D NetdConnector: RCV unsolicited event from native daemon, event = 613
03-29 15:26:20.112  1266  1286 D NetworkManagement: notifyInterfaceClassActivity: client is com.android.server.connectivity.Vpn$2@c25016
03-29 15:26:20.112  1266  1286 D NetworkManagement: notifyInterfaceClassActivity: client is com.android.server.ConnectivityService$1@39edce0
03-29 15:26:20.114  1266  1286 D NetworkManagement: notifyInterfaceClassActivity: client is com.android.server.net.NetworkPolicyManagerService$13@545f45f
03-29 15:26:20.114  1266  1286 D NetworkManagement: notifyInterfaceClassActivity: client is android.net.INetworkManagementEventObserver$Stub$Proxy@f8bfa93
03-29 15:26:20.115  1266  1286 D NetworkManagement: notifyInterfaceClassActivity: client is com.android.server.connectivity.Vpn$2@6859635
03-29 15:26:20.115  1266  1286 D NetworkManagement: notifyInterfaceClassActivity: client is com.android.server.net.NetworkStatsService$6@797658a
03-29 15:26:20.115  1266  1286 D NetworkManagement: notifyInterfaceClassActivity: client is com.android.server.ethernet.EthernetNetworkFactory$InterfaceObserver@c4da837
03-29 15:26:20.115  1266  1286 D NetworkManagement: notifyInterfaceClassActivity: client is com.android.server.connectivity.Tethering@cc66ae3
03-29 15:26:20.115  1266  1286 D NetworkManagement: notifyInterfaceClassActivity: client is android.net.ip.IpManager$2@efad93a
03-29 15:26:20.115  1266  1286 D NetworkManagement: notifyInterfaceClassActivity: client is android.net.INetworkManagementEventObserver$Stub$Proxy@4bbc70f
03-29 15:26:29.142  1266  1404 D NetdConnector: RCV <- {pattern.matcher(rawEventLog) fail}
03-29 15:26:29.145  1266  1404 D NetdConnector: RCV <- {pattern.matcher(eventLog) fail}
03-29 15:26:35.192  1266  1404 D NetdConnector: RCV <- {pattern.matcher(rawEventLog) fail}
03-29 15:26:35.195  1266  1404 D NetdConnector: RCV <- {pattern.matcher(eventLog) fail}
03-29 15:26:35.198  1266  1286 D NetdConnector: RCV unsolicited event from native daemon, event = 613
03-29 15:26:35.200  1266  1286 D NetworkManagement: notifyInterfaceClassActivity: client is com.android.server.connectivity.Vpn$2@c25016
03-29 15:26:35.201  1266  1286 D NetworkManagement: notifyInterfaceClassActivity: client is com.android.server.ConnectivityService$1@39edce0
03-29 15:26:35.202  1266  1286 D NetworkManagement: notifyInterfaceClassActivity: client is com.android.server.net.NetworkPolicyManagerService$13@545f45f
03-29 15:26:35.202  1266  1286 D NetworkManagement: notifyInterfaceClassActivity: client is android.net.INetworkManagementEventObserver$Stub$Proxy@f8bfa93
03-29 15:26:35.204  1266  1286 D NetworkManagement: notifyInterfaceClassActivity: client is com.android.server.connectivity.Vpn$2@6859635
03-29 15:26:35.204  1266  1286 D NetworkManagement: notifyInterfaceClassActivity: client is com.android.server.net.NetworkStatsService$6@797658a
03-29 15:26:35.204  1266  1286 D NetworkManagement: notifyInterfaceClassActivity: client is com.android.server.ethernet.EthernetNetworkFactory$InterfaceObserver@c4da837
03-29 15:26:35.204  1266  1286 D NetworkManagement: notifyInterfaceClassActivity: client is com.android.server.connectivity.Tethering@cc66ae3
03-29 15:26:35.204  1266  1286 D NetworkManagement: notifyInterfaceClassActivity: client is android.net.ip.IpManager$2@efad93a
03-29 15:26:35.204  1266  1286 D NetworkManagement: notifyInterfaceClassActivity: client is android.net.INetworkManagementEventObserver$Stub$Proxy@4bbc70f
03-29 15:26:49.890  1266  1385 D HwBatteryService: onUEvent fcpStatus = 0,scpStatus =0,ovpStatus=0
03-29 15:26:49.892  1266  1385 I UsbDeviceManager: water_intrused state= 0
03-29 15:26:52.725  1266  1404 D NetdConnector: RCV <- {pattern.matcher(rawEventLog) fail}
03-29 15:26:52.731  1266  1404 D NetdConnector: RCV <- {pattern.matcher(eventLog) fail}
03-29 15:26:52.737  1266  1286 D NetdConnector: RCV unsolicited event from native daemon, event = 613
03-29 15:26:52.740  1266  1286 D NetworkManagement: notifyInterfaceClassActivity: client is com.android.server.connectivity.Vpn$2@c25016
03-29 15:26:52.741  1266  1286 D NetworkManagement: notifyInterfaceClassActivity: client is com.android.server.ConnectivityService$1@39edce0
03-29 15:26:52.743  1266  1286 D NetworkManagement: notifyInterfaceClassActivity: client is com.android.server.net.NetworkPolicyManagerService$13@545f45f
03-29 15:26:52.744  1266  1286 D NetworkManagement: notifyInterfaceClassActivity: client is android.net.INetworkManagementEventObserver$Stub$Proxy@f8bfa93
03-29 15:26:52.746  1266  1286 D NetworkManagement: notifyInterfaceClassActivity: client is com.android.server.connectivity.Vpn$2@6859635
03-29 15:26:52.746  1266  1286 D NetworkManagement: notifyInterfaceClassActivity: client is com.android.server.net.NetworkStatsService$6@797658a
03-29 15:26:52.746  1266  1286 D NetworkManagement: notifyInterfaceClassActivity: client is com.android.server.ethernet.EthernetNetworkFactory$InterfaceObserver@c4da837
03-29 15:26:52.746  1266  1286 D NetworkManagement: notifyInterfaceClassActivity: client is com.android.server.connectivity.Tethering@cc66ae3
03-29 15:26:52.746  1266  1286 D NetworkManagement: notifyInterfaceClassActivity: client is android.net.ip.IpManager$2@efad93a
03-29 15:26:52.747  1266  1286 D NetworkManagement: notifyInterfaceClassActivity: client is android.net.INetworkManagementEventObserver$Stub$Proxy@4bbc70f
03-29 15:26:56.448  1266  1266 W HwAlarmManagerService: isContainsAppUidInWorksource-->happend NameNotFoundException
03-29 15:26:56.486  1266  1266 I JobScheduler.Time: mNextDelayExpiredElapsedMillis: 25242612
03-29 15:26:56.502  1266  1266 I SyncManager: SyncJobService->onStartJob:put job to map, jobid:102326
03-29 15:26:56.503  1266  1266 I SyncManager: SyncJobService->onStartJob:put job to map, jobid:107319
03-29 15:26:56.506  1266  1278 I SyncManager: dispatchSyncOperation:we are going to sync JobId: 102326, XXXXXXXXX u0 (com.ss.android.article.news), com.ss.android.account.AccountProvider, PERIODIC, reason: Periodic, period: 3600000, flexMillis: 144000
03-29 15:26:56.518  1266  1278 E SyncManager: Bind attempt failed - target: ComponentInfo{com.ss.android.article.news/com.ss.android.account.AccountSyncService}
03-29 15:26:56.520  1266  1278 I SyncManager: SyncJobService->callJobFinished: remove job to map, jobid:102326
03-29 15:26:56.529  1266  1278 I SyncManager: dispatchSyncOperation:we are going to sync JobId: 107319, XXXXXXXXX u0 (com.netease.account.sync), com.netease.account.sync, PERIODIC, reason: Periodic, period: 3600000, flexMillis: 144000
03-29 15:26:56.534  1266  1278 E SyncManager: Bind attempt failed - target: ComponentInfo{com.netease.newsreader.activity/com.netease.nr.biz.account.SyncService}
03-29 15:26:56.534  1266  1278 I SyncManager: SyncJobService->callJobFinished: remove job to map, jobid:107319
03-29 15:26:56.539  1266  1266 W HwAlarmManagerService: isContainsAppUidInWorksource-->happend NameNotFoundException
03-29 15:26:56.543  1266  1266 I JobScheduler.Time: mNextJobExpiredElapsedMillis: 28842612
03-29 15:26:56.598  1266  2039 D ConnectivityService: listenForNetwork for Listen from uid/pid:10013/6551 for NetworkRequest [ id=37, legacyType=-1, [ Capabilities: INTERNET&NOT_RESTRICTED&TRUSTED&NOT_VPN] ]
03-29 15:26:56.599  1266  1422 D ConnectivityService: rematching NetworkAgentInfo [WIFI () - 101]
03-29 15:26:56.599  1266  1422 D ConnectivityService:  network has: [ Transports: WIFI Capabilities: NOT_METERED&INTERNET&NOT_RESTRICTED&TRUSTED&NOT_VPN&VALIDATED LinkUpBandwidth>=1048576Kbps LinkDnBandwidth>=1048576Kbps SignalStrength: -59]
03-29 15:26:56.599  1266  1422 D ConnectivityService: Network NetworkAgentInfo [WIFI () - 101] was already satisfying request 1. No change.
03-29 15:26:56.627  1266  1422 D ConnectivityService: releasing NetworkRequest NetworkRequest [ id=37, legacyType=-1, [ Capabilities: INTERNET&NOT_RESTRICTED&TRUSTED&NOT_VPN] ]
03-29 15:27:14.356  1266  1404 D NetdConnector: RCV <- {pattern.matcher(rawEventLog) fail}
03-29 15:27:14.361  1266  1404 D NetdConnector: RCV <- {pattern.matcher(eventLog) fail}
03-29 15:27:14.366  1266  1286 D NetdConnector: RCV unsolicited event from native daemon, event = 613
03-29 15:27:14.369  1266  1286 D NetworkManagement: notifyInterfaceClassActivity: client is com.android.server.connectivity.Vpn$2@c25016
03-29 15:27:14.369  1266  1286 D NetworkManagement: notifyInterfaceClassActivity: client is com.android.server.ConnectivityService$1@39edce0
03-29 15:27:14.372  1266  1286 D NetworkManagement: notifyInterfaceClassActivity: client is com.android.server.net.NetworkPolicyManagerService$13@545f45f
03-29 15:27:14.372  1266  1286 D NetworkManagement: notifyInterfaceClassActivity: client is android.net.INetworkManagementEventObserver$Stub$Proxy@f8bfa93
03-29 15:27:14.375  1266  1286 D NetworkManagement: notifyInterfaceClassActivity: client is com.android.server.connectivity.Vpn$2@6859635
03-29 15:27:14.375  1266  1286 D NetworkManagement: notifyInterfaceClassActivity: client is com.android.server.net.NetworkStatsService$6@797658a
03-29 15:27:14.375  1266  1286 D NetworkManagement: notifyInterfaceClassActivity: client is com.android.server.ethernet.EthernetNetworkFactory$InterfaceObserver@c4da837
03-29 15:27:14.375  1266  1286 D NetworkManagement: notifyInterfaceClassActivity: client is com.android.server.connectivity.Tethering@cc66ae3
03-29 15:27:14.375  1266  1286 D NetworkManagement: notifyInterfaceClassActivity: client is android.net.ip.IpManager$2@efad93a
03-29 15:27:14.375  1266  1286 D NetworkManagement: notifyInterfaceClassActivity: client is android.net.INetworkManagementEventObserver$Stub$Proxy@4bbc70f
03-29 15:27:20.126  1266  1385 D HwBatteryService: onUEvent fcpStatus = 0,scpStatus =0,ovpStatus=0
03-29 15:27:20.129  1266  1385 I UsbDeviceManager: water_intrused state= 0
03-29 15:27:50.348  1266  1385 D HwBatteryService: onUEvent fcpStatus = 0,scpStatus =0,ovpStatus=0
03-29 15:27:50.350  1266  1385 I UsbDeviceManager: water_intrused state= 0
03-29 15:27:58.182  1266  1404 D NetdConnector: RCV <- {pattern.matcher(rawEventLog) fail}
03-29 15:27:58.186  1266  1404 D NetdConnector: RCV <- {pattern.matcher(eventLog) fail}
03-29 15:27:58.191  1266  1286 D NetdConnector: RCV unsolicited event from native daemon, event = 613
03-29 15:27:58.195  1266  1286 D NetworkManagement: notifyInterfaceClassActivity: client is com.android.server.connectivity.Vpn$2@c25016
03-29 15:27:58.195  1266  1286 D NetworkManagement: notifyInterfaceClassActivity: client is com.android.server.ConnectivityService$1@39edce0
03-29 15:27:58.198  1266  1286 D NetworkManagement: notifyInterfaceClassActivity: client is com.android.server.net.NetworkPolicyManagerService$13@545f45f
03-29 15:27:58.198  1266  1286 D NetworkManagement: notifyInterfaceClassActivity: client is android.net.INetworkManagementEventObserver$Stub$Proxy@f8bfa93
03-29 15:27:58.201  1266  1286 D NetworkManagement: notifyInterfaceClassActivity: client is com.android.server.connectivity.Vpn$2@6859635
03-29 15:27:58.201  1266  1286 D NetworkManagement: notifyInterfaceClassActivity: client is com.android.server.net.NetworkStatsService$6@797658a
03-29 15:27:58.201  1266  1286 D NetworkManagement: notifyInterfaceClassActivity: client is com.android.server.ethernet.EthernetNetworkFactory$InterfaceObserver@c4da837
03-29 15:27:58.201  1266  1286 D NetworkManagement: notifyInterfaceClassActivity: client is com.android.server.connectivity.Tethering@cc66ae3
03-29 15:27:58.201  1266  1286 D NetworkManagement: notifyInterfaceClassActivity: client is android.net.ip.IpManager$2@efad93a
03-29 15:27:58.201  1266  1286 D NetworkManagement: notifyInterfaceClassActivity: client is android.net.INetworkManagementEventObserver$Stub$Proxy@4bbc70f
03-29 15:28:13.236  1266  1404 D NetdConnector: RCV <- {pattern.matcher(rawEventLog) fail}
03-29 15:28:13.241  1266  1404 D NetdConnector: RCV <- {pattern.matcher(eventLog) fail}
03-29 15:28:13.246  1266  1286 D NetdConnector: RCV unsolicited event from native daemon, event = 613
03-29 15:28:13.249  1266  1286 D NetworkManagement: notifyInterfaceClassActivity: client is com.android.server.connectivity.Vpn$2@c25016
03-29 15:28:13.250  1266  1286 D NetworkManagement: notifyInterfaceClassActivity: client is com.android.server.ConnectivityService$1@39edce0
03-29 15:28:13.252  1266  1286 D NetworkManagement: notifyInterfaceClassActivity: client is com.android.server.net.NetworkPolicyManagerService$13@545f45f
03-29 15:28:13.252  1266  1286 D NetworkManagement: notifyInterfaceClassActivity: client is android.net.INetworkManagementEventObserver$Stub$Proxy@f8bfa93
03-29 15:28:13.255  1266  1286 D NetworkManagement: notifyInterfaceClassActivity: client is com.android.server.connectivity.Vpn$2@6859635
03-29 15:28:13.255  1266  1286 D NetworkManagement: notifyInterfaceClassActivity: client is com.android.server.net.NetworkStatsService$6@797658a
03-29 15:28:13.255  1266  1286 D NetworkManagement: notifyInterfaceClassActivity: client is com.android.server.ethernet.EthernetNetworkFactory$InterfaceObserver@c4da837
03-29 15:28:13.255  1266  1286 D NetworkManagement: notifyInterfaceClassActivity: client is com.android.server.connectivity.Tethering@cc66ae3
03-29 15:28:13.255  1266  1286 D NetworkManagement: notifyInterfaceClassActivity: client is android.net.ip.IpManager$2@efad93a
03-29 15:28:13.255  1266  1286 D NetworkManagement: notifyInterfaceClassActivity: client is android.net.INetworkManagementEventObserver$Stub$Proxy@4bbc70f
03-29 15:28:20.520  1266  1385 D HwBatteryService: onUEvent fcpStatus = 0,scpStatus =0,ovpStatus=0
03-29 15:28:20.523  1266  1385 I UsbDeviceManager: water_intrused state= 0
03-29 15:28:50.668  1266  1385 D HwBatteryService: onUEvent fcpStatus = 0,scpStatus =0,ovpStatus=0
03-29 15:28:50.670  1266  1385 I UsbDeviceManager: water_intrused state= 0
03-29 15:28:52.720  1266  1404 D NetdConnector: RCV <- {pattern.matcher(rawEventLog) fail}
03-29 15:28:52.723  1266  1404 D NetdConnector: RCV <- {pattern.matcher(eventLog) fail}
03-29 15:28:52.726  1266  1286 D NetdConnector: RCV unsolicited event from native daemon, event = 613
03-29 15:28:52.728  1266  1286 D NetworkManagement: notifyInterfaceClassActivity: client is com.android.server.connectivity.Vpn$2@c25016
03-29 15:28:52.728  1266  1286 D NetworkManagement: notifyInterfaceClassActivity: client is com.android.server.ConnectivityService$1@39edce0
03-29 15:28:52.729  1266  1286 D NetworkManagement: notifyInterfaceClassActivity: client is com.android.server.net.NetworkPolicyManagerService$13@545f45f
03-29 15:28:52.730  1266  1286 D NetworkManagement: notifyInterfaceClassActivity: client is android.net.INetworkManagementEventObserver$Stub$Proxy@f8bfa93
03-29 15:28:52.731  1266  1286 D NetworkManagement: notifyInterfaceClassActivity: client is com.android.server.connectivity.Vpn$2@6859635
03-29 15:28:52.731  1266  1286 D NetworkManagement: notifyInterfaceClassActivity: client is com.android.server.net.NetworkStatsService$6@797658a
03-29 15:28:52.731  1266  1286 D NetworkManagement: notifyInterfaceClassActivity: client is com.android.server.ethernet.EthernetNetworkFactory$InterfaceObserver@c4da837
03-29 15:28:52.731  1266  1286 D NetworkManagement: notifyInterfaceClassActivity: client is com.android.server.connectivity.Tethering@cc66ae3
03-29 15:28:52.731  1266  1286 D NetworkManagement: notifyInterfaceClassActivity: client is android.net.ip.IpManager$2@efad93a
03-29 15:28:52.731  1266  1286 D NetworkManagement: notifyInterfaceClassActivity: client is android.net.INetworkManagementEventObserver$Stub$Proxy@4bbc70f
03-29 15:29:02.459 15570 17160 E SchedPolicy: open of dev/cpuctl/limit_fg/tasks failed: Permission denied
03-29 15:29:02.459 15570 17160 E SchedPolicy: open of dev/cpuctl/bg_non_interactive/limit_bg/tasks failed: Permission denied
03-29 15:29:16.817  1266  1266 V AlarmManager: Received TIME_TICK alarm; rescheduling
03-29 15:29:20.846  1266  1385 D HwBatteryService: onUEvent fcpStatus = 0,scpStatus =0,ovpStatus=0
03-29 15:29:20.853  1266  1385 I UsbDeviceManager: water_intrused state= 0
03-29 15:29:51.026  1266  1385 D HwBatteryService: onUEvent fcpStatus = 0,scpStatus =0,ovpStatus=0
03-29 15:29:51.030  1266  1385 I UsbDeviceManager: water_intrused state= 0
03-29 15:29:59.889  1266  2107 W ActivityManager: getRunningAppProcesses: caller 10241 does not hold REAL_GET_TASKS; limiting output
03-29 15:29:59.906  1266  2038 W ActivityManager: getRunningAppProcesses: caller 10241 does not hold REAL_GET_TASKS; limiting output
03-29 15:29:59.913  1266  1277 W ActivityManager: getRunningAppProcesses: caller 10241 does not hold REAL_GET_TASKS; limiting output
03-29 15:29:59.918  1266  2688 W ActivityManager: getRunningAppProcesses: caller 10241 does not hold REAL_GET_TASKS; limiting output
03-29 15:29:59.951  1266  2707 W ActivityManager: getRunningAppProcesses: caller 10241 does not hold REAL_GET_TASKS; limiting output
03-29 15:29:59.954  1266  2065 W ActivityManager: getRunningAppProcesses: caller 10241 does not hold REAL_GET_TASKS; limiting output
03-29 15:30:03.329  1266  1266 V AlarmManager: Received TIME_TICK alarm; rescheduling
03-29 15:30:09.923  1266  2105 W ActivityManager: getRunningAppProcesses: caller 10241 does not hold REAL_GET_TASKS; limiting output
03-29 15:30:19.369 17514 17522 E SchedPolicy: open of dev/cpuctl/limit_fg/tasks failed: Permission denied
03-29 15:30:19.369 17514 17522 E SchedPolicy: open of dev/cpuctl/bg_non_interactive/limit_bg/tasks failed: Permission denied
03-29 15:30:19.374  1266  2714 I [SPMN]  : insert SECURE -- name = accessibility_enabled, package = android, user = 0, value = 1
03-29 15:30:19.377  1266  1266 I [SPMN]  : insert SECURE -- name = accessibility_enabled, package = android, user = 0, value = 1
03-29 15:30:19.380  1266  2065 I [SPMN]  : insert SECURE -- name = accessibility_enabled, package = android, user = 0, value = 1
03-29 15:30:20.561  1266  1299 W WindowManager: Attempted to remove non-existing token: android.os.Binder@4ffd185
03-29 15:30:20.601  1266  1299 I [SPMN]  : insert SECURE -- name = accessibility_enabled, package = android, user = 0, value = 0
03-29 15:30:20.604  1266  1277 I WindowManager: updateRotationUnchecked(alwaysSendConfiguration=false)
03-29 15:30:20.604  1266  1277 I WindowManager: rotationForOrientationLw(orient=5, last=0); user=0 USER_ROTATION_LOCKED
03-29 15:30:20.604  1266  1277 I WindowManager: Application requested orientation 5, got rotation 0 which has compatible metrics
03-29 15:30:20.764 17537 17538 E SchedPolicy: open of dev/cpuctl/limit_fg/tasks failed: Permission denied
03-29 15:30:20.764 17537 17538 E SchedPolicy: open of dev/cpuctl/bg_non_interactive/limit_bg/tasks failed: Permission denied
03-29 15:30:21.227  1266  1385 D HwBatteryService: onUEvent fcpStatus = 0,scpStatus =0,ovpStatus=0
03-29 15:30:21.228  1266  1385 I UsbDeviceManager: water_intrused state= 0
03-29 15:30:21.248  1266  1266 D WifiService: onReceive, action:android.intent.action.BATTERY_CHANGED
03-29 15:30:21.248  1266  1266 D WifiService: ACTION_BATTERY_CHANGED pluggedType: 2
03-29 15:30:22.297  1266  1392 W ActivityManager: Sending non-protected broadcast com.huawei.intent.action.PUSH from system uid 1000 pkg android
03-29 15:30:28.714  1266  1397 D PowerManagerService: setColorTemperatureAccordingToSetting
03-29 15:30:28.714  1266  1397 D HwPowerManagerService: setColorTemperatureAccordingToSetting
03-29 15:30:28.714  1266  1397 D HwPowerManagerService: isDisplayFeatureSupported feature:1
03-29 15:30:28.715  1266  1397 D HwPowerManagerService: setColorTemperatureAccordingToSetting new.
03-29 15:30:28.717  1266  1397 D HwPowerManagerService: ColorTemperature read from old setting:128
03-29 15:30:28.717  1266  1397 D HwPowerManagerService: setColorTemperature:128
03-29 15:30:28.730  1266  1288 I DisplayManagerService: Display device changed state: "", ON
03-29 15:30:28.739  1266  1266 D HwWifiP2pService: onReceive, action:android.intent.action.SCREEN_ON
03-29 15:30:28.742  1266  1407 D WifiP2pService: InactiveState143466
03-29 15:30:28.742  1266  1407 E HwWifiP2pService: Unhandled message when=22685540 what=143466 arg1=0 arg2=0
03-29 15:30:28.742  1266  1407 D WifiP2pService: P2pEnabledState when=22685540 what=143466 arg1=0 arg2=0
03-29 15:30:28.742  1266  1407 D WifiP2pService: DefaultState{ when=-3ms what=143466 target=com.android.internal.util.StateMachine$SmHandler }
03-29 15:30:28.742  1266  1407 D HwWifiP2pService: cancel alarm.
03-29 15:30:28.746  1266  2038 D WindowManager: mKeyguardDelegate.ShowListener.onDrawn.
03-29 15:30:28.750  1266  1266 D HwConnectivityService: mIntentReceiver begin
03-29 15:30:28.750  1266  1266 D HwConnectivityService: CtrlSocket Receiver,disable: false locked: true action: android.intent.action.SCREEN_ON mSmartKeyguardLevel: normal_level mStartPowerSaving: false
03-29 15:30:28.750  1266  1266 D HwConnectivityService: CtrlSocket receive screen on intent!
03-29 15:30:28.767  1266  1266 D WifiService: onReceive, action:android.intent.action.SCREEN_ON
03-29 15:30:28.776  1266  1266 I EyeProtectionControllerImpl: onReceive intent action = android.intent.action.SCREEN_ON
03-29 15:30:28.982  1266  1288 I WindowManager: All windows ready for display!
03-29 15:30:28.984  1266  1404 D NetdConnector: RCV <- {pattern.matcher(rawEventLog) fail}
03-29 15:30:28.986  1266  1404 D NetdConnector: RCV <- {pattern.matcher(eventLog) fail}
03-29 15:30:28.989  1266  1286 D NetdConnector: RCV unsolicited event from native daemon, event = 600
03-29 15:30:28.989  1266  1280 I WindowManager: Finished screen turning on...
03-29 15:30:28.993  1266  1286 D NetworkManagement: notifyInterfaceLinkStateChanged 10
03-29 15:30:29.074  1266  1266 W HwAlarmManagerService: isContainsAppUidInWorksource-->happend NameNotFoundException
03-29 15:30:29.074  1266  1392 W ActivityManager: Sending non-protected broadcast com.huawei.hwsystemmanager.power.SCHEDULE_RECORD_REMAING_TIME_SCENE from system uid u10s1000 pkg com.huawei.systemmanager
03-29 15:30:29.075  1266  1392 W ActivityManager: Sending non-protected broadcast com.huawei.hwsystemmanager.power.SCHEDULE_RECORD_REMAING_TIME_SCENE from system uid 1000 pkg com.huawei.systemmanager
03-29 15:30:29.076  1266  1392 W ActivityManager: Sending non-protected broadcast com.huawei.hwsystemmanager.power.SCHEDULE_RECORD_POWER_CONSUME from system uid u10s1000 pkg com.huawei.systemmanager
03-29 15:30:29.076  1266  1392 W ActivityManager: Sending non-protected broadcast com.huawei.hwsystemmanager.power.SCHEDULE_RECORD_POWER_CONSUME from system uid 1000 pkg com.huawei.systemmanager
03-29 15:30:29.076  1266  1404 D NetdConnector: RCV <- {pattern.matcher(rawEventLog) fail}
03-29 15:30:29.077  1266  1392 W ActivityManager: Sending non-protected broadcast com.huawei.bd.action.heartbeat_hour from system uid 1000 pkg com.huawei.bd
03-29 15:30:29.077  1266  1404 D NetdConnector: RCV <- {pattern.matcher(eventLog) fail}
03-29 15:30:29.078  1266  1266 I JobScheduler.Time: mNextDelayExpiredElapsedMillis: 28625790
03-29 15:30:29.080  1266  1405 W NetworkStatsFactory: mStatsXtProcUid: /proc/net/comm/stats does not exist!
03-29 15:30:29.081  1266  1266 I JobServiceContext: com.ss.android.message.PushJobService binding failed
03-29 15:30:29.082  1266  1266 D JobSchedulerService: Error executing 219..:[ComponentInfo{com.ss.android.article.news/com.ss.android.message.PushJobService},jId=1,u0,R=(-00:42,59:17),N=0,C=false,I=false,U=false,F=0,P=true,ANI=true,DND=true(READY)]
03-29 15:30:29.086  1266  1404 D NetdConnector: RCV <- {pattern.matcher(rawEventLog) fail}
03-29 15:30:29.087  1266  1404 D NetdConnector: RCV <- {pattern.matcher(eventLog) fail}
03-29 15:30:29.253  1266  2688 E BatteryStatsService: no controller energy info supplied
03-29 15:30:29.253  1266  2688 E BatteryStatsService: no controller energy info supplied
03-29 15:30:29.263  1266  2688 E BatteryStatsService: modem info is invalid: ModemActivityInfo{ mTimestamp=0 mSleepTimeMs=0 mIdleTimeMs=0 mTxTimeMs[]=[0, 0, 0, 0, 0] mRxTimeMs=0 mEnergyUsed=0}
03-29 15:30:29.288  1266  2670 E BatteryStatsService: no controller energy info supplied
03-29 15:30:29.288  1266  2670 E BatteryStatsService: no controller energy info supplied
03-29 15:30:29.298  1266  2670 E BatteryStatsService: modem info is invalid: ModemActivityInfo{ mTimestamp=0 mSleepTimeMs=0 mIdleTimeMs=0 mTxTimeMs[]=[0, 0, 0, 0, 0] mRxTimeMs=0 mEnergyUsed=0}
03-29 15:30:30.040  1266  1622 W ActivityManager: Sending non-protected broadcast com.android.systemui.statusbar.visible.change from system 1669:com.android.systemui/u0a29 pkg com.android.systemui
03-29 15:30:30.063  1266  2688 I ActivityManager: Start proc 17594:com.huawei.intelligent/u10a18 for broadcast com.huawei.intelligent/.main.receiver.IntelligentReceiver
03-29 15:30:30.063 17594 17594 E SchedPolicy: open of dev/cpuctl/limit_fg/tasks failed: Permission denied
03-29 15:30:30.063 17594 17594 E SchedPolicy: open of dev/cpuctl/bg_non_interactive/limit_bg/tasks failed: Permission denied
03-29 15:30:30.072 17594 17594 D ActivityThread: ActivityThread,attachApplication
03-29 15:30:30.074  1266  2670 D ActivityManager: ActivityManagerService,attachApplication,callingPid = 17594
03-29 15:30:30.079  1266  1393 E ProcessInfoCollector: getProcessInfo: failed to find this proc 
03-29 15:30:30.190  1266  2687 I ActivityManager: Process com.huawei.intelligent (pid 17594) has died
03-29 15:30:30.190  1266  2687 D ActivityManager: cleanUpApplicationRecord -- 17594
03-29 15:30:33.660  1266  2707 I LockSettingsService: Unlocking user 0 with token length 69
03-29 15:30:33.660  1266  2707 W ActivityManager: Expected user 0 in state RUNNING_LOCKED but was in state RUNNING_UNLOCKED
03-29 15:30:33.661  1266  2707 D ActivityManager: User 10 (parent 0): attempting unlock because parent was just unlocked
03-29 15:30:33.661  1266  2707 W ActivityManager: Expected user 10 in state RUNNING_LOCKED but was in state RUNNING_UNLOCKED
03-29 15:30:33.661  1266  2707 W LockSettingsService: verifyCredential passed by GateKeeper
03-29 15:30:33.671  1266  1276 D FingerprintService:  Remaining Num Attempts = 5
03-29 15:30:33.673  1266  2067 D FingerprintService:  Remaining Num Attempts = 5
03-29 15:30:33.675  1266  1433 D FingerprintService:  Remaining Num Attempts = 5
03-29 15:30:33.784  1669  1669 V KeyguardDisplayManager: hide
03-29 15:30:33.788  1266  2104 I StatusBarManagerService: Disable records remove token DisableRecord{userId=0 pkg=com.android.systemui what1=3200000 what2=0} list: [DisableRecord{userId=0 pkg=Window{41eb46a u0 StatusBar} what1=200000 what2=0}]
03-29 15:30:33.797  1266  1299 W BroadcastQueue: Permission Denial: broadcasting Intent { act=android.intent.action.USER_PRESENT flg=0x24000010 } from com.android.systemui (pid=1669, uid=10029) is not exported from uid 10404 due to receiver cn.dcpai.auction/cn.jpush.android.service.PushReceiver
03-29 15:30:33.800  1266  2669 D SmartHeartBeat: setAlarmsPending ...
03-29 15:30:33.824  1266  1280 I StatusBarManagerService: Disable records remove token DisableRecord{userId=0 pkg=Window{41eb46a u0 StatusBar} what1=200000 what2=0} list: []
03-29 15:30:33.824  1266  2708 I WindowManager: rotationForOrientationLw(orient=1, last=0); user=0 USER_ROTATION_LOCKED
03-29 15:30:33.824  1266  2708 I WindowManager: Application requested orientation 1, got rotation 0 which has compatible metrics
03-29 15:30:33.827  1266  2715 W InputMethodManagerService: Window already focused, ignoring focus gain of: com.android.internal.view.IInputMethodClient$Stub$Proxy@9cdc620 attribute=android.view.inputmethod.EditorInfo@bbb4bd9, token = android.os.BinderProxy@d3dd541
03-29 15:30:33.846  1266  1387 V FingerprintService: stop client com.android.systemui
03-29 15:30:33.847  1266  1433 W FingerprintService: onError 1
03-29 15:30:33.854  1266  1387 W FingerprintService: client com.android.systemui is no longer authenticating
03-29 15:30:33.854  1266  1387 W FingerprintService: onError 2
03-29 15:30:33.854  1266  1387 V FingerprintService: ClientMonitor destroy
03-29 15:30:33.855  1266  1387 V FingerprintService: Done with client: com.android.systemui
03-29 15:30:33.855  1266  1387 V FingerprintService: handleError(client=com.android.systemui, error = 5)
03-29 15:30:33.928  1266  2707 W ActivityManager: Sending non-protected broadcast com.huawei.intent.action.PUSH from system 5709:com.huawei.android.pushagent.PushService/1000 pkg android
03-29 15:30:33.963  1266  2038 V HwNotificationManagerService: Notification Center targetPkg:com.ss.android.article.news
03-29 15:30:33.964  1266  2038 I NotificationService: NC 10058 calling 10009
03-29 15:30:33.973  1266  1266 V HwNotificationManagerService: isHwSoundAllow pkg=com.ss.android.article.news, userId=0, cfg=3
03-29 15:30:33.973  1266  1266 V HwNotificationManagerService: isHwVibrateAllow pkg=com.ss.android.article.news, userId=0, cfg=3
03-29 15:30:33.978  1266  1266 W AppOps  : Bad call: specified package com.huawei.android.pushagent under uid 10009 but it is really 10058
03-29 15:30:33.978  1266  1266 W AppOps  : java.lang.RuntimeException: here
03-29 15:30:33.978  1266  1266 W AppOps  : 	at com.android.server.AppOpsService.getOpsRawLocked(AppOpsService.java:1343)
03-29 15:30:33.978  1266  1266 W AppOps  : 	at com.android.server.AppOpsService.startOperation(AppOpsService.java:1117)
03-29 15:30:33.978  1266  1266 W AppOps  : 	at com.android.server.VibratorService.startVibrationLocked(VibratorService.java:568)
03-29 15:30:33.978  1266  1266 W AppOps  : 	at com.android.server.VibratorService.vibratePattern(VibratorService.java:454)
03-29 15:30:33.978  1266  1266 W AppOps  : 	at android.os.SystemVibrator.vibrate(SystemVibrator.java:89)
03-29 15:30:33.978  1266  1266 W AppOps  : 	at com.android.server.notification.NotificationManagerService.buzzBeepBlinkLocked(NotificationManagerService.java:3468)
03-29 15:30:33.978  1266  1266 W AppOps  : 	at com.android.server.notification.NotificationManagerService$EnqueueNotificationRunnable.run(NotificationManagerService.java:3257)
03-29 15:30:33.978  1266  1266 W AppOps  : 	at android.os.Handler.handleCallback(Handler.java:761)
