03-29 15:30:33.978  1266  1266 W AppOps  : 	at android.os.Handler.dispatchMessage(Handler.java:98)
03-29 15:30:33.978  1266  1266 W AppOps  : 	at android.os.Looper.loop(Looper.java:156)
03-29 15:30:33.978  1266  1266 W AppOps  : 	at com.android.server.SystemServer.run(SystemServer.java:500)
03-29 15:30:33.978  1266  1266 W AppOps  : 	at com.android.server.SystemServer.main(SystemServer.java:328)
03-29 15:30:33.978  1266  1266 W AppOps  : 	at java.lang.reflect.Method.invoke(Native Method)
03-29 15:30:33.978  1266  1266 W AppOps  : 	at com.android.internal.os.ZygoteInit$MethodAndArgsCaller.run(ZygoteInit.java:942)
03-29 15:30:33.978  1266  1266 W AppOps  : 	at com.android.internal.os.ZygoteInit.main(ZygoteInit.java:832)
03-29 15:30:33.978  1266  1266 W PowerManager_vibrator: Would be an error: vibrate from uid 10009
03-29 15:30:34.013  1266  1299 D WifiService: startScan, pid:4179, uid:1010007
03-29 15:30:34.834  1266  1278 I UsageStatsService: User[0] Flushing usage stats to disk
03-29 15:30:36.182  1266  1404 D NetdConnector: RCV <- {pattern.matcher(rawEventLog) fail}
03-29 15:30:36.183  1266  1404 D NetdConnector: RCV <- {pattern.matcher(eventLog) fail}
03-29 15:30:36.185  1266  1286 D NetdConnector: RCV unsolicited event from native daemon, event = 600
03-29 15:30:36.186  1266  1286 D NetworkManagement: notifyInterfaceLinkStateChanged 10
03-29 15:30:37.078  1266  1266 E JobServiceContext: Time-out while trying to bind d1b2246 #u0a9/1 com.ss.android.article.news/com.ss.android.message.PushJobService, dropping.
03-29 15:30:37.079  1266  1266 E BatteryStatsImpl: Unable to find object for com.ss.android.article.news/com.ss.android.message.PushJobService mapsize=1 activeoverflow=null curoverflow=null
03-29 15:30:37.081  1266  1266 E JobServiceContext: Service not bind: JobServiceContext
03-29 15:30:37.081  1266  1266 W HwAlarmManagerService: isContainsAppUidInWorksource-->happend NameNotFoundException
03-29 15:30:37.085  1266  1266 I JobScheduler.Time: mNextJobExpiredElapsedMillis: 28925790
03-29 15:30:40.019 17679 17687 E SchedPolicy: open of dev/cpuctl/limit_fg/tasks failed: Permission denied
03-29 15:30:40.019 17679 17687 E SchedPolicy: open of dev/cpuctl/bg_non_interactive/limit_bg/tasks failed: Permission denied
03-29 15:30:40.026  1266  1299 I [SPMN]  : insert SECURE -- name = accessibility_enabled, package = android, user = 0, value = 1
03-29 15:30:40.029  1266  1266 I [SPMN]  : insert SECURE -- name = accessibility_enabled, package = android, user = 0, value = 1
03-29 15:30:40.032  1266  1277 I [SPMN]  : insert SECURE -- name = accessibility_enabled, package = android, user = 0, value = 1
03-29 15:30:41.203  1266  2672 W WindowManager: Attempted to remove non-existing token: android.os.Binder@1fa0505
03-29 15:30:41.206  1266  2672 I [SPMN]  : insert SECURE -- name = accessibility_enabled, package = android, user = 0, value = 0
03-29 15:30:41.210  1266  2714 I WindowManager: updateRotationUnchecked(alwaysSendConfiguration=false)
03-29 15:30:41.210  1266  2714 I WindowManager: rotationForOrientationLw(orient=1, last=0); user=0 USER_ROTATION_LOCKED
03-29 15:30:41.210  1266  2714 I WindowManager: Application requested orientation 1, got rotation 0 which has compatible metrics
03-29 15:30:41.376 17698 17699 E SchedPolicy: open of dev/cpuctl/limit_fg/tasks failed: Permission denied
03-29 15:30:41.376 17698 17699 E SchedPolicy: open of dev/cpuctl/bg_non_interactive/limit_bg/tasks failed: Permission denied
03-29 15:30:48.998  1266  1404 D NetdConnector: RCV <- {pattern.matcher(rawEventLog) fail}
03-29 15:30:49.003  1266  1404 D NetdConnector: RCV <- {pattern.matcher(eventLog) fail}
03-29 15:30:49.012  1266  1286 D NetdConnector: RCV unsolicited event from native daemon, event = 600
03-29 15:30:49.014  1266  1286 D NetworkManagement: notifyInterfaceLinkStateChanged 10
03-29 15:30:50.234  1266  1404 D NetdConnector: RCV <- {pattern.matcher(rawEventLog) fail}
03-29 15:30:50.236  1266  1404 D NetdConnector: RCV <- {pattern.matcher(eventLog) fail}
03-29 15:30:51.391  1266  1385 D HwBatteryService: onUEvent fcpStatus = 0,scpStatus =0,ovpStatus=0
03-29 15:30:51.393  1266  1385 I UsbDeviceManager: water_intrused state= 0
03-29 15:30:51.397  1266  1266 D WifiService: onReceive, action:android.intent.action.BATTERY_CHANGED
03-29 15:30:51.397  1266  1266 D WifiService: ACTION_BATTERY_CHANGED pluggedType: 2
03-29 15:31:00.006  1266  1266 V AlarmManager: Received TIME_TICK alarm; rescheduling
03-29 15:31:00.216  1266  1404 D NetdConnector: RCV <- {pattern.matcher(rawEventLog) fail}
03-29 15:31:00.217  1266  1404 D NetdConnector: RCV <- {pattern.matcher(eventLog) fail}
03-29 15:31:21.551  1266  1385 D HwBatteryService: onUEvent fcpStatus = 0,scpStatus =0,ovpStatus=0
03-29 15:31:21.552  1266  1385 I UsbDeviceManager: water_intrused state= 0
03-29 15:31:21.554  1266  1266 D WifiService: onReceive, action:android.intent.action.BATTERY_CHANGED
03-29 15:31:21.554  1266  1266 D WifiService: ACTION_BATTERY_CHANGED pluggedType: 2
03-29 15:31:30.971  1266  1404 D NetdConnector: RCV <- {pattern.matcher(rawEventLog) fail}
03-29 15:31:30.976  1266  1404 D NetdConnector: RCV <- {pattern.matcher(eventLog) fail}
03-29 15:31:30.988  1266  1286 D NetdConnector: RCV unsolicited event from native daemon, event = 600
03-29 15:31:30.994  1266  1286 D NetworkManagement: notifyInterfaceLinkStateChanged 10
03-29 15:31:51.728  1266  1385 D HwBatteryService: onUEvent fcpStatus = 0,scpStatus =0,ovpStatus=0
03-29 15:31:51.731  1266  1385 I UsbDeviceManager: water_intrused state= 0
03-29 15:31:51.738  1266  1266 D WifiService: onReceive, action:android.intent.action.BATTERY_CHANGED
03-29 15:31:51.738  1266  1266 D WifiService: ACTION_BATTERY_CHANGED pluggedType: 2
03-29 15:32:00.006  1266  1266 V AlarmManager: Received TIME_TICK alarm; rescheduling
03-29 15:32:21.887  1266  1385 D HwBatteryService: onUEvent fcpStatus = 0,scpStatus =0,ovpStatus=0
03-29 15:32:21.890  1266  1385 I UsbDeviceManager: water_intrused state= 0
03-29 15:32:50.953  1266  1404 D NetdConnector: RCV <- {pattern.matcher(rawEventLog) fail}
03-29 15:32:50.958  1266  1404 D NetdConnector: RCV <- {pattern.matcher(eventLog) fail}
03-29 15:32:50.963  1266  1286 D NetdConnector: RCV unsolicited event from native daemon, event = 600
03-29 15:32:50.966  1266  1286 D NetworkManagement: notifyInterfaceLinkStateChanged 10
03-29 15:32:52.120  1266  1385 D HwBatteryService: onUEvent fcpStatus = 0,scpStatus =0,ovpStatus=0
03-29 15:32:52.122  1266  1385 I UsbDeviceManager: water_intrused state= 0
03-29 15:33:00.002  1266  1266 V AlarmManager: Received TIME_TICK alarm; rescheduling
03-29 15:33:22.352  1266  1385 D HwBatteryService: onUEvent fcpStatus = 0,scpStatus =0,ovpStatus=0
03-29 15:33:22.355  1266  1385 I UsbDeviceManager: water_intrused state= 0
03-29 15:33:22.363  1266  1266 D WifiService: onReceive, action:android.intent.action.BATTERY_CHANGED
03-29 15:33:22.363  1266  1266 D WifiService: ACTION_BATTERY_CHANGED pluggedType: 2
03-29 15:33:52.513  1266  1385 D HwBatteryService: onUEvent fcpStatus = 0,scpStatus =0,ovpStatus=0
03-29 15:33:52.515  1266  1385 I UsbDeviceManager: water_intrused state= 0
03-29 15:33:52.521  1266  1266 D WifiService: onReceive, action:android.intent.action.BATTERY_CHANGED
03-29 15:33:52.521  1266  1266 D WifiService: ACTION_BATTERY_CHANGED pluggedType: 2
03-29 15:34:00.006  1266  1266 V AlarmManager: Received TIME_TICK alarm; rescheduling
03-29 15:34:02.970 17162 18689 E SchedPolicy: open of dev/cpuctl/limit_fg/tasks failed: Permission denied
03-29 15:34:02.970 17162 18689 E SchedPolicy: open of dev/cpuctl/bg_non_interactive/limit_bg/tasks failed: Permission denied
03-29 15:34:22.673  1266  1385 D HwBatteryService: onUEvent fcpStatus = 0,scpStatus =0,ovpStatus=0
03-29 15:34:22.675  1266  1385 I UsbDeviceManager: water_intrused state= 0
03-29 15:34:52.826  1266  1385 D HwBatteryService: onUEvent fcpStatus = 0,scpStatus =0,ovpStatus=0
03-29 15:34:52.827  1266  1385 I UsbDeviceManager: water_intrused state= 0
03-29 15:34:52.829  1266  1266 D WifiService: onReceive, action:android.intent.action.BATTERY_CHANGED
03-29 15:34:52.829  1266  1266 D WifiService: ACTION_BATTERY_CHANGED pluggedType: 2
03-29 15:34:53.660  1266  2107 W ActivityManager: getRunningAppProcesses: caller 10404 does not hold REAL_GET_TASKS; limiting output
03-29 15:34:53.718  1266  2105 D HwLocalLocationProvider: HwLocalLocationManager requestLocation
03-29 15:34:53.719  1266  1983 D libgps  : proxy_gps_set_position_mode: mode = 0, recurrence = 0, min_interval = 1000, preferred_accuracy = 0, preferred_time = 0
03-29 15:34:53.719  1266  1983 D libgps  : proxy_gps_start: called.
03-29 15:34:53.721  1266  1983 D libgps  : proxy_gps_start: return = 0.
03-29 15:34:53.721  1266 18933 D HwLocalLocationProvider: start query Loc Form DB 
03-29 15:34:53.721  1266 18933 I HwLocalLocationProvider: query loc Form Cell Table,cellid == 11314
03-29 15:34:53.722  1266 18933 I HwLocalLocationProvider: query loc Form Recent Cell
03-29 15:34:53.722  1266 18933 W HwLocalLocationProvider: queryLoc cellid is  null
03-29 15:34:53.856  1266  2298 D libgps  : proxy_agps_ril_request_setid_cb: called.
03-29 15:34:53.861  1266  2298 D libgps  : proxy_agps_ril_set_set_id: called.
03-29 15:34:54.396  1266  2298 D libgps  : proxy_gnss_sv_status_cb: called. num_svs(0)
03-29 15:34:55.349  1266  2298 D libgps  : proxy_gnss_sv_status_cb: called. num_svs(0)
03-29 15:34:56.349  1266  2298 D libgps  : proxy_gnss_sv_status_cb: called. num_svs(0)
03-29 15:34:57.350  1266  2298 D libgps  : proxy_gnss_sv_status_cb: called. num_svs(0)
03-29 15:34:58.349  1266  2298 D libgps  : proxy_gnss_sv_status_cb: called. num_svs(0)
03-29 15:34:59.349  1266  2298 D libgps  : proxy_gnss_sv_status_cb: called. num_svs(0)
03-29 15:35:00.005  1266  1266 V AlarmManager: Received TIME_TICK alarm; rescheduling
03-29 15:35:00.346  1266  2298 D libgps  : proxy_gnss_sv_status_cb: called. num_svs(0)
03-29 15:35:01.343  1266  2298 D libgps  : proxy_gnss_sv_status_cb: called. num_svs(0)
03-29 15:35:02.347  1266  2298 D libgps  : proxy_gnss_sv_status_cb: called. num_svs(0)
03-29 15:35:03.349  1266  2298 D libgps  : proxy_gnss_sv_status_cb: called. num_svs(0)
03-29 15:35:03.896  1266 18938 D libgps  : proxy_gps_inject_time: exit
03-29 15:35:04.351  1266  2298 D libgps  : proxy_gnss_sv_status_cb: called. num_svs(0)
03-29 15:35:05.350  1266  2298 D libgps  : proxy_gnss_sv_status_cb: called. num_svs(0)
03-29 15:35:06.350  1266  2298 D libgps  : proxy_gnss_sv_status_cb: called. num_svs(0)
03-29 15:35:07.351  1266  2298 D libgps  : proxy_gnss_sv_status_cb: called. num_svs(0)
03-29 15:35:08.350  1266  2298 D libgps  : proxy_gnss_sv_status_cb: called. num_svs(0)
03-29 15:35:09.350  1266  2298 D libgps  : proxy_gnss_sv_status_cb: called. num_svs(0)
03-29 15:35:10.350  1266  2298 D libgps  : proxy_gnss_sv_status_cb: called. num_svs(0)
03-29 15:35:11.350  1266  2298 D libgps  : proxy_gnss_sv_status_cb: called. num_svs(0)
03-29 15:35:12.350  1266  2298 D libgps  : proxy_gnss_sv_status_cb: called. num_svs(0)
03-29 15:35:13.350  1266  2298 D libgps  : proxy_gnss_sv_status_cb: called. num_svs(0)
03-29 15:35:13.764  1266  1983 D libgps  : proxy_gps_stop: called.
03-29 15:35:13.771  1266  1983 D libgps  : gps_engine_status_update: called.
03-29 15:35:21.391  1266  1404 D NetdConnector: RCV <- {pattern.matcher(rawEventLog) fail}
03-29 15:35:21.394  1266  1404 D NetdConnector: RCV <- {pattern.matcher(eventLog) fail}
03-29 15:35:22.995  1266  1385 D HwBatteryService: onUEvent fcpStatus = 0,scpStatus =0,ovpStatus=0
03-29 15:35:22.999  1266  1385 I UsbDeviceManager: water_intrused state= 0
03-29 15:35:23.004  1266  1266 D WifiService: onReceive, action:android.intent.action.BATTERY_CHANGED
03-29 15:35:23.004  1266  1266 D WifiService: ACTION_BATTERY_CHANGED pluggedType: 2
03-29 15:35:31.001  1266  1404 D NetdConnector: RCV <- {pattern.matcher(rawEventLog) fail}
03-29 15:35:31.006  1266  1404 D NetdConnector: RCV <- {pattern.matcher(eventLog) fail}
03-29 15:35:31.011  1266  1286 D NetdConnector: RCV unsolicited event from native daemon, event = 600
03-29 15:35:31.014  1266  1286 D NetworkManagement: notifyInterfaceLinkStateChanged 10
03-29 15:35:31.440  1266  1404 D NetdConnector: RCV <- {pattern.matcher(rawEventLog) fail}
03-29 15:35:31.441  1266  1404 D NetdConnector: RCV <- {pattern.matcher(eventLog) fail}
03-29 15:35:33.896  1266  1392 W ActivityManager: Sending non-protected broadcast com.huawei.intent.action.PUSH from system uid 1000 pkg android
03-29 15:35:35.284  1266  2107 I ActivityManager: START u0 {cmp=cn.dcpai.auction/.activity.RiversLakesTopicDetailActivity (has extras)} from uid 10404 on display 0
03-29 15:35:35.286  1266  2107 I ActivityManager: ActivityRecord info: ActivityInfo{3520a79 cn.dcpai.auction.activity.RiversLakesTopicDetailActivity}, euid: 0
03-29 15:35:35.288  1266  2107 V HwWindowManagerService: moveTaskToTop mTaskChanged:true
03-29 15:35:35.289  1266  2107 V HwWindowManagerService: moveTaskToTop mTaskChanged:true
03-29 15:35:35.290  1266  2107 V HwWindowManagerService: setFocusedApp update app ops, mTaskChanged set to:false
03-29 15:35:35.302  1266  2039 I WindowManager: Taking screenshot from Surface with crop:[Rect(0, 72 - 1080, 1812)], width:[648], height:[1044], minLayer:[21020], maxLayer:[21020], inRotation:[false], rot:[0]
03-29 15:35:35.329 15920 15920 V ActivityThread: ActivityThread,callActivityOnCreate
03-29 15:35:35.405 15920 15920 D ActivityThread: add activity client record, r= ActivityRecord{ff25d2b token=android.os.BinderProxy@107d547 {cn.dcpai.auction/cn.dcpai.auction.activity.RiversLakesTopicDetailActivity}} token= android.os.BinderProxy@107d547
03-29 15:35:35.427  1266  2715 D ActivityManager: Skipping, home stack task: TaskRecord{9c1f072 #982 A=com.huawei.android.launcher U=0 StackId=0 sz=1}
03-29 15:35:35.427  1266  2715 D ActivityManager: Skipping, withExcluded: false, tr.intent:Intent { act=android.deviceinfo.chooser.action.LAUNCH flg=0x10800000 pkg=com.android.settings cmp=com.android.settings/.deviceinfo.UsbConnModeChooserActivity }
03-29 15:35:35.427  1266  2715 D ActivityManager: Skipping, withExcluded: false, tr.intent:Intent { act=android.intent.action.MAIN cat=[android.intent.category.LAUNCHER] flg=0x10a00000 cmp=io.appium.settings/.Settings }
03-29 15:35:35.427  1266  2715 D ActivityManager: Skipping, withExcluded: false, tr.intent:Intent { flg=0x10804000 cmp=com.android.systemui/.recents.RecentsActivity }
03-29 15:35:35.427  1266  2715 D ActivityManager: Skipping, withExcluded: false, tr.intent:Intent { act=android.intent.action.MAIN cat=[android.intent.category.HOME] flg=0x10800300 cmp=com.android.settings/.FallbackHome }
03-29 15:35:35.429  1266  2671 D ActivityManager: Skipping, home stack task: TaskRecord{9c1f072 #982 A=com.huawei.android.launcher U=0 StackId=0 sz=1}
03-29 15:35:35.429  1266  2671 D ActivityManager: Skipping, withExcluded: false, tr.intent:Intent { act=android.deviceinfo.chooser.action.LAUNCH flg=0x10800000 pkg=com.android.settings cmp=com.android.settings/.deviceinfo.UsbConnModeChooserActivity }
03-29 15:35:35.429  1266  2671 D ActivityManager: Skipping, withExcluded: false, tr.intent:Intent { act=android.intent.action.MAIN cat=[android.intent.category.LAUNCHER] flg=0x10a00000 cmp=io.appium.settings/.Settings }
03-29 15:35:35.429  1266  2671 D ActivityManager: Skipping, withExcluded: false, tr.intent:Intent { flg=0x10804000 cmp=com.android.systemui/.recents.RecentsActivity }
03-29 15:35:35.429  1266  2671 D ActivityManager: Skipping, withExcluded: false, tr.intent:Intent { act=android.intent.action.MAIN cat=[android.intent.category.HOME] flg=0x10800300 cmp=com.android.settings/.FallbackHome }
03-29 15:35:35.809  1266  1299 I WindowManager: Destroying surface Surface(name=cn.dcpai.auction/cn.dcpai.auction.MainActivity) called by com.android.server.wm.WindowStateAnimator.destroySurface:2056 com.android.server.wm.WindowStateAnimator.destroySurfaceLocked:908 com.android.server.wm.WindowState.destroyOrSaveSurface:2201 com.android.server.wm.WindowManagerService.tryStartExitingAnimation:3332 com.android.server.wm.WindowManagerService.relayoutWindow:3212 com.android.server.wm.Session.relayout:224 android.view.IWindowSession$Stub.onTransact:286 com.android.server.wm.Session.onTransact:145 
03-29 15:35:36.928  1266  2104 V HwWindowManagerService: moveTaskToTop mTaskChanged:true
03-29 15:35:36.929  1266  2104 V HwWindowManagerService: setFocusedApp update app ops, mTaskChanged set to:false
03-29 15:35:36.939  1266  2107 V WindowManager: Skipping AppWindowToken{f6f860b token=Token{b76a1da ActivityRecord{fecacfc u0 cn.dcpai.auction/.activity.RiversLakesTopicDetailActivity t1001}}} -- going to hide
03-29 15:35:36.987  1266  2715 V WindowManager: Skipping AppWindowToken{f6f860b token=Token{b76a1da ActivityRecord{fecacfc u0 cn.dcpai.auction/.activity.RiversLakesTopicDetailActivity t1001}}} -- going to hide
03-29 15:35:37.292 15920 15920 D ActivityThread: Remove activity client record, r= ActivityRecord{ff25d2b token=android.os.BinderProxy@107d547 {cn.dcpai.auction/cn.dcpai.auction.activity.RiversLakesTopicDetailActivity}} token= android.os.BinderProxy@107d547
03-29 15:35:37.363  1266  1288 I WindowManager: Destroying surface Surface(name=cn.dcpai.auction/cn.dcpai.auction.activity.RiversLakesTopicDetailActivity) called by com.android.server.wm.WindowStateAnimator.destroySurface:2056 com.android.server.wm.WindowStateAnimator.destroySurfaceLocked:908 com.android.server.wm.WindowState.destroyOrSaveSurface:2201 com.android.server.wm.AppWindowToken.destroySurfaces:366 com.android.server.wm.WindowStateAnimator.finishExit:587 com.android.server.wm.AppWindowAnimator.stepAnimationLocked:434 com.android.server.wm.WindowAnimator.updateAppWindowsLocked:201 com.android.server.wm.WindowAnimator.animateLocked:712 
03-29 15:35:39.556  1266  1509 E TaskPersister: File error accessing recents directory (directory doesn't exist?).
03-29 15:35:53.154  1266  1385 D HwBatteryService: onUEvent fcpStatus = 0,scpStatus =0,ovpStatus=0
03-29 15:35:53.157  1266  1385 I UsbDeviceManager: water_intrused state= 0
03-29 15:35:53.163  1266  1266 D WifiService: onReceive, action:android.intent.action.BATTERY_CHANGED
03-29 15:35:53.164  1266  1266 D WifiService: ACTION_BATTERY_CHANGED pluggedType: 2
03-29 15:36:00.002  1266  1266 V AlarmManager: Received TIME_TICK alarm; rescheduling
03-29 15:36:23.321  1266  1385 D HwBatteryService: onUEvent fcpStatus = 0,scpStatus =0,ovpStatus=0
03-29 15:36:23.323  1266  1385 I UsbDeviceManager: water_intrused state= 0
03-29 15:36:23.329  1266  1266 D WifiService: onReceive, action:android.intent.action.BATTERY_CHANGED
03-29 15:36:23.329  1266  1266 D WifiService: ACTION_BATTERY_CHANGED pluggedType: 2
03-29 15:36:53.161  1266  1266 D WifiService: onReceive, action:android.intent.action.BATTERY_CHANGED
03-29 15:36:53.161  1266  1266 D WifiService: ACTION_BATTERY_CHANGED pluggedType: 2
03-29 15:36:53.472  1266  1385 D HwBatteryService: onUEvent fcpStatus = 0,scpStatus =0,ovpStatus=0
03-29 15:36:53.475  1266  1385 I UsbDeviceManager: water_intrused state= 0
03-29 15:36:53.480  1266  1266 D WifiService: onReceive, action:android.intent.action.BATTERY_CHANGED
03-29 15:36:53.481  1266  1266 D WifiService: ACTION_BATTERY_CHANGED pluggedType: 2
03-29 15:37:00.005  1266  1266 V AlarmManager: Received TIME_TICK alarm; rescheduling
03-29 15:37:23.644  1266  1385 D HwBatteryService: onUEvent fcpStatus = 0,scpStatus =0,ovpStatus=0
03-29 15:37:23.647  1266  1385 I UsbDeviceManager: water_intrused state= 0
03-29 15:37:23.654  1266  1266 D WifiService: onReceive, action:android.intent.action.BATTERY_CHANGED
03-29 15:37:23.654  1266  1266 D WifiService: ACTION_BATTERY_CHANGED pluggedType: 2
03-29 15:37:45.884  1266  2065 I ActivityManager: START u0 {cmp=cn.dcpai.auction/.activity.RiversLakesTopicDetailActivity (has extras)} from uid 10404 on display 0
03-29 15:37:45.885  1266  2065 I ActivityManager: ActivityRecord info: ActivityInfo{3520a79 cn.dcpai.auction.activity.RiversLakesTopicDetailActivity}, euid: 0
03-29 15:37:45.887  1266  2065 V HwWindowManagerService: moveTaskToTop mTaskChanged:true
03-29 15:37:45.888  1266  2065 V HwWindowManagerService: moveTaskToTop mTaskChanged:true
03-29 15:37:45.889  1266  2065 V HwWindowManagerService: setFocusedApp update app ops, mTaskChanged set to:false
03-29 15:37:45.908 15920 15920 V ActivityThread: ActivityThread,callActivityOnCreate
03-29 15:37:45.975 15920 15920 D ActivityThread: add activity client record, r= ActivityRecord{d060efa token=android.os.BinderProxy@35eaceb {cn.dcpai.auction/cn.dcpai.auction.activity.RiversLakesTopicDetailActivity}} token= android.os.BinderProxy@35eaceb
03-29 15:37:46.006  1266  1277 D ActivityManager: Skipping, home stack task: TaskRecord{9c1f072 #982 A=com.huawei.android.launcher U=0 StackId=0 sz=1}
03-29 15:37:46.006  1266  1277 D ActivityManager: Skipping, withExcluded: false, tr.intent:Intent { act=android.deviceinfo.chooser.action.LAUNCH flg=0x10800000 pkg=com.android.settings cmp=com.android.settings/.deviceinfo.UsbConnModeChooserActivity }
03-29 15:37:46.006  1266  1277 D ActivityManager: Skipping, withExcluded: false, tr.intent:Intent { act=android.intent.action.MAIN cat=[android.intent.category.LAUNCHER] flg=0x10a00000 cmp=io.appium.settings/.Settings }
03-29 15:37:46.006  1266  1277 D ActivityManager: Skipping, withExcluded: false, tr.intent:Intent { flg=0x10804000 cmp=com.android.systemui/.recents.RecentsActivity }
03-29 15:37:46.006  1266  1277 D ActivityManager: Skipping, withExcluded: false, tr.intent:Intent { act=android.intent.action.MAIN cat=[android.intent.category.HOME] flg=0x10800300 cmp=com.android.settings/.FallbackHome }
03-29 15:37:46.007  1266  2688 D ActivityManager: Skipping, home stack task: TaskRecord{9c1f072 #982 A=com.huawei.android.launcher U=0 StackId=0 sz=1}
03-29 15:37:46.007  1266  2688 D ActivityManager: Skipping, withExcluded: false, tr.intent:Intent { act=android.deviceinfo.chooser.action.LAUNCH flg=0x10800000 pkg=com.android.settings cmp=com.android.settings/.deviceinfo.UsbConnModeChooserActivity }
03-29 15:37:46.008  1266  2688 D ActivityManager: Skipping, withExcluded: false, tr.intent:Intent { act=android.intent.action.MAIN cat=[android.intent.category.LAUNCHER] flg=0x10a00000 cmp=io.appium.settings/.Settings }
03-29 15:37:46.008  1266  2688 D ActivityManager: Skipping, withExcluded: false, tr.intent:Intent { flg=0x10804000 cmp=com.android.systemui/.recents.RecentsActivity }
03-29 15:37:46.008  1266  2688 D ActivityManager: Skipping, withExcluded: false, tr.intent:Intent { act=android.intent.action.MAIN cat=[android.intent.category.HOME] flg=0x10800300 cmp=com.android.settings/.FallbackHome }
03-29 15:37:46.308  1266  2672 I ActivityManager: START u0 {cmp=cn.dcpai.auction/.activity.ImagePagerActivity (has extras)} from uid 10404 on display 0
03-29 15:37:46.309  1266  2672 I ActivityManager: ActivityRecord info: ActivityInfo{513e469 cn.dcpai.auction.activity.ImagePagerActivity}, euid: 0
03-29 15:37:46.309  1266  2672 V HwWindowManagerService: moveTaskToTop mTaskChanged:true
03-29 15:37:46.311  1266  2672 V HwWindowManagerService: moveTaskToTop mTaskChanged:true
03-29 15:37:46.312  1266  2672 V HwWindowManagerService: setFocusedApp update app ops, mTaskChanged set to:false
03-29 15:37:46.331 15920 15920 V ActivityThread: ActivityThread,callActivityOnCreate
03-29 15:37:46.341 15920 15920 D ActivityThread: add activity client record, r= ActivityRecord{6c4bce6 token=android.os.BinderProxy@7d0980d {cn.dcpai.auction/cn.dcpai.auction.activity.ImagePagerActivity}} token= android.os.BinderProxy@7d0980d
03-29 15:37:46.423  1266  2687 D ActivityManager: Skipping, home stack task: TaskRecord{9c1f072 #982 A=com.huawei.android.launcher U=0 StackId=0 sz=1}
03-29 15:37:46.423  1266  2687 D ActivityManager: Skipping, withExcluded: false, tr.intent:Intent { act=android.deviceinfo.chooser.action.LAUNCH flg=0x10800000 pkg=com.android.settings cmp=com.android.settings/.deviceinfo.UsbConnModeChooserActivity }
03-29 15:37:46.423  1266  2687 D ActivityManager: Skipping, withExcluded: false, tr.intent:Intent { act=android.intent.action.MAIN cat=[android.intent.category.LAUNCHER] flg=0x10a00000 cmp=io.appium.settings/.Settings }
03-29 15:37:46.423  1266  2687 D ActivityManager: Skipping, withExcluded: false, tr.intent:Intent { flg=0x10804000 cmp=com.android.systemui/.recents.RecentsActivity }
03-29 15:37:46.423  1266  2687 D ActivityManager: Skipping, withExcluded: false, tr.intent:Intent { act=android.intent.action.MAIN cat=[android.intent.category.HOME] flg=0x10800300 cmp=com.android.settings/.FallbackHome }
03-29 15:37:46.425  1266  2067 D ActivityManager: Skipping, home stack task: TaskRecord{9c1f072 #982 A=com.huawei.android.launcher U=0 StackId=0 sz=1}
03-29 15:37:46.425  1266  2067 D ActivityManager: Skipping, withExcluded: false, tr.intent:Intent { act=android.deviceinfo.chooser.action.LAUNCH flg=0x10800000 pkg=com.android.settings cmp=com.android.settings/.deviceinfo.UsbConnModeChooserActivity }
03-29 15:37:46.425  1266  2067 D ActivityManager: Skipping, withExcluded: false, tr.intent:Intent { act=android.intent.action.MAIN cat=[android.intent.category.LAUNCHER] flg=0x10a00000 cmp=io.appium.settings/.Settings }
03-29 15:37:46.425  1266  2067 D ActivityManager: Skipping, withExcluded: false, tr.intent:Intent { flg=0x10804000 cmp=com.android.systemui/.recents.RecentsActivity }
03-29 15:37:46.425  1266  2067 D ActivityManager: Skipping, withExcluded: false, tr.intent:Intent { act=android.intent.action.MAIN cat=[android.intent.category.HOME] flg=0x10800300 cmp=com.android.settings/.FallbackHome }
03-29 15:37:46.858  1266  1433 I WindowManager: Destroying surface Surface(name=cn.dcpai.auction/cn.dcpai.auction.MainActivity) called by com.android.server.wm.WindowStateAnimator.destroySurface:2056 com.android.server.wm.WindowStateAnimator.destroySurfaceLocked:908 com.android.server.wm.WindowState.destroyOrSaveSurface:2201 com.android.server.wm.WindowManagerService.tryStartExitingAnimation:3332 com.android.server.wm.WindowManagerService.relayoutWindow:3212 com.android.server.wm.Session.relayout:224 android.view.IWindowSession$Stub.onTransact:286 com.android.server.wm.Session.onTransact:145 
03-29 15:37:46.863  1266  1622 I WindowManager: Destroying surface Surface(name=cn.dcpai.auction/cn.dcpai.auction.activity.RiversLakesTopicDetailActivity) called by com.android.server.wm.WindowStateAnimator.destroySurface:2056 com.android.server.wm.WindowStateAnimator.destroySurfaceLocked:908 com.android.server.wm.WindowState.destroyOrSaveSurface:2201 com.android.server.wm.AppWindowToken.destroySurfaces:366 com.android.server.wm.AppWindowToken.notifyAppStopped:392 com.android.server.wm.WindowManagerService.notifyAppStopped:4874 com.android.server.am.ActivityStack.activityStoppedLocked:1395 com.android.server.am.ActivityManagerService.activityStopped:7663 
03-29 15:37:47.244  1266  2107 V HwWindowManagerService: moveTaskToTop mTaskChanged:true
03-29 15:37:47.245  1266  2107 V HwWindowManagerService: setFocusedApp update app ops, mTaskChanged set to:false
03-29 15:37:47.262  1266  2104 V WindowManager: Skipping AppWindowToken{116c21c token=Token{cddef8f ActivityRecord{b466eee u0 cn.dcpai.auction/.activity.ImagePagerActivity t1001}}} -- going to hide
03-29 15:37:47.294  1266  2670 V WindowManager: Skipping AppWindowToken{116c21c token=Token{cddef8f ActivityRecord{b466eee u0 cn.dcpai.auction/.activity.ImagePagerActivity t1001}}} -- going to hide
03-29 15:37:47.599 15920 15920 D ActivityThread: Remove activity client record, r= ActivityRecord{6c4bce6 token=android.os.BinderProxy@7d0980d {cn.dcpai.auction/cn.dcpai.auction.activity.ImagePagerActivity}} token= android.os.BinderProxy@7d0980d
03-29 15:37:47.669  1266  1288 I WindowManager: Destroying surface Surface(name=cn.dcpai.auction/cn.dcpai.auction.activity.ImagePagerActivity) called by com.android.server.wm.WindowStateAnimator.destroySurface:2056 com.android.server.wm.WindowStateAnimator.destroySurfaceLocked:908 com.android.server.wm.WindowState.destroyOrSaveSurface:2201 com.android.server.wm.AppWindowToken.destroySurfaces:366 com.android.server.wm.WindowStateAnimator.finishExit:587 com.android.server.wm.AppWindowAnimator.stepAnimationLocked:434 com.android.server.wm.WindowAnimator.updateAppWindowsLocked:201 com.android.server.wm.WindowAnimator.animateLocked:712 
03-29 15:37:48.033  1266  2669 V HwWindowManagerService: moveTaskToTop mTaskChanged:true
03-29 15:37:48.034  1266  2669 V HwWindowManagerService: setFocusedApp update app ops, mTaskChanged set to:false
03-29 15:37:48.047  1266  2671 V WindowManager: Skipping AppWindowToken{7ed94d8 token=Token{4eda7bb ActivityRecord{7567c4a u0 cn.dcpai.auction/.activity.RiversLakesTopicDetailActivity t1001}}} -- going to hide
03-29 15:37:48.103  1266  2107 V WindowManager: Skipping AppWindowToken{7ed94d8 token=Token{4eda7bb ActivityRecord{7567c4a u0 cn.dcpai.auction/.activity.RiversLakesTopicDetailActivity t1001}}} -- going to hide
03-29 15:37:48.411 15920 15920 D ActivityThread: Remove activity client record, r= ActivityRecord{d060efa token=android.os.BinderProxy@35eaceb {cn.dcpai.auction/cn.dcpai.auction.activity.RiversLakesTopicDetailActivity}} token= android.os.BinderProxy@35eaceb
03-29 15:37:48.482  1266  1288 I WindowManager: Destroying surface Surface(name=cn.dcpai.auction/cn.dcpai.auction.activity.RiversLakesTopicDetailActivity) called by com.android.server.wm.WindowStateAnimator.destroySurface:2056 com.android.server.wm.WindowStateAnimator.destroySurfaceLocked:908 com.android.server.wm.WindowState.destroyOrSaveSurface:2201 com.android.server.wm.AppWindowToken.destroySurfaces:366 com.android.server.wm.WindowStateAnimator.finishExit:587 com.android.server.wm.AppWindowAnimator.stepAnimationLocked:434 com.android.server.wm.WindowAnimator.updateAppWindowsLocked:201 com.android.server.wm.WindowAnimator.animateLocked:712 
03-29 15:37:49.267  1266  2714 I ActivityManager: START u0 {cmp=cn.dcpai.auction/.activity.RiversLakesTopicDetailActivity (has extras)} from uid 10404 on display 0
03-29 15:37:49.269  1266  2714 I ActivityManager: ActivityRecord info: ActivityInfo{3520a79 cn.dcpai.auction.activity.RiversLakesTopicDetailActivity}, euid: 0
03-29 15:37:49.271  1266  2714 V HwWindowManagerService: moveTaskToTop mTaskChanged:true
03-29 15:37:49.272  1266  2714 V HwWindowManagerService: moveTaskToTop mTaskChanged:true
03-29 15:37:49.272  1266  2714 V HwWindowManagerService: setFocusedApp update app ops, mTaskChanged set to:false
03-29 15:37:49.289 15920 15920 V ActivityThread: ActivityThread,callActivityOnCreate
03-29 15:37:49.358 15920 15920 D ActivityThread: add activity client record, r= ActivityRecord{e227bab token=android.os.BinderProxy@57e5de7 {cn.dcpai.auction/cn.dcpai.auction.activity.RiversLakesTopicDetailActivity}} token= android.os.BinderProxy@57e5de7
03-29 15:37:49.385  1266  2039 D ActivityManager: Skipping, home stack task: TaskRecord{9c1f072 #982 A=com.huawei.android.launcher U=0 StackId=0 sz=1}
03-29 15:37:49.385  1266  2039 D ActivityManager: Skipping, withExcluded: false, tr.intent:Intent { act=android.deviceinfo.chooser.action.LAUNCH flg=0x10800000 pkg=com.android.settings cmp=com.android.settings/.deviceinfo.UsbConnModeChooserActivity }
03-29 15:37:49.385  1266  2039 D ActivityManager: Skipping, withExcluded: false, tr.intent:Intent { act=android.intent.action.MAIN cat=[android.intent.category.LAUNCHER] flg=0x10a00000 cmp=io.appium.settings/.Settings }
03-29 15:37:49.385  1266  2039 D ActivityManager: Skipping, withExcluded: false, tr.intent:Intent { flg=0x10804000 cmp=com.android.systemui/.recents.RecentsActivity }
03-29 15:37:49.385  1266  2039 D ActivityManager: Skipping, withExcluded: false, tr.intent:Intent { act=android.intent.action.MAIN cat=[android.intent.category.HOME] flg=0x10800300 cmp=com.android.settings/.FallbackHome }
03-29 15:37:49.386  1266  2105 D ActivityManager: Skipping, home stack task: TaskRecord{9c1f072 #982 A=com.huawei.android.launcher U=0 StackId=0 sz=1}
03-29 15:37:49.386  1266  2105 D ActivityManager: Skipping, withExcluded: false, tr.intent:Intent { act=android.deviceinfo.chooser.action.LAUNCH flg=0x10800000 pkg=com.android.settings cmp=com.android.settings/.deviceinfo.UsbConnModeChooserActivity }
03-29 15:37:49.386  1266  2105 D ActivityManager: Skipping, withExcluded: false, tr.intent:Intent { act=android.intent.action.MAIN cat=[android.intent.category.LAUNCHER] flg=0x10a00000 cmp=io.appium.settings/.Settings }
03-29 15:37:49.386  1266  2105 D ActivityManager: Skipping, withExcluded: false, tr.intent:Intent { flg=0x10804000 cmp=com.android.systemui/.recents.RecentsActivity }
03-29 15:37:49.386  1266  2105 D ActivityManager: Skipping, withExcluded: false, tr.intent:Intent { act=android.intent.action.MAIN cat=[android.intent.category.HOME] flg=0x10800300 cmp=com.android.settings/.FallbackHome }
03-29 15:37:49.745  1266  2669 I WindowManager: Destroying surface Surface(name=cn.dcpai.auction/cn.dcpai.auction.MainActivity) called by com.android.server.wm.WindowStateAnimator.destroySurface:2056 com.android.server.wm.WindowStateAnimator.destroySurfaceLocked:908 com.android.server.wm.WindowState.destroyOrSaveSurface:2201 com.android.server.wm.WindowManagerService.tryStartExitingAnimation:3332 com.android.server.wm.WindowManagerService.relayoutWindow:3212 com.android.server.wm.Session.relayout:224 android.view.IWindowSession$Stub.onTransact:286 com.android.server.wm.Session.onTransact:145 
03-29 15:37:49.920  1266  1509 E TaskPersister: File error accessing recents directory (directory doesn't exist?).
03-29 15:37:50.576  1266  2670 V HwWindowManagerService: moveTaskToTop mTaskChanged:true
03-29 15:37:50.576  1266  2670 V HwWindowManagerService: setFocusedApp update app ops, mTaskChanged set to:false
03-29 15:37:50.590  1266  1277 V WindowManager: Skipping AppWindowToken{c226f9e token=Token{fb1b9d9 ActivityRecord{f012c20 u0 cn.dcpai.auction/.activity.RiversLakesTopicDetailActivity t1001}}} -- going to hide
03-29 15:37:50.643  1266  2669 V WindowManager: Skipping AppWindowToken{c226f9e token=Token{fb1b9d9 ActivityRecord{f012c20 u0 cn.dcpai.auction/.activity.RiversLakesTopicDetailActivity t1001}}} -- going to hide
03-29 15:37:50.949 15920 15920 D ActivityThread: Remove activity client record, r= ActivityRecord{e227bab token=android.os.BinderProxy@57e5de7 {cn.dcpai.auction/cn.dcpai.auction.activity.RiversLakesTopicDetailActivity}} token= android.os.BinderProxy@57e5de7
03-29 15:37:51.018  1266  1288 I WindowManager: Destroying surface Surface(name=cn.dcpai.auction/cn.dcpai.auction.activity.RiversLakesTopicDetailActivity) called by com.android.server.wm.WindowStateAnimator.destroySurface:2056 com.android.server.wm.WindowStateAnimator.destroySurfaceLocked:908 com.android.server.wm.WindowState.destroyOrSaveSurface:2201 com.android.server.wm.AppWindowToken.destroySurfaces:366 com.android.server.wm.WindowStateAnimator.finishExit:587 com.android.server.wm.AppWindowAnimator.stepAnimationLocked:434 com.android.server.wm.WindowAnimator.updateAppWindowsLocked:201 com.android.server.wm.WindowAnimator.animateLocked:712 
03-29 15:37:53.895  1266  1385 D HwBatteryService: onUEvent fcpStatus = 0,scpStatus =0,ovpStatus=0
03-29 15:37:53.898  1266  1385 I UsbDeviceManager: water_intrused state= 0
03-29 15:37:53.904  1266  1266 D WifiService: onReceive, action:android.intent.action.BATTERY_CHANGED
03-29 15:37:53.904  1266  1266 D WifiService: ACTION_BATTERY_CHANGED pluggedType: 2
03-29 15:37:53.971  1266  1509 E TaskPersister: File error accessing recents directory (directory doesn't exist?).
03-29 15:38:00.007  1266  1266 V AlarmManager: Received TIME_TICK alarm; rescheduling
03-29 15:38:11.034  1266  1404 D NetdConnector: RCV <- {pattern.matcher(rawEventLog) fail}
03-29 15:38:11.039  1266  1404 D NetdConnector: RCV <- {pattern.matcher(eventLog) fail}
03-29 15:38:11.044  1266  1286 D NetdConnector: RCV unsolicited event from native daemon, event = 600
03-29 15:38:11.047  1266  1286 D NetworkManagement: notifyInterfaceLinkStateChanged 10
03-29 15:38:11.426  1266  1397 D Telecom : TelecomServiceImpl: isInCall callState is 0: TSI.iIC@AIg
03-29 15:38:11.443  1266  1280 I ActivityManager: Start proc 19902:com.android.systemui:screenshot/u0a29 for service com.android.systemui/.screenshot.TakeScreenshotService
03-29 15:38:11.444 19902 19902 E SchedPolicy: open of dev/cpuctl/limit_fg/tasks failed: Permission denied
03-29 15:38:11.444 19902 19902 E SchedPolicy: open of dev/cpuctl/bg_non_interactive/limit_bg/tasks failed: Permission denied
03-29 15:38:11.466 19902 19902 D ActivityThread: ActivityThread,attachApplication
03-29 15:38:11.467  1266  2038 D ActivityManager: ActivityManagerService,attachApplication,callingPid = 19902
03-29 15:38:11.629  1266  2104 I ActivityManager: Need to start provider com.huawei.vdrive, callerApp: ProcessRecord{93a0668 19902:com.android.systemui:screenshot/u0a29}
03-29 15:38:11.651  1266  2104 I ActivityManager: Start proc 19918:com.huawei.vdrive/u0a90 for content provider com.huawei.vdrive/com.example.mirrorlinktogo.ConnectStatusProvider
03-29 15:38:11.652 19918 19918 E SchedPolicy: open of dev/cpuctl/limit_fg/tasks failed: Permission denied
03-29 15:38:11.652 19918 19918 E SchedPolicy: open of dev/cpuctl/bg_non_interactive/limit_bg/tasks failed: Permission denied
03-29 15:38:11.652  1266  2104 V ActivityManager_MU: Waiting to start provider ContentProviderRecord{d1cafb2 u0 euid:0 com.huawei.vdrive/com.example.mirrorlinktogo.ConnectStatusProvider} launchingApp=ProcessRecord{1b35dbd 19918:com.huawei.vdrive/u0a90} caller pid= 19902
03-29 15:38:11.672 19918 19918 D ActivityThread: ActivityThread,attachApplication
03-29 15:38:11.673  1266  1299 D ActivityManager: ActivityManagerService,attachApplication,callingPid = 19918
03-29 15:38:11.749  1266  2104 V ActivityManager: Successfully start provider ContentProviderRecord{d1cafb2 u0 euid:0 com.huawei.vdrive/com.example.mirrorlinktogo.ConnectStatusProvider} launchingApp=ProcessRecord{1b35dbd 19918:com.huawei.vdrive/u0a90} caller pid= 19902
03-29 15:38:13.078  1266  1277 I ActivityManager: Need to start provider com.google.process.gapps, callerApp: ProcessRecord{657428d 4179:com.google.android.gms/u10a7}
03-29 15:38:13.101  1266  1277 I ActivityManager: Start proc 19976:com.google.process.gapps/u10a7 for content provider com.google.android.gsf/.gservices.GservicesProvider
03-29 15:38:13.103  1266  1277 V ActivityManager_MU: Waiting to start provider ContentProviderRecord{50c43b0 u10 euid:0 com.google.android.gsf/.gservices.GservicesProvider} launchingApp=ProcessRecord{6a0eaf3 19976:com.google.process.gapps/u10a7} caller pid= 4179
03-29 15:38:13.104 19976 19976 E SchedPolicy: open of dev/cpuctl/limit_fg/tasks failed: Permission denied
03-29 15:38:13.104 19976 19976 E SchedPolicy: open of dev/cpuctl/bg_non_interactive/limit_bg/tasks failed: Permission denied
03-29 15:38:13.127 19976 19976 D ActivityThread: ActivityThread,attachApplication
03-29 15:38:13.129  1266  2038 D ActivityManager: ActivityManagerService,attachApplication,callingPid = 19976
03-29 15:38:13.136  1266  1393 E ProcessInfoCollector: getProcessInfo: failed to find this proc 
03-29 15:38:13.202 19976 19976 E ActivityThread: Failed to find provider info for com.google.settings
03-29 15:38:13.232  1266  1299 V ActivityManager_MU: Waiting to start provider ContentProviderRecord{bfbb9ae u10 euid:0 com.google.android.gsf/.settings.GoogleSettingsProvider} launchingApp=ProcessRecord{6a0eaf3 19976:com.google.process.gapps/u10a7} caller pid= 4301
03-29 15:38:13.291  1266  1299 V ActivityManager: Successfully start provider ContentProviderRecord{bfbb9ae u10 euid:0 com.google.android.gsf/.settings.GoogleSettingsProvider} launchingApp=ProcessRecord{6a0eaf3 19976:com.google.process.gapps/u10a7} caller pid= 4301
03-29 15:38:13.291  1266  1277 V ActivityManager: Successfully start provider ContentProviderRecord{50c43b0 u10 euid:0 com.google.android.gsf/.gservices.GservicesProvider} launchingApp=ProcessRecord{6a0eaf3 19976:com.google.process.gapps/u10a7} caller pid= 4179
03-29 15:38:15.525  1266  2107 I WindowManager: Destroying surface Surface(name=ScreenshotAnimation) called by com.android.server.wm.WindowStateAnimator.destroySurface:2056 com.android.server.wm.WindowStateAnimator.destroySurfaceLocked:908 com.android.server.wm.WindowState.removeLocked:1534 com.android.server.wm.WindowManagerService.removeWindowInnerLocked:2772 com.android.server.wm.WindowManagerService.removeWindowInnerLocked:2735 com.android.server.wm.WindowManagerService.removeWindowLocked:2724 com.android.server.wm.WindowManagerService.removeWindowLocked:2593 com.android.server.wm.WindowManagerService.removeWindow:2588 
03-29 15:38:16.939  1266  1288 I WindowManager: Destroying surface Surface(name=cn.dcpai.auction/cn.dcpai.auction.MainActivity) called by com.android.server.wm.WindowStateAnimator.destroySurface:2056 com.android.server.wm.WindowStateAnimator.destroySurfaceLocked:908 com.android.server.wm.WindowState.destroyOrSaveSurface:2201 com.android.server.wm.AppWindowToken.destroySurfaces:366 com.android.server.wm.WindowStateAnimator.finishExit:587 com.android.server.wm.WindowStateAnimator.stepAnimationLocked:513 com.android.server.wm.WindowAnimator.updateWindowsLocked:311 com.android.server.wm.WindowAnimator.animateLocked:738 
03-29 15:38:19.957  1266  1288 I WindowManager: Destroying surface Surface(name=Toast) called by com.android.server.wm.WindowStateAnimator.destroySurface:2056 com.android.server.wm.WindowStateAnimator.destroySurfaceLocked:908 com.android.server.wm.WindowState.destroyOrSaveSurface:2201 com.android.server.wm.WindowSurfacePlacer.performSurfacePlacementInner:514 com.android.server.wm.WindowSurfacePlacer.performSurfacePlacementLoop:288 com.android.server.wm.WindowSurfacePlacer.performSurfacePlacement:230 com.android.server.wm.WindowManagerService$H.handleMessage:8673 android.os.Handler.dispatchMessage:105 
03-29 15:38:24.115  1266  1385 D HwBatteryService: onUEvent fcpStatus = 0,scpStatus =0,ovpStatus=0
03-29 15:38:24.118  1266  1385 I UsbDeviceManager: water_intrused state= 0
03-29 15:38:24.126  1266  1266 D WifiService: onReceive, action:android.intent.action.BATTERY_CHANGED
03-29 15:38:24.126  1266  1266 D WifiService: ACTION_BATTERY_CHANGED pluggedType: 2
03-29 15:38:25.695  1266  1288 I WindowManager: Destroying surface Surface(name=cn.dcpai.auction/cn.dcpai.auction.MainActivity) called by com.android.server.wm.WindowStateAnimator.destroySurface:2056 com.android.server.wm.WindowStateAnimator.destroySurfaceLocked:908 com.android.server.wm.WindowState.destroyOrSaveSurface:2201 com.android.server.wm.AppWindowToken.destroySurfaces:366 com.android.server.wm.WindowStateAnimator.finishExit:587 com.android.server.wm.WindowStateAnimator.stepAnimationLocked:513 com.android.server.wm.WindowAnimator.updateWindowsLocked:311 com.android.server.wm.WindowAnimator.animateLocked:738 
03-29 15:38:41.953  1266  1280 W ContextImpl: Calling a method in the system process without a qualified user: android.app.ContextImpl.sendBroadcast:979 huawei.com.android.server.policy.fingersense.SystemWideActionsListener.notifyKnockDown:372 huawei.com.android.server.policy.fingersense.SystemWideActionsListener.-wrap1:-1 huawei.com.android.server.policy.fingersense.SystemWideActionsListener$1.run:365 android.os.Handler.handleCallback:761 
03-29 15:38:41.984  1266  1280 I WindowManager: Destroying surface Surface(name=KnucklePointerLocationView) called by com.android.server.wm.WindowStateAnimator.destroySurface:2056 com.android.server.wm.WindowStateAnimator.destroySurfaceLocked:908 com.android.server.wm.WindowState.removeLocked:1534 com.android.server.wm.WindowManagerService.removeWindowInnerLocked:2772 com.android.server.wm.WindowManagerService.removeWindowInnerLocked:2735 com.android.server.wm.WindowManagerService.removeWindowLocked:2724 com.android.server.wm.WindowManagerService.removeWindowLocked:2593 com.android.server.wm.WindowManagerService.removeWindow:2588 
03-29 15:38:54.280  1266  1385 D HwBatteryService: onUEvent fcpStatus = 0,scpStatus =0,ovpStatus=0
03-29 15:38:54.284  1266  1385 I UsbDeviceManager: water_intrused state= 0
03-29 15:38:54.288  1266  1266 D WifiService: onReceive, action:android.intent.action.BATTERY_CHANGED
03-29 15:38:54.288  1266  1266 D WifiService: ACTION_BATTERY_CHANGED pluggedType: 2
03-29 15:39:00.007  1266  1266 V AlarmManager: Received TIME_TICK alarm; rescheduling
03-29 15:39:00.025  1266  1266 I ActivityManager: Killing 16072:com.huawei.phoneservice:autologuploadservice/u0a20 (adj 906): empty #25
03-29 15:39:00.027  1266  1266 I ActivityManager: Killing 8346:com.huawei.android.hwouc/u0a54 (adj 906): empty for 19055s
03-29 15:39:00.126  1266  2038 D ActivityManager: cleanUpApplicationRecord -- 16072
03-29 15:39:00.190  1266  2714 D ActivityManager: cleanUpApplicationRecord -- 8346
03-29 15:39:03.491 18691 20248 E SchedPolicy: open of dev/cpuctl/limit_fg/tasks failed: Permission denied
03-29 15:39:03.491 18691 20248 E SchedPolicy: open of dev/cpuctl/bg_non_interactive/limit_bg/tasks failed: Permission denied
03-29 15:39:11.260  1266  1404 D NetdConnector: RCV <- {pattern.matcher(rawEventLog) fail}
03-29 15:39:11.265  1266  1404 D NetdConnector: RCV <- {pattern.matcher(eventLog) fail}
03-29 15:39:11.271  1266  1286 D NetdConnector: RCV unsolicited event from native daemon, event = 600
03-29 15:39:11.274  1266  1286 D NetworkManagement: notifyInterfaceLinkStateChanged 10
03-29 15:39:24.436  1266  1385 D HwBatteryService: onUEvent fcpStatus = 0,scpStatus =0,ovpStatus=0
03-29 15:39:24.437  1266  1385 I UsbDeviceManager: water_intrused state= 0
03-29 15:39:24.438  1266  1266 D WifiService: onReceive, action:android.intent.action.BATTERY_CHANGED
03-29 15:39:24.439  1266  1266 D WifiService: ACTION_BATTERY_CHANGED pluggedType: 2
03-29 15:39:26.308  1266  1404 D NetdConnector: RCV <- {pattern.matcher(rawEventLog) fail}
03-29 15:39:26.313  1266  1404 D NetdConnector: RCV <- {pattern.matcher(eventLog) fail}
03-29 15:39:26.318  1266  1286 D NetdConnector: RCV unsolicited event from native daemon, event = 600
03-29 15:39:26.321  1266  1286 D NetworkManagement: notifyInterfaceLinkStateChanged 10
03-29 15:39:42.386  1266  1404 D NetdConnector: RCV <- {pattern.matcher(rawEventLog) fail}
03-29 15:39:42.387  1266  1404 D NetdConnector: RCV <- {pattern.matcher(eventLog) fail}
03-29 15:39:42.389  1266  1286 D NetdConnector: RCV unsolicited event from native daemon, event = 600
03-29 15:39:42.390  1266  1286 D NetworkManagement: notifyInterfaceLinkStateChanged 10
03-29 15:39:52.568  1266  1404 D NetdConnector: RCV <- {pattern.matcher(rawEventLog) fail}
03-29 15:39:52.570  1266  1404 D NetdConnector: RCV <- {pattern.matcher(eventLog) fail}
03-29 15:39:54.599  1266  1385 D HwBatteryService: onUEvent fcpStatus = 0,scpStatus =0,ovpStatus=0
03-29 15:39:54.603  1266  1385 I UsbDeviceManager: water_intrused state= 0
03-29 15:39:54.609  1266  1266 D WifiService: onReceive, action:android.intent.action.BATTERY_CHANGED
03-29 15:39:54.610  1266  1266 D WifiService: ACTION_BATTERY_CHANGED pluggedType: 2
03-29 15:40:00.006  1266  1266 V AlarmManager: Received TIME_TICK alarm; rescheduling
03-29 15:40:02.622  1266  1404 D NetdConnector: RCV <- {pattern.matcher(rawEventLog) fail}
03-29 15:40:02.624  1266  1404 D NetdConnector: RCV <- {pattern.matcher(eventLog) fail}
03-29 15:40:24.768  1266  1385 D HwBatteryService: onUEvent fcpStatus = 0,scpStatus =0,ovpStatus=0
03-29 15:40:24.773  1266  1385 I UsbDeviceManager: water_intrused state= 0
03-29 15:40:24.776  1266  1266 D WifiService: onReceive, action:android.intent.action.BATTERY_CHANGED
03-29 15:40:24.776  1266  1266 D WifiService: ACTION_BATTERY_CHANGED pluggedType: 2
03-29 15:40:34.060  1266  1392 W ActivityManager: Sending non-protected broadcast com.huawei.intent.action.PUSH from system uid 1000 pkg android
--------- beginning of main
03-29 15:40:48.826  1862  1862 D wpa_supp: Scan requested (ret=0) - scan timeout 30 seconds
03-29 15:40:48.826  1862  1862 D wpa_supp: nl80211: Drv Event 33 (NL80211_CMD_TRIGGER_SCAN) received for wlan0
03-29 15:40:48.827  1862  1862 D wpa_supp: wlan0: nl80211: Scan trigger
03-29 15:40:48.827  1862  1862 D wpa_supp: wlan0: Event SCAN_STARTED (47) received
03-29 15:40:48.827  1862  1862 D wpa_supp: wlan0: Own scan request started a scan in 0.000391 seconds
03-29 15:40:48.827   635   703 D bdatd   : [BiDispatcher.cpp] dispatchInfo# level: 6, tag: BDAT_TAG_WIFI_SCAN_STARTED, time: 03-29 15:40:48.810, data: uid=1010
03-29 15:40:50.918  1266  2107 I chatty  : uid=1000(system) Binder:1266_D expire 19 lines
03-29 15:40:50.919  2046  2384 D HwCust  : Create obj success use class android.telephony.HwCustSignalStrengthImpl
03-29 15:40:50.919  2046  2384 D HwCust  : Create obj success use class android.telephony.HwCustSignalStrengthImpl
03-29 15:40:50.919  3330  7024 D HwCust  : Create obj success use class android.telephony.HwCustSignalStrengthImpl
03-29 15:40:50.920  2875 19100 D HwCust  : Create obj success use class android.telephony.HwCustSignalStrengthImpl
03-29 15:40:50.920  2875 19100 D HwCust  : Create obj success use class android.telephony.HwCustSignalStrengthImpl
03-29 15:40:50.920  3405  3503 D HwCust  : Create obj success use class android.telephony.HwCustSignalStrengthImpl
03-29 15:40:50.920  3405  3503 D HwCust  : Create obj success use class android.telephony.HwCustSignalStrengthImpl
03-29 15:40:50.920  4987  5092 D HwCust  : Create obj success use class android.telephony.HwCustSignalStrengthImpl
03-29 15:40:50.920  5371  5556 D HwCust  : Create obj success use class android.telephony.HwCustSignalStrengthImpl
03-29 15:40:50.920  5371  5556 D HwCust  : Create obj success use class android.telephony.HwCustSignalStrengthImpl
03-29 15:40:50.920  4987  5092 D HwCust  : Create obj success use class android.telephony.HwCustSignalStrengthImpl
