03-29 15:41:29.474  1266  2065 I WindowManager: Destroying surface Surface(name=cn.dcpai.auction/cn.dcpai.auction.MainActivity) called by com.android.server.wm.WindowStateAnimator.destroySurface:2056 com.android.server.wm.WindowStateAnimator.destroySurfaceLocked:908 com.android.server.wm.WindowState.destroyOrSaveSurface:2201 com.android.server.wm.WindowManagerService.tryStartExitingAnimation:3332 com.android.server.wm.WindowManagerService.relayoutWindow:3212 com.android.server.wm.Session.relayout:224 android.view.IWindowSession$Stub.onTransact:286 com.android.server.wm.Session.onTransact:145 
03-29 15:41:30.519   617   658 I Pged-IPgedBinderService: ****action is 2, pid num is 3***
03-29 15:41:30.520   617   658 I Pged-Freezer: thawPids
03-29 15:41:30.524  2060  2234 D PgedBinderAdapter: unfrz ok, pid: [6551, 19918]
03-29 15:41:30.782   614   614 E Thermal-daemon: [flash_led] temp_new :31  temp_old :30
03-29 15:41:30.782   614   614 E Thermal-daemon: Report temperature: [flash_led] temp :31  report_threshold:1
03-29 15:41:31.311  2060  2190 I ScenarioAction: new ScenarioAction sPoolSize: 0
03-29 15:41:32.030  1266  1509 E TaskPersister: File error accessing recents directory (directory doesn't exist?).
03-29 15:41:35.268  1266  2065 I ActivityManager: START u0 {cmp=cn.dcpai.auction/.activity.BabyCommentActivity} from uid 10404 on display 0
03-29 15:41:35.269  1266  2065 I ActivityManager: ActivityRecord info: ActivityInfo{ca258ed cn.dcpai.auction.activity.BabyCommentActivity}, euid: 0
03-29 15:41:35.271  1266  2065 V HwWindowManagerService: moveTaskToTop mTaskChanged:true
03-29 15:41:35.272  1266  2065 V HwWindowManagerService: moveTaskToTop mTaskChanged:true
03-29 15:41:35.272  2060  2073 I PGServer: android calls fast hibernateApps
03-29 15:41:35.272  2060  2073 I AppFastHibernation: fast hibernate duration: 1500 reason: start activity
03-29 15:41:35.273  1266  2065 V HwWindowManagerService: setFocusedApp update app ops, mTaskChanged set to:false
03-29 15:41:35.274   617  6399 I Pged-IPgedBinderService: ****action is 1, pid num is 3***
03-29 15:41:35.274   617  6399 I Pged-Freezer: freezePids
03-29 15:41:35.274   617  6399 I Pged-Freezer: Freeze process: 6551
03-29 15:41:35.275   617  6399 I Pged-Freezer: Freeze process: 19918
03-29 15:41:35.277  2060  2234 D PgedBinderAdapter: frz ok, pid: [6551, 19918]
03-29 15:41:35.299 15920 15920 V ActivityThread: ActivityThread,callActivityOnCreate
03-29 15:41:35.318 15920 15920 D ActivityThread: add activity client record, r= ActivityRecord{d9010dd token=android.os.BinderProxy@4cc2e78 {cn.dcpai.auction/cn.dcpai.auction.activity.BabyCommentActivity}} token= android.os.BinderProxy@4cc2e78
03-29 15:41:35.365  9587  9587 I AppiumUnicodeIME: onFinishInput
03-29 15:41:35.365  9587  9587 I AppiumUnicodeIME: onStartInput
03-29 15:41:35.385  1669  1669 D HwRecentsLockUtils: search
03-29 15:41:35.386  1266  2107 I chatty  : uid=1000(system) Binder:1266_D expire 20 lines
03-29 15:41:35.386  1669  1669 D HwRecentsLockUtils: search
03-29 15:41:35.386  1266  2065 D ActivityManager: Skipping, home stack task: TaskRecord{9c1f072 #982 A=com.huawei.android.launcher U=0 StackId=0 sz=1}
03-29 15:41:35.386  1266  2065 D ActivityManager: Skipping, withExcluded: false, tr.intent:Intent { act=android.deviceinfo.chooser.action.LAUNCH flg=0x10800000 pkg=com.android.settings cmp=com.android.settings/.deviceinfo.UsbConnModeChooserActivity }
03-29 15:41:35.386  1266  2065 D ActivityManager: Skipping, withExcluded: false, tr.intent:Intent { act=android.intent.action.MAIN cat=[android.intent.category.LAUNCHER] flg=0x10a00000 cmp=io.appium.settings/.Settings }
03-29 15:41:35.386  1266  2065 D ActivityManager: Skipping, withExcluded: false, tr.intent:Intent { flg=0x10804000 cmp=com.android.systemui/.recents.RecentsActivity }
03-29 15:41:35.386  1266  2065 D ActivityManager: Skipping, withExcluded: false, tr.intent:Intent { act=android.intent.action.MAIN cat=[android.intent.category.HOME] flg=0x10800300 cmp=com.android.settings/.FallbackHome }
03-29 15:41:35.387  1266  2038 D ActivityManager: Skipping, home stack task: TaskRecord{9c1f072 #982 A=com.huawei.android.launcher U=0 StackId=0 sz=1}
03-29 15:41:35.388  1266  2038 D ActivityManager: Skipping, withExcluded: false, tr.intent:Intent { act=android.deviceinfo.chooser.action.LAUNCH flg=0x10800000 pkg=com.android.settings cmp=com.android.settings/.deviceinfo.UsbConnModeChooserActivity }
03-29 15:41:35.388  1266  2038 D ActivityManager: Skipping, withExcluded: false, tr.intent:Intent { act=android.intent.action.MAIN cat=[android.intent.category.LAUNCHER] flg=0x10a00000 cmp=io.appium.settings/.Settings }
03-29 15:41:35.388  1266  2038 D ActivityManager: Skipping, withExcluded: false, tr.intent:Intent { flg=0x10804000 cmp=com.android.systemui/.recents.RecentsActivity }
03-29 15:41:35.388  1266  2038 D ActivityManager: Skipping, withExcluded: false, tr.intent:Intent { act=android.intent.action.MAIN cat=[android.intent.category.HOME] flg=0x10800300 cmp=com.android.settings/.FallbackHome }
03-29 15:41:35.709  1266  2669 I WindowManager: Destroying surface Surface(name=cn.dcpai.auction/cn.dcpai.auction.activity.MyStoreActivity) called by com.android.server.wm.WindowStateAnimator.destroySurface:2056 com.android.server.wm.WindowStateAnimator.destroySurfaceLocked:908 com.android.server.wm.WindowState.destroyOrSaveSurface:2201 com.android.server.wm.WindowManagerService.tryStartExitingAnimation:3332 com.android.server.wm.WindowManagerService.relayoutWindow:3212 com.android.server.wm.Session.relayout:224 android.view.IWindowSession$Stub.onTransact:286 com.android.server.wm.Session.onTransact:145 
03-29 15:41:35.723   437   437 I chatty  : uid=1000(system) /system/bin/surfaceflinger expire 1 line
03-29 15:41:35.840  1266  1479 I chatty  : uid=1000(system) HuaweiWifiWatch expire 59 lines
03-29 15:41:35.841  1266  1477 I chatty  : uid=1000(system) Thread-10 expire 18 lines
03-29 15:41:36.545  1266  1266 I chatty  : uid=1000 system_server expire 68 lines
03-29 15:41:36.780   617  6401 I Pged-IPgedBinderService: ****action is 2, pid num is 3***
03-29 15:41:36.781   617  6401 I Pged-Freezer: thawPids
03-29 15:41:36.782  2060  2234 D PgedBinderAdapter: unfrz ok, pid: [6551, 19918]
03-29 15:41:37.663  1266  1397 I chatty  : uid=1000(system) InputReader expire 32 lines
03-29 15:41:37.684  9587  9587 D KeyEvent: obtain, mHwFlags=-967694894
03-29 15:41:37.684  9587  9587 I AppiumUnicodeIME: onKeyDown (keyCode='4', event.keyCode='4', metaState='0')
03-29 15:41:37.724  1669  1711 V AudioManager: querySoundEffectsEnabled...
03-29 15:41:37.724  1266  1299 I chatty  : uid=1000(system) Binder:1266_3 expire 13 lines
03-29 15:41:37.727  9587  9587 D KeyEvent: obtain, mHwFlags=-967694894
03-29 15:41:37.727  9587  9587 I AppiumUnicodeIME: onKeyUp (keyCode='4', event.keyCode='4', metaState='0')
03-29 15:41:37.735  1266  2067 V HwWindowManagerService: moveTaskToTop mTaskChanged:true
03-29 15:41:37.736  1266  2067 V HwWindowManagerService: setFocusedApp update app ops, mTaskChanged set to:false
03-29 15:41:37.755  1266  2707 V WindowManager: Skipping AppWindowToken{ad41370 token=Token{beb21b3 ActivityRecord{c864322 u0 cn.dcpai.auction/.activity.BabyCommentActivity t1001}}} -- going to hide
03-29 15:41:37.784  1266  2714 V WindowManager: Skipping AppWindowToken{ad41370 token=Token{beb21b3 ActivityRecord{c864322 u0 cn.dcpai.auction/.activity.BabyCommentActivity t1001}}} -- going to hide
03-29 15:41:37.796 15920 15920 I chatty  : uid=10404(cn.dcpai.auction) expire 571 lines
03-29 15:41:37.798  9587  9587 I AppiumUnicodeIME: onFinishInput
03-29 15:41:37.798  9587  9587 I AppiumUnicodeIME: onStartInput
03-29 15:41:37.806 15920 20812 I chatty  : uid=10404(cn.dcpai.auction) expire 40 lines
03-29 15:41:37.807  1266  1288 I chatty  : uid=1000(system) android.display expire 14 lines
03-29 15:41:37.830   437   450 I gralloc : alloc_device_free:586: Free handle(0x789f66ad00)
03-29 15:41:37.830   437   450 I gralloc : alloc_device_free:586: Free handle(0x78a4835300)
03-29 15:41:37.865 15920 20813 I chatty  : uid=10404(cn.dcpai.auction) expire 40 lines
03-29 15:41:38.091 15920 15920 D ActivityThread: Remove activity client record, r= ActivityRecord{d9010dd token=android.os.BinderProxy@4cc2e78 {cn.dcpai.auction/cn.dcpai.auction.activity.BabyCommentActivity}} token= android.os.BinderProxy@4cc2e78
03-29 15:41:38.162  1266  1288 I WindowManager: Destroying surface Surface(name=cn.dcpai.auction/cn.dcpai.auction.activity.BabyCommentActivity) called by com.android.server.wm.WindowStateAnimator.destroySurface:2056 com.android.server.wm.WindowStateAnimator.destroySurfaceLocked:908 com.android.server.wm.WindowState.destroyOrSaveSurface:2201 com.android.server.wm.AppWindowToken.destroySurfaces:366 com.android.server.wm.WindowStateAnimator.finishExit:587 com.android.server.wm.AppWindowAnimator.stepAnimationLocked:434 com.android.server.wm.WindowAnimator.updateAppWindowsLocked:201 com.android.server.wm.WindowAnimator.animateLocked:712 
03-29 15:41:38.179   437   437 I gralloc : alloc_device_free:586: Free handle(0x78a4835100)
03-29 15:41:38.712  2060  7064 I DownloadState: @@@@@@@@@@@@ uid :10404 download :false
03-29 15:41:38.712  2060  7064 I PGServer: report state:5 event type:2 pid:0 uid:10404 pkg:null to pid: 1266
03-29 15:41:38.799  1266  1509 E TaskPersister: File error accessing recents directory (directory doesn't exist?).
03-29 15:41:39.636  1266  1467 I chatty  : uid=1000(system) WiFiArpStateMac expire 44 lines
03-29 15:41:39.953  4577  4594 I LogUtil_LogConfig: getLogFile(): logFilePath = /data/data/com.huawei.health/files/com.huawei.health/com.huawei.health_DaemonService/
03-29 15:41:39.954  4577  4594 D LogUtil_LogConfig: acquireMaxLogFileLengthContainsOffset describe: null result:5242880
03-29 15:41:41.337  1266  2707 I chatty  : uid=1000(system) Binder:1266_14 expire 22 lines
03-29 15:41:41.342  9587  9587 D KeyEvent: obtain, mHwFlags=-967694894
03-29 15:41:41.342  9587  9587 I AppiumUnicodeIME: onKeyDown (keyCode='4', event.keyCode='4', metaState='0')
03-29 15:41:41.347  2075  2075 D HwStepCounter: onDeviceDataChanged
03-29 15:41:41.347  2075  2075 W HwStepCounter: version : 1
03-29 15:41:41.347  2075  2075 I HwStepCounter: dealReportData length 19
03-29 15:41:41.347  2075  2075 W HwStepCounter: abi 31 total 0 total floor 0 totalCar 1024 total dis 2048
03-29 15:41:41.347  2075  2075 W HwStepCounter: stepPace 4096 stepLength 8192 speed 16384 touchdown_ratio 32768 reserved1 0 reserved2 0
03-29 15:41:41.348  2075  2075 E HwStepCounter: dealReportData tm: 2019-03-29 15:41:42 steps_value[0] : 0 state_value[0]:0 level_value[0]:0
03-29 15:41:41.349  2075  2075 I HwStepCounter: ###### finish ####
03-29 15:41:41.349  2075  2075 I HwStepCounter: isBeginOfToday: 29 -> 29
03-29 15:41:41.349  2075  2075 I HwStepCounter: isBeginOfToday: false
03-29 15:41:41.349  2075  2075 I HwStepCounter: dealReportData: diff = 0
03-29 15:41:41.353  4577  4577 I Step_LSC: 80000309|onStandStepChanged 0
03-29 15:41:41.367  2075  3087 D HwStepCounter: ReportProxy client : 1
03-29 15:41:41.368  2075  3087 I StepCounterRemoteProxy: Report client count 1
03-29 15:41:41.369  4577  4590 I Step_LSC: 80000309|onExtend:1553845302000 0 0 0
03-29 15:41:41.372  1669  1711 V AudioManager: querySoundEffectsEnabled...
03-29 15:41:41.376  9587  9587 D KeyEvent: obtain, mHwFlags=-967694894
03-29 15:41:41.376  9587  9587 I AppiumUnicodeIME: onKeyUp (keyCode='4', event.keyCode='4', metaState='0')
03-29 15:41:41.383  1266  2671 V HwWindowManagerService: moveTaskToTop mTaskChanged:true
03-29 15:41:41.383  1266  2671 V HwWindowManagerService: setFocusedApp update app ops, mTaskChanged set to:false
03-29 15:41:41.395  1266  2687 V WindowManager: Skipping AppWindowToken{2ca1a6c token=Token{c81371f ActivityRecord{72dabe u0 cn.dcpai.auction/.activity.MyStoreActivity t1001}}} -- going to hide
03-29 15:41:41.436  1266  2715 I chatty  : uid=1000(system) Binder:1266_17 expire 21 lines
03-29 15:41:41.447  1266  2670 V WindowManager: Skipping AppWindowToken{2ca1a6c token=Token{c81371f ActivityRecord{72dabe u0 cn.dcpai.auction/.activity.MyStoreActivity t1001}}} -- going to hide
03-29 15:41:41.449 15920 16058 I chatty  : uid=10404(cn.dcpai.auction) expire 7 lines
03-29 15:41:41.450   437   450 E ion     : set flags ioctrl failed!
03-29 15:41:41.452   437   450 I gralloc : alloc_device_alloc:564: Alloc handle(0x78a4835300): interfmt=200000001, stride=1088, size=8486912, usage=0xb00
03-29 15:41:41.452   437   450 E ion     : set flags ioctrl failed!
03-29 15:41:41.455   437   450 I gralloc : alloc_device_alloc:564: Alloc handle(0x789f66ad00): interfmt=200000001, stride=1088, size=8486912, usage=0xb00
03-29 15:41:41.455   437   450 E ion     : set flags ioctrl failed!
03-29 15:41:41.457   437   450 I gralloc : alloc_device_alloc:564: Alloc handle(0x788d277c00): interfmt=200000001, stride=1088, size=8486912, usage=0xb00
03-29 15:41:41.465  9587  9587 I AppiumUnicodeIME: onFinishInput
03-29 15:41:41.465  9587  9587 I AppiumUnicodeIME: onStartInput
03-29 15:41:41.495   437   451 I gralloc : alloc_device_free:586: Free handle(0x78a4853b00)
03-29 15:41:41.495   437   451 I gralloc : alloc_device_free:586: Free handle(0x78a4853d00)
03-29 15:41:41.515 15920 20962 I chatty  : uid=10404(cn.dcpai.auction) expire 40 lines
03-29 15:41:41.739 15920 15920 D ActivityThread: Remove activity client record, r= ActivityRecord{c48ff73 token=android.os.BinderProxy@5dc6391 {cn.dcpai.auction/cn.dcpai.auction.activity.MyStoreActivity}} token= android.os.BinderProxy@5dc6391
03-29 15:41:41.810  1266  1288 I WindowManager: Destroying surface Surface(name=cn.dcpai.auction/cn.dcpai.auction.activity.MyStoreActivity) called by com.android.server.wm.WindowStateAnimator.destroySurface:2056 com.android.server.wm.WindowStateAnimator.destroySurfaceLocked:908 com.android.server.wm.WindowState.destroyOrSaveSurface:2201 com.android.server.wm.AppWindowToken.destroySurfaces:366 com.android.server.wm.WindowStateAnimator.finishExit:587 com.android.server.wm.AppWindowAnimator.stepAnimationLocked:434 com.android.server.wm.WindowAnimator.updateAppWindowsLocked:201 com.android.server.wm.WindowAnimator.animateLocked:712 
03-29 15:41:41.827   437   437 I gralloc : alloc_device_free:586: Free handle(0x78a480ff00)
03-29 15:41:41.964  1266  1286 I chatty  : uid=1000(system) android.fg expire 9 lines
03-29 15:41:42.116  1266  1410 I chatty  : uid=1000(system) WifiStateMachin expire 24 lines
03-29 15:41:43.854  1266  4078 I chatty  : uid=1000(system) MobileQosDetect expire 13 lines
03-29 15:41:44.488   635   703 D bdatd   : [BiDispatcher.cpp] dispatchInfo# level: 6, tag: BDAT_TAG_ALARM_TRIGGER, time: 03-29 15:41:44.470, data: uid=10241 name=com.tencent.mm type=3 tag=*alarm*:com.tencent.mm.TrafficStatsReceiver size=6
03-29 15:41:44.490   635   703 D bdatd   : [BiDispatcher.cpp] dispatchInfo# level: 6, tag: BDAT_TAG_ALARM_TRIGGER, time: 03-29 15:41:44.480, data: uid=1010241 name=com.tencent.mm type=3 tag=*alarm*:com.tencent.mm.TrafficStatsReceiver size=6
03-29 15:41:44.491  2060  2190 I ScenarioAction: new ScenarioAction sPoolSize: 0
03-29 15:41:44.492  1266  1392 W ActivityManager: Sending non-protected broadcast com.huawei.hwsystemmanager.power.SCHEDULE_RECORD_REMAING_TIME_SCENE from system uid 1000 pkg com.huawei.systemmanager
03-29 15:41:44.499  1266  1392 W ActivityManager: Sending non-protected broadcast com.huawei.hwsystemmanager.power.SCHEDULE_RECORD_REMAING_TIME_SCENE from system uid u10s1000 pkg com.huawei.systemmanager
03-29 15:41:44.505   635   703 D bdatd   : [BiDispatcher.cpp] dispatchInfo# level: 6, tag: BDAT_TAG_ALARM_TRIGGER, time: 03-29 15:41:44.480, data: uid=1000 name=com.huawei.systemmanager type=3 tag=*alarm*:com.huawei.hwsystemmanager.power.SCHEDULE_RECORD_REMAING_TIME_SCENE size=6
03-29 15:41:44.505   635   703 D bdatd   : [BiDispatcher.cpp] dispatchInfo# level: 6, tag: BDAT_TAG_ALARM_TRIGGER, time: 03-29 15:41:44.480, data: uid=1001000 name=com.huawei.systemmanager type=3 tag=*alarm*:com.huawei.hwsystemmanager.power.SCHEDULE_RECORD_REMAING_TIME_SCENE size=6
03-29 15:41:44.506   635   703 D bdatd   : [BiDispatcher.cpp] dispatchInfo# level: 6, tag: BDAT_TAG_ALARM_TRIGGER, time: 03-29 15:41:44.490, data: uid=10018 name=com.huawei.intelligent type=1 tag=*alarm*:com.huawei.intelligent/com.huawei.placerecognition.service.PlaceRecognitionService size=6
03-29 15:41:44.518  3805  3805 I PlaceRecognitionService: onCreate
03-29 15:41:44.518  1266  1392 W ActivityManager: Sending non-protected broadcast action.pfw.wakeup.timer from system uid 1000 pkg android
03-29 15:41:44.519  3805 21037 I CalendarSync: init mIsReceiverRegistered : false
03-29 15:41:44.520  3805 21037 D CalendarSync: syncCalendar begin!
03-29 15:41:44.521   635   703 D bdatd   : [BiDispatcher.cpp] dispatchInfo# level: 6, tag: BDAT_TAG_ALARM_TRIGGER, time: 03-29 15:41:44.500, data: uid=1000 name=android type=3 tag=*alarm*:action.pfw.wakeup.timer size=6
03-29 15:41:44.539  3805 21037 I CalendarSync: recessInfoKey : [{"year":2017, 
03-29 15:41:44.539  3805 21037 I CalendarSync: "workday":[21,34,90,146,272], 
03-29 15:41:44.539  3805 21037 I CalendarSync: "freeday":[-1,0,1,26,27,28,29,30,31,32,91,92,93,118,119,120,147,148,149,273,274,275,276,277,278,279,280]}, {"year":2018, 
03-29 15:41:44.539  3805 21037 I CalendarSync: "workday":[41,54,97,117,271,272], 
03-29 15:41:44.539  3805 21037 I CalendarSync: "freeday":[-2,-1,0,45,46,47,48,49,50,51,94,95,96,118,119,120,166,167,168,264,265,266,273,274,275,276,277,278,279]}, {"year":"2019","workday":[-3,32,33,271,284],"freeday":[-2,-1,0,34,35,36,37,38,39,40,94,95,96,120,157,158,159,255,256,257,273,274,275,276,277,278,279]}]
03-29 15:41:44.539  3805 21037 I CalendarSync: configList size : 3
03-29 15:41:44.540  3805 21037 D CalendarSync: syncCalendar end!
03-29 15:41:44.544  1266  2714 I chatty  : uid=1000(system) Binder:1266_16 expire 4 lines
03-29 15:41:44.548  3805 21037 I PlaceRecognitionService: work start startId : 1
03-29 15:41:44.548  3805 21037 I PRController: POSITION_COLLECTOR doWork
03-29 15:41:44.548  3805 21037 I HwIntelligent3_BaseAlarmModule: POSITION_COLLECTOR schedule
03-29 15:41:44.549  1266  2105 I chatty  : uid=1000(system) Binder:1266_C expire 1 line
03-29 15:41:44.553  3805 21037 I HwIntelligent3_BaseAlarmModule: module POSITION_COLLECTOR alarm type : 1 repeating : false interval : -1 trigger : 2019-03-29 16:01:09 isMissed : false
03-29 15:41:44.572  1266  1440 I chatty  : uid=1000(system) PFW Handler expire 2 lines
03-29 15:41:44.583  3805 21037 I PositionCollector: wifi id not changed ,use the same position as before!
03-29 15:41:44.583  1266 21038 E BatteryStatsService: no controller energy info supplied
03-29 15:41:44.583  1266 21038 E BatteryStatsService: no controller energy info supplied
03-29 15:41:44.590  3805 21037 I PositionDao: save position time : 2019-03-29 15:41:44 uri : content://com.huawei.provider.PlaceRecognition/position/9069
03-29 15:41:44.590  3805 21037 I PositionCollector: same with last gps info
03-29 15:41:44.590  3805 21037 I PlaceRecognitionService: work done startId : 1
03-29 15:41:44.593  1266 21038 E BatteryStatsService: modem info is invalid: ModemActivityInfo{ mTimestamp=0 mSleepTimeMs=0 mIdleTimeMs=0 mTxTimeMs[]=[0, 0, 0, 0, 0] mRxTimeMs=0 mEnergyUsed=0}
03-29 15:41:44.605  3805  3805 I PlaceRecognitionService: onDestroy
03-29 15:41:44.606  3805 21037 I CalendarSync: deInit mIsReceiverRegistered : true
03-29 15:41:44.619  1266 21038 I chatty  : uid=1000 system_server expire 15 lines
03-29 15:41:44.758  1266  1509 E TaskPersister: File error accessing recents directory (directory doesn't exist?).
03-29 15:41:44.863  2060  2190 I ScenarioAction: new ScenarioAction sPoolSize: 0
03-29 15:41:46.346  2075  2075 D HwStepCounter: onDeviceDataChanged
03-29 15:41:46.346  2075  2075 W HwStepCounter: version : 1
03-29 15:41:46.346  2075  2075 I HwStepCounter: dealReportData length 19
03-29 15:41:46.346  2075  2075 W HwStepCounter: abi 31 total 0 total floor 0 totalCar 1024 total dis 2048
03-29 15:41:46.347  2075  2075 W HwStepCounter: stepPace 4096 stepLength 8192 speed 16384 touchdown_ratio 32768 reserved1 0 reserved2 0
03-29 15:41:46.350  2075  2075 E HwStepCounter: dealReportData tm: 2019-03-29 15:41:47 steps_value[0] : 0 state_value[0]:5 level_value[0]:0
03-29 15:41:46.350  2075  2075 I HwStepCounter: ###### finish ####
03-29 15:41:46.351  2075  2075 I HwStepCounter: isBeginOfToday: 29 -> 29
03-29 15:41:46.351  2075  2075 I HwStepCounter: isBeginOfToday: false
03-29 15:41:46.351  2075  2075 I HwStepCounter: dealReportData: diff = 0
03-29 15:41:46.362  4577  4577 I Step_LSC: 80000309|onStandStepChanged 0
03-29 15:41:46.373  2075  3087 D HwStepCounter: ReportProxy client : 1
03-29 15:41:46.374  2075  3087 I StepCounterRemoteProxy: Report client count 1
03-29 15:41:46.376  4577  4591 I Step_LSC: 80000309|onExtend:1553845307000 0 0 5
03-29 15:41:47.098  1266  2671 I ActivityManager: START u0 {cmp=cn.dcpai.auction/.activity.MyJiangHuActivity (has extras)} from uid 10404 on display 0
03-29 15:41:47.099  1266  2671 I ActivityManager: ActivityRecord info: ActivityInfo{47902a cn.dcpai.auction.activity.MyJiangHuActivity}, euid: 0
03-29 15:41:47.101  1266  2671 V HwWindowManagerService: moveTaskToTop mTaskChanged:true
03-29 15:41:47.102  1266  2671 V HwWindowManagerService: moveTaskToTop mTaskChanged:true
03-29 15:41:47.102  1266  2671 V HwWindowManagerService: setFocusedApp update app ops, mTaskChanged set to:false
03-29 15:41:47.103  2060  2074 I PGServer: android calls fast hibernateApps
03-29 15:41:47.103  2060  2074 I AppFastHibernation: fast hibernate duration: 1500 reason: start activity
03-29 15:41:47.104   617   617 I Pged-IPgedBinderService: ****action is 1, pid num is 3***
03-29 15:41:47.104   617   617 I Pged-Freezer: freezePids
03-29 15:41:47.104   617   617 I Pged-Freezer: Freeze process: 6551
03-29 15:41:47.105   617   617 I Pged-Freezer: Freeze process: 19918
03-29 15:41:47.106  2060  2234 D PgedBinderAdapter: frz ok, pid: [6551, 19918]
03-29 15:41:47.125 15920 15920 V ActivityThread: ActivityThread,callActivityOnCreate
03-29 15:41:47.160 15920 15920 D ActivityThread: add activity client record, r= ActivityRecord{a0cca79 token=android.os.BinderProxy@be19be5 {cn.dcpai.auction/cn.dcpai.auction.activity.MyJiangHuActivity}} token= android.os.BinderProxy@be19be5
03-29 15:41:47.217   437  1751 E ion     : set flags ioctrl failed!
03-29 15:41:47.219   437  1751 I gralloc : alloc_device_alloc:564: Alloc handle(0x78a4853700): interfmt=200000001, stride=1088, size=8486912, usage=0xb00
03-29 15:41:47.219   437  1751 E ion     : set flags ioctrl failed!
03-29 15:41:47.220  1669  1669 D HwRecentsLockUtils: search
03-29 15:41:47.221   437  1751 I gralloc : alloc_device_alloc:564: Alloc handle(0x78a4853300): interfmt=200000001, stride=1088, size=8486912, usage=0xb00
03-29 15:41:47.221   437  1751 E ion     : set flags ioctrl failed!
03-29 15:41:47.222  1669  1669 D HwRecentsLockUtils: search
03-29 15:41:47.223   437  1751 I gralloc : alloc_device_alloc:564: Alloc handle(0x78a1374a00): interfmt=200000001, stride=1088, size=8486912, usage=0xb00
03-29 15:41:47.223  1266  2669 D ActivityManager: Skipping, home stack task: TaskRecord{9c1f072 #982 A=com.huawei.android.launcher U=0 StackId=0 sz=1}
03-29 15:41:47.223  1266  2669 D ActivityManager: Skipping, withExcluded: false, tr.intent:Intent { act=android.deviceinfo.chooser.action.LAUNCH flg=0x10800000 pkg=com.android.settings cmp=com.android.settings/.deviceinfo.UsbConnModeChooserActivity }
03-29 15:41:47.223  1266  2669 D ActivityManager: Skipping, withExcluded: false, tr.intent:Intent { act=android.intent.action.MAIN cat=[android.intent.category.LAUNCHER] flg=0x10a00000 cmp=io.appium.settings/.Settings }
03-29 15:41:47.223  1266  2669 D ActivityManager: Skipping, withExcluded: false, tr.intent:Intent { flg=0x10804000 cmp=com.android.systemui/.recents.RecentsActivity }
03-29 15:41:47.223  1266  2669 D ActivityManager: Skipping, withExcluded: false, tr.intent:Intent { act=android.intent.action.MAIN cat=[android.intent.category.HOME] flg=0x10800300 cmp=com.android.settings/.FallbackHome }
03-29 15:41:47.225  1266  1622 D ActivityManager: Skipping, home stack task: TaskRecord{9c1f072 #982 A=com.huawei.android.launcher U=0 StackId=0 sz=1}
03-29 15:41:47.225  1266  1622 D ActivityManager: Skipping, withExcluded: false, tr.intent:Intent { act=android.deviceinfo.chooser.action.LAUNCH flg=0x10800000 pkg=com.android.settings cmp=com.android.settings/.deviceinfo.UsbConnModeChooserActivity }
03-29 15:41:47.225  1266  1622 D ActivityManager: Skipping, withExcluded: false, tr.intent:Intent { act=android.intent.action.MAIN cat=[android.intent.category.LAUNCHER] flg=0x10a00000 cmp=io.appium.settings/.Settings }
03-29 15:41:47.225  1266  1622 D ActivityManager: Skipping, withExcluded: false, tr.intent:Intent { flg=0x10804000 cmp=com.android.systemui/.recents.RecentsActivity }
03-29 15:41:47.225  1266  1622 D ActivityManager: Skipping, withExcluded: false, tr.intent:Intent { act=android.intent.action.MAIN cat=[android.intent.category.HOME] flg=0x10800300 cmp=com.android.settings/.FallbackHome }
03-29 15:41:47.237  9587  9587 I AppiumUnicodeIME: onFinishInput
03-29 15:41:47.237  9587  9587 I AppiumUnicodeIME: onStartInput
03-29 15:41:47.240 15920 20811 I chatty  : uid=10404(cn.dcpai.auction) expire 40 lines
03-29 15:41:47.263   437  1751 I gralloc : alloc_device_free:586: Free handle(0x78a4835300)
03-29 15:41:47.263   437  1751 I gralloc : alloc_device_free:586: Free handle(0x788d277c00)
03-29 15:41:47.584  1266  2670 I WindowManager: Destroying surface Surface(name=cn.dcpai.auction/cn.dcpai.auction.MainActivity) called by com.android.server.wm.WindowStateAnimator.destroySurface:2056 com.android.server.wm.WindowStateAnimator.destroySurfaceLocked:908 com.android.server.wm.WindowState.destroyOrSaveSurface:2201 com.android.server.wm.WindowManagerService.tryStartExitingAnimation:3332 com.android.server.wm.WindowManagerService.relayoutWindow:3212 com.android.server.wm.Session.relayout:224 android.view.IWindowSession$Stub.onTransact:286 com.android.server.wm.Session.onTransact:145 
03-29 15:41:47.596   437   437 I gralloc : alloc_device_free:586: Free handle(0x789f66ad00)
03-29 15:41:48.609   617   658 I Pged-IPgedBinderService: ****action is 2, pid num is 3***
03-29 15:41:48.609   617   658 I Pged-Freezer: thawPids
03-29 15:41:48.611  2060  2234 D PgedBinderAdapter: unfrz ok, pid: [6551, 19918]
03-29 15:41:48.715  2060  7064 I DownloadState: @@@@@@@@@@@@ uid :10404 download :true
03-29 15:41:48.716  2060  7064 I PGServer: report state:5 event type:1 pid:0 uid:10404 pkg:null to pid: 1266
03-29 15:41:50.124  1266  1509 E TaskPersister: File error accessing recents directory (directory doesn't exist?).
03-29 15:41:51.136  1266  2671 I ActivityManager: START u0 {cmp=cn.dcpai.auction/.activity.FocusListActivity (has extras)} from uid 10404 on display 0
03-29 15:41:51.137  1266  2671 I ActivityManager: ActivityRecord info: ActivityInfo{ac53cce cn.dcpai.auction.activity.FocusListActivity}, euid: 0
03-29 15:41:51.139  1266  2671 V HwWindowManagerService: moveTaskToTop mTaskChanged:true
03-29 15:41:51.140  1266  2671 V HwWindowManagerService: moveTaskToTop mTaskChanged:true
03-29 15:41:51.140  2060  2720 I PGServer: android calls fast hibernateApps
03-29 15:41:51.140  2060  2720 I AppFastHibernation: fast hibernate duration: 1500 reason: start activity
03-29 15:41:51.141  1266  2671 V HwWindowManagerService: setFocusedApp update app ops, mTaskChanged set to:false
03-29 15:41:51.142   617  6399 I Pged-IPgedBinderService: ****action is 1, pid num is 3***
03-29 15:41:51.142   617  6399 I Pged-Freezer: freezePids
03-29 15:41:51.142   617  6399 I Pged-Freezer: Freeze process: 6551
03-29 15:41:51.143   617  6399 I Pged-Freezer: Freeze process: 19918
03-29 15:41:51.143  2060  2234 D PgedBinderAdapter: frz ok, pid: [6551, 19918]
03-29 15:41:51.162 15920 15920 V ActivityThread: ActivityThread,callActivityOnCreate
03-29 15:41:51.175 15920 15920 D ActivityThread: add activity client record, r= ActivityRecord{d637afa token=android.os.BinderProxy@880739f {cn.dcpai.auction/cn.dcpai.auction.activity.FocusListActivity}} token= android.os.BinderProxy@880739f
03-29 15:41:51.196   437  7021 E ion     : set flags ioctrl failed!
03-29 15:41:51.199   437  7021 I gralloc : alloc_device_alloc:564: Alloc handle(0x78a4853900): interfmt=200000001, stride=1088, size=8486912, usage=0xb00
03-29 15:41:51.199   437  7021 E ion     : set flags ioctrl failed!
03-29 15:41:51.201   437  7021 I gralloc : alloc_device_alloc:564: Alloc handle(0x78a480ff00): interfmt=200000001, stride=1088, size=8486912, usage=0xb00
03-29 15:41:51.201   437  7021 E ion     : set flags ioctrl failed!
03-29 15:41:51.203   437  7021 I gralloc : alloc_device_alloc:564: Alloc handle(0x78a4835100): interfmt=200000001, stride=1088, size=8486912, usage=0xb00
03-29 15:41:51.210  9587  9587 I AppiumUnicodeIME: onFinishInput
03-29 15:41:51.210  9587  9587 I AppiumUnicodeIME: onStartInput
03-29 15:41:51.229   437  1489 I gralloc : alloc_device_free:586: Free handle(0x78a4853300)
03-29 15:41:51.229   437  1489 I gralloc : alloc_device_free:586: Free handle(0x78a1374a00)
03-29 15:41:51.256  1669  1669 D HwRecentsLockUtils: search
03-29 15:41:51.257  1669  1669 D HwRecentsLockUtils: search
03-29 15:41:51.258  1266  2671 D ActivityManager: Skipping, home stack task: TaskRecord{9c1f072 #982 A=com.huawei.android.launcher U=0 StackId=0 sz=1}
03-29 15:41:51.258  1266  2671 D ActivityManager: Skipping, withExcluded: false, tr.intent:Intent { act=android.deviceinfo.chooser.action.LAUNCH flg=0x10800000 pkg=com.android.settings cmp=com.android.settings/.deviceinfo.UsbConnModeChooserActivity }
03-29 15:41:51.258  1266  2671 D ActivityManager: Skipping, withExcluded: false, tr.intent:Intent { act=android.intent.action.MAIN cat=[android.intent.category.LAUNCHER] flg=0x10a00000 cmp=io.appium.settings/.Settings }
03-29 15:41:51.258  1266  2671 D ActivityManager: Skipping, withExcluded: false, tr.intent:Intent { flg=0x10804000 cmp=com.android.systemui/.recents.RecentsActivity }
03-29 15:41:51.258  1266  2671 D ActivityManager: Skipping, withExcluded: false, tr.intent:Intent { act=android.intent.action.MAIN cat=[android.intent.category.HOME] flg=0x10800300 cmp=com.android.settings/.FallbackHome }
03-29 15:41:51.259  1266  2107 D ActivityManager: Skipping, home stack task: TaskRecord{9c1f072 #982 A=com.huawei.android.launcher U=0 StackId=0 sz=1}
03-29 15:41:51.259  1266  2107 D ActivityManager: Skipping, withExcluded: false, tr.intent:Intent { act=android.deviceinfo.chooser.action.LAUNCH flg=0x10800000 pkg=com.android.settings cmp=com.android.settings/.deviceinfo.UsbConnModeChooserActivity }
03-29 15:41:51.259  1266  2107 D ActivityManager: Skipping, withExcluded: false, tr.intent:Intent { act=android.intent.action.MAIN cat=[android.intent.category.LAUNCHER] flg=0x10a00000 cmp=io.appium.settings/.Settings }
03-29 15:41:51.259  1266  2107 D ActivityManager: Skipping, withExcluded: false, tr.intent:Intent { flg=0x10804000 cmp=com.android.systemui/.recents.RecentsActivity }
03-29 15:41:51.260  1266  2107 D ActivityManager: Skipping, withExcluded: false, tr.intent:Intent { act=android.intent.action.MAIN cat=[android.intent.category.HOME] flg=0x10800300 cmp=com.android.settings/.FallbackHome }
03-29 15:41:51.267 15920 15920 I chatty  : uid=10404(cn.dcpai.auction) expire 75 lines
03-29 15:41:51.548  1266  2039 I WindowManager: Destroying surface Surface(name=cn.dcpai.auction/cn.dcpai.auction.activity.MyJiangHuActivity) called by com.android.server.wm.WindowStateAnimator.destroySurface:2056 com.android.server.wm.WindowStateAnimator.destroySurfaceLocked:908 com.android.server.wm.WindowState.destroyOrSaveSurface:2201 com.android.server.wm.WindowManagerService.tryStartExitingAnimation:3332 com.android.server.wm.WindowManagerService.relayoutWindow:3212 com.android.server.wm.Session.relayout:224 android.view.IWindowSession$Stub.onTransact:286 com.android.server.wm.Session.onTransact:145 
03-29 15:41:51.559   437   437 I gralloc : alloc_device_free:586: Free handle(0x78a4853700)
03-29 15:41:52.648   617  6401 I Pged-IPgedBinderService: ****action is 2, pid num is 3***
03-29 15:41:52.648   617  6401 I Pged-Freezer: thawPids
03-29 15:41:52.652  2060  2234 D PgedBinderAdapter: unfrz ok, pid: [6551, 19918]
03-29 15:41:52.713 15920 20188 I chatty  : uid=10404(cn.dcpai.auction) expire 19 lines
03-29 15:41:53.562  1266  1266 I chatty  : uid=1000 system_server expire 63 lines
03-29 15:41:54.162  1266  1509 E TaskPersister: File error accessing recents directory (directory doesn't exist?).
03-29 15:41:54.163  1266  1410 I chatty  : uid=1000(system) WifiStateMachin expire 20 lines
03-29 15:41:54.344  2075  2075 D HwStepCounter: onDeviceDataChanged
03-29 15:41:54.344  2075  2075 W HwStepCounter: version : 1
03-29 15:41:54.344  2075  2075 I HwStepCounter: dealReportData length 19
03-29 15:41:54.344  2075  2075 W HwStepCounter: abi 31 total 0 total floor 0 totalCar 1024 total dis 2048
03-29 15:41:54.344  2075  2075 W HwStepCounter: stepPace 4096 stepLength 8192 speed 16384 touchdown_ratio 32768 reserved1 0 reserved2 0
03-29 15:41:54.345  2075  2075 E HwStepCounter: dealReportData tm: 2019-03-29 15:41:55 steps_value[0] : 0 state_value[0]:0 level_value[0]:0
03-29 15:41:54.345  2075  2075 I HwStepCounter: ###### finish ####
03-29 15:41:54.345  4577  4577 I Step_LSC: 80000309|onStandStepChanged 0
03-29 15:41:54.345  2075  2075 I HwStepCounter: isBeginOfToday: 29 -> 29
03-29 15:41:54.345  2075  2075 I HwStepCounter: isBeginOfToday: false
03-29 15:41:54.345  2075  2075 I HwStepCounter: dealReportData: diff = 0
03-29 15:41:54.358  2075  3087 D HwStepCounter: ReportProxy client : 1
03-29 15:41:54.359  2075  3087 I StepCounterRemoteProxy: Report client count 1
03-29 15:41:54.360  4577  4590 I Step_LSC: 80000309|onExtend:1553845315000 0 0 0
03-29 15:41:55.306  1266  1385 D HwBatteryService: onUEvent fcpStatus = 0,scpStatus =0,ovpStatus=0
03-29 15:41:55.307  1266  1385 I UsbDeviceManager: water_intrused state= 0
03-29 15:41:55.310  1266  1266 D WifiService: onReceive, action:android.intent.action.BATTERY_CHANGED
03-29 15:41:55.310  1266  1266 D WifiService: ACTION_BATTERY_CHANGED pluggedType: 2
03-29 15:41:55.311  1669  1669 D KeyguardUpdateMonitor: received broadcast android.intent.action.BATTERY_CHANGED
03-29 15:41:55.312  1669  1669 W KeyguardUpdateMonitor: ACTION_BATTERY_CHANGED AMP: 0; Volt: 0
03-29 15:41:55.318  2415  2415 D PTM.ThermalCommonInfo: Action: BatChange
03-29 15:41:55.320  7445 17542 E CloudAlbum[8.0.1.304]: [ReceiverManager] not log on ignore
03-29 15:41:55.335  1669  1669 V KeyguardUpdateMonitor: RefreshBatteryInfo isBatteryLow: 100
03-29 15:41:55.335  1669  1669 W KeyguardUpdateMonitor: ChargingSpeed  Wattage: -1 ST: 5000000 --> 7500000
03-29 15:41:55.335  1669  1669 I KgBattery: BatteryInfo updated:  5lPC-1
03-29 15:41:55.335  1669  1669 W AppHandler: sendMessage with obj100
03-29 15:41:55.335  1669  1669 D KeyguardUpdateMonitor: handleBatteryUpdate
03-29 15:41:55.338  1669  1669 W HwLockScreenPanel: refreshBatteryInfo: null
03-29 15:41:55.338  1669  1669 W HwLockScreenPanel: Handle message: 100
03-29 15:41:55.343  2415  2415 I iMonitor: create: 903001012
03-29 15:41:55.344  2415  2415 E iMonitor: Bad param for imonitor_set_param, paramid: 11
03-29 15:41:55.347  2415  2415 E iMonitor: Bad param for imonitor_set_param, paramid: 12
03-29 15:41:55.347  2415  2415 E iMonitor: Bad param for imonitor_set_param, paramid: 10
03-29 15:41:55.348  2415  2415 I iMonitor: send: 903001012
03-29 15:41:55.348   635  1134 I logserver: handle_exception_events enter
03-29 15:41:55.365  2415  2551 E LogCollectService: illegal eventid
03-29 15:41:58.319  2088  2256 D HwCust  : Create obj success use class android.telephony.HwCustSignalStrengthImpl
03-29 15:41:58.324  2088  2088 D HwCust  : Create obj success use class android.telephony.HwCustSignalStrengthImpl
03-29 15:41:58.330  2046  2058 D HwCust  : Create obj success use class android.telephony.HwCustSignalStrengthImpl
03-29 15:41:58.330  2046  2057 D HwCust  : Create obj success use class android.telephony.HwCustSignalStrengthImpl
03-29 15:41:58.332  2875  2892 D HwCust  : Create obj success use class android.telephony.HwCustSignalStrengthImpl
03-29 15:41:58.332  1266  2065 I chatty  : uid=1000(system) Binder:1266_8 expire 26 lines
03-29 15:41:58.332  3330  7024 D HwCust  : Create obj success use class android.telephony.HwCustSignalStrengthImpl
03-29 15:41:58.333  3405  3418 D HwCust  : Create obj success use class android.telephony.HwCustSignalStrengthImpl
03-29 15:41:58.333  3405  3418 D HwCust  : Create obj success use class android.telephony.HwCustSignalStrengthImpl
03-29 15:41:58.334  2875  3212 D HwCust  : Create obj success use class android.telephony.HwCustSignalStrengthImpl
03-29 15:41:58.334  4987  7023 D HwCust  : Create obj success use class android.telephony.HwCustSignalStrengthImpl
03-29 15:41:58.335  2415  2430 D HwCust  : Create obj success use class android.telephony.HwCustSignalStrengthImpl
03-29 15:41:58.338  4987  4998 D HwCust  : Create obj success use class android.telephony.HwCustSignalStrengthImpl
03-29 15:41:58.338  5371  5383 D HwCust  : Create obj success use class android.telephony.HwCustSignalStrengthImpl
03-29 15:41:58.338  5371  5383 D HwCust  : Create obj success use class android.telephony.HwCustSignalStrengthImpl
03-29 15:41:58.339  6745  6756 D HwCust  : Create obj success use class android.telephony.HwCustSignalStrengthImpl
03-29 15:41:58.339  6074  6185 D HwCust  : Create obj success use class android.telephony.HwCustSignalStrengthImpl
03-29 15:41:58.720  2060  7064 I DownloadState: @@@@@@@@@@@@ uid :10404 download :false
03-29 15:41:58.721  2060  7064 I PGServer: report state:5 event type:2 pid:0 uid:10404 pkg:null to pid: 1266
03-29 15:41:59.343  2075  2075 D HwStepCounter: onDeviceDataChanged
03-29 15:41:59.343  2075  2075 W HwStepCounter: version : 1
03-29 15:41:59.343  2075  2075 I HwStepCounter: dealReportData length 19
03-29 15:41:59.343  2075  2075 W HwStepCounter: abi 31 total 0 total floor 0 totalCar 1024 total dis 2048
03-29 15:41:59.343  2075  2075 W HwStepCounter: stepPace 4096 stepLength 8192 speed 16384 touchdown_ratio 32768 reserved1 0 reserved2 0
03-29 15:41:59.344  2075  2075 E HwStepCounter: dealReportData tm: 2019-03-29 15:42:00 steps_value[0] : 0 state_value[0]:5 level_value[0]:0
03-29 15:41:59.344  2075  2075 I HwStepCounter: ###### finish ####
03-29 15:41:59.344  4577  4577 I Step_LSC: 80000309|onStandStepChanged 0
03-29 15:41:59.344  2075  2075 I HwStepCounter: isBeginOfToday: 29 -> 29
03-29 15:41:59.344  2075  2075 I HwStepCounter: isBeginOfToday: false
03-29 15:41:59.344  2075  2075 I HwStepCounter: dealReportData: diff = 0
03-29 15:41:59.365  2075  3087 D HwStepCounter: ReportProxy client : 1
03-29 15:41:59.365  2075  3087 I StepCounterRemoteProxy: Report client count 1
03-29 15:41:59.366  4577  4591 I Step_LSC: 80000309|onExtend:1553845320000 0 0 5
03-29 15:41:59.665  1266  1467 I chatty  : uid=1000(system) WiFiArpStateMac expire 31 lines
03-29 15:41:59.872  1266  1479 I chatty  : uid=1000(system) HuaweiWifiWatch expire 23 lines
03-29 15:41:59.872  1266  1477 I chatty  : uid=1000(system) Thread-10 expire 12 lines
03-29 15:42:00.002   635   703 D bdatd   : [BiDispatcher.cpp] dispatchInfo# level: 6, tag: BDAT_TAG_ALARM_TRIGGER, time: 03-29 15:41:59.990, data: uid=1000 name=android type=3 tag=*alarm*:android.intent.action.TIME_TICK size=1
03-29 15:42:00.005  1266  1266 V AlarmManager: Received TIME_TICK alarm; rescheduling
03-29 15:42:00.037  1669  1669 W HwKeyguardDragHelper: AnimationBlocked
03-29 15:42:00.078  1669  1669 W HwKeyguardDragHelper: AnimationBlocked
03-29 15:42:00.083  1669  1669 I EventCenter: EventCenter Get :android.intent.action.TIME_TICK
03-29 15:42:00.085  1669  1669 W ResourceType: Failure getting entry for 0xffffffff (t=254 e=65535) (error -2147483647)
03-29 15:42:00.085  1669  1669 E DateLunarView: mDateString is: 329
03-29 15:42:00.092  1669  1669 W ResourceType: Failure getting entry for 0xffffffff (t=254 e=65535) (error -2147483647)
03-29 15:42:00.093  1669  1669 E DateLunarView: mDateString is: 329
03-29 15:42:00.093  1669  1669 D KeyguardUpdateMonitor: received broadcast android.intent.action.TIME_TICK
03-29 15:42:00.094  1669  1669 D KeyguardUpdateMonitor: handleTimeUpdate
03-29 15:42:00.106  2729  2729 I HwLauncher: Model  onReceive intent=Intent { act=android.intent.action.TIME_TICK flg=0x50000014 (has extras) }
03-29 15:42:00.106  2729  2729 I HwLauncher: Model  onReceive user=UserHandle{0}
03-29 15:42:00.134  4577  4642 I Step_LSC: 80000309|processHandleBroadcastAction action:android.intent.action.TIME_TICK
03-29 15:42:00.136  1266  2067 I chatty  : uid=1000(system) Binder:1266_9 expire 21 lines
03-29 15:42:00.189  1266  2687 I chatty  : uid=1000(system) Binder:1266_12 expire 1 line
03-29 15:42:00.198  1669  1669 W ExpandableNotificationRow: setActionsBackground,null == view,mPublicLayout
03-29 15:42:00.198  1669  1669 W ExpandableNotificationRow: setActionsBackground,null == view,mPrivateLayout
03-29 15:42:00.200  1669  1669 W ExpandableNotificationRow: setActionsBackground,null == view,mPublicLayout
03-29 15:42:00.200  1669  1669 W ExpandableNotificationRow: setActionsBackground,null == view,mPrivateLayout
03-29 15:42:00.202  1669  1669 W ExpandableNotificationRow: setActionsBackground,null == view,mPublicLayout
03-29 15:42:00.202  1669  1669 W ExpandableNotificationRow: setActionsBackground,null == view,mPrivateLayout
03-29 15:42:00.204  1669  1669 W ExpandableNotificationRow: setActionsBackground,null == view,mPublicLayout
03-29 15:42:00.204  1669  1669 W ExpandableNotificationRow: setActionsBackground,null == view,mPrivateLayout
03-29 15:42:00.206  1669  1669 W ExpandableNotificationRow: setActionsBackground,null == view,mPublicLayout
03-29 15:42:00.206  1669  1669 W ExpandableNotificationRow: setActionsBackground,null == view,mPrivateLayout
03-29 15:42:00.207  1669  1669 W ExpandableNotificationRow: setActionsBackground,null == view,mPublicLayout
03-29 15:42:00.208  1669  1669 W ExpandableNotificationRow: setActionsBackground,null == view,mPrivateLayout
03-29 15:42:00.209  1669  1669 W ExpandableNotificationRow: setActionsBackground,null == view,mPublicLayout
03-29 15:42:00.209  1669  1669 W ExpandableNotificationRow: setActionsBackground,null == view,mPrivateLayout
03-29 15:42:00.210  1669  1669 W ExpandableNotificationRow: setActionsBackground,null == view,mPublicLayout
03-29 15:42:00.210  1669  1669 W ExpandableNotificationRow: setActionsBackground,null == view,mPrivateLayout
03-29 15:42:00.212  1669  1669 W ExpandableNotificationRow: setActionsBackground,null == view,mPublicLayout
03-29 15:42:00.212  1669  1669 W ExpandableNotificationRow: setActionsBackground,null == view,mPrivateLayout
03-29 15:42:00.213  1669  1669 W ExpandableNotificationRow: setActionsBackground,null == view,mPublicLayout
03-29 15:42:00.213  1669  1669 W ExpandableNotificationRow: setActionsBackground,null == view,mPrivateLayout
03-29 15:42:00.215  1669  1669 W ExpandableNotificationRow: setActionsBackground,null == view,mPublicLayout
03-29 15:42:00.215  1669  1669 W ExpandableNotificationRow: setActionsBackground,null == view,mPrivateLayout
03-29 15:42:00.217  1669  1669 W ExpandableNotificationRow: setActionsBackground,null == view,mPublicLayout
03-29 15:42:00.217  1669  1669 W ExpandableNotificationRow: setActionsBackground,null == view,mPrivateLayout
03-29 15:42:00.219  1669  1669 W ExpandableNotificationRow: setActionsBackground,null == view,mPublicLayout
03-29 15:42:00.220  1669  1669 W ExpandableNotificationRow: setActionsBackground,null == view,mPrivateLayout
03-29 15:42:00.221  1669  1669 W ExpandableNotificationRow: setActionsBackground,null == view,mPublicLayout
03-29 15:42:00.221  1669  1669 W ExpandableNotificationRow: setActionsBackground,null == view,mPrivateLayout
03-29 15:42:00.223  1669  1669 W ExpandableNotificationRow: setActionsBackground,null == view,mPublicLayout
03-29 15:42:00.223  1669  1669 W ExpandableNotificationRow: setActionsBackground,null == view,mPrivateLayout
03-29 15:42:00.225  1669  1669 W ExpandableNotificationRow: setActionsBackground,null == view,mPublicLayout
03-29 15:42:00.225  1669  1669 W ExpandableNotificationRow: setActionsBackground,null == view,mPrivateLayout
03-29 15:42:00.225  1669  1669 W HwKeyguardDragHelper: AnimationBlocked
03-29 15:42:00.231  1669  1669 D DateTimeView: Change to single clock mode!
03-29 15:42:00.234  1669  1669 D DateTimeView: Change to single clock mode!
03-29 15:42:03.444  2088  2256 D HwCust  : Create obj success use class android.telephony.HwCustSignalStrengthImpl
03-29 15:42:03.448  2088  2088 D HwCust  : Create obj success use class android.telephony.HwCustSignalStrengthImpl
03-29 15:42:04.335  2046  2619 D HwCust  : Create obj success use class android.telephony.HwCustSignalStrengthImpl
03-29 15:42:04.336  2046  2384 D HwCust  : Create obj success use class android.telephony.HwCustSignalStrengthImpl
03-29 15:42:04.337  2875  2893 D HwCust  : Create obj success use class android.telephony.HwCustSignalStrengthImpl
03-29 15:42:04.337  2875 19100 D HwCust  : Create obj success use class android.telephony.HwCustSignalStrengthImpl
03-29 15:42:04.338  3330  3342 D HwCust  : Create obj success use class android.telephony.HwCustSignalStrengthImpl
03-29 15:42:04.339  3405  3418 D HwCust  : Create obj success use class android.telephony.HwCustSignalStrengthImpl
03-29 15:42:04.339  3405  3503 D HwCust  : Create obj success use class android.telephony.HwCustSignalStrengthImpl
03-29 15:42:04.343  5371  5556 D HwCust  : Create obj success use class android.telephony.HwCustSignalStrengthImpl
03-29 15:42:04.343  4987  5092 D HwCust  : Create obj success use class android.telephony.HwCustSignalStrengthImpl
03-29 15:42:04.343  4987  4999 D HwCust  : Create obj success use class android.telephony.HwCustSignalStrengthImpl
03-29 15:42:04.344  2415  2438 D HwCust  : Create obj success use class android.telephony.HwCustSignalStrengthImpl
03-29 15:42:04.345  5371  5383 D HwCust  : Create obj success use class android.telephony.HwCustSignalStrengthImpl
03-29 15:42:04.347  6745  6757 D HwCust  : Create obj success use class android.telephony.HwCustSignalStrengthImpl
03-29 15:42:04.348  6074  6185 D HwCust  : Create obj success use class android.telephony.HwCustSignalStrengthImpl
03-29 15:42:06.221  1266  1410 I chatty  : uid=1000(system) WifiStateMachin expire 24 lines
03-29 15:42:09.973  4577  4594 I LogUtil_LogConfig: getLogFile(): logFilePath = /data/data/com.huawei.health/files/com.huawei.health/com.huawei.health_DaemonService/
03-29 15:42:09.974  4577  4594 D LogUtil_LogConfig: acquireMaxLogFileLengthContainsOffset describe: null result:5242880
03-29 15:42:10.342  2046  2057 D HwCust  : Create obj success use class android.telephony.HwCustSignalStrengthImpl
03-29 15:42:10.342  2046  2058 D HwCust  : Create obj success use class android.telephony.HwCustSignalStrengthImpl
03-29 15:42:1